/tmp/skager-capture-y1qbqa7i/SKAGER
/home/standard/Projects/X-nav-worktrees/scrum265-construction-hatch/.local/hatch-light-5c05/pier57/capture-final.py:189: DeprecationWarning: Image.Image.getdata is deprecated and will be removed in Pillow 14 (2027-10-15). Use get_flattened_data instead.
  pixels=collections.Counter(image.crop((x,y,x+w,y+h)).getdata())
/home/standard/Projects/X-nav-worktrees/scrum265-construction-hatch/.local/hatch-light-5c05/pier57/capture-final.py:113: DeprecationWarning: Image.Image.getdata is deprecated and will be removed in Pillow 14 (2027-10-15). Use get_flattened_data instead.
  bbox=difference.getbbox();ink=sum(p!=(0,0,0) for p in difference.getdata())
/home/standard/Projects/X-nav-worktrees/scrum265-construction-hatch/.local/hatch-light-5c05/pier57/capture-final.py:189: DeprecationWarning: Image.Image.getdata is deprecated and will be removed in Pillow 14 (2027-10-15). Use get_flattened_data instead.
  pixels=collections.Counter(image.crop((x,y,x+w,y+h)).getdata())
/home/standard/Projects/X-nav-worktrees/scrum265-construction-hatch/.local/hatch-light-5c05/pier57/capture-final.py:113: DeprecationWarning: Image.Image.getdata is deprecated and will be removed in Pillow 14 (2027-10-15). Use get_flattened_data instead.
  bbox=difference.getbbox();ink=sum(p!=(0,0,0) for p in difference.getdata())
/home/standard/Projects/X-nav-worktrees/scrum265-construction-hatch/.local/hatch-light-5c05/pier57/capture-final.py:189: DeprecationWarning: Image.Image.getdata is deprecated and will be removed in Pillow 14 (2027-10-15). Use get_flattened_data instead.
  pixels=collections.Counter(image.crop((x,y,x+w,y+h)).getdata())
/home/standard/Projects/X-nav-worktrees/scrum265-construction-hatch/.local/hatch-light-5c05/pier57/capture-final.py:113: DeprecationWarning: Image.Image.getdata is deprecated and will be removed in Pillow 14 (2027-10-15). Use get_flattened_data instead.
  bbox=difference.getbbox();ink=sum(p!=(0,0,0) for p in difference.getdata())
/tmp/skager-capture-y1qbqa7i/Standard
/home/standard/Projects/X-nav-worktrees/scrum265-construction-hatch/.local/hatch-light-5c05/pier57/capture-final.py:189: DeprecationWarning: Image.Image.getdata is deprecated and will be removed in Pillow 14 (2027-10-15). Use get_flattened_data instead.
  pixels=collections.Counter(image.crop((x,y,x+w,y+h)).getdata())
/home/standard/Projects/X-nav-worktrees/scrum265-construction-hatch/.local/hatch-light-5c05/pier57/capture-final.py:113: DeprecationWarning: Image.Image.getdata is deprecated and will be removed in Pillow 14 (2027-10-15). Use get_flattened_data instead.
  bbox=difference.getbbox();ink=sum(p!=(0,0,0) for p in difference.getdata())
/home/standard/Projects/X-nav-worktrees/scrum265-construction-hatch/.local/hatch-light-5c05/pier57/capture-final.py:189: DeprecationWarning: Image.Image.getdata is deprecated and will be removed in Pillow 14 (2027-10-15). Use get_flattened_data instead.
  pixels=collections.Counter(image.crop((x,y,x+w,y+h)).getdata())
/home/standard/Projects/X-nav-worktrees/scrum265-construction-hatch/.local/hatch-light-5c05/pier57/capture-final.py:113: DeprecationWarning: Image.Image.getdata is deprecated and will be removed in Pillow 14 (2027-10-15). Use get_flattened_data instead.
  bbox=difference.getbbox();ink=sum(p!=(0,0,0) for p in difference.getdata())
/home/standard/Projects/X-nav-worktrees/scrum265-construction-hatch/.local/hatch-light-5c05/pier57/capture-final.py:189: DeprecationWarning: Image.Image.getdata is deprecated and will be removed in Pillow 14 (2027-10-15). Use get_flattened_data instead.
  pixels=collections.Counter(image.crop((x,y,x+w,y+h)).getdata())
/home/standard/Projects/X-nav-worktrees/scrum265-construction-hatch/.local/hatch-light-5c05/pier57/capture-final.py:113: DeprecationWarning: Image.Image.getdata is deprecated and will be removed in Pillow 14 (2027-10-15). Use get_flattened_data instead.
  bbox=difference.getbbox();ink=sum(p!=(0,0,0) for p in difference.getdata())
Verified private clean application 5c05eb55c15b67d4014df55896d95452e9cc9d64 and exact upstream result of nine patches
Six exact-build real-ENC theme-cycle captures passed: /home/standard/Projects/X-nav-worktrees/scrum265-construction-hatch/.local/hatch-light-5c05/pier57/output/capture-pier57-5c05eb5-software
