MSBuild version 17.14.60+43b635718 for .NET Framework
Build started 10/3/2026 4:13:09 PM.

     1>Project "D:\a\Work\Work\opennav-x\evidence\local\trust-native-compile\core\downloader-trust-probe.vcxproj" on node 1 (ClCompile target(s)).
     1>PrepareForBuild:
         Creating directory "downloader-trust-probe.dir\Release\".
         Structured output is enabled. The formatting of compiler diagnostics will reflect the error hierarchy. See https://aka.ms/cpp/structured-output for more details.
         Creating directory "D:\a\Work\Work\opennav-x\evidence\local\trust-native-compile\core\Release\".
         Creating directory "downloader-trust-probe.dir\Release\download.580EDA21.tlog\".
       InitializeBuildStatus:
         Creating "downloader-trust-probe.dir\Release\download.580EDA21.tlog\unsuccessfulbuild" because "AlwaysCreate" was specified.
         Touching "downloader-trust-probe.dir\Release\download.580EDA21.tlog\unsuccessfulbuild".
     1>Project "D:\a\Work\Work\opennav-x\evidence\local\trust-native-compile\core\downloader-trust-probe.vcxproj" (1) is building "D:\a\Work\Work\opennav-x\evidence\local\trust-native-compile\core\ZERO_CHECK.vcxproj" (2:3) on node 1 (GetProjectInfoForReference target(s)).
     2>PrepareForBuild:
         Creating directory "Win32\Release\ZERO_CHECK\".
         Structured output is enabled. The formatting of compiler diagnostics will reflect the error hierarchy. See https://aka.ms/cpp/structured-output for more details.
         Creating directory "Win32\Release\ZERO_CHECK\ZERO_CHECK.tlog\".
     2>Done Building Project "D:\a\Work\Work\opennav-x\evidence\local\trust-native-compile\core\ZERO_CHECK.vcxproj" (GetProjectInfoForReference target(s)).
     1>ClCompile:
         C:\Program Files\Microsoft Visual Studio\2022\Enterprise\VC\Tools\MSVC\14.44.35207\bin\HostX64\x86\CL.exe /c /I"D:\a\Work\Work\opennav-x\build\integration-source\model\include" /I"D:\a\Work\Work\opennav-x\build\trust compile inputs\sdk\include" /nologo /W1 /WX- /diagnostics:column /O2 /Ob2 /Oy- /D _UNICODE /D UNICODE /D WIN32 /D _WINDOWS /D NDEBUG /D _CRT_SECURE_NO_WARNINGS /D WXUSINGDLL /D UNICODE /D _UNICODE /D "CMAKE_INTDIR=\"Release\"" /EHsc /MD /GS /fp:precise /Zc:wchar_t /Zc:forScope /Zc:inline /std:c++17 /Fo"downloader-trust-probe.dir\Release\\" /Fd"downloader-trust-probe.dir\Release\vc143.pdb" /external:W0 /Gd /TP /analyze- /errorReport:queue  /external:I "D:/a/Work/Work/opennav-x/build/trust compile inputs/sdk/wx/lib/vc14x_dll/mswu" /external:I "D:/a/Work/Work/opennav-x/build/trust compile inputs/sdk/wx/include" "D:\a\Work\Work\opennav-x\build\integration-source\model\src\downloader.cpp" "D:\a\Work\Work\opennav-x\tools\downloader-trust-probe.cpp"
         downloader.cpp
         downloader-trust-probe.cpp
         Generating Code...
     1>Done Building Project "D:\a\Work\Work\opennav-x\evidence\local\trust-native-compile\core\downloader-trust-probe.vcxproj" (ClCompile target(s)).

Build succeeded.
    0 Warning(s)
    0 Error(s)

Time Elapsed 00:00:07.93
