STACK XRaiseWindow window=2097401 mode=0 pid=7 time=41238.194645187
/home/standard/Projects/X-nav-worktrees/scrum15-gl-framebuffer-sync/.local/stale-overlay-probe/stack-trace.so(+0x24d9) [0x7f19526f94d9]
/home/standard/Projects/X-nav-worktrees/scrum15-gl-framebuffer-sync/.local/stale-overlay-probe/stack-trace.so(XRaiseWindow+0x7f) [0x7f19526f95b8]
/usr/lib/libgdk-3.so.0(+0x3670a) [0x7f19520ce70a]
/usr/lib/libgdk-3.so.0(+0x3ffa8) [0x7f19520d7fa8]
/usr/lib/libgtk-3.so.0(+0x379990) [0x7f1950b79990]
/usr/lib/libgobject-2.0.so.0(+0x33b7a) [0x7f1951700b7a]
/usr/lib/libgobject-2.0.so.0(g_signal_emit_valist+0x39) [0x7f1951700cd9]
/usr/lib/libgobject-2.0.so.0(g_signal_emit+0x94) [0x7f1951700d94]
/usr/lib/libgtk-3.so.0(gtk_widget_map+0x71) [0x7f1950b5c731]
/usr/lib/libgtk-3.so.0(+0x37fa50) [0x7f1950b7fa50]
/usr/lib/libgobject-2.0.so.0(g_closure_invoke+0x1cc) [0x7f19516debcc]
/usr/lib/libgobject-2.0.so.0(+0x31999) [0x7f19516fe999]
/usr/lib/libgobject-2.0.so.0(+0x33a34) [0x7f1951700a34]
/usr/lib/libgobject-2.0.so.0(g_signal_emit_valist+0x39) [0x7f1951700cd9]
/usr/lib/libgobject-2.0.so.0(g_signal_emit+0x94) [0x7f1951700d94]
/usr/lib/libgtk-3.so.0(gtk_widget_show+0xd2) [0x7f1950b5ce62]
/home/standard/Projects/X-nav/.local/sysroot/usr/lib/libwx_gtk3u_core-3.2.so.0(_ZN8wxWindow4ShowEb+0xf6) [0x7f1951d60256]
/home/standard/Projects/X-nav/.local/sysroot/usr/lib/libwx_gtk3u_core-3.2.so.0(_ZN19wxTopLevelWindowGTK4ShowEb+0x7c) [0x7f1951d566dc]
/home/standard/Projects/X-nav-worktrees/waypoint-touch-regression/build/xnav-install/bin/opencpn(_ZN12OCPNPlatform11BuildGLCapsEPv+0x24de) [0x58ecef59e61e]
/home/standard/Projects/X-nav-worktrees/waypoint-touch-regression/build/xnav-install/bin/opencpn(_ZN12OCPNPlatform11IsGLCapableEv+0x5d2) [0x58ecef59efa2]
/home/standard/Projects/X-nav-worktrees/waypoint-touch-regression/build/xnav-install/bin/opencpn(_ZN12OCPNPlatform12Initialize_3Ev+0x9) [0x58ecef59f3d9]
/home/standard/Projects/X-nav-worktrees/waypoint-touch-regression/build/xnav-install/bin/opencpn(_ZN5MyApp6OnInitEv+0x360b) [0x58ecef531e7b]
/home/standard/Projects/X-nav/.local/sysroot/usr/lib/libwx_baseu-3.2.so.0(_Z7wxEntryRiPPw+0xda) [0x7f19514ed12a]
/home/standard/Projects/X-nav-worktrees/waypoint-touch-regression/build/xnav-install/bin/opencpn(main+0x38) [0x58eceefe21b8]
STACK XRaiseWindow window=2097417 mode=0 pid=7 time=41238.207472853
/home/standard/Projects/X-nav-worktrees/scrum15-gl-framebuffer-sync/.local/stale-overlay-probe/stack-trace.so(+0x24d9) [0x7f19526f94d9]
/home/standard/Projects/X-nav-worktrees/scrum15-gl-framebuffer-sync/.local/stale-overlay-probe/stack-trace.so(XRaiseWindow+0x7f) [0x7f19526f95b8]
/usr/lib/libgdk-3.so.0(+0x3670a) [0x7f19520ce70a]
/usr/lib/libgdk-3.so.0(+0x3ffa8) [0x7f19520d7fa8]
/usr/lib/libgobject-2.0.so.0(+0x33b7a) [0x7f1951700b7a]
/usr/lib/libgobject-2.0.so.0(g_signal_emit_valist+0x39) [0x7f1951700cd9]
/usr/lib/libgobject-2.0.so.0(g_signal_emit+0x94) [0x7f1951700d94]
/usr/lib/libgtk-3.so.0(gtk_widget_map+0x71) [0x7f1950b5c731]
/usr/lib/libgobject-2.0.so.0(g_closure_invoke+0x1cc) [0x7f19516debcc]
/usr/lib/libgobject-2.0.so.0(+0x31999) [0x7f19516fe999]
/usr/lib/libgobject-2.0.so.0(+0x33a34) [0x7f1951700a34]
/usr/lib/libgobject-2.0.so.0(g_signal_emit_valist+0x39) [0x7f1951700cd9]
/usr/lib/libgobject-2.0.so.0(g_signal_emit+0x94) [0x7f1951700d94]
/usr/lib/libgtk-3.so.0(gtk_widget_show+0xd2) [0x7f1950b5ce62]
/home/standard/Projects/X-nav/.local/sysroot/usr/lib/libwx_gtk3u_core-3.2.so.0(_ZN8wxWindow6CreateEPS_iRK7wxPointRK6wxSizelRK8wxString+0x179) [0x7f1951d62509]
/home/standard/Projects/X-nav/.local/sysroot/usr/lib/libwx_gtk3u_gl-3.2.so.0(_ZN10wxGLCanvas6CreateEP8wxWindowRK14wxGLAttributesiRK7wxPointRK6wxSizelRK8wxStringRK9wxPalette+0xf4) [0x7f1952454d14]
/home/standard/Projects/X-nav/.local/sysroot/usr/lib/libwx_gtk3u_gl-3.2.so.0(_ZN10wxGLCanvas6CreateEP8wxWindowiRK7wxPointRK6wxSizelRK8wxStringPKiRK9wxPalette+0xc6) [0x7f1952454eb6]
/home/standard/Projects/X-nav/.local/sysroot/usr/lib/libwx_gtk3u_gl-3.2.so.0(_ZN10wxGLCanvasC1EP8wxWindowiPKiRK7wxPointRK6wxSizelRK8wxStringRK9wxPalette+0x6b) [0x7f1952454f5b]
/home/standard/Projects/X-nav-worktrees/waypoint-touch-regression/build/xnav-install/bin/opencpn(_ZN13glChartCanvasC2EP8wxWindowP10wxGLCanvas+0xda) [0x58ecef81288a]
/home/standard/Projects/X-nav-worktrees/waypoint-touch-regression/build/xnav-install/bin/opencpn(_ZN11ChartCanvas13SetupGlCanvasEv+0x30c) [0x58ecef3544dc]
/home/standard/Projects/X-nav-worktrees/waypoint-touch-regression/build/xnav-install/bin/opencpn(_ZN11ChartCanvasC2EP7wxFrameiP8wxWindow+0xbbe) [0x58ecef35fece]
/home/standard/Projects/X-nav-worktrees/waypoint-touch-regression/build/xnav-install/bin/opencpn(_ZN7MyFrame18CreateCanvasLayoutEb+0x32b) [0x58ecef57140b]
/home/standard/Projects/X-nav-worktrees/waypoint-touch-regression/build/xnav-install/bin/opencpn(_ZN5MyApp6OnInitEv+0x36b5) [0x58ecef531f25]
/home/standard/Projects/X-nav/.local/sysroot/usr/lib/libwx_baseu-3.2.so.0(_Z7wxEntryRiPPw+0xda) [0x7f19514ed12a]
STACK XRaiseWindow window=2097401 mode=0 pid=7 time=41238.416404601
/home/standard/Projects/X-nav-worktrees/scrum15-gl-framebuffer-sync/.local/stale-overlay-probe/stack-trace.so(+0x24d9) [0x7f19526f94d9]
/home/standard/Projects/X-nav-worktrees/scrum15-gl-framebuffer-sync/.local/stale-overlay-probe/stack-trace.so(XRaiseWindow+0x7f) [0x7f19526f95b8]
/usr/lib/libgdk-3.so.0(+0x3670a) [0x7f19520ce70a]
/usr/lib/libgdk-3.so.0(+0x3ffa8) [0x7f19520d7fa8]
/usr/lib/libgtk-3.so.0(gtk_window_present_with_time+0x6d) [0x7f1950b80ead]
/home/standard/Projects/X-nav/.local/sysroot/usr/lib/libwx_gtk3u_core-3.2.so.0(_ZN8wxWindow8SetFocusEv+0xa6a) [0x7f1951d6b48a]
/home/standard/Projects/X-nav-worktrees/waypoint-touch-regression/build/xnav-install/bin/opencpn(_ZN5MyApp6OnInitEv+0x36ee) [0x58ecef531f5e]
/home/standard/Projects/X-nav/.local/sysroot/usr/lib/libwx_baseu-3.2.so.0(_Z7wxEntryRiPPw+0xda) [0x7f19514ed12a]
/home/standard/Projects/X-nav-worktrees/waypoint-touch-regression/build/xnav-install/bin/opencpn(main+0x38) [0x58eceefe21b8]
/usr/lib/libc.so.6(+0x27781) [0x7f194f027781]
/usr/lib/libc.so.6(__libc_start_main+0x89) [0x7f194f0278b9]
/home/standard/Projects/X-nav-worktrees/waypoint-touch-regression/build/xnav-install/bin/opencpn(_start+0x25) [0x58ecef00d665]
STACK XRaiseWindow window=2097401 mode=0 pid=7 time=41238.417490986
/home/standard/Projects/X-nav-worktrees/scrum15-gl-framebuffer-sync/.local/stale-overlay-probe/stack-trace.so(+0x24d9) [0x7f19526f94d9]
/home/standard/Projects/X-nav-worktrees/scrum15-gl-framebuffer-sync/.local/stale-overlay-probe/stack-trace.so(XRaiseWindow+0x7f) [0x7f19526f95b8]
/usr/lib/libgdk-3.so.0(+0x98b6c) [0x7f1952130b6c]
/usr/lib/libgtk-3.so.0(gtk_window_present_with_time+0x7e) [0x7f1950b80ebe]
/home/standard/Projects/X-nav/.local/sysroot/usr/lib/libwx_gtk3u_core-3.2.so.0(_ZN8wxWindow8SetFocusEv+0xa6a) [0x7f1951d6b48a]
/home/standard/Projects/X-nav-worktrees/waypoint-touch-regression/build/xnav-install/bin/opencpn(_ZN5MyApp6OnInitEv+0x36ee) [0x58ecef531f5e]
/home/standard/Projects/X-nav/.local/sysroot/usr/lib/libwx_baseu-3.2.so.0(_Z7wxEntryRiPPw+0xda) [0x7f19514ed12a]
/home/standard/Projects/X-nav-worktrees/waypoint-touch-regression/build/xnav-install/bin/opencpn(main+0x38) [0x58eceefe21b8]
/usr/lib/libc.so.6(+0x27781) [0x7f194f027781]
/usr/lib/libc.so.6(__libc_start_main+0x89) [0x7f194f0278b9]
/home/standard/Projects/X-nav-worktrees/waypoint-touch-regression/build/xnav-install/bin/opencpn(_start+0x25) [0x58ecef00d665]
STACK XRaiseWindow window=2097401 mode=0 pid=7 time=41238.728355495
/home/standard/Projects/X-nav-worktrees/scrum15-gl-framebuffer-sync/.local/stale-overlay-probe/stack-trace.so(+0x24d9) [0x7f19526f94d9]
/home/standard/Projects/X-nav-worktrees/scrum15-gl-framebuffer-sync/.local/stale-overlay-probe/stack-trace.so(XRaiseWindow+0x7f) [0x7f19526f95b8]
/usr/lib/libgdk-3.so.0(+0x3670a) [0x7f19520ce70a]
/usr/lib/libgdk-3.so.0(+0x3ffa8) [0x7f19520d7fa8]
/usr/lib/libgtk-3.so.0(gtk_window_present_with_time+0x6d) [0x7f1950b80ead]
/home/standard/Projects/X-nav-worktrees/waypoint-touch-regression/build/xnav-install/bin/opencpn(_ZN5MyApp6OnInitEv+0x3b2b) [0x58ecef53239b]
/home/standard/Projects/X-nav/.local/sysroot/usr/lib/libwx_baseu-3.2.so.0(_Z7wxEntryRiPPw+0xda) [0x7f19514ed12a]
/home/standard/Projects/X-nav-worktrees/waypoint-touch-regression/build/xnav-install/bin/opencpn(main+0x38) [0x58eceefe21b8]
/usr/lib/libc.so.6(+0x27781) [0x7f194f027781]
/usr/lib/libc.so.6(__libc_start_main+0x89) [0x7f194f0278b9]
/home/standard/Projects/X-nav-worktrees/waypoint-touch-regression/build/xnav-install/bin/opencpn(_start+0x25) [0x58ecef00d665]
STACK XRaiseWindow window=2097401 mode=0 pid=7 time=41238.729479070
/home/standard/Projects/X-nav-worktrees/scrum15-gl-framebuffer-sync/.local/stale-overlay-probe/stack-trace.so(+0x24d9) [0x7f19526f94d9]
/home/standard/Projects/X-nav-worktrees/scrum15-gl-framebuffer-sync/.local/stale-overlay-probe/stack-trace.so(XRaiseWindow+0x7f) [0x7f19526f95b8]
/usr/lib/libgdk-3.so.0(+0x98b6c) [0x7f1952130b6c]
/usr/lib/libgtk-3.so.0(gtk_window_present_with_time+0x7e) [0x7f1950b80ebe]
/home/standard/Projects/X-nav-worktrees/waypoint-touch-regression/build/xnav-install/bin/opencpn(_ZN5MyApp6OnInitEv+0x3b2b) [0x58ecef53239b]
/home/standard/Projects/X-nav/.local/sysroot/usr/lib/libwx_baseu-3.2.so.0(_Z7wxEntryRiPPw+0xda) [0x7f19514ed12a]
/home/standard/Projects/X-nav-worktrees/waypoint-touch-regression/build/xnav-install/bin/opencpn(main+0x38) [0x58eceefe21b8]
/usr/lib/libc.so.6(+0x27781) [0x7f194f027781]
/usr/lib/libc.so.6(__libc_start_main+0x89) [0x7f194f0278b9]
/home/standard/Projects/X-nav-worktrees/waypoint-touch-regression/build/xnav-install/bin/opencpn(_start+0x25) [0x58ecef00d665]
STACK XRaiseWindow window=2097401 mode=0 pid=7 time=41238.730276421
/home/standard/Projects/X-nav-worktrees/scrum15-gl-framebuffer-sync/.local/stale-overlay-probe/stack-trace.so(+0x24d9) [0x7f19526f94d9]
/home/standard/Projects/X-nav-worktrees/scrum15-gl-framebuffer-sync/.local/stale-overlay-probe/stack-trace.so(XRaiseWindow+0x7f) [0x7f19526f95b8]
/usr/lib/libgdk-3.so.0(+0x3670a) [0x7f19520ce70a]
/usr/lib/libgdk-3.so.0(+0x3ffa8) [0x7f19520d7fa8]
/usr/lib/libgtk-3.so.0(gtk_window_present_with_time+0x6d) [0x7f1950b80ead]
/home/standard/Projects/X-nav-worktrees/waypoint-touch-regression/build/xnav-install/bin/opencpn(_ZN5MyApp6OnInitEv+0x3b97) [0x58ecef532407]
/home/standard/Projects/X-nav/.local/sysroot/usr/lib/libwx_baseu-3.2.so.0(_Z7wxEntryRiPPw+0xda) [0x7f19514ed12a]
/home/standard/Projects/X-nav-worktrees/waypoint-touch-regression/build/xnav-install/bin/opencpn(main+0x38) [0x58eceefe21b8]
/usr/lib/libc.so.6(+0x27781) [0x7f194f027781]
/usr/lib/libc.so.6(__libc_start_main+0x89) [0x7f194f0278b9]
/home/standard/Projects/X-nav-worktrees/waypoint-touch-regression/build/xnav-install/bin/opencpn(_start+0x25) [0x58ecef00d665]
STACK XRaiseWindow window=2097401 mode=0 pid=7 time=41238.731064196
/home/standard/Projects/X-nav-worktrees/scrum15-gl-framebuffer-sync/.local/stale-overlay-probe/stack-trace.so(+0x24d9) [0x7f19526f94d9]
/home/standard/Projects/X-nav-worktrees/scrum15-gl-framebuffer-sync/.local/stale-overlay-probe/stack-trace.so(XRaiseWindow+0x7f) [0x7f19526f95b8]
/usr/lib/libgdk-3.so.0(+0x98b6c) [0x7f1952130b6c]
/usr/lib/libgtk-3.so.0(gtk_window_present_with_time+0x7e) [0x7f1950b80ebe]
/home/standard/Projects/X-nav-worktrees/waypoint-touch-regression/build/xnav-install/bin/opencpn(_ZN5MyApp6OnInitEv+0x3b97) [0x58ecef532407]
/home/standard/Projects/X-nav/.local/sysroot/usr/lib/libwx_baseu-3.2.so.0(_Z7wxEntryRiPPw+0xda) [0x7f19514ed12a]
/home/standard/Projects/X-nav-worktrees/waypoint-touch-regression/build/xnav-install/bin/opencpn(main+0x38) [0x58eceefe21b8]
/usr/lib/libc.so.6(+0x27781) [0x7f194f027781]
/usr/lib/libc.so.6(__libc_start_main+0x89) [0x7f194f0278b9]
/home/standard/Projects/X-nav-worktrees/waypoint-touch-regression/build/xnav-install/bin/opencpn(_start+0x25) [0x58ecef00d665]
STACK XRaiseWindow window=2097475 mode=0 pid=7 time=41239.329616083
/home/standard/Projects/X-nav-worktrees/scrum15-gl-framebuffer-sync/.local/stale-overlay-probe/stack-trace.so(+0x24d9) [0x7f19526f94d9]
/home/standard/Projects/X-nav-worktrees/scrum15-gl-framebuffer-sync/.local/stale-overlay-probe/stack-trace.so(XRaiseWindow+0x7f) [0x7f19526f95b8]
/usr/lib/libgdk-3.so.0(+0x3670a) [0x7f19520ce70a]
/usr/lib/libgdk-3.so.0(+0x3ffa8) [0x7f19520d7fa8]
/usr/lib/libgtk-3.so.0(+0x379990) [0x7f1950b79990]
/usr/lib/libgobject-2.0.so.0(+0x33b7a) [0x7f1951700b7a]
/usr/lib/libgobject-2.0.so.0(g_signal_emit_valist+0x39) [0x7f1951700cd9]
/usr/lib/libgobject-2.0.so.0(g_signal_emit+0x94) [0x7f1951700d94]
/usr/lib/libgtk-3.so.0(gtk_widget_map+0x71) [0x7f1950b5c731]
/usr/lib/libgtk-3.so.0(+0x37fa50) [0x7f1950b7fa50]
/usr/lib/libgobject-2.0.so.0(g_closure_invoke+0x1cc) [0x7f19516debcc]
/usr/lib/libgobject-2.0.so.0(+0x31999) [0x7f19516fe999]
/usr/lib/libgobject-2.0.so.0(+0x33a34) [0x7f1951700a34]
/usr/lib/libgobject-2.0.so.0(g_signal_emit_valist+0x39) [0x7f1951700cd9]
/usr/lib/libgobject-2.0.so.0(g_signal_emit+0x94) [0x7f1951700d94]
/usr/lib/libgtk-3.so.0(gtk_widget_show+0xd2) [0x7f1950b5ce62]
/home/standard/Projects/X-nav/.local/sysroot/usr/lib/libwx_gtk3u_core-3.2.so.0(_ZN8wxWindow4ShowEb+0xf6) [0x7f1951d60256]
/home/standard/Projects/X-nav/.local/sysroot/usr/lib/libwx_gtk3u_core-3.2.so.0(_ZN19wxTopLevelWindowGTK4ShowEb+0x7c) [0x7f1951d566dc]
/home/standard/Projects/X-nav-worktrees/waypoint-touch-regression/build/xnav-install/bin/opencpn(_ZN7opennav2ui19XNavFloatingSurface7PresentERK7wxPoint+0x128) [0x58ecefa594b8]
/home/standard/Projects/X-nav-worktrees/waypoint-touch-regression/build/xnav-install/bin/opencpn(_ZN7opennav2ui5Shell18PlaceChartControlsEv+0x33f) [0x58ecef99a21f]
/home/standard/Projects/X-nav-worktrees/waypoint-touch-regression/build/xnav-install/bin/opencpn(_ZN7opennav2ui5Shell4TickEv+0x2dc6) [0x58ecef9b0a66]
/home/standard/Projects/X-nav-worktrees/waypoint-touch-regression/build/xnav-install/bin/opencpn(_ZN7opennav2ui5ShellC1ER7wxFrameR12wxAuiManagerNS0_12ShellActionsENS0_9LightModeEb+0x66de) [0x58ecef9c0b3e]
/home/standard/Projects/X-nav-worktrees/waypoint-touch-regression/build/xnav-install/bin/opencpn(_ZN7opennav6AttachER7MyFrameR12wxAuiManagerR12wxFileConfig+0x528a) [0x58ecef85437a]
/home/standard/Projects/X-nav-worktrees/waypoint-touch-regression/build/xnav-install/bin/opencpn(_ZN5MyApp6OnInitEv+0x4131) [0x58ecef5329a1]
STACK XRaiseWindow window=2097483 mode=0 pid=7 time=41239.333216413
/home/standard/Projects/X-nav-worktrees/scrum15-gl-framebuffer-sync/.local/stale-overlay-probe/stack-trace.so(+0x24d9) [0x7f19526f94d9]
/home/standard/Projects/X-nav-worktrees/scrum15-gl-framebuffer-sync/.local/stale-overlay-probe/stack-trace.so(XRaiseWindow+0x7f) [0x7f19526f95b8]
/usr/lib/libgdk-3.so.0(+0x3670a) [0x7f19520ce70a]
/usr/lib/libgdk-3.so.0(+0x3ffa8) [0x7f19520d7fa8]
/usr/lib/libgtk-3.so.0(+0x379990) [0x7f1950b79990]
/usr/lib/libgobject-2.0.so.0(+0x33b7a) [0x7f1951700b7a]
/usr/lib/libgobject-2.0.so.0(g_signal_emit_valist+0x39) [0x7f1951700cd9]
/usr/lib/libgobject-2.0.so.0(g_signal_emit+0x94) [0x7f1951700d94]
/usr/lib/libgtk-3.so.0(gtk_widget_map+0x71) [0x7f1950b5c731]
/usr/lib/libgtk-3.so.0(+0x37fa50) [0x7f1950b7fa50]
/usr/lib/libgobject-2.0.so.0(g_closure_invoke+0x1cc) [0x7f19516debcc]
/usr/lib/libgobject-2.0.so.0(+0x31999) [0x7f19516fe999]
/usr/lib/libgobject-2.0.so.0(+0x33a34) [0x7f1951700a34]
/usr/lib/libgobject-2.0.so.0(g_signal_emit_valist+0x39) [0x7f1951700cd9]
/usr/lib/libgobject-2.0.so.0(g_signal_emit+0x94) [0x7f1951700d94]
/usr/lib/libgtk-3.so.0(gtk_widget_show+0xd2) [0x7f1950b5ce62]
/home/standard/Projects/X-nav/.local/sysroot/usr/lib/libwx_gtk3u_core-3.2.so.0(_ZN8wxWindow4ShowEb+0xf6) [0x7f1951d60256]
/home/standard/Projects/X-nav/.local/sysroot/usr/lib/libwx_gtk3u_core-3.2.so.0(_ZN19wxTopLevelWindowGTK4ShowEb+0x7c) [0x7f1951d566dc]
/home/standard/Projects/X-nav-worktrees/waypoint-touch-regression/build/xnav-install/bin/opencpn(_ZN7opennav2ui19XNavFloatingSurface7PresentERK7wxPoint+0x128) [0x58ecefa594b8]
/home/standard/Projects/X-nav-worktrees/waypoint-touch-regression/build/xnav-install/bin/opencpn(_ZN7opennav2ui5Shell18PlaceChartControlsEv+0x33f) [0x58ecef99a21f]
/home/standard/Projects/X-nav-worktrees/waypoint-touch-regression/build/xnav-install/bin/opencpn(_ZN7opennav2ui5Shell4TickEv+0x2dc6) [0x58ecef9b0a66]
/home/standard/Projects/X-nav-worktrees/waypoint-touch-regression/build/xnav-install/bin/opencpn(_ZN7opennav2ui5ShellC1ER7wxFrameR12wxAuiManagerNS0_12ShellActionsENS0_9LightModeEb+0x66de) [0x58ecef9c0b3e]
/home/standard/Projects/X-nav-worktrees/waypoint-touch-regression/build/xnav-install/bin/opencpn(_ZN7opennav6AttachER7MyFrameR12wxAuiManagerR12wxFileConfig+0x528a) [0x58ecef85437a]
/home/standard/Projects/X-nav-worktrees/waypoint-touch-regression/build/xnav-install/bin/opencpn(_ZN5MyApp6OnInitEv+0x4131) [0x58ecef5329a1]
STACK XRaiseWindow window=2097489 mode=0 pid=7 time=41239.336738550
/home/standard/Projects/X-nav-worktrees/scrum15-gl-framebuffer-sync/.local/stale-overlay-probe/stack-trace.so(+0x24d9) [0x7f19526f94d9]
/home/standard/Projects/X-nav-worktrees/scrum15-gl-framebuffer-sync/.local/stale-overlay-probe/stack-trace.so(XRaiseWindow+0x7f) [0x7f19526f95b8]
/usr/lib/libgdk-3.so.0(+0x3670a) [0x7f19520ce70a]
/usr/lib/libgdk-3.so.0(+0x3ffa8) [0x7f19520d7fa8]
/usr/lib/libgtk-3.so.0(+0x379990) [0x7f1950b79990]
/usr/lib/libgobject-2.0.so.0(+0x33b7a) [0x7f1951700b7a]
/usr/lib/libgobject-2.0.so.0(g_signal_emit_valist+0x39) [0x7f1951700cd9]
/usr/lib/libgobject-2.0.so.0(g_signal_emit+0x94) [0x7f1951700d94]
/usr/lib/libgtk-3.so.0(gtk_widget_map+0x71) [0x7f1950b5c731]
/usr/lib/libgtk-3.so.0(+0x37fa50) [0x7f1950b7fa50]
/usr/lib/libgobject-2.0.so.0(g_closure_invoke+0x1cc) [0x7f19516debcc]
/usr/lib/libgobject-2.0.so.0(+0x31999) [0x7f19516fe999]
/usr/lib/libgobject-2.0.so.0(+0x33a34) [0x7f1951700a34]
/usr/lib/libgobject-2.0.so.0(g_signal_emit_valist+0x39) [0x7f1951700cd9]
/usr/lib/libgobject-2.0.so.0(g_signal_emit+0x94) [0x7f1951700d94]
/usr/lib/libgtk-3.so.0(gtk_widget_show+0xd2) [0x7f1950b5ce62]
/home/standard/Projects/X-nav/.local/sysroot/usr/lib/libwx_gtk3u_core-3.2.so.0(_ZN8wxWindow4ShowEb+0xf6) [0x7f1951d60256]
/home/standard/Projects/X-nav/.local/sysroot/usr/lib/libwx_gtk3u_core-3.2.so.0(_ZN19wxTopLevelWindowGTK4ShowEb+0x7c) [0x7f1951d566dc]
/home/standard/Projects/X-nav-worktrees/waypoint-touch-regression/build/xnav-install/bin/opencpn(_ZN7opennav2ui19XNavFloatingSurface7PresentERK7wxPoint+0x128) [0x58ecefa594b8]
/home/standard/Projects/X-nav-worktrees/waypoint-touch-regression/build/xnav-install/bin/opencpn(_ZN7opennav2ui5Shell18PlaceChartControlsEv+0x33f) [0x58ecef99a21f]
/home/standard/Projects/X-nav-worktrees/waypoint-touch-regression/build/xnav-install/bin/opencpn(_ZN7opennav2ui5Shell4TickEv+0x2dc6) [0x58ecef9b0a66]
/home/standard/Projects/X-nav-worktrees/waypoint-touch-regression/build/xnav-install/bin/opencpn(_ZN7opennav2ui5ShellC1ER7wxFrameR12wxAuiManagerNS0_12ShellActionsENS0_9LightModeEb+0x66de) [0x58ecef9c0b3e]
/home/standard/Projects/X-nav-worktrees/waypoint-touch-regression/build/xnav-install/bin/opencpn(_ZN7opennav6AttachER7MyFrameR12wxAuiManagerR12wxFileConfig+0x528a) [0x58ecef85437a]
/home/standard/Projects/X-nav-worktrees/waypoint-touch-regression/build/xnav-install/bin/opencpn(_ZN5MyApp6OnInitEv+0x4131) [0x58ecef5329a1]
STACK XRaiseWindow window=2097495 mode=0 pid=7 time=41239.340148906
/home/standard/Projects/X-nav-worktrees/scrum15-gl-framebuffer-sync/.local/stale-overlay-probe/stack-trace.so(+0x24d9) [0x7f19526f94d9]
/home/standard/Projects/X-nav-worktrees/scrum15-gl-framebuffer-sync/.local/stale-overlay-probe/stack-trace.so(XRaiseWindow+0x7f) [0x7f19526f95b8]
/usr/lib/libgdk-3.so.0(+0x3670a) [0x7f19520ce70a]
/usr/lib/libgdk-3.so.0(+0x3ffa8) [0x7f19520d7fa8]
/usr/lib/libgtk-3.so.0(+0x379990) [0x7f1950b79990]
/usr/lib/libgobject-2.0.so.0(+0x33b7a) [0x7f1951700b7a]
/usr/lib/libgobject-2.0.so.0(g_signal_emit_valist+0x39) [0x7f1951700cd9]
/usr/lib/libgobject-2.0.so.0(g_signal_emit+0x94) [0x7f1951700d94]
/usr/lib/libgtk-3.so.0(gtk_widget_map+0x71) [0x7f1950b5c731]
/usr/lib/libgtk-3.so.0(+0x37fa50) [0x7f1950b7fa50]
/usr/lib/libgobject-2.0.so.0(g_closure_invoke+0x1cc) [0x7f19516debcc]
/usr/lib/libgobject-2.0.so.0(+0x31999) [0x7f19516fe999]
/usr/lib/libgobject-2.0.so.0(+0x33a34) [0x7f1951700a34]
/usr/lib/libgobject-2.0.so.0(g_signal_emit_valist+0x39) [0x7f1951700cd9]
/usr/lib/libgobject-2.0.so.0(g_signal_emit+0x94) [0x7f1951700d94]
/usr/lib/libgtk-3.so.0(gtk_widget_show+0xd2) [0x7f1950b5ce62]
/home/standard/Projects/X-nav/.local/sysroot/usr/lib/libwx_gtk3u_core-3.2.so.0(_ZN8wxWindow4ShowEb+0xf6) [0x7f1951d60256]
/home/standard/Projects/X-nav/.local/sysroot/usr/lib/libwx_gtk3u_core-3.2.so.0(_ZN19wxTopLevelWindowGTK4ShowEb+0x7c) [0x7f1951d566dc]
/home/standard/Projects/X-nav-worktrees/waypoint-touch-regression/build/xnav-install/bin/opencpn(_ZN7opennav2ui19XNavFloatingSurface7PresentERK7wxPoint+0x128) [0x58ecefa594b8]
/home/standard/Projects/X-nav-worktrees/waypoint-touch-regression/build/xnav-install/bin/opencpn(_ZN7opennav2ui5Shell18PlaceChartControlsEv+0x33f) [0x58ecef99a21f]
/home/standard/Projects/X-nav-worktrees/waypoint-touch-regression/build/xnav-install/bin/opencpn(_ZN7opennav2ui5Shell4TickEv+0x2dc6) [0x58ecef9b0a66]
/home/standard/Projects/X-nav-worktrees/waypoint-touch-regression/build/xnav-install/bin/opencpn(_ZN7opennav2ui5ShellC1ER7wxFrameR12wxAuiManagerNS0_12ShellActionsENS0_9LightModeEb+0x66de) [0x58ecef9c0b3e]
/home/standard/Projects/X-nav-worktrees/waypoint-touch-regression/build/xnav-install/bin/opencpn(_ZN7opennav6AttachER7MyFrameR12wxAuiManagerR12wxFileConfig+0x528a) [0x58ecef85437a]
/home/standard/Projects/X-nav-worktrees/waypoint-touch-regression/build/xnav-install/bin/opencpn(_ZN5MyApp6OnInitEv+0x4131) [0x58ecef5329a1]
STACK XRaiseWindow window=2097401 mode=0 pid=7 time=41241.001634740
EVENT_HANDLER _ZN7MyFrame16OnRecaptureTimerER12wxTimerEvent address=0x58ecef553b30 offset=aaeb30
/home/standard/Projects/X-nav-worktrees/scrum15-gl-framebuffer-sync/.local/stale-overlay-probe/stack-trace.so(+0x24d9) [0x7f19526f94d9]
/home/standard/Projects/X-nav-worktrees/scrum15-gl-framebuffer-sync/.local/stale-overlay-probe/stack-trace.so(XRaiseWindow+0x7f) [0x7f19526f95b8]
/usr/lib/libgdk-3.so.0(+0x3670a) [0x7f19520ce70a]
/usr/lib/libgdk-3.so.0(+0x3ffa8) [0x7f19520d7fa8]
/usr/lib/libgtk-3.so.0(gtk_window_present_with_time+0x6d) [0x7f1950b80ead]
/home/standard/Projects/X-nav/.local/sysroot/usr/lib/libwx_baseu-3.2.so.0(_ZN12wxEvtHandler23ProcessEventIfMatchesIdERK21wxEventTableEntryBasePS_R7wxEvent+0x7e) [0x7f195156ee4e]
/home/standard/Projects/X-nav-worktrees/scrum15-gl-framebuffer-sync/.local/stale-overlay-probe/stack-trace.so(_ZN12wxEvtHandler23ProcessEventIfMatchesIdERK21wxEventTableEntryBasePS_R7wxEvent+0x10d) [0x7f19526f9835]
/home/standard/Projects/X-nav/.local/sysroot/usr/lib/libwx_baseu-3.2.so.0(_ZN16wxEventHashTable11HandleEventER7wxEventP12wxEvtHandler+0xa4) [0x7f1951565904]
/home/standard/Projects/X-nav/.local/sysroot/usr/lib/libwx_baseu-3.2.so.0(_ZN12wxEvtHandler11TryHereOnlyER7wxEvent+0x63) [0x7f19515723f3]
/home/standard/Projects/X-nav/.local/sysroot/usr/lib/libwx_baseu-3.2.so.0(_ZN12wxEvtHandler19ProcessEventLocallyER7wxEvent+0x30) [0x7f1951572480]
/home/standard/Projects/X-nav/.local/sysroot/usr/lib/libwx_baseu-3.2.so.0(_ZN12wxEvtHandler12ProcessEventER7wxEvent+0xfa) [0x7f19515725aa]
/home/standard/Projects/X-nav/.local/sysroot/usr/lib/libwx_baseu-3.2.so.0(_ZN12wxEvtHandler18SafelyProcessEventER7wxEvent+0x12) [0x7f19515726f2]
/home/standard/Projects/X-nav/.local/sysroot/usr/lib/libwx_baseu-3.2.so.0(_ZN11wxTimerImpl9SendEventEv+0x80) [0x7f1951522eb0]
/home/standard/Projects/X-nav/.local/sysroot/usr/lib/libwx_gtk3u_core-3.2.so.0(+0x550829) [0x7f1951d50829]
/usr/lib/libglib-2.0.so.0(+0x62f64) [0x7f19503e1f64]
/usr/lib/libglib-2.0.so.0(+0x61c76) [0x7f19503e0c76]
/usr/lib/libglib-2.0.so.0(+0x63ed7) [0x7f19503e2ed7]
/usr/lib/libglib-2.0.so.0(g_main_loop_run+0x147) [0x7f19503e3217]
/usr/lib/libgtk-3.so.0(gtk_main+0x8f) [0x7f19509eac4f]
/home/standard/Projects/X-nav/.local/sysroot/usr/lib/libwx_gtk3u_core-3.2.so.0(_ZN14wxGUIEventLoop5DoRunEv+0x26) [0x7f1951d45096]
/home/standard/Projects/X-nav/.local/sysroot/usr/lib/libwx_baseu-3.2.so.0(_ZN15wxEventLoopBase3RunEv+0x42) [0x7f19514ae412]
/home/standard/Projects/X-nav/.local/sysroot/usr/lib/libwx_baseu-3.2.so.0(_ZN16wxAppConsoleBase8MainLoopEv+0x62) [0x7f19514860f2]
/home/standard/Projects/X-nav/.local/sysroot/usr/lib/libwx_baseu-3.2.so.0(_Z7wxEntryRiPPw+0xc2) [0x7f19514ed112]
/home/standard/Projects/X-nav-worktrees/waypoint-touch-regression/build/xnav-install/bin/opencpn(main+0x38) [0x58eceefe21b8]
STACK XRaiseWindow window=2097401 mode=0 pid=7 time=41241.003131668
EVENT_HANDLER _ZN7MyFrame16OnRecaptureTimerER12wxTimerEvent address=0x58ecef553b30 offset=aaeb30
/home/standard/Projects/X-nav-worktrees/scrum15-gl-framebuffer-sync/.local/stale-overlay-probe/stack-trace.so(+0x24d9) [0x7f19526f94d9]
/home/standard/Projects/X-nav-worktrees/scrum15-gl-framebuffer-sync/.local/stale-overlay-probe/stack-trace.so(XRaiseWindow+0x7f) [0x7f19526f95b8]
/usr/lib/libgdk-3.so.0(+0x98b6c) [0x7f1952130b6c]
/usr/lib/libgtk-3.so.0(gtk_window_present_with_time+0x7e) [0x7f1950b80ebe]
/home/standard/Projects/X-nav/.local/sysroot/usr/lib/libwx_baseu-3.2.so.0(_ZN12wxEvtHandler23ProcessEventIfMatchesIdERK21wxEventTableEntryBasePS_R7wxEvent+0x7e) [0x7f195156ee4e]
/home/standard/Projects/X-nav-worktrees/scrum15-gl-framebuffer-sync/.local/stale-overlay-probe/stack-trace.so(_ZN12wxEvtHandler23ProcessEventIfMatchesIdERK21wxEventTableEntryBasePS_R7wxEvent+0x10d) [0x7f19526f9835]
/home/standard/Projects/X-nav/.local/sysroot/usr/lib/libwx_baseu-3.2.so.0(_ZN16wxEventHashTable11HandleEventER7wxEventP12wxEvtHandler+0xa4) [0x7f1951565904]
/home/standard/Projects/X-nav/.local/sysroot/usr/lib/libwx_baseu-3.2.so.0(_ZN12wxEvtHandler11TryHereOnlyER7wxEvent+0x63) [0x7f19515723f3]
/home/standard/Projects/X-nav/.local/sysroot/usr/lib/libwx_baseu-3.2.so.0(_ZN12wxEvtHandler19ProcessEventLocallyER7wxEvent+0x30) [0x7f1951572480]
/home/standard/Projects/X-nav/.local/sysroot/usr/lib/libwx_baseu-3.2.so.0(_ZN12wxEvtHandler12ProcessEventER7wxEvent+0xfa) [0x7f19515725aa]
/home/standard/Projects/X-nav/.local/sysroot/usr/lib/libwx_baseu-3.2.so.0(_ZN12wxEvtHandler18SafelyProcessEventER7wxEvent+0x12) [0x7f19515726f2]
/home/standard/Projects/X-nav/.local/sysroot/usr/lib/libwx_baseu-3.2.so.0(_ZN11wxTimerImpl9SendEventEv+0x80) [0x7f1951522eb0]
/home/standard/Projects/X-nav/.local/sysroot/usr/lib/libwx_gtk3u_core-3.2.so.0(+0x550829) [0x7f1951d50829]
/usr/lib/libglib-2.0.so.0(+0x62f64) [0x7f19503e1f64]
/usr/lib/libglib-2.0.so.0(+0x61c76) [0x7f19503e0c76]
/usr/lib/libglib-2.0.so.0(+0x63ed7) [0x7f19503e2ed7]
/usr/lib/libglib-2.0.so.0(g_main_loop_run+0x147) [0x7f19503e3217]
/usr/lib/libgtk-3.so.0(gtk_main+0x8f) [0x7f19509eac4f]
/home/standard/Projects/X-nav/.local/sysroot/usr/lib/libwx_gtk3u_core-3.2.so.0(_ZN14wxGUIEventLoop5DoRunEv+0x26) [0x7f1951d45096]
/home/standard/Projects/X-nav/.local/sysroot/usr/lib/libwx_baseu-3.2.so.0(_ZN15wxEventLoopBase3RunEv+0x42) [0x7f19514ae412]
/home/standard/Projects/X-nav/.local/sysroot/usr/lib/libwx_baseu-3.2.so.0(_ZN16wxAppConsoleBase8MainLoopEv+0x62) [0x7f19514860f2]
/home/standard/Projects/X-nav/.local/sysroot/usr/lib/libwx_baseu-3.2.so.0(_Z7wxEntryRiPPw+0xc2) [0x7f19514ed112]
/home/standard/Projects/X-nav-worktrees/waypoint-touch-regression/build/xnav-install/bin/opencpn(main+0x38) [0x58eceefe21b8]
/usr/lib/libc.so.6(+0x27781) [0x7f194f027781]
STACK XRaiseWindow window=2097401 mode=0 pid=7 time=41241.046747332
EVENT_HANDLER _ZN7MyFrame11OnInitTimerER12wxTimerEvent address=0x58ecef587780 offset=ae2780
/home/standard/Projects/X-nav-worktrees/scrum15-gl-framebuffer-sync/.local/stale-overlay-probe/stack-trace.so(+0x24d9) [0x7f19526f94d9]
/home/standard/Projects/X-nav-worktrees/scrum15-gl-framebuffer-sync/.local/stale-overlay-probe/stack-trace.so(XRaiseWindow+0x7f) [0x7f19526f95b8]
/usr/lib/libgdk-3.so.0(+0x3670a) [0x7f19520ce70a]
/usr/lib/libgdk-3.so.0(+0x3ffa8) [0x7f19520d7fa8]
/usr/lib/libgtk-3.so.0(gtk_window_present_with_time+0x6d) [0x7f1950b80ead]
/home/standard/Projects/X-nav-worktrees/waypoint-touch-regression/build/xnav-install/bin/opencpn(_ZN7MyFrame11OnInitTimerER12wxTimerEvent+0x54d) [0x58ecef587ccd]
/home/standard/Projects/X-nav/.local/sysroot/usr/lib/libwx_baseu-3.2.so.0(_ZN12wxEvtHandler23ProcessEventIfMatchesIdERK21wxEventTableEntryBasePS_R7wxEvent+0x7e) [0x7f195156ee4e]
/home/standard/Projects/X-nav-worktrees/scrum15-gl-framebuffer-sync/.local/stale-overlay-probe/stack-trace.so(_ZN12wxEvtHandler23ProcessEventIfMatchesIdERK21wxEventTableEntryBasePS_R7wxEvent+0x10d) [0x7f19526f9835]
/home/standard/Projects/X-nav/.local/sysroot/usr/lib/libwx_baseu-3.2.so.0(_ZN16wxEventHashTable11HandleEventER7wxEventP12wxEvtHandler+0xa4) [0x7f1951565904]
/home/standard/Projects/X-nav/.local/sysroot/usr/lib/libwx_baseu-3.2.so.0(_ZN12wxEvtHandler11TryHereOnlyER7wxEvent+0x63) [0x7f19515723f3]
/home/standard/Projects/X-nav/.local/sysroot/usr/lib/libwx_baseu-3.2.so.0(_ZN12wxEvtHandler19ProcessEventLocallyER7wxEvent+0x30) [0x7f1951572480]
/home/standard/Projects/X-nav/.local/sysroot/usr/lib/libwx_baseu-3.2.so.0(_ZN12wxEvtHandler12ProcessEventER7wxEvent+0xfa) [0x7f19515725aa]
/home/standard/Projects/X-nav/.local/sysroot/usr/lib/libwx_baseu-3.2.so.0(_ZN12wxEvtHandler18SafelyProcessEventER7wxEvent+0x12) [0x7f19515726f2]
/home/standard/Projects/X-nav/.local/sysroot/usr/lib/libwx_baseu-3.2.so.0(_ZN11wxTimerImpl9SendEventEv+0x80) [0x7f1951522eb0]
/home/standard/Projects/X-nav/.local/sysroot/usr/lib/libwx_gtk3u_core-3.2.so.0(+0x550829) [0x7f1951d50829]
/usr/lib/libglib-2.0.so.0(+0x62f64) [0x7f19503e1f64]
/usr/lib/libglib-2.0.so.0(+0x61c76) [0x7f19503e0c76]
/usr/lib/libglib-2.0.so.0(+0x63ed7) [0x7f19503e2ed7]
/usr/lib/libglib-2.0.so.0(g_main_loop_run+0x147) [0x7f19503e3217]
/usr/lib/libgtk-3.so.0(gtk_main+0x8f) [0x7f19509eac4f]
/home/standard/Projects/X-nav/.local/sysroot/usr/lib/libwx_gtk3u_core-3.2.so.0(_ZN14wxGUIEventLoop5DoRunEv+0x26) [0x7f1951d45096]
/home/standard/Projects/X-nav/.local/sysroot/usr/lib/libwx_baseu-3.2.so.0(_ZN15wxEventLoopBase3RunEv+0x42) [0x7f19514ae412]
/home/standard/Projects/X-nav/.local/sysroot/usr/lib/libwx_baseu-3.2.so.0(_ZN16wxAppConsoleBase8MainLoopEv+0x62) [0x7f19514860f2]
/home/standard/Projects/X-nav/.local/sysroot/usr/lib/libwx_baseu-3.2.so.0(_Z7wxEntryRiPPw+0xc2) [0x7f19514ed112]
STACK XRaiseWindow window=2097401 mode=0 pid=7 time=41241.049817681
EVENT_HANDLER _ZN7MyFrame11OnInitTimerER12wxTimerEvent address=0x58ecef587780 offset=ae2780
/home/standard/Projects/X-nav-worktrees/scrum15-gl-framebuffer-sync/.local/stale-overlay-probe/stack-trace.so(+0x24d9) [0x7f19526f94d9]
/home/standard/Projects/X-nav-worktrees/scrum15-gl-framebuffer-sync/.local/stale-overlay-probe/stack-trace.so(XRaiseWindow+0x7f) [0x7f19526f95b8]
/usr/lib/libgdk-3.so.0(+0x98b6c) [0x7f1952130b6c]
/usr/lib/libgtk-3.so.0(gtk_window_present_with_time+0x7e) [0x7f1950b80ebe]
/home/standard/Projects/X-nav-worktrees/waypoint-touch-regression/build/xnav-install/bin/opencpn(_ZN7MyFrame11OnInitTimerER12wxTimerEvent+0x54d) [0x58ecef587ccd]
/home/standard/Projects/X-nav/.local/sysroot/usr/lib/libwx_baseu-3.2.so.0(_ZN12wxEvtHandler23ProcessEventIfMatchesIdERK21wxEventTableEntryBasePS_R7wxEvent+0x7e) [0x7f195156ee4e]
/home/standard/Projects/X-nav-worktrees/scrum15-gl-framebuffer-sync/.local/stale-overlay-probe/stack-trace.so(_ZN12wxEvtHandler23ProcessEventIfMatchesIdERK21wxEventTableEntryBasePS_R7wxEvent+0x10d) [0x7f19526f9835]
/home/standard/Projects/X-nav/.local/sysroot/usr/lib/libwx_baseu-3.2.so.0(_ZN16wxEventHashTable11HandleEventER7wxEventP12wxEvtHandler+0xa4) [0x7f1951565904]
/home/standard/Projects/X-nav/.local/sysroot/usr/lib/libwx_baseu-3.2.so.0(_ZN12wxEvtHandler11TryHereOnlyER7wxEvent+0x63) [0x7f19515723f3]
/home/standard/Projects/X-nav/.local/sysroot/usr/lib/libwx_baseu-3.2.so.0(_ZN12wxEvtHandler19ProcessEventLocallyER7wxEvent+0x30) [0x7f1951572480]
/home/standard/Projects/X-nav/.local/sysroot/usr/lib/libwx_baseu-3.2.so.0(_ZN12wxEvtHandler12ProcessEventER7wxEvent+0xfa) [0x7f19515725aa]
/home/standard/Projects/X-nav/.local/sysroot/usr/lib/libwx_baseu-3.2.so.0(_ZN12wxEvtHandler18SafelyProcessEventER7wxEvent+0x12) [0x7f19515726f2]
/home/standard/Projects/X-nav/.local/sysroot/usr/lib/libwx_baseu-3.2.so.0(_ZN11wxTimerImpl9SendEventEv+0x80) [0x7f1951522eb0]
/home/standard/Projects/X-nav/.local/sysroot/usr/lib/libwx_gtk3u_core-3.2.so.0(+0x550829) [0x7f1951d50829]
/usr/lib/libglib-2.0.so.0(+0x62f64) [0x7f19503e1f64]
/usr/lib/libglib-2.0.so.0(+0x61c76) [0x7f19503e0c76]
/usr/lib/libglib-2.0.so.0(+0x63ed7) [0x7f19503e2ed7]
/usr/lib/libglib-2.0.so.0(g_main_loop_run+0x147) [0x7f19503e3217]
/usr/lib/libgtk-3.so.0(gtk_main+0x8f) [0x7f19509eac4f]
/home/standard/Projects/X-nav/.local/sysroot/usr/lib/libwx_gtk3u_core-3.2.so.0(_ZN14wxGUIEventLoop5DoRunEv+0x26) [0x7f1951d45096]
/home/standard/Projects/X-nav/.local/sysroot/usr/lib/libwx_baseu-3.2.so.0(_ZN15wxEventLoopBase3RunEv+0x42) [0x7f19514ae412]
/home/standard/Projects/X-nav/.local/sysroot/usr/lib/libwx_baseu-3.2.so.0(_ZN16wxAppConsoleBase8MainLoopEv+0x62) [0x7f19514860f2]
/home/standard/Projects/X-nav/.local/sysroot/usr/lib/libwx_baseu-3.2.so.0(_Z7wxEntryRiPPw+0xc2) [0x7f19514ed112]
/home/standard/Projects/X-nav-worktrees/waypoint-touch-regression/build/xnav-install/bin/opencpn(main+0x38) [0x58eceefe21b8]
STACK XRaiseWindow window=2097401 mode=0 pid=7 time=41242.354227464
EVENT_HANDLER _ZN7MyFrame16OnRecaptureTimerER12wxTimerEvent address=0x58ecef553b30 offset=aaeb30
/home/standard/Projects/X-nav-worktrees/scrum15-gl-framebuffer-sync/.local/stale-overlay-probe/stack-trace.so(+0x24d9) [0x7f19526f94d9]
/home/standard/Projects/X-nav-worktrees/scrum15-gl-framebuffer-sync/.local/stale-overlay-probe/stack-trace.so(XRaiseWindow+0x7f) [0x7f19526f95b8]
/usr/lib/libgdk-3.so.0(+0x3670a) [0x7f19520ce70a]
/usr/lib/libgdk-3.so.0(+0x3ffa8) [0x7f19520d7fa8]
/usr/lib/libgtk-3.so.0(gtk_window_present_with_time+0x6d) [0x7f1950b80ead]
/home/standard/Projects/X-nav/.local/sysroot/usr/lib/libwx_baseu-3.2.so.0(_ZN12wxEvtHandler23ProcessEventIfMatchesIdERK21wxEventTableEntryBasePS_R7wxEvent+0x7e) [0x7f195156ee4e]
/home/standard/Projects/X-nav-worktrees/scrum15-gl-framebuffer-sync/.local/stale-overlay-probe/stack-trace.so(_ZN12wxEvtHandler23ProcessEventIfMatchesIdERK21wxEventTableEntryBasePS_R7wxEvent+0x10d) [0x7f19526f9835]
/home/standard/Projects/X-nav/.local/sysroot/usr/lib/libwx_baseu-3.2.so.0(_ZN16wxEventHashTable11HandleEventER7wxEventP12wxEvtHandler+0xa4) [0x7f1951565904]
/home/standard/Projects/X-nav/.local/sysroot/usr/lib/libwx_baseu-3.2.so.0(_ZN12wxEvtHandler11TryHereOnlyER7wxEvent+0x63) [0x7f19515723f3]
/home/standard/Projects/X-nav/.local/sysroot/usr/lib/libwx_baseu-3.2.so.0(_ZN12wxEvtHandler19ProcessEventLocallyER7wxEvent+0x30) [0x7f1951572480]
/home/standard/Projects/X-nav/.local/sysroot/usr/lib/libwx_baseu-3.2.so.0(_ZN12wxEvtHandler12ProcessEventER7wxEvent+0xfa) [0x7f19515725aa]
/home/standard/Projects/X-nav/.local/sysroot/usr/lib/libwx_baseu-3.2.so.0(_ZN12wxEvtHandler18SafelyProcessEventER7wxEvent+0x12) [0x7f19515726f2]
/home/standard/Projects/X-nav/.local/sysroot/usr/lib/libwx_baseu-3.2.so.0(_ZN11wxTimerImpl9SendEventEv+0x80) [0x7f1951522eb0]
/home/standard/Projects/X-nav/.local/sysroot/usr/lib/libwx_gtk3u_core-3.2.so.0(+0x550829) [0x7f1951d50829]
/usr/lib/libglib-2.0.so.0(+0x62f64) [0x7f19503e1f64]
/usr/lib/libglib-2.0.so.0(+0x61c76) [0x7f19503e0c76]
/usr/lib/libglib-2.0.so.0(+0x63ed7) [0x7f19503e2ed7]
/usr/lib/libglib-2.0.so.0(g_main_loop_run+0x147) [0x7f19503e3217]
/usr/lib/libgtk-3.so.0(gtk_main+0x8f) [0x7f19509eac4f]
/home/standard/Projects/X-nav/.local/sysroot/usr/lib/libwx_gtk3u_core-3.2.so.0(_ZN14wxGUIEventLoop5DoRunEv+0x26) [0x7f1951d45096]
/home/standard/Projects/X-nav/.local/sysroot/usr/lib/libwx_baseu-3.2.so.0(_ZN15wxEventLoopBase3RunEv+0x42) [0x7f19514ae412]
/home/standard/Projects/X-nav/.local/sysroot/usr/lib/libwx_baseu-3.2.so.0(_ZN16wxAppConsoleBase8MainLoopEv+0x62) [0x7f19514860f2]
/home/standard/Projects/X-nav/.local/sysroot/usr/lib/libwx_baseu-3.2.so.0(_Z7wxEntryRiPPw+0xc2) [0x7f19514ed112]
/home/standard/Projects/X-nav-worktrees/waypoint-touch-regression/build/xnav-install/bin/opencpn(main+0x38) [0x58eceefe21b8]
STACK XRaiseWindow window=2097401 mode=0 pid=7 time=41242.355517485
EVENT_HANDLER _ZN7MyFrame16OnRecaptureTimerER12wxTimerEvent address=0x58ecef553b30 offset=aaeb30
/home/standard/Projects/X-nav-worktrees/scrum15-gl-framebuffer-sync/.local/stale-overlay-probe/stack-trace.so(+0x24d9) [0x7f19526f94d9]
/home/standard/Projects/X-nav-worktrees/scrum15-gl-framebuffer-sync/.local/stale-overlay-probe/stack-trace.so(XRaiseWindow+0x7f) [0x7f19526f95b8]
/usr/lib/libgdk-3.so.0(+0x98b6c) [0x7f1952130b6c]
/usr/lib/libgtk-3.so.0(gtk_window_present_with_time+0x7e) [0x7f1950b80ebe]
/home/standard/Projects/X-nav/.local/sysroot/usr/lib/libwx_baseu-3.2.so.0(_ZN12wxEvtHandler23ProcessEventIfMatchesIdERK21wxEventTableEntryBasePS_R7wxEvent+0x7e) [0x7f195156ee4e]
/home/standard/Projects/X-nav-worktrees/scrum15-gl-framebuffer-sync/.local/stale-overlay-probe/stack-trace.so(_ZN12wxEvtHandler23ProcessEventIfMatchesIdERK21wxEventTableEntryBasePS_R7wxEvent+0x10d) [0x7f19526f9835]
/home/standard/Projects/X-nav/.local/sysroot/usr/lib/libwx_baseu-3.2.so.0(_ZN16wxEventHashTable11HandleEventER7wxEventP12wxEvtHandler+0xa4) [0x7f1951565904]
/home/standard/Projects/X-nav/.local/sysroot/usr/lib/libwx_baseu-3.2.so.0(_ZN12wxEvtHandler11TryHereOnlyER7wxEvent+0x63) [0x7f19515723f3]
/home/standard/Projects/X-nav/.local/sysroot/usr/lib/libwx_baseu-3.2.so.0(_ZN12wxEvtHandler19ProcessEventLocallyER7wxEvent+0x30) [0x7f1951572480]
/home/standard/Projects/X-nav/.local/sysroot/usr/lib/libwx_baseu-3.2.so.0(_ZN12wxEvtHandler12ProcessEventER7wxEvent+0xfa) [0x7f19515725aa]
/home/standard/Projects/X-nav/.local/sysroot/usr/lib/libwx_baseu-3.2.so.0(_ZN12wxEvtHandler18SafelyProcessEventER7wxEvent+0x12) [0x7f19515726f2]
/home/standard/Projects/X-nav/.local/sysroot/usr/lib/libwx_baseu-3.2.so.0(_ZN11wxTimerImpl9SendEventEv+0x80) [0x7f1951522eb0]
/home/standard/Projects/X-nav/.local/sysroot/usr/lib/libwx_gtk3u_core-3.2.so.0(+0x550829) [0x7f1951d50829]
/usr/lib/libglib-2.0.so.0(+0x62f64) [0x7f19503e1f64]
/usr/lib/libglib-2.0.so.0(+0x61c76) [0x7f19503e0c76]
/usr/lib/libglib-2.0.so.0(+0x63ed7) [0x7f19503e2ed7]
/usr/lib/libglib-2.0.so.0(g_main_loop_run+0x147) [0x7f19503e3217]
/usr/lib/libgtk-3.so.0(gtk_main+0x8f) [0x7f19509eac4f]
/home/standard/Projects/X-nav/.local/sysroot/usr/lib/libwx_gtk3u_core-3.2.so.0(_ZN14wxGUIEventLoop5DoRunEv+0x26) [0x7f1951d45096]
/home/standard/Projects/X-nav/.local/sysroot/usr/lib/libwx_baseu-3.2.so.0(_ZN15wxEventLoopBase3RunEv+0x42) [0x7f19514ae412]
/home/standard/Projects/X-nav/.local/sysroot/usr/lib/libwx_baseu-3.2.so.0(_ZN16wxAppConsoleBase8MainLoopEv+0x62) [0x7f19514860f2]
/home/standard/Projects/X-nav/.local/sysroot/usr/lib/libwx_baseu-3.2.so.0(_Z7wxEntryRiPPw+0xc2) [0x7f19514ed112]
/home/standard/Projects/X-nav-worktrees/waypoint-touch-regression/build/xnav-install/bin/opencpn(main+0x38) [0x58eceefe21b8]
/usr/lib/libc.so.6(+0x27781) [0x7f194f027781]
STACK XRaiseWindow window=2097401 mode=0 pid=7 time=41263.817676133
EVENT_HANDLER _ZN7MyFrame16OnRecaptureTimerER12wxTimerEvent address=0x58ecef553b30 offset=aaeb30
/home/standard/Projects/X-nav-worktrees/scrum15-gl-framebuffer-sync/.local/stale-overlay-probe/stack-trace.so(+0x24d9) [0x7f19526f94d9]
/home/standard/Projects/X-nav-worktrees/scrum15-gl-framebuffer-sync/.local/stale-overlay-probe/stack-trace.so(XRaiseWindow+0x7f) [0x7f19526f95b8]
/usr/lib/libgdk-3.so.0(+0x3670a) [0x7f19520ce70a]
/usr/lib/libgdk-3.so.0(+0x3ffa8) [0x7f19520d7fa8]
/usr/lib/libgtk-3.so.0(gtk_window_present_with_time+0x6d) [0x7f1950b80ead]
/home/standard/Projects/X-nav/.local/sysroot/usr/lib/libwx_baseu-3.2.so.0(_ZN12wxEvtHandler23ProcessEventIfMatchesIdERK21wxEventTableEntryBasePS_R7wxEvent+0x7e) [0x7f195156ee4e]
/home/standard/Projects/X-nav-worktrees/scrum15-gl-framebuffer-sync/.local/stale-overlay-probe/stack-trace.so(_ZN12wxEvtHandler23ProcessEventIfMatchesIdERK21wxEventTableEntryBasePS_R7wxEvent+0x10d) [0x7f19526f9835]
/home/standard/Projects/X-nav/.local/sysroot/usr/lib/libwx_baseu-3.2.so.0(_ZN16wxEventHashTable11HandleEventER7wxEventP12wxEvtHandler+0xa4) [0x7f1951565904]
/home/standard/Projects/X-nav/.local/sysroot/usr/lib/libwx_baseu-3.2.so.0(_ZN12wxEvtHandler11TryHereOnlyER7wxEvent+0x63) [0x7f19515723f3]
/home/standard/Projects/X-nav/.local/sysroot/usr/lib/libwx_baseu-3.2.so.0(_ZN12wxEvtHandler19ProcessEventLocallyER7wxEvent+0x30) [0x7f1951572480]
/home/standard/Projects/X-nav/.local/sysroot/usr/lib/libwx_baseu-3.2.so.0(_ZN12wxEvtHandler12ProcessEventER7wxEvent+0xfa) [0x7f19515725aa]
/home/standard/Projects/X-nav/.local/sysroot/usr/lib/libwx_baseu-3.2.so.0(_ZN12wxEvtHandler18SafelyProcessEventER7wxEvent+0x12) [0x7f19515726f2]
/home/standard/Projects/X-nav/.local/sysroot/usr/lib/libwx_baseu-3.2.so.0(_ZN11wxTimerImpl9SendEventEv+0x80) [0x7f1951522eb0]
/home/standard/Projects/X-nav/.local/sysroot/usr/lib/libwx_gtk3u_core-3.2.so.0(+0x550829) [0x7f1951d50829]
/usr/lib/libglib-2.0.so.0(+0x62f64) [0x7f19503e1f64]
/usr/lib/libglib-2.0.so.0(+0x61c76) [0x7f19503e0c76]
/usr/lib/libglib-2.0.so.0(+0x63ed7) [0x7f19503e2ed7]
/usr/lib/libglib-2.0.so.0(g_main_loop_run+0x147) [0x7f19503e3217]
/usr/lib/libgtk-3.so.0(gtk_main+0x8f) [0x7f19509eac4f]
/home/standard/Projects/X-nav/.local/sysroot/usr/lib/libwx_gtk3u_core-3.2.so.0(_ZN14wxGUIEventLoop5DoRunEv+0x26) [0x7f1951d45096]
/home/standard/Projects/X-nav/.local/sysroot/usr/lib/libwx_baseu-3.2.so.0(_ZN15wxEventLoopBase3RunEv+0x42) [0x7f19514ae412]
/home/standard/Projects/X-nav/.local/sysroot/usr/lib/libwx_baseu-3.2.so.0(_ZN16wxAppConsoleBase8MainLoopEv+0x62) [0x7f19514860f2]
/home/standard/Projects/X-nav/.local/sysroot/usr/lib/libwx_baseu-3.2.so.0(_Z7wxEntryRiPPw+0xc2) [0x7f19514ed112]
/home/standard/Projects/X-nav-worktrees/waypoint-touch-regression/build/xnav-install/bin/opencpn(main+0x38) [0x58eceefe21b8]
STACK XRaiseWindow window=2097401 mode=0 pid=7 time=41263.819079448
EVENT_HANDLER _ZN7MyFrame16OnRecaptureTimerER12wxTimerEvent address=0x58ecef553b30 offset=aaeb30
/home/standard/Projects/X-nav-worktrees/scrum15-gl-framebuffer-sync/.local/stale-overlay-probe/stack-trace.so(+0x24d9) [0x7f19526f94d9]
/home/standard/Projects/X-nav-worktrees/scrum15-gl-framebuffer-sync/.local/stale-overlay-probe/stack-trace.so(XRaiseWindow+0x7f) [0x7f19526f95b8]
/usr/lib/libgdk-3.so.0(+0x98b6c) [0x7f1952130b6c]
/usr/lib/libgtk-3.so.0(gtk_window_present_with_time+0x7e) [0x7f1950b80ebe]
/home/standard/Projects/X-nav/.local/sysroot/usr/lib/libwx_baseu-3.2.so.0(_ZN12wxEvtHandler23ProcessEventIfMatchesIdERK21wxEventTableEntryBasePS_R7wxEvent+0x7e) [0x7f195156ee4e]
/home/standard/Projects/X-nav-worktrees/scrum15-gl-framebuffer-sync/.local/stale-overlay-probe/stack-trace.so(_ZN12wxEvtHandler23ProcessEventIfMatchesIdERK21wxEventTableEntryBasePS_R7wxEvent+0x10d) [0x7f19526f9835]
/home/standard/Projects/X-nav/.local/sysroot/usr/lib/libwx_baseu-3.2.so.0(_ZN16wxEventHashTable11HandleEventER7wxEventP12wxEvtHandler+0xa4) [0x7f1951565904]
/home/standard/Projects/X-nav/.local/sysroot/usr/lib/libwx_baseu-3.2.so.0(_ZN12wxEvtHandler11TryHereOnlyER7wxEvent+0x63) [0x7f19515723f3]
/home/standard/Projects/X-nav/.local/sysroot/usr/lib/libwx_baseu-3.2.so.0(_ZN12wxEvtHandler19ProcessEventLocallyER7wxEvent+0x30) [0x7f1951572480]
/home/standard/Projects/X-nav/.local/sysroot/usr/lib/libwx_baseu-3.2.so.0(_ZN12wxEvtHandler12ProcessEventER7wxEvent+0xfa) [0x7f19515725aa]
/home/standard/Projects/X-nav/.local/sysroot/usr/lib/libwx_baseu-3.2.so.0(_ZN12wxEvtHandler18SafelyProcessEventER7wxEvent+0x12) [0x7f19515726f2]
/home/standard/Projects/X-nav/.local/sysroot/usr/lib/libwx_baseu-3.2.so.0(_ZN11wxTimerImpl9SendEventEv+0x80) [0x7f1951522eb0]
/home/standard/Projects/X-nav/.local/sysroot/usr/lib/libwx_gtk3u_core-3.2.so.0(+0x550829) [0x7f1951d50829]
/usr/lib/libglib-2.0.so.0(+0x62f64) [0x7f19503e1f64]
/usr/lib/libglib-2.0.so.0(+0x61c76) [0x7f19503e0c76]
/usr/lib/libglib-2.0.so.0(+0x63ed7) [0x7f19503e2ed7]
/usr/lib/libglib-2.0.so.0(g_main_loop_run+0x147) [0x7f19503e3217]
/usr/lib/libgtk-3.so.0(gtk_main+0x8f) [0x7f19509eac4f]
/home/standard/Projects/X-nav/.local/sysroot/usr/lib/libwx_gtk3u_core-3.2.so.0(_ZN14wxGUIEventLoop5DoRunEv+0x26) [0x7f1951d45096]
/home/standard/Projects/X-nav/.local/sysroot/usr/lib/libwx_baseu-3.2.so.0(_ZN15wxEventLoopBase3RunEv+0x42) [0x7f19514ae412]
/home/standard/Projects/X-nav/.local/sysroot/usr/lib/libwx_baseu-3.2.so.0(_ZN16wxAppConsoleBase8MainLoopEv+0x62) [0x7f19514860f2]
/home/standard/Projects/X-nav/.local/sysroot/usr/lib/libwx_baseu-3.2.so.0(_Z7wxEntryRiPPw+0xc2) [0x7f19514ed112]
/home/standard/Projects/X-nav-worktrees/waypoint-touch-regression/build/xnav-install/bin/opencpn(main+0x38) [0x58eceefe21b8]
/usr/lib/libc.so.6(+0x27781) [0x7f194f027781]
