04:05:25.577 MESSAGE ocpn_app.cpp:1273 

________

04:05:25.577    INFO logger.cpp:131 ------- OpenCPN version 5.12.4 restarted at 2026-10-03 -------

04:05:25.577    INFO logger.cpp:131 Using loglevel INFO
04:05:25.577 MESSAGE ocpn_app.cpp:1296 wxWidgets version: wxWidgets 3.2.11 Linux 64 bit wxGTK
04:05:25.586 MESSAGE ocpn_app.cpp:1301 OS Version reports as:  7.2
04:05:25.586 MESSAGE ocpn_app.cpp:1303 MemoryStatus:  mem_total: 7807 mb,  mem_initial: 831 mb
04:05:25.586 MESSAGE ocpn_app.cpp:1315 OCPN_OSDetail:  x86_64 ; Omarchy ; 4.0.4 ; omarchy ; arch
04:05:25.586 MESSAGE ocpn_app.cpp:1319 SData_Locn is /home/standard/Projects/X-nav-worktrees/waypoint-touch-regression/build/xnav-install/share/opencpn/
04:05:25.586 MESSAGE ocpn_app.cpp:1337 PrivateDataDir is /tmp/sr252-lfpvf77y/profile
04:05:25.589 MESSAGE ocpn_app.cpp:1403 Using existing Config_File: /tmp/sr252-lfpvf77y/profile/opencpn.conf
04:05:25.589 MESSAGE navutil.cpp:1130 winPluginDir, read from ini file: 
04:05:25.589 MESSAGE navutil.cpp:1177 Setting Viewpoint Lat/Lon 56.9, 12.8
04:05:25.589 MESSAGE navutil.cpp:3051 Switch InlandEcdis mode Off
04:05:25.589 MESSAGE ConfigMgr.cpp:526 Creating new Configs catalog: /tmp/sr252-lfpvf77y/profile/Configs/configs.xml
04:05:25.589 MESSAGE ConfigMgr.cpp:547 Loading Configs catalog: /tmp/sr252-lfpvf77y/profile/Configs/configs.xml
04:05:25.635 MESSAGE OpenCPNIntegration.cpp:374 SKAGER startup: xnav
04:05:25.637 MESSAGE styles.cpp:841 Styles loading from /home/standard/Projects/X-nav-worktrees/waypoint-touch-regression/build/xnav-install/share/opencpn/uidata/styles.xml
04:05:25.640 MESSAGE styles.cpp:818 No styles found at: /home/standard/
04:05:25.640 MESSAGE styles.cpp:818 No styles found at: /home/standard/.opencpn/
04:05:25.657 MESSAGE styles.cpp:775 Using SVG Icons
04:05:25.657 MESSAGE ocpn_app.cpp:1467 Detected display size (horizontal): 338 mm
04:05:25.657 MESSAGE OCPNPlatform.cpp:1034 Getting DefaultSystemLocale...
04:05:25.660 MESSAGE ocpn_app.cpp:1507 System default Language:  en_US
04:05:25.660 MESSAGE ocpn_app.cpp:1510 Config file language:  
04:05:25.660 MESSAGE ocpn_app.cpp:1516 Config file language empty, using system default:  en_US
04:05:25.660 MESSAGE ocpn_app.cpp:1522 Adjusted App language:  en_US
04:05:25.660 MESSAGE OCPNPlatform.cpp:1115 ChangeLocale: Language load for:  en_US
04:05:25.686 MESSAGE OCPNPlatform.cpp:1168 ChangeLocale: Locale Init OK for:  en_US
04:05:25.686 MESSAGE OCPNPlatform.cpp:1192 Loading catalog for opencpn core.
04:05:25.695 MESSAGE OCPNPlatform.cpp:1034 Getting DefaultSystemLocale...
04:05:25.695 MESSAGE ocpn_app.cpp:1529 Opencpn language set to:  en_US
04:05:25.696 MESSAGE ocpn_app.cpp:1767 Creating MyFrame...size(896, 560)  position(0, 0)
04:05:25.722 WARNING navmsg_filter.cpp:202 Bad system filter path: /tmp/sr252-lfpvf77y/profile/filters
04:05:25.727 MESSAGE ocpn_frame.cpp:832  **** Connect stuff
04:05:25.785 MESSAGE chcanv.cpp:2444 Metrics:  m_display_size_mm: 338     g_Platform->getDisplaySize():  1280:800   
04:05:25.785 MESSAGE chcanv.cpp:2450 monitor size: 1280 800
04:05:25.785 MESSAGE TCDataSource.cpp:50 Loading Tide/Current data source: /home/standard/Projects/X-nav-worktrees/waypoint-touch-regression/build/xnav-install/share/opencpn/tcdata/harmonics-dwf-20210110-free.tcd
04:05:25.871 MESSAGE TCDataSource.cpp:50 Loading Tide/Current data source: /home/standard/Projects/X-nav-worktrees/waypoint-touch-regression/build/xnav-install/share/opencpn/tcdata/HARMONICS_NO_US.IDX
04:05:25.937 MESSAGE chartdb.cpp:219 ChartDB Cache policy:  Max open chart limit is 20.
04:05:25.937 MESSAGE ocpn_app.cpp:1926 GPS Watchdog Timeout is: 10 sec.
04:05:25.938 MESSAGE ocpn_app.cpp:2020 OpenCPN Initialized in 580 ms.
04:05:26.590 MESSAGE ocpn_frame.cpp:4755 OnInitTimer...0
04:05:27.011 MESSAGE waypointman_gui.cpp:83 DPMM: 3.78698   ScaleFactorExp: 1
04:05:27.011 MESSAGE waypointman_gui.cpp:90 Looking for UserIcons at /tmp/sr252-lfpvf77y/profile/UserIcons/
04:05:27.117 MESSAGE ocpn_frame.cpp:4755 OnInitTimer...1
04:05:27.117 MESSAGE comm_drv_factory.cpp:54 MakeCommDriver: TCP:127.0.0.1:57871
04:05:27.118 MESSAGE comm_drv_n0183_net.cpp:259 Opening TCP connection to 127.0.0.1:57871
04:05:27.219 MESSAGE ocpn_frame.cpp:4755 OnInitTimer...2
04:05:27.219 MESSAGE plugin_loader.cpp:471 PluginLoader: loading plugins from /home/standard/.local/lib/opencpn
04:05:27.219 MESSAGE plugin_loader.cpp:292 Using LD_LIBRARY_PATH: /home/standard/.local/lib/opencpn:/home/standard/Projects/X-nav/.local/sysroot/usr/lib
04:05:27.219 MESSAGE plugin_loader.cpp:324 Using PATH: /home/standard/.local/bin:/home/standard/Projects/X-nav/.local/sysroot/usr/bin:/usr/local/bin:/usr/bin:/bin
04:05:27.219 MESSAGE plugin_loader.cpp:476 Loading plugins from dir: /home/standard/.local/lib/opencpn
04:05:27.219 MESSAGE plugin_loader.cpp:721 PluginLoader searching for PlugIns in location /home/standard/.local/lib/opencpn
04:05:27.219 MESSAGE plugin_loader.cpp:735    Directory /home/standard/.local/lib/opencpn does not exist.
04:05:27.262 MESSAGE OCPNPlatform.cpp:1115 ChangeLocale: Language load for:  en_US
04:05:27.275 MESSAGE OCPNPlatform.cpp:1168 ChangeLocale: Locale Init OK for:  en_US
04:05:27.275 MESSAGE OCPNPlatform.cpp:1192 Loading catalog for opencpn core.
04:05:27.280 MESSAGE OCPNPlatform.cpp:1034 Getting DefaultSystemLocale...
04:05:27.280 MESSAGE comm_drv_n0183_net.cpp:448 TCP NetworkDataStream connection established: TCP:127.0.0.1:57871
04:05:27.358 MESSAGE ocpn_frame.cpp:4755 OnInitTimer...3
04:05:27.458 MESSAGE ocpn_frame.cpp:4755 OnInitTimer...4
04:05:28.080 MESSAGE options.cpp:5299 options: got device count: 3
04:05:28.197 MESSAGE ocpn_frame.cpp:4755 OnInitTimer...5
04:05:28.298 MESSAGE ocpn_frame.cpp:4755 OnInitTimer...6
04:05:28.398 MESSAGE ocpn_frame.cpp:4755 OnInitTimer...7
04:05:28.398 MESSAGE ocpn_frame.cpp:5039 OnInitTimer...Last Call
04:05:28.398 MESSAGE ocpn_frame.cpp:5068 OnInitTimer...Finalize Canvases
04:05:48.188 MESSAGE waypointman_gui.cpp:83 DPMM: 3.78698   ScaleFactorExp: 1
04:05:48.188 MESSAGE waypointman_gui.cpp:90 Looking for UserIcons at /tmp/sr252-lfpvf77y/profile/UserIcons/
04:05:50.035 MESSAGE waypointman_gui.cpp:83 DPMM: 3.78698   ScaleFactorExp: 1
04:05:50.035 MESSAGE waypointman_gui.cpp:90 Looking for UserIcons at /tmp/sr252-lfpvf77y/profile/UserIcons/
04:05:51.179 MESSAGE waypointman_gui.cpp:83 DPMM: 3.78698   ScaleFactorExp: 1
04:05:51.179 MESSAGE waypointman_gui.cpp:90 Looking for UserIcons at /tmp/sr252-lfpvf77y/profile/UserIcons/
04:05:59.301 MESSAGE RecoveryStore.cpp:73 SKAGER startup healthy after 30 seconds of normal application processing
04:06:03.435 MESSAGE comm_drv_n0183_net.cpp:410 NetworkDataStream connection lost: TCP:127.0.0.1:57871
04:06:03.645 MESSAGE ocpn_app.cpp:2121 opencpn::MyApp starting exit.
04:06:03.645 MESSAGE ocpn_app.cpp:2161 LOGBOOK:  2026-10-03 02:06:03 UTC OFF: Lat    0.00000 Lon    0.00000
04:06:03.645 MESSAGE ocpn_app.cpp:2189 opencpn::MyApp exiting cleanly...

04:06:03.647 MESSAGE ocpn_frame.cpp:5690 Got quitflag from SIGNAL
04:06:03.722 MESSAGE OpenCPNIntegration.cpp:1024 SKAGER close preparation: preserving shared configuration
04:06:03.806 MESSAGE ocpn_frame.cpp:1831 opencpn::MyFrame exiting cleanly.
04:06:03.808 MESSAGE chartdb.cpp:287 Chart cache PlugIn purge
04:06:03.809 MESSAGE comm_drv_n0183_net.cpp:555 Closing NMEA NetworkDataStream 57871
04:06:03.809 MESSAGE ocpn_frame.cpp:2000 gFrame destroyed.
04:06:03.809 MESSAGE ocpn_app.cpp:2121 opencpn::MyApp starting exit.
04:06:03.810 MESSAGE ocpn_app.cpp:2161 LOGBOOK:  2026-10-03 02:06:03 UTC OFF: Lat   56.70000 Lon   12.60000 COG  147.00000 SOG   6.30 kts
04:06:03.810 MESSAGE TCDataSource.cpp:41 UnLoading Tide/Current data source: /home/standard/Projects/X-nav-worktrees/waypoint-touch-regression/build/xnav-install/share/opencpn/tcdata/harmonics-dwf-20210110-free.tcd
04:06:03.819 MESSAGE TCDataSource.cpp:41 UnLoading Tide/Current data source: /home/standard/Projects/X-nav-worktrees/waypoint-touch-regression/build/xnav-install/share/opencpn/tcdata/HARMONICS_NO_US.IDX
04:06:03.820 MESSAGE ocpn_app.cpp:2189 opencpn::MyApp exiting cleanly...

