{
"CaFanGeometry.center":0,
"CaFanGeometry.leg1":8,
"CaFanGeometry.leg2":16,
"CaFanGeometry.radius":24,
"CaFanGeometry.start":32,
"CaFanGeometry.end":40,
"CaFanGeometry.pixelScale":48,
"S52_TextC.bsize":56,
"S52_TextC.rText":316,
"S52_TextC.avgCharWidth":336,
"S52_TextC.pFont":88,
"S52_TextC.xoffs":60,
"S52_TextC.yoffs":64,
"S52_TextC.hjust":48,
"S52_TextC.vjust":49,
"S52_TextC.rendered_char_height":312,
"S52_TextC.letter_spacing":256,
"S52_TextC.text_opacity":264,
"S52_TextC.light_label":96,
"S52_TextC.bspecial_char":333,
"S52_TextC.texobj":340,
"S52_TextC.frmtd":0,
"s52plib.s_txf":2528,
"s52plib.m_colortable_index":952,
"s52plib.m_TextScaleFactor":40,
"s52plib.m_dipfactor":88,
"s52plib.m_ContentScaleFactor":96,
"s52plib.m_FinalTextScaleFactor":104,
"TexFontCache.cache":0,
"TexFontCache.key":8,
"TexFontCache.size":16,
"S57Obj.FText":184,
"S57Obj.bFText_Added":192,
"s52plib.vp_plib":2408,
"s52plib.m_nSymbolStyle":0,
"VPointCompat.pix_width":0,
"VPointCompat.pix_height":4,
"ObjRazRules.obj":8,
"ObjRazRules.LUP":0,
"S57Obj.att_array":16,
"S57Obj.n_attr":32,
"S57Obj.FeatureName":0,
"S57Obj.Index":40,
"S57Obj.m_lat":152,
"S57Obj.m_lon":160,
"Rules.razRule":16,
"Rules.INSTstr":8,
"Rule.name":4,
"Rule.definition":12,
"LUPrec.TNAM":24,
"LUPrec.RCID":0,
"LUPrec.DPRI":16,
"wxPoint.x":0,
"wxPoint.y":4,
"pointerBytes":8}

