[1/149] Building CXX object libs/ShapefileCpp/CMakeFiles/ShapefileCppLib.dir/__/__/b2681f8/lib/src/ShapefileReader.cpp.o
[2/149] Building CXX object libs/ShapefileCpp/CMakeFiles/ShapefileCppLib.dir/__/__/b2681f8/lib/src/Schema.cpp.o
[3/149] Building CXX object libs/ShapefileCpp/CMakeFiles/ShapefileCppLib.dir/__/__/b2681f8/lib/src/FeatureIterator.cpp.o
[4/149] Building CXX object libs/ShapefileCpp/CMakeFiles/ShapefileCppLib.dir/__/__/b2681f8/lib/src/GeometryType.cpp.o
[5/149] Building CXX object libs/ShapefileCpp/CMakeFiles/ShapefileCppLib.dir/__/__/b2681f8/lib/src/Bounds.cpp.o
[6/149] Building CXX object libs/ShapefileCpp/CMakeFiles/ShapefileCppLib.dir/__/__/b2681f8/lib/src/Geometry.cpp.o
[7/149] Building CXX object libs/ShapefileCpp/CMakeFiles/ShapefileCppLib.dir/__/__/b2681f8/lib/src/Point.cpp.o
[8/149] Building CXX object libs/ShapefileCpp/CMakeFiles/ShapefileCppLib.dir/__/__/b2681f8/lib/src/Line.cpp.o
[9/149] Building CXX object libs/ShapefileCpp/CMakeFiles/ShapefileCppLib.dir/__/__/b2681f8/lib/src/Ring.cpp.o
[10/149] Building CXX object libs/ShapefileCpp/CMakeFiles/ShapefileCppLib.dir/__/__/b2681f8/lib/src/Polygon.cpp.o
[11/149] Building CXX object libs/ShapefileCpp/CMakeFiles/ShapefileCppLib.dir/__/__/b2681f8/lib/src/MultiPoint.cpp.o
[12/149] Building CXX object libs/ShapefileCpp/CMakeFiles/ShapefileCppLib.dir/__/__/b2681f8/lib/src/MultiLine.cpp.o
[13/149] Building CXX object libs/ShapefileCpp/CMakeFiles/ShapefileCppLib.dir/__/__/b2681f8/lib/src/MultiPolygon.cpp.o
[14/149] Building CXX object libs/ShapefileCpp/CMakeFiles/ShapefileCppLib.dir/__/__/b2681f8/lib/src/Feature.cpp.o
[15/149] Building CXX object libs/ShapefileCpp/CMakeFiles/ShapefileCppLib.dir/__/__/b2681f8/lib/src/FieldType.cpp.o
[16/149] Building CXX object libs/ShapefileCpp/CMakeFiles/ShapefileCppLib.dir/__/__/b2681f8/lib/src/Field.cpp.o
[17/149] cd /home/standard/Projects/X-nav-worktrees/scrum259-linux-6dafd29/build/xnav-linux/libs/libdnet && /home/standard/Projects/X-nav-worktrees/scrum259-linux-6dafd29/.local/sysroot/usr/bin/cmake -E echo Built\ the\ libdnet\ library
Built the libdnet library
[18/149] Building CXX object libs/s52plib/CMakeFiles/S52PLIB.dir/src/s52plib.cpp.o
/home/standard/Projects/X-nav-worktrees/scrum259-linux-6dafd29/build/integration-source/libs/s52plib/src/s52plib.cpp: In member function ‘void s52plib::PLIB_LoadS57ObjectConfig(wxFileConfig*)’:
/home/standard/Projects/X-nav-worktrees/scrum259-linux-6dafd29/build/integration-source/libs/s52plib/src/s52plib.cpp:10411:28: warning: ‘char* strncpy(char*, const char*, size_t)’ specified bound 6 equals destination size [-Wstringop-truncation]
10411 |                     strncpy( pOLE->OBJLName, sObj.mb_str(), 6 );
      |                     ~~~~~~~^~~~~~~~~~~~~~~~~~~~~~~~~~~~~~~~~~~~
[19/149] Linking CXX static library libs/s52plib/libS52PLIB.a
[20/149] Building CXX object CMakeFiles/opencpn.dir/gui/src/about_frame_impl.cpp.o
[21/149] Building CXX object CMakeFiles/opencpn.dir/gui/src/about.cpp.o
[22/149] Building CXX object CMakeFiles/opencpn.dir/gui/src/ais_info_gui.cpp.o
[23/149] Building CXX object CMakeFiles/opencpn.dir/gui/src/ais.cpp.o
[24/149] Building CXX object CMakeFiles/opencpn.dir/gui/src/AISTargetAlertDialog.cpp.o
[25/149] Building CXX object CMakeFiles/opencpn.dir/gui/src/AISTargetListDialog.cpp.o
[26/149] Building CXX object CMakeFiles/opencpn.dir/gui/src/AISTargetQueryDialog.cpp.o
[27/149] Building CXX object CMakeFiles/opencpn.dir/gui/src/CanvasOptions.cpp.o
[28/149] Building CXX object CMakeFiles/opencpn.dir/gui/src/canvasMenu.cpp.o
[29/149] Building CXX object CMakeFiles/opencpn.dir/gui/src/catalog_mgr.cpp.o
[30/149] Building CXX object CMakeFiles/opencpn.dir/gui/src/cat_settings.cpp.o
[31/149] Building CXX object CMakeFiles/opencpn.dir/gui/src/chartdb.cpp.o
FAILED: [code=1] CMakeFiles/opencpn.dir/gui/src/chartdb.cpp.o 
/usr/bin/c++ -DHAVE_WX_GESTURE_EVENTS -DIXWEBSOCKET_USE_OPEN_SSL -DIXWEBSOCKET_USE_TLS -DIXWEBSOCKET_USE_ZLIB -DOPENNAV_ROUTE_TESTS=1 -DOPENNAV_X=1 -DRAPIDJSON_HAS_STDSTRING=1 -DTIXML_USE_STL -DWXUSINGDLL -DXNAV_ENABLE_PILOT_LOOPBACK_TESTS=1 -DXNAV_ENABLE_TEST_FIXTURES=1 -D_FILE_OFFSET_BITS=64 -D__OCPN_USE_GLEW__ -D__WXGTK3__ -D__WXGTK__ -DocpnUSE_GL -DocpnUSE_GLSL -DocpnUSE_SVG -DocpnUSE_wxBitmapBundle -Dopencpn_EXPORTS -DwxUSE_WEBVIEW=0 -I/home/standard/Projects/X-nav-worktrees/scrum259-linux-6dafd29/build/xnav-linux/include -I/home/standard/Projects/X-nav-worktrees/scrum259-linux-6dafd29/build/integration-source/gui/include/gui -I/home/standard/Projects/X-nav-worktrees/scrum259-linux-6dafd29/build/integration-source/include -I/home/standard/Projects/X-nav-worktrees/scrum259-linux-6dafd29/build/integration-source/resources -I/home/standard/Projects/X-nav-worktrees/scrum259-linux-6dafd29/build/integration-source/gui/src/mbtiles -I/home/standard/Projects/X-nav-worktrees/scrum259-linux-6dafd29/build/integration-source/gui/src/s57/include -I/home/standard/Projects/X-nav-worktrees/scrum259-linux-6dafd29/.local/sysroot/usr/include -I/home/standard/Projects/X-nav-worktrees/scrum259-linux-6dafd29/src -I/home/standard/Projects/X-nav-worktrees/scrum259-linux-6dafd29/tests -I/home/standard/Projects/X-nav-worktrees/scrum259-linux-6dafd29/build/xnav-linux/opennav-chart-style/v1 -I/home/standard/Projects/X-nav-worktrees/scrum259-linux-6dafd29/build/integration-source/libs/ssl_sha1/include -I/usr/include/gtk-3.0 -I/usr/include/pango-1.0 -I/usr/include/cloudproviders -I/usr/include/cairo -I/usr/include/gdk-pixbuf-2.0 -I/usr/include/glycin-2 -I/usr/include/at-spi2-atk/2.0 -I/usr/include/at-spi-2.0 -I/usr/include/atk-1.0 -I/usr/include/dbus-1.0 -I/usr/lib/dbus-1.0/include -I/usr/include/fribidi -I/usr/include/pixman-1 -I/usr/include/harfbuzz -I/usr/include/freetype2 -I/usr/include/libpng16 -I/usr/include/gio-unix-2.0 -I/usr/include/glib-2.0 -I/usr/lib/glib-2.0/include -I/usr/include/libmount -I/usr/include/blkid -I/usr/include/sysprof-6 -I/home/standard/Projects/X-nav-worktrees/scrum259-linux-6dafd29/build/integration-source/libs/SQLiteCpp/include -I/home/standard/Projects/X-nav-worktrees/scrum259-linux-6dafd29/build/xnav-install/include -I/home/standard/Projects/X-nav-worktrees/scrum259-linux-6dafd29/build/xnav-linux/b2681f8/lib/include -I/home/standard/Projects/X-nav-worktrees/scrum259-linux-6dafd29/build/integration-source/libs/gdal/include -I/home/standard/Projects/X-nav-worktrees/scrum259-linux-6dafd29/build/integration-source/libs/gdal/include/gdal -I/home/standard/Projects/X-nav-worktrees/scrum259-linux-6dafd29/build/xnav-linux/libdnet-src/installed/include -I/home/standard/Projects/X-nav-worktrees/scrum259-linux-6dafd29/build/integration-source/libs/libdnet/_DNET_IF -I/home/standard/Projects/X-nav-worktrees/scrum259-linux-6dafd29/build/xnav-linux/libdnet-src/installed/include/dnet -I/home/standard/Projects/X-nav-worktrees/scrum259-linux-6dafd29/build/integration-source/libs/serial/include -I/home/standard/Projects/X-nav-worktrees/scrum259-linux-6dafd29/build/integration-source/libs/std_filesystem/include -I/home/standard/Projects/X-nav-worktrees/scrum259-linux-6dafd29/build/integration-source/libs/libtess2/Include -I/home/standard/Projects/X-nav-worktrees/scrum259-linux-6dafd29/build/integration-source/libs/tinyxml/include -I/home/standard/Projects/X-nav-worktrees/scrum259-linux-6dafd29/build/integration-source/libs/manual/include -I/home/standard/Projects/X-nav-worktrees/scrum259-linux-6dafd29/build/integration-source/libs/s57-charts/include -I/home/standard/Projects/X-nav-worktrees/scrum259-linux-6dafd29/build/integration-source/libs/iso8211/include -I/home/standard/Projects/X-nav-worktrees/scrum259-linux-6dafd29/build/integration-source/libs/gui/include -I/home/standard/Projects/X-nav-worktrees/scrum259-linux-6dafd29/build/integration-source/libs/garmin/jeeps -I/home/standard/Projects/X-nav-worktrees/scrum259-linux-6dafd29/build/integration-source/libs/texcmp/squish -I/home/standard/Projects/X-nav-worktrees/scrum259-linux-6dafd29/build/integration-source/libs/mipmap/include -I/home/standard/Projects/X-nav-worktrees/scrum259-linux-6dafd29/build/integration-source/model/include -I/home/standard/Projects/X-nav-worktrees/scrum259-linux-6dafd29/build/integration-source/libs/sqlite/include -I/home/standard/Projects/X-nav-worktrees/scrum259-linux-6dafd29/build/integration-source/libs/wxcurl/include -I/usr/include/libusb-1.0 -I/home/standard/Projects/X-nav-worktrees/scrum259-linux-6dafd29/build/integration-source/libs/observable/include -I/home/standard/Projects/X-nav-worktrees/scrum259-linux-6dafd29/build/integration-source/libs/IXWebSocket -I/home/standard/Projects/X-nav-worktrees/scrum259-linux-6dafd29/build/integration-source/libs/geoprim/src -I/home/standard/Projects/X-nav-worktrees/scrum259-linux-6dafd29/build/integration-source/libs/mdns/include -I/home/standard/Projects/X-nav-worktrees/scrum259-linux-6dafd29/build/integration-source/libs/mdns/mdns-1.4.3 -I/home/standard/Projects/X-nav-worktrees/scrum259-linux-6dafd29/build/integration-source/libs/mongoose/include -I/home/standard/Projects/X-nav-worktrees/scrum259-linux-6dafd29/build/integration-source/libs/N2KParser/include -I/home/standard/Projects/X-nav-worktrees/scrum259-linux-6dafd29/build/integration-source/libs/nmea0183/src -I/home/standard/Projects/X-nav-worktrees/scrum259-linux-6dafd29/build/integration-source/libs/pugixml -I/home/standard/Projects/X-nav-worktrees/scrum259-linux-6dafd29/build/xnav-linux/_deps/rapidjson_src-src/include -I/home/standard/Projects/X-nav-worktrees/scrum259-linux-6dafd29/build/integration-source/libs/s52plib/src -I/home/standard/Projects/X-nav-worktrees/scrum259-linux-6dafd29/build/integration-source/libs/sound/include -I/home/standard/Projects/X-nav-worktrees/scrum259-linux-6dafd29/build/integration-source/libs/wxJSON/include -I/home/standard/Projects/X-nav-worktrees/scrum259-linux-6dafd29/build/integration-source/libs/wxservdisc -I/home/standard/Projects/X-nav-worktrees/scrum259-linux-6dafd29/build/integration-source/libs/picosha2 -isystem /home/standard/Projects/X-nav-worktrees/scrum259-linux-6dafd29/.local/sysroot/usr/lib/wx/include/gtk3-unicode-3.2 -isystem /home/standard/Projects/X-nav-worktrees/scrum259-linux-6dafd29/.local/sysroot/usr/include/wx-3.2 -D__WXGTK3__ -O3 -DNDEBUG -std=gnu++17    -DPREFIX=\"/home/standard/Projects/X-nav-worktrees/scrum259-linux-6dafd29/build/xnav-install\" -Wall -Wno-unused -fexceptions -rdynamic -fno-strict-aliasing -Wno-deprecated-declarations -Wno-unknown-pragmas -Werror -Wno-unknown-warning-option -MD -MT CMakeFiles/opencpn.dir/gui/src/chartdb.cpp.o -MF CMakeFiles/opencpn.dir/gui/src/chartdb.cpp.o.d -o CMakeFiles/opencpn.dir/gui/src/chartdb.cpp.o -c /home/standard/Projects/X-nav-worktrees/scrum259-linux-6dafd29/build/integration-source/gui/src/chartdb.cpp
c++: fatal error: Killed signal terminated program cc1plus
compilation terminated.
[32/149] Building CXX object CMakeFiles/opencpn.dir/gui/src/chartdbs.cpp.o
ninja: build stopped: subcommand failed.
