[Thread debugging using libthread_db enabled]
Using host libthread_db library "/usr/lib/libthread_db.so.1".
[New Thread 0x7fffefbff6c0 (LWP 114)]
[New Thread 0x7fffef3fe6c0 (LWP 115)]
[Thread 0x7fffef3fe6c0 (LWP 115) exited]
[Thread 0x7fffefbff6c0 (LWP 114) exited]
[New Thread 0x7fffefbff6c0 (LWP 116)]
[New Thread 0x7fffef3fe6c0 (LWP 117)]
[Thread 0x7fffef3fe6c0 (LWP 117) exited]
[Thread 0x7fffefbff6c0 (LWP 116) exited]
[New Thread 0x7fffefbff6c0 (LWP 118)]
[New Thread 0x7fffef3fe6c0 (LWP 119)]
[Thread 0x7fffef3fe6c0 (LWP 119) exited]
[Thread 0x7fffefbff6c0 (LWP 118) exited]
[New Thread 0x7fffefbff6c0 (LWP 120)]
[New Thread 0x7fffef3fe6c0 (LWP 121)]
[Thread 0x7fffef3fe6c0 (LWP 121) exited]
[Thread 0x7fffefbff6c0 (LWP 120) exited]
[New Thread 0x7fffefbff6c0 (LWP 122)]
[New Thread 0x7fffef3fe6c0 (LWP 123)]
[Thread 0x7fffef3fe6c0 (LWP 123) exited]
[New Thread 0x7fffef3fe6c0 (LWP 124)]
[New Thread 0x7fffeebfd6c0 (LWP 125)]
[New Thread 0x7fffee3fc6c0 (LWP 126)]
[New Thread 0x7fffedbfb6c0 (LWP 127)]
[New Thread 0x7fffecfea6c0 (LWP 129)]
[New Thread 0x7fffcd9ff6c0 (LWP 130)]
[New Thread 0x7fffcd1fe6c0 (LWP 131)]
[Detaching after vfork from child process 133]
[Detaching after vfork from child process 135]
[Detaching after vfork from child process 137]
[Detaching after vfork from child process 139]
[Detaching after vfork from child process 141]
[Detaching after vfork from child process 143]
[Detaching after vfork from child process 145]
[New Thread 0x7fffcc9fd6c0 (LWP 147)]
[New Thread 0x7fffbffff6c0 (LWP 148)]
[Detaching after fork from child process 149]
[New Thread 0x7fffbf7fe6c0 (LWP 166)]
[New Thread 0x7fffbeffd6c0 (LWP 167)]
[New Thread 0x7fffbe7fc6c0 (LWP 168)]
[New Thread 0x7fffbdffb6c0 (LWP 169)]
[New Thread 0x7fffbd7fa6c0 (LWP 170)]
[New Thread 0x7fffbcff96c0 (LWP 171)]
[New Thread 0x7fffbc7f86c0 (LWP 172)]
[New Thread 0x7fffbbff76c0 (LWP 173)]
[New Thread 0x7fffec39f6c0 (LWP 175)]
[New Thread 0x7fffdc7ff6c0 (LWP 176)]
[New Thread 0x7fffdc5fe6c0 (LWP 177)]
[Detaching after fork from child process 178]
[New Thread 0x7fffdc3fd6c0 (LWP 181)]
[Detaching after fork from child process 182]
[New Thread 0x7fffbabff6c0 (LWP 189)]
[Thread 0x7fffbabff6c0 (LWP 189) exited]
[Thread 0x7fffec39f6c0 (LWP 175) exited]
[New Thread 0x7fffba3fe6c0 (LWP 195)]
[New Thread 0x7fffb9bfd6c0 (LWP 196)]
[Detaching after vfork from child process 201]
[New Thread 0x7fffb7d1c6c0 (LWP 203)]
[Thread 0x7fffb7d1c6c0 (LWP 203) exited]
[New Thread 0x7fffb7d1c6c0 (LWP 204)]
[New Thread 0x7fffb751b6c0 (LWP 205)]
[Detaching after vfork from child process 206]
[New Thread 0x7fffec39f6c0 (LWP 208)]
[New Thread 0x7fffb8bff6c0 (LWP 209)]
[New Thread 0x7fffb89fe6c0 (LWP 210)]
[Detaching after fork from child process 211]
[New Thread 0x7fffb6d1a6c0 (LWP 218)]
[New Thread 0x7fffb6b196c0 (LWP 219)]
[New Thread 0x7fffb69186c0 (LWP 220)]
[New Thread 0x7fffb67176c0 (LWP 221)]
[Thread 0x7fffb67176c0 (LWP 221) exited]
[Thread 0x7fffb69186c0 (LWP 220) exited]
[Thread 0x7fffb6b196c0 (LWP 219) exited]
[Thread 0x7fffb6d1a6c0 (LWP 218) exited]
[New Thread 0x7fffb69186c0 (LWP 223)]
[New Thread 0x7fffb6b196c0 (LWP 224)]
[New Thread 0x7fffb6d1a6c0 (LWP 225)]
[New Thread 0x7fffb67176c0 (LWP 226)]
[Thread 0x7fffb67176c0 (LWP 226) exited]
[Thread 0x7fffb6d1a6c0 (LWP 225) exited]
[Thread 0x7fffb69186c0 (LWP 223) exited]
[Thread 0x7fffb6b196c0 (LWP 224) exited]
[New Thread 0x7fffb6d1a6c0 (LWP 228)]
[New Thread 0x7fffb6b196c0 (LWP 229)]
[New Thread 0x7fffb69186c0 (LWP 230)]
[New Thread 0x7fffb67176c0 (LWP 231)]
[Thread 0x7fffb67176c0 (LWP 231) exited]
[Thread 0x7fffb69186c0 (LWP 230) exited]
[Thread 0x7fffb6b196c0 (LWP 229) exited]
[Thread 0x7fffb6d1a6c0 (LWP 228) exited]
[New Thread 0x7fffb67176c0 (LWP 232)]
[Detaching after fork from child process 233]
[New Thread 0x7fffb69186c0 (LWP 240)]
[New Thread 0x7fffb6b196c0 (LWP 241)]
[New Thread 0x7fffb6d1a6c0 (LWP 242)]
[New Thread 0x7fffb65166c0 (LWP 243)]
[Thread 0x7fffb65166c0 (LWP 243) exited]
[Thread 0x7fffb6b196c0 (LWP 241) exited]
[Thread 0x7fffb69186c0 (LWP 240) exited]
[Thread 0x7fffb6d1a6c0 (LWP 242) exited]
[New Thread 0x7fffb6d1a6c0 (LWP 245)]
[New Thread 0x7fffb69186c0 (LWP 246)]
[New Thread 0x7fffb6b196c0 (LWP 247)]
[New Thread 0x7fffb65166c0 (LWP 248)]
[Thread 0x7fffb6d1a6c0 (LWP 245) exited]
[Thread 0x7fffb6b196c0 (LWP 247) exited]
[Thread 0x7fffb69186c0 (LWP 246) exited]
[Thread 0x7fffb65166c0 (LWP 248) exited]
[New Thread 0x7fffb65166c0 (LWP 250)]
[New Thread 0x7fffb6b196c0 (LWP 251)]
[New Thread 0x7fffb69186c0 (LWP 252)]
[New Thread 0x7fffb6d1a6c0 (LWP 253)]
[Thread 0x7fffb69186c0 (LWP 252) exited]
[Thread 0x7fffb6b196c0 (LWP 251) exited]
[Thread 0x7fffb6d1a6c0 (LWP 253) exited]
[Thread 0x7fffb65166c0 (LWP 250) exited]
[New Thread 0x7fffb65166c0 (LWP 255)]
[New Thread 0x7fffb6d1a6c0 (LWP 256)]
[New Thread 0x7fffb69186c0 (LWP 257)]
[New Thread 0x7fffb6b196c0 (LWP 258)]
[Thread 0x7fffb6b196c0 (LWP 258) exited]
[Thread 0x7fffb69186c0 (LWP 257) exited]
[Thread 0x7fffb6d1a6c0 (LWP 256) exited]
[Thread 0x7fffb65166c0 (LWP 255) exited]
[New Thread 0x7fffb65166c0 (LWP 260)]
[New Thread 0x7fffb6d1a6c0 (LWP 261)]
[New Thread 0x7fffb6b196c0 (LWP 262)]
[New Thread 0x7fffb69186c0 (LWP 263)]
[Thread 0x7fffb69186c0 (LWP 263) exited]
[Thread 0x7fffb6b196c0 (LWP 262) exited]
[Thread 0x7fffb6d1a6c0 (LWP 261) exited]
[Thread 0x7fffb65166c0 (LWP 260) exited]
[New Thread 0x7fffb6b196c0 (LWP 265)]
[New Thread 0x7fffb6d1a6c0 (LWP 266)]
[New Thread 0x7fffb65166c0 (LWP 267)]
[New Thread 0x7fffb69186c0 (LWP 268)]
[Thread 0x7fffb69186c0 (LWP 268) exited]
[Thread 0x7fffb65166c0 (LWP 267) exited]
[Thread 0x7fffb6d1a6c0 (LWP 266) exited]
[Thread 0x7fffb6b196c0 (LWP 265) exited]
[New Thread 0x7fffb6b196c0 (LWP 270)]
[New Thread 0x7fffb6d1a6c0 (LWP 271)]
[New Thread 0x7fffb65166c0 (LWP 272)]
[New Thread 0x7fffb69186c0 (LWP 273)]
[Thread 0x7fffb69186c0 (LWP 273) exited]
[Thread 0x7fffb65166c0 (LWP 272) exited]
[Thread 0x7fffb6d1a6c0 (LWP 271) exited]
[Thread 0x7fffb6b196c0 (LWP 270) exited]
[New Thread 0x7fffb6b196c0 (LWP 275)]
[New Thread 0x7fffb6d1a6c0 (LWP 276)]
[New Thread 0x7fffb65166c0 (LWP 277)]
[New Thread 0x7fffb69186c0 (LWP 278)]
[Thread 0x7fffb69186c0 (LWP 278) exited]
[Thread 0x7fffb6d1a6c0 (LWP 276) exited]
[Thread 0x7fffb65166c0 (LWP 277) exited]
[Thread 0x7fffb6b196c0 (LWP 275) exited]
[New Thread 0x7fffb65166c0 (LWP 280)]
[New Thread 0x7fffb6d1a6c0 (LWP 281)]
[New Thread 0x7fffb69186c0 (LWP 282)]
[New Thread 0x7fffb6b196c0 (LWP 283)]
[Thread 0x7fffb6b196c0 (LWP 283) exited]
[Thread 0x7fffb69186c0 (LWP 282) exited]
[Thread 0x7fffb6d1a6c0 (LWP 281) exited]
[Thread 0x7fffb65166c0 (LWP 280) exited]
[New Thread 0x7fffb69186c0 (LWP 285)]
[New Thread 0x7fffb65166c0 (LWP 286)]
[New Thread 0x7fffb6b196c0 (LWP 287)]
[New Thread 0x7fffb6d1a6c0 (LWP 288)]
[Thread 0x7fffb6d1a6c0 (LWP 288) exited]
[Thread 0x7fffb6b196c0 (LWP 287) exited]
[Thread 0x7fffb65166c0 (LWP 286) exited]
[Thread 0x7fffb69186c0 (LWP 285) exited]
[New Thread 0x7fffb69186c0 (LWP 290)]
[New Thread 0x7fffb6b196c0 (LWP 291)]
[New Thread 0x7fffb65166c0 (LWP 292)]
[New Thread 0x7fffb6d1a6c0 (LWP 293)]
[Thread 0x7fffb6d1a6c0 (LWP 293) exited]
[Thread 0x7fffb65166c0 (LWP 292) exited]
[Thread 0x7fffb6b196c0 (LWP 291) exited]
[Thread 0x7fffb69186c0 (LWP 290) exited]
[Detaching after vfork from child process 294]
[Thread 0x7fffb8bff6c0 (LWP 209) exited]
[Thread 0x7fffec39f6c0 (LWP 208) exited]
[Detaching after vfork from child process 297]
[Detaching after vfork from child process 305]
[Detaching after vfork from child process 308]
[Detaching after vfork from child process 316]
[Detaching after vfork from child process 319]
[Detaching after vfork from child process 327]
[Detaching after vfork from child process 330]
[Thread 0x7fffb9bfd6c0 (LWP 196) exited]
[Thread 0x7fffb751b6c0 (LWP 205) exited]
[Thread 0x7fffb7d1c6c0 (LWP 204) exited]
[Thread 0x7fffb67176c0 (LWP 232) exited]
[Thread 0x7fffb89fe6c0 (LWP 210) exited]
[Thread 0x7fffba3fe6c0 (LWP 195) exited]
[Thread 0x7fffdc3fd6c0 (LWP 181) exited]
[Thread 0x7fffdc5fe6c0 (LWP 177) exited]
[Thread 0x7fffdc7ff6c0 (LWP 176) exited]
[Thread 0x7fffbbff76c0 (LWP 173) exited]
[Thread 0x7fffbc7f86c0 (LWP 172) exited]
[Thread 0x7fffbcff96c0 (LWP 171) exited]
[Thread 0x7fffbe7fc6c0 (LWP 168) exited]
[Thread 0x7fffbf7fe6c0 (LWP 166) exited]
[Thread 0x7fffbffff6c0 (LWP 148) exited]
[Thread 0x7fffcc9fd6c0 (LWP 147) exited]
[Thread 0x7fffcd1fe6c0 (LWP 131) exited]
[Thread 0x7fffbdffb6c0 (LWP 169) exited]
[Thread 0x7fffbeffd6c0 (LWP 167) exited]
[Thread 0x7fffcd9ff6c0 (LWP 130) exited]
[Thread 0x7fffecfea6c0 (LWP 129) exited]
[Thread 0x7fffedbfb6c0 (LWP 127) exited]
[Thread 0x7fffee3fc6c0 (LWP 126) exited]
[Thread 0x7fffeebfd6c0 (LWP 125) exited]
[Thread 0x7fffef3fe6c0 (LWP 124) exited]
[Thread 0x7fffefbff6c0 (LWP 122) exited]
[Thread 0x7ffff24f8500 (LWP 111) exited]
[Thread 0x7fffbd7fa6c0 (LWP 170) exited]
[New process 111]
[Inferior 1 (process 111) exited normally]
