/tmp/skager-capture-7d6sbcax/s64-sector-rwg-SKAGER
/home/standard/Projects/X-nav-worktrees/scrum259-linux-6dafd29/evidence/local/ca-light-326daf7/iho/capture-s64.py:187: DeprecationWarning: Image.Image.getdata is deprecated and will be removed in Pillow 14 (2027-10-15). Use get_flattened_data instead.
  pixels=collections.Counter(image.crop((x,y,x+w,y+h)).getdata())
/home/standard/Projects/X-nav-worktrees/scrum259-linux-6dafd29/evidence/local/ca-light-326daf7/iho/capture-s64.py:187: DeprecationWarning: Image.Image.getdata is deprecated and will be removed in Pillow 14 (2027-10-15). Use get_flattened_data instead.
  pixels=collections.Counter(image.crop((x,y,x+w,y+h)).getdata())
/home/standard/Projects/X-nav-worktrees/scrum259-linux-6dafd29/evidence/local/ca-light-326daf7/iho/capture-s64.py:187: DeprecationWarning: Image.Image.getdata is deprecated and will be removed in Pillow 14 (2027-10-15). Use get_flattened_data instead.
  pixels=collections.Counter(image.crop((x,y,x+w,y+h)).getdata())
/home/standard/Projects/X-nav-worktrees/scrum259-linux-6dafd29/evidence/local/ca-light-326daf7/iho/capture-s64.py:187: DeprecationWarning: Image.Image.getdata is deprecated and will be removed in Pillow 14 (2027-10-15). Use get_flattened_data instead.
  pixels=collections.Counter(image.crop((x,y,x+w,y+h)).getdata())
/tmp/skager-capture-7d6sbcax/s64-sector-rwg-Standard
/home/standard/Projects/X-nav-worktrees/scrum259-linux-6dafd29/evidence/local/ca-light-326daf7/iho/capture-s64.py:187: DeprecationWarning: Image.Image.getdata is deprecated and will be removed in Pillow 14 (2027-10-15). Use get_flattened_data instead.
  pixels=collections.Counter(image.crop((x,y,x+w,y+h)).getdata())
/home/standard/Projects/X-nav-worktrees/scrum259-linux-6dafd29/evidence/local/ca-light-326daf7/iho/capture-s64.py:187: DeprecationWarning: Image.Image.getdata is deprecated and will be removed in Pillow 14 (2027-10-15). Use get_flattened_data instead.
  pixels=collections.Counter(image.crop((x,y,x+w,y+h)).getdata())
/home/standard/Projects/X-nav-worktrees/scrum259-linux-6dafd29/evidence/local/ca-light-326daf7/iho/capture-s64.py:187: DeprecationWarning: Image.Image.getdata is deprecated and will be removed in Pillow 14 (2027-10-15). Use get_flattened_data instead.
  pixels=collections.Counter(image.crop((x,y,x+w,y+h)).getdata())
/home/standard/Projects/X-nav-worktrees/scrum259-linux-6dafd29/evidence/local/ca-light-326daf7/iho/capture-s64.py:187: DeprecationWarning: Image.Image.getdata is deprecated and will be removed in Pillow 14 (2027-10-15). Use get_flattened_data instead.
  pixels=collections.Counter(image.crop((x,y,x+w,y+h)).getdata())
Verified private clean application 326daf73cdbeb0e7219ccb47b88967bc6a67ceaf and exact upstream result of nine patches
Eight exact-build source-scene and Standard captures passed: /home/standard/Projects/X-nav-worktrees/scrum259-linux-6dafd29/evidence/local/ca-light-326daf7/iho/output/capture-326daf7-s64-sector-rwg-software
