2026-10-03T21:39:21.9387800Z Image: ubuntu-24.04
2026-10-03T21:39:22.7529746Z [command]/usr/bin/git -c protocol.version=2 fetch --no-tags --prune --no-recurse-submodules --depth=1 origin +4ddf1f383e495150551946dd36103cd77cea85eb:refs/remotes/origin/opennav-x-beta2-ui
2026-10-03T21:39:34.2852088Z  * [new ref]         4ddf1f383e495150551946dd36103cd77cea85eb -> origin/opennav-x-beta2-ui
2026-10-03T21:39:35.1913772Z 4ddf1f383e495150551946dd36103cd77cea85eb
2026-10-03T21:41:37.5230377Z ##[group]Run ctest --test-dir opennav-x/build/contracts -C Release --output-on-failure
2026-10-03T21:41:43.8759702Z 63/94 Test #63: restart_lifecycle_contract .....................   Passed    1.95 sec
2026-10-03T21:41:43.9704586Z 100% tests passed, 0 tests failed out of 94
2026-10-03T21:41:43.9705246Z Total Test time (real) =   5.86 sec
2026-10-03T21:41:44.1211281Z ##[group]Run ctest --test-dir opennav-x/build/contracts -C Release -R restart_lifecycle_contract --repeat until-fail:10 --output-on-failure
2026-10-03T21:41:46.0887909Z     Test #63: restart_lifecycle_contract .......   Passed    1.95 sec
2026-10-03T21:41:48.0390602Z     Test #63: restart_lifecycle_contract .......   Passed    1.95 sec
2026-10-03T21:41:49.9885024Z     Test #63: restart_lifecycle_contract .......   Passed    1.95 sec
2026-10-03T21:41:51.9372328Z     Test #63: restart_lifecycle_contract .......   Passed    1.95 sec
2026-10-03T21:41:53.8885763Z     Test #63: restart_lifecycle_contract .......   Passed    1.95 sec
2026-10-03T21:41:55.8383432Z     Test #63: restart_lifecycle_contract .......   Passed    1.95 sec
2026-10-03T21:41:57.7885405Z     Test #63: restart_lifecycle_contract .......   Passed    1.95 sec
2026-10-03T21:41:59.7388070Z     Test #63: restart_lifecycle_contract .......   Passed    1.95 sec
2026-10-03T21:42:01.6875526Z     Test #63: restart_lifecycle_contract .......   Passed    1.95 sec
2026-10-03T21:42:03.6373207Z 1/1 Test #63: restart_lifecycle_contract .......   Passed    1.95 sec
2026-10-03T21:42:03.6378935Z 100% tests passed, 0 tests failed out of 1
2026-10-03T21:42:03.6379651Z Total Test time (real) =  19.50 sec
2026-10-03T21:42:03.6498218Z Post job cleanup.
