[Thread debugging using libthread_db enabled]
Using host libthread_db library "/usr/lib/libthread_db.so.1".
[New Thread 0x7fffefbff6c0 (LWP 154)]
[New Thread 0x7fffef3fe6c0 (LWP 155)]
[Thread 0x7fffef3fe6c0 (LWP 155) exited]
[Thread 0x7fffefbff6c0 (LWP 154) exited]
[New Thread 0x7fffefbff6c0 (LWP 156)]
[New Thread 0x7fffef3fe6c0 (LWP 157)]
[Thread 0x7fffef3fe6c0 (LWP 157) exited]
[Thread 0x7fffefbff6c0 (LWP 156) exited]
[New Thread 0x7fffefbff6c0 (LWP 158)]
[New Thread 0x7fffef3fe6c0 (LWP 159)]
[Thread 0x7fffef3fe6c0 (LWP 159) exited]
[Thread 0x7fffefbff6c0 (LWP 158) exited]
[New Thread 0x7fffefbff6c0 (LWP 160)]
[New Thread 0x7fffef3fe6c0 (LWP 161)]
[Thread 0x7fffef3fe6c0 (LWP 161) exited]
[Thread 0x7fffefbff6c0 (LWP 160) exited]
[New Thread 0x7fffefbff6c0 (LWP 162)]
[New Thread 0x7fffef3fe6c0 (LWP 163)]
[Thread 0x7fffef3fe6c0 (LWP 163) exited]
[New Thread 0x7fffef3fe6c0 (LWP 164)]
[New Thread 0x7fffeebfd6c0 (LWP 165)]
[New Thread 0x7fffee3fc6c0 (LWP 166)]
[New Thread 0x7fffedbfb6c0 (LWP 167)]
[New Thread 0x7fffecfea6c0 (LWP 170)]
[New Thread 0x7fffcd9ff6c0 (LWP 171)]
[New Thread 0x7fffcd1fe6c0 (LWP 172)]
[Detaching after vfork from child process 173]
[Detaching after vfork from child process 175]
[Detaching after vfork from child process 177]
[Detaching after vfork from child process 179]
[Detaching after vfork from child process 181]
[Detaching after vfork from child process 183]
[Detaching after vfork from child process 186]
[New Thread 0x7fffcc9fd6c0 (LWP 188)]
[Detaching after fork from child process 189]
[New Thread 0x7fffbffff6c0 (LWP 190)]
[New Thread 0x7fffbf7fe6c0 (LWP 191)]
[New Thread 0x7fffbeffd6c0 (LWP 208)]
[New Thread 0x7fffbe7fc6c0 (LWP 209)]
[New Thread 0x7fffbdffb6c0 (LWP 210)]
[New Thread 0x7fffbd7fa6c0 (LWP 211)]
[New Thread 0x7fffbcff96c0 (LWP 212)]
[New Thread 0x7fffbc7f86c0 (LWP 213)]
[New Thread 0x7fffbbff76c0 (LWP 214)]
[New Thread 0x7fffbb7f66c0 (LWP 215)]
[New Thread 0x7fffec39f6c0 (LWP 217)]
[New Thread 0x7fffdc7ff6c0 (LWP 218)]
[New Thread 0x7fffdc5fe6c0 (LWP 219)]
[Detaching after fork from child process 220]
[New Thread 0x7fffdc3fd6c0 (LWP 223)]
[Detaching after fork from child process 224]
[New Thread 0x7fffba3ff6c0 (LWP 231)]
[Thread 0x7fffba3ff6c0 (LWP 231) exited]
[Thread 0x7fffec39f6c0 (LWP 217) exited]
[New Thread 0x7fffb9bfe6c0 (LWP 237)]
[New Thread 0x7fffb93fd6c0 (LWP 238)]
[Detaching after vfork from child process 241]
[New Thread 0x7fffb6ff56c0 (LWP 245)]
[Thread 0x7fffb6ff56c0 (LWP 245) exited]
[New Thread 0x7fffb6ff56c0 (LWP 246)]
[New Thread 0x7fffb67f46c0 (LWP 247)]
[Detaching after vfork from child process 248]
[New Thread 0x7fffec39f6c0 (LWP 250)]
[New Thread 0x7fffb83ff6c0 (LWP 251)]
[New Thread 0x7fffb81fe6c0 (LWP 252)]
[Detaching after fork from child process 253]
[New Thread 0x7fffb7bff6c0 (LWP 260)]
[New Thread 0x7fffb79fe6c0 (LWP 261)]
[New Thread 0x7fffb5ff36c0 (LWP 262)]
[New Thread 0x7fffb5df26c0 (LWP 263)]
[Thread 0x7fffb5df26c0 (LWP 263) exited]
[Thread 0x7fffb5ff36c0 (LWP 262) exited]
[Thread 0x7fffb79fe6c0 (LWP 261) exited]
[Thread 0x7fffb7bff6c0 (LWP 260) exited]
[New Thread 0x7fffb5ff36c0 (LWP 265)]
[New Thread 0x7fffb79fe6c0 (LWP 266)]
[New Thread 0x7fffb7bff6c0 (LWP 267)]
[New Thread 0x7fffb5df26c0 (LWP 268)]
[Thread 0x7fffb5df26c0 (LWP 268) exited]
[Thread 0x7fffb7bff6c0 (LWP 267) exited]
[Thread 0x7fffb79fe6c0 (LWP 266) exited]
[Thread 0x7fffb5ff36c0 (LWP 265) exited]
[New Thread 0x7fffb5ff36c0 (LWP 270)]
[New Thread 0x7fffb7bff6c0 (LWP 271)]
[New Thread 0x7fffb5df26c0 (LWP 272)]
[New Thread 0x7fffb79fe6c0 (LWP 273)]
[Thread 0x7fffb7bff6c0 (LWP 271) exited]
[Thread 0x7fffb5ff36c0 (LWP 270) exited]
[Thread 0x7fffb5df26c0 (LWP 272) exited]
[Thread 0x7fffb79fe6c0 (LWP 273) exited]
[New Thread 0x7fffb79fe6c0 (LWP 274)]
[Detaching after fork from child process 275]
[New Thread 0x7fffb5df26c0 (LWP 282)]
[New Thread 0x7fffb7bff6c0 (LWP 283)]
[New Thread 0x7fffb5ff36c0 (LWP 284)]
[New Thread 0x7fffb5bf16c0 (LWP 285)]
[Thread 0x7fffb5bf16c0 (LWP 285) exited]
[Thread 0x7fffb5ff36c0 (LWP 284) exited]
[Thread 0x7fffb7bff6c0 (LWP 283) exited]
[Thread 0x7fffb5df26c0 (LWP 282) exited]
[New Thread 0x7fffb5ff36c0 (LWP 287)]
[New Thread 0x7fffb5df26c0 (LWP 288)]
[New Thread 0x7fffb5bf16c0 (LWP 289)]
[New Thread 0x7fffb7bff6c0 (LWP 290)]
[Thread 0x7fffb5df26c0 (LWP 288) exited]
[Thread 0x7fffb7bff6c0 (LWP 290) exited]
[Thread 0x7fffb5ff36c0 (LWP 287) exited]
[Thread 0x7fffb5bf16c0 (LWP 289) exited]
[New Thread 0x7fffb7bff6c0 (LWP 292)]
[New Thread 0x7fffb5bf16c0 (LWP 293)]
[New Thread 0x7fffb5df26c0 (LWP 294)]
[New Thread 0x7fffb5ff36c0 (LWP 295)]
[Thread 0x7fffb5ff36c0 (LWP 295) exited]
[Thread 0x7fffb5df26c0 (LWP 294) exited]
[Thread 0x7fffb5bf16c0 (LWP 293) exited]
[Thread 0x7fffb7bff6c0 (LWP 292) exited]
[New Thread 0x7fffb5ff36c0 (LWP 297)]
[New Thread 0x7fffb5df26c0 (LWP 298)]
[New Thread 0x7fffb5bf16c0 (LWP 299)]
[New Thread 0x7fffb7bff6c0 (LWP 300)]
[Thread 0x7fffb7bff6c0 (LWP 300) exited]
[Thread 0x7fffb5bf16c0 (LWP 299) exited]
[Thread 0x7fffb5df26c0 (LWP 298) exited]
[Thread 0x7fffb5ff36c0 (LWP 297) exited]
[New Thread 0x7fffb5bf16c0 (LWP 302)]
[New Thread 0x7fffb7bff6c0 (LWP 303)]
[New Thread 0x7fffb5df26c0 (LWP 304)]
[New Thread 0x7fffb5ff36c0 (LWP 305)]
[Thread 0x7fffb5ff36c0 (LWP 305) exited]
[Thread 0x7fffb5df26c0 (LWP 304) exited]
[Thread 0x7fffb7bff6c0 (LWP 303) exited]
[Thread 0x7fffb5bf16c0 (LWP 302) exited]
[New Thread 0x7fffb5df26c0 (LWP 307)]
[New Thread 0x7fffb7bff6c0 (LWP 308)]
[New Thread 0x7fffb5ff36c0 (LWP 309)]
[New Thread 0x7fffb5bf16c0 (LWP 310)]
[Thread 0x7fffb5bf16c0 (LWP 310) exited]
[Thread 0x7fffb5ff36c0 (LWP 309) exited]
[Thread 0x7fffb7bff6c0 (LWP 308) exited]
[Thread 0x7fffb5df26c0 (LWP 307) exited]
[New Thread 0x7fffb5df26c0 (LWP 312)]
[New Thread 0x7fffb7bff6c0 (LWP 313)]
[New Thread 0x7fffb5ff36c0 (LWP 314)]
[New Thread 0x7fffb5bf16c0 (LWP 315)]
[Thread 0x7fffb5ff36c0 (LWP 314) exited]
[Thread 0x7fffb7bff6c0 (LWP 313) exited]
[Thread 0x7fffb5df26c0 (LWP 312) exited]
[Thread 0x7fffb5bf16c0 (LWP 315) exited]
[New Thread 0x7fffb5df26c0 (LWP 317)]
[New Thread 0x7fffb5bf16c0 (LWP 318)]
[New Thread 0x7fffb7bff6c0 (LWP 319)]
[New Thread 0x7fffb5ff36c0 (LWP 320)]
[Thread 0x7fffb5ff36c0 (LWP 320) exited]
[Thread 0x7fffb7bff6c0 (LWP 319) exited]
[Thread 0x7fffb5bf16c0 (LWP 318) exited]
[Thread 0x7fffb5df26c0 (LWP 317) exited]
[New Thread 0x7fffb5bf16c0 (LWP 322)]
[New Thread 0x7fffb5df26c0 (LWP 323)]
[New Thread 0x7fffb7bff6c0 (LWP 324)]
[New Thread 0x7fffb5ff36c0 (LWP 325)]
[Thread 0x7fffb5ff36c0 (LWP 325) exited]
[Thread 0x7fffb7bff6c0 (LWP 324) exited]
[Thread 0x7fffb5df26c0 (LWP 323) exited]
[Thread 0x7fffb5bf16c0 (LWP 322) exited]
[New Thread 0x7fffb5ff36c0 (LWP 327)]
[New Thread 0x7fffb5df26c0 (LWP 328)]
[New Thread 0x7fffb7bff6c0 (LWP 329)]
[New Thread 0x7fffb5bf16c0 (LWP 330)]
[Thread 0x7fffb5bf16c0 (LWP 330) exited]
[Thread 0x7fffb7bff6c0 (LWP 329) exited]
[Thread 0x7fffb5df26c0 (LWP 328) exited]
[Thread 0x7fffb5ff36c0 (LWP 327) exited]
[New Thread 0x7fffb5df26c0 (LWP 332)]
[New Thread 0x7fffb5ff36c0 (LWP 333)]
[New Thread 0x7fffb7bff6c0 (LWP 334)]
[New Thread 0x7fffb5bf16c0 (LWP 335)]
[Thread 0x7fffb5bf16c0 (LWP 335) exited]
[Thread 0x7fffb7bff6c0 (LWP 334) exited]
[Thread 0x7fffb5ff36c0 (LWP 333) exited]
[Thread 0x7fffb5df26c0 (LWP 332) exited]
[Detaching after vfork from child process 336]
[Thread 0x7fffb83ff6c0 (LWP 251) exited]
[Thread 0x7fffec39f6c0 (LWP 250) exited]
[Detaching after vfork from child process 338]
[Detaching after vfork from child process 341]
[Thread 0x7fffb93fd6c0 (LWP 238) exited]
[Thread 0x7fffb67f46c0 (LWP 247) exited]
[Thread 0x7fffb6ff56c0 (LWP 246) exited]
[Thread 0x7fffdc3fd6c0 (LWP 223) exited]
[Thread 0x7fffdc5fe6c0 (LWP 219) exited]
[Thread 0x7fffdc7ff6c0 (LWP 218) exited]
[Thread 0x7fffb9bfe6c0 (LWP 237) exited]
[Thread 0x7fffb79fe6c0 (LWP 274) exited]
[Thread 0x7fffbb7f66c0 (LWP 215) exited]
[Thread 0x7fffbbff76c0 (LWP 214) exited]
[Thread 0x7fffbc7f86c0 (LWP 213) exited]
[Thread 0x7fffbcff96c0 (LWP 212) exited]
[Thread 0x7fffbd7fa6c0 (LWP 211) exited]
[Thread 0x7fffbdffb6c0 (LWP 210) exited]
[Thread 0x7fffbe7fc6c0 (LWP 209) exited]
[Thread 0x7fffbeffd6c0 (LWP 208) exited]
[Thread 0x7fffbf7fe6c0 (LWP 191) exited]
[Thread 0x7fffbffff6c0 (LWP 190) exited]
[Thread 0x7fffcc9fd6c0 (LWP 188) exited]
[Thread 0x7fffcd1fe6c0 (LWP 172) exited]
[Thread 0x7fffcd9ff6c0 (LWP 171) exited]
[Thread 0x7fffecfea6c0 (LWP 170) exited]
[Thread 0x7fffedbfb6c0 (LWP 167) exited]
[Thread 0x7fffee3fc6c0 (LWP 166) exited]
[Thread 0x7fffeebfd6c0 (LWP 165) exited]
[Thread 0x7fffef3fe6c0 (LWP 164) exited]
[Thread 0x7fffefbff6c0 (LWP 162) exited]
[Thread 0x7ffff24f8500 (LWP 151) exited]
[Thread 0x7fffb81fe6c0 (LWP 252) exited]
[New process 151]
[Inferior 1 (process 151) exited normally]
