[Thread debugging using libthread_db enabled]
Using host libthread_db library "/usr/lib/libthread_db.so.1".
[New Thread 0x7fffefbff6c0 (LWP 151)]
[New Thread 0x7fffef3fe6c0 (LWP 152)]
[Thread 0x7fffef3fe6c0 (LWP 152) exited]
[Thread 0x7fffefbff6c0 (LWP 151) exited]
[New Thread 0x7fffefbff6c0 (LWP 153)]
[New Thread 0x7fffef3fe6c0 (LWP 154)]
[Thread 0x7fffef3fe6c0 (LWP 154) exited]
[Thread 0x7fffefbff6c0 (LWP 153) exited]
[New Thread 0x7fffefbff6c0 (LWP 155)]
[New Thread 0x7fffef3fe6c0 (LWP 156)]
[Thread 0x7fffef3fe6c0 (LWP 156) exited]
[Thread 0x7fffefbff6c0 (LWP 155) exited]
[New Thread 0x7fffefbff6c0 (LWP 157)]
[New Thread 0x7fffef3fe6c0 (LWP 158)]
[Thread 0x7fffef3fe6c0 (LWP 158) exited]
[Thread 0x7fffefbff6c0 (LWP 157) exited]
[New Thread 0x7fffefbff6c0 (LWP 159)]
[New Thread 0x7fffef3fe6c0 (LWP 160)]
[Thread 0x7fffef3fe6c0 (LWP 160) exited]
[New Thread 0x7fffef3fe6c0 (LWP 161)]
[New Thread 0x7fffeebfd6c0 (LWP 162)]
[New Thread 0x7fffee3fc6c0 (LWP 163)]
[New Thread 0x7fffedbfb6c0 (LWP 164)]
[New Thread 0x7fffecfea6c0 (LWP 166)]
[New Thread 0x7fffcd9ff6c0 (LWP 167)]
[New Thread 0x7fffcd1fe6c0 (LWP 168)]
[Detaching after vfork from child process 169]
[Detaching after vfork from child process 171]
[Detaching after vfork from child process 173]
[Detaching after vfork from child process 176]
[Detaching after vfork from child process 178]
[Detaching after vfork from child process 180]
[Detaching after vfork from child process 182]
[New Thread 0x7fffcc9fd6c0 (LWP 184)]
[Detaching after fork from child process 185]
[New Thread 0x7fffbffff6c0 (LWP 186)]
[New Thread 0x7fffbf7fe6c0 (LWP 203)]
[New Thread 0x7fffbeffd6c0 (LWP 204)]
[New Thread 0x7fffbe7fc6c0 (LWP 205)]
[New Thread 0x7fffbdffb6c0 (LWP 206)]
[New Thread 0x7fffbd7fa6c0 (LWP 207)]
[New Thread 0x7fffbcff96c0 (LWP 208)]
[New Thread 0x7fffbc7f86c0 (LWP 209)]
[New Thread 0x7fffbbff76c0 (LWP 210)]
[New Thread 0x7fffec39f6c0 (LWP 212)]
[New Thread 0x7fffdc7ff6c0 (LWP 213)]
[New Thread 0x7fffdc5fe6c0 (LWP 214)]
[Detaching after fork from child process 215]
[New Thread 0x7fffdc3fd6c0 (LWP 218)]
[Detaching after fork from child process 219]
[New Thread 0x7fffbabff6c0 (LWP 226)]
[Thread 0x7fffbabff6c0 (LWP 226) exited]
[Thread 0x7fffec39f6c0 (LWP 212) exited]
[New Thread 0x7fffba3fe6c0 (LWP 232)]
[New Thread 0x7fffb9bfd6c0 (LWP 233)]
[Detaching after vfork from child process 234]
[New Thread 0x7fffb7d1c6c0 (LWP 240)]
[Thread 0x7fffb7d1c6c0 (LWP 240) exited]
[New Thread 0x7fffb7d1c6c0 (LWP 241)]
[New Thread 0x7fffb751b6c0 (LWP 242)]
[Detaching after vfork from child process 243]
Python Exception <class 'AssertionError'>: 

Thread 1 "opencpn" hit Breakpoint -4, 0x0000555556637350 in s52plib::RenderPresentationCaLightPoint(_ObjRazRules*) ()
