[Thread debugging using libthread_db enabled]
Using host libthread_db library "/usr/lib/libthread_db.so.1".
[New Thread 0x7fffefbff6c0 (LWP 432)]
[New Thread 0x7fffef3fe6c0 (LWP 433)]
[Thread 0x7fffef3fe6c0 (LWP 433) exited]
[Thread 0x7fffefbff6c0 (LWP 432) exited]
[New Thread 0x7fffefbff6c0 (LWP 434)]
[New Thread 0x7fffef3fe6c0 (LWP 435)]
[Thread 0x7fffef3fe6c0 (LWP 435) exited]
[Thread 0x7fffefbff6c0 (LWP 434) exited]
[New Thread 0x7fffefbff6c0 (LWP 436)]
[New Thread 0x7fffef3fe6c0 (LWP 437)]
[Thread 0x7fffef3fe6c0 (LWP 437) exited]
[Thread 0x7fffefbff6c0 (LWP 436) exited]
[New Thread 0x7fffefbff6c0 (LWP 438)]
[New Thread 0x7fffef3fe6c0 (LWP 439)]
[Thread 0x7fffef3fe6c0 (LWP 439) exited]
[Thread 0x7fffefbff6c0 (LWP 438) exited]
[New Thread 0x7fffefbff6c0 (LWP 440)]
[New Thread 0x7fffef3fe6c0 (LWP 441)]
[Thread 0x7fffef3fe6c0 (LWP 441) exited]
[New Thread 0x7fffef3fe6c0 (LWP 442)]
[New Thread 0x7fffeebfd6c0 (LWP 443)]
[New Thread 0x7fffee3fc6c0 (LWP 444)]
[New Thread 0x7fffedbfb6c0 (LWP 445)]
[New Thread 0x7fffecfea6c0 (LWP 447)]
[New Thread 0x7fffcd9ff6c0 (LWP 448)]
[New Thread 0x7fffcd1fe6c0 (LWP 449)]
[Detaching after vfork from child process 451]
[Detaching after vfork from child process 453]
[Detaching after vfork from child process 455]
[Detaching after vfork from child process 457]
[Detaching after vfork from child process 459]
[Detaching after vfork from child process 461]
[Detaching after vfork from child process 463]
[New Thread 0x7fffcc9fd6c0 (LWP 465)]
[New Thread 0x7fffec40d6c0 (LWP 466)]
[New Thread 0x7fffec20c6c0 (LWP 467)]
[New Thread 0x7fffdc7ff6c0 (LWP 468)]
[Detaching after fork from child process 470]
[New Thread 0x7fffdc5fe6c0 (LWP 473)]
[Detaching after fork from child process 474]
[New Thread 0x7fffbffff6c0 (LWP 479)]
[Thread 0x7fffec40d6c0 (LWP 466) exited]
[New Thread 0x7fffbf7fe6c0 (LWP 484)]
[New Thread 0x7fffbddff6c0 (LWP 485)]
[New Thread 0x7fffbd5fe6c0 (LWP 486)]
[New Thread 0x7fffbc5ff6c0 (LWP 487)]
[Thread 0x7fffbc5ff6c0 (LWP 487) exited]
[Detaching after vfork from child process 488]
[Thread 0x7fffbf7fe6c0 (LWP 484) exited]
[New Thread 0x7fffb95ff6c0 (LWP 494)]
[Thread 0x7fffb95ff6c0 (LWP 494) exited]
[New Thread 0x7fffb95ff6c0 (LWP 495)]
[New Thread 0x7fffb8dfe6c0 (LWP 496)]
[Detaching after vfork from child process 497]
[New Thread 0x7fffec40d6c0 (LWP 499)]
[New Thread 0x7fffbbdfe6c0 (LWP 500)]
[New Thread 0x7fffbbbfd6c0 (LWP 501)]
[Detaching after fork from child process 502]
[New Thread 0x7fffbb9fc6c0 (LWP 509)]
[New Thread 0x7fffb85fd6c0 (LWP 510)]
[New Thread 0x7fffb83fc6c0 (LWP 511)]
[New Thread 0x7fffb81fb6c0 (LWP 512)]
[Thread 0x7fffb83fc6c0 (LWP 511) exited]
[Thread 0x7fffbb9fc6c0 (LWP 509) exited]
[Thread 0x7fffb85fd6c0 (LWP 510) exited]
[Thread 0x7fffb81fb6c0 (LWP 512) exited]
[New Thread 0x7fffb85fd6c0 (LWP 514)]
[New Thread 0x7fffb83fc6c0 (LWP 515)]
[New Thread 0x7fffb81fb6c0 (LWP 516)]
[New Thread 0x7fffbb9fc6c0 (LWP 517)]
[Thread 0x7fffbb9fc6c0 (LWP 517) exited]
[Thread 0x7fffb81fb6c0 (LWP 516) exited]
[Thread 0x7fffb83fc6c0 (LWP 515) exited]
[Thread 0x7fffb85fd6c0 (LWP 514) exited]
[New Thread 0x7fffb85fd6c0 (LWP 519)]
[New Thread 0x7fffb83fc6c0 (LWP 520)]
[New Thread 0x7fffb81fb6c0 (LWP 521)]
[New Thread 0x7fffbb9fc6c0 (LWP 522)]
[Thread 0x7fffbb9fc6c0 (LWP 522) exited]
[Thread 0x7fffb81fb6c0 (LWP 521) exited]
[Thread 0x7fffb83fc6c0 (LWP 520) exited]
[Thread 0x7fffb85fd6c0 (LWP 519) exited]
[New Thread 0x7fffb81fb6c0 (LWP 523)]
[Detaching after fork from child process 524]
[New Thread 0x7fffbb9fc6c0 (LWP 531)]
[New Thread 0x7fffb83fc6c0 (LWP 532)]
[New Thread 0x7fffb85fd6c0 (LWP 533)]
[New Thread 0x7fffb7ffa6c0 (LWP 534)]
[Thread 0x7fffb7ffa6c0 (LWP 534) exited]
[Thread 0x7fffb85fd6c0 (LWP 533) exited]
[Thread 0x7fffb83fc6c0 (LWP 532) exited]
[Thread 0x7fffbb9fc6c0 (LWP 531) exited]
[New Thread 0x7fffb85fd6c0 (LWP 536)]
[New Thread 0x7fffb83fc6c0 (LWP 537)]
[New Thread 0x7fffbb9fc6c0 (LWP 538)]
[New Thread 0x7fffb7ffa6c0 (LWP 539)]
[Thread 0x7fffb7ffa6c0 (LWP 539) exited]
[Thread 0x7fffbb9fc6c0 (LWP 538) exited]
[Thread 0x7fffb83fc6c0 (LWP 537) exited]
[Thread 0x7fffb85fd6c0 (LWP 536) exited]
[New Thread 0x7fffb85fd6c0 (LWP 541)]
[New Thread 0x7fffb83fc6c0 (LWP 542)]
[New Thread 0x7fffbb9fc6c0 (LWP 543)]
[New Thread 0x7fffb7ffa6c0 (LWP 544)]
[Thread 0x7fffb7ffa6c0 (LWP 544) exited]
[Thread 0x7fffbb9fc6c0 (LWP 543) exited]
[Thread 0x7fffb83fc6c0 (LWP 542) exited]
[Thread 0x7fffb85fd6c0 (LWP 541) exited]
[New Thread 0x7fffbb9fc6c0 (LWP 546)]
[New Thread 0x7fffb83fc6c0 (LWP 547)]
[New Thread 0x7fffb85fd6c0 (LWP 548)]
[New Thread 0x7fffb7ffa6c0 (LWP 549)]
[Thread 0x7fffb85fd6c0 (LWP 548) exited]
[Thread 0x7fffbb9fc6c0 (LWP 546) exited]
[Thread 0x7fffb7ffa6c0 (LWP 549) exited]
[Thread 0x7fffb83fc6c0 (LWP 547) exited]
[New Thread 0x7fffb83fc6c0 (LWP 551)]
[New Thread 0x7fffb7ffa6c0 (LWP 552)]
[New Thread 0x7fffbb9fc6c0 (LWP 553)]
[New Thread 0x7fffb85fd6c0 (LWP 554)]
[Thread 0x7fffb85fd6c0 (LWP 554) exited]
[Thread 0x7fffbb9fc6c0 (LWP 553) exited]
[Thread 0x7fffb7ffa6c0 (LWP 552) exited]
[Thread 0x7fffb83fc6c0 (LWP 551) exited]
[New Thread 0x7fffbb9fc6c0 (LWP 556)]
[New Thread 0x7fffb85fd6c0 (LWP 557)]
[New Thread 0x7fffb83fc6c0 (LWP 558)]
[New Thread 0x7fffb7ffa6c0 (LWP 559)]
[Thread 0x7fffb7ffa6c0 (LWP 559) exited]
[Thread 0x7fffb83fc6c0 (LWP 558) exited]
[Thread 0x7fffb85fd6c0 (LWP 557) exited]
[Thread 0x7fffbb9fc6c0 (LWP 556) exited]
[New Thread 0x7fffb85fd6c0 (LWP 561)]
[New Thread 0x7fffb83fc6c0 (LWP 562)]
[New Thread 0x7fffb7ffa6c0 (LWP 563)]
[New Thread 0x7fffbb9fc6c0 (LWP 564)]
[Thread 0x7fffbb9fc6c0 (LWP 564) exited]
[Thread 0x7fffb7ffa6c0 (LWP 563) exited]
[Thread 0x7fffb83fc6c0 (LWP 562) exited]
[Thread 0x7fffb85fd6c0 (LWP 561) exited]
[New Thread 0x7fffb83fc6c0 (LWP 566)]
[New Thread 0x7fffb7ffa6c0 (LWP 567)]
[New Thread 0x7fffb85fd6c0 (LWP 568)]
[New Thread 0x7fffbb9fc6c0 (LWP 569)]
[Thread 0x7fffbb9fc6c0 (LWP 569) exited]
[Thread 0x7fffb85fd6c0 (LWP 568) exited]
[Thread 0x7fffb7ffa6c0 (LWP 567) exited]
[Thread 0x7fffb83fc6c0 (LWP 566) exited]
[New Thread 0x7fffb85fd6c0 (LWP 571)]
[New Thread 0x7fffb7ffa6c0 (LWP 572)]
[New Thread 0x7fffb83fc6c0 (LWP 573)]
[New Thread 0x7fffbb9fc6c0 (LWP 574)]
[Thread 0x7fffbb9fc6c0 (LWP 574) exited]
[Thread 0x7fffb83fc6c0 (LWP 573) exited]
[Thread 0x7fffb7ffa6c0 (LWP 572) exited]
[Thread 0x7fffb85fd6c0 (LWP 571) exited]
[New Thread 0x7fffb7ffa6c0 (LWP 576)]
[New Thread 0x7fffb83fc6c0 (LWP 577)]
[New Thread 0x7fffb85fd6c0 (LWP 578)]
[New Thread 0x7fffbb9fc6c0 (LWP 579)]
[Thread 0x7fffbb9fc6c0 (LWP 579) exited]
[Thread 0x7fffb85fd6c0 (LWP 578) exited]
[Thread 0x7fffb83fc6c0 (LWP 577) exited]
[Thread 0x7fffb7ffa6c0 (LWP 576) exited]
[New Thread 0x7fffb85fd6c0 (LWP 581)]
[New Thread 0x7fffb83fc6c0 (LWP 582)]
[New Thread 0x7fffb7ffa6c0 (LWP 583)]
[New Thread 0x7fffbb9fc6c0 (LWP 584)]
[Thread 0x7fffbb9fc6c0 (LWP 584) exited]
[Thread 0x7fffb7ffa6c0 (LWP 583) exited]
[Thread 0x7fffb83fc6c0 (LWP 582) exited]
[Thread 0x7fffb85fd6c0 (LWP 581) exited]
[Thread 0x7fffec40d6c0 (LWP 499) exited]
[Thread 0x7fffbbdfe6c0 (LWP 500) exited]
[Detaching after vfork from child process 585]
[Detaching after vfork from child process 588]
[Detaching after vfork from child process 596]
[Detaching after vfork from child process 599]
[Detaching after vfork from child process 607]
[Detaching after vfork from child process 610]
[Detaching after vfork from child process 618]
[Detaching after vfork from child process 621]
[Thread 0x7fffbd5fe6c0 (LWP 486) exited]
[Thread 0x7fffb8dfe6c0 (LWP 496) exited]
[Thread 0x7fffb95ff6c0 (LWP 495) exited]
[Thread 0x7fffb81fb6c0 (LWP 523) exited]
[Thread 0x7fffbddff6c0 (LWP 485) exited]
[Thread 0x7fffbffff6c0 (LWP 479) exited]
[Thread 0x7fffdc7ff6c0 (LWP 468) exited]
[Thread 0x7fffec20c6c0 (LWP 467) exited]
[Thread 0x7fffcc9fd6c0 (LWP 465) exited]
[Thread 0x7fffcd1fe6c0 (LWP 449) exited]
[Thread 0x7fffcd9ff6c0 (LWP 448) exited]
[Thread 0x7fffecfea6c0 (LWP 447) exited]
[Thread 0x7fffedbfb6c0 (LWP 445) exited]
[Thread 0x7fffeebfd6c0 (LWP 443) exited]
[Thread 0x7fffef3fe6c0 (LWP 442) exited]
[Thread 0x7fffefbff6c0 (LWP 440) exited]
[Thread 0x7ffff24f8500 (LWP 429) exited]
[Thread 0x7fffdc5fe6c0 (LWP 473) exited]
[Thread 0x7fffee3fc6c0 (LWP 444) exited]
[Thread 0x7fffbbbfd6c0 (LWP 501) exited]
[New process 429]
[Inferior 1 (process 429) exited normally]
