[Thread debugging using libthread_db enabled]
Using host libthread_db library "/usr/lib/libthread_db.so.1".
[New Thread 0x7fffefbff6c0 (LWP 192)]
[New Thread 0x7fffef3fe6c0 (LWP 193)]
[Thread 0x7fffef3fe6c0 (LWP 193) exited]
[Thread 0x7fffefbff6c0 (LWP 192) exited]
[New Thread 0x7fffefbff6c0 (LWP 194)]
[New Thread 0x7fffef3fe6c0 (LWP 195)]
[Thread 0x7fffef3fe6c0 (LWP 195) exited]
[Thread 0x7fffefbff6c0 (LWP 194) exited]
[New Thread 0x7fffefbff6c0 (LWP 196)]
[New Thread 0x7fffef3fe6c0 (LWP 197)]
[Thread 0x7fffef3fe6c0 (LWP 197) exited]
[Thread 0x7fffefbff6c0 (LWP 196) exited]
[New Thread 0x7fffefbff6c0 (LWP 198)]
[New Thread 0x7fffef3fe6c0 (LWP 199)]
[Thread 0x7fffef3fe6c0 (LWP 199) exited]
[Thread 0x7fffefbff6c0 (LWP 198) exited]
[New Thread 0x7fffefbff6c0 (LWP 200)]
[New Thread 0x7fffef3fe6c0 (LWP 201)]
[Thread 0x7fffef3fe6c0 (LWP 201) exited]
[New Thread 0x7fffef3fe6c0 (LWP 202)]
[New Thread 0x7fffeebfd6c0 (LWP 203)]
[New Thread 0x7fffee3fc6c0 (LWP 204)]
[New Thread 0x7fffedbfb6c0 (LWP 205)]
[New Thread 0x7fffecfea6c0 (LWP 208)]
[New Thread 0x7fffcd9ff6c0 (LWP 209)]
[New Thread 0x7fffcd1fe6c0 (LWP 210)]
[Detaching after vfork from child process 212]
[Detaching after vfork from child process 214]
[Detaching after vfork from child process 216]
[Detaching after vfork from child process 218]
[Detaching after vfork from child process 220]
[Detaching after vfork from child process 222]
[Detaching after vfork from child process 224]
[New Thread 0x7fffcc9fd6c0 (LWP 228)]
[New Thread 0x7fffec40d6c0 (LWP 229)]
[New Thread 0x7fffec20c6c0 (LWP 230)]
[New Thread 0x7fffdc7ff6c0 (LWP 231)]
[Detaching after fork from child process 232]
[New Thread 0x7fffdc5fe6c0 (LWP 235)]
[Detaching after fork from child process 236]
[New Thread 0x7fffbffff6c0 (LWP 242)]
[New Thread 0x7fffbf7fe6c0 (LWP 243)]
[Thread 0x7fffec40d6c0 (LWP 229) exited]
[New Thread 0x7fffbeffd6c0 (LWP 248)]
[New Thread 0x7fffbd5ff6c0 (LWP 249)]
[New Thread 0x7fffbcdfe6c0 (LWP 250)]
[New Thread 0x7fffbbdff6c0 (LWP 251)]
[Thread 0x7fffbbdff6c0 (LWP 251) exited]
[Detaching after vfork from child process 252]
[Thread 0x7fffbeffd6c0 (LWP 248) exited]
[New Thread 0x7fffb8dff6c0 (LWP 258)]
[Thread 0x7fffb8dff6c0 (LWP 258) exited]
[New Thread 0x7fffb8dff6c0 (LWP 259)]
[Detaching after vfork from child process 260]
[New Thread 0x7fffb85fe6c0 (LWP 262)]
[New Thread 0x7fffec40d6c0 (LWP 263)]
[New Thread 0x7fffbb5fe6c0 (LWP 264)]
[New Thread 0x7fffbb3fd6c0 (LWP 265)]
[Detaching after fork from child process 266]
[New Thread 0x7fffbb1fc6c0 (LWP 273)]
[New Thread 0x7fffb7dfd6c0 (LWP 274)]
[New Thread 0x7fffb7bfc6c0 (LWP 275)]
[New Thread 0x7fffb79fb6c0 (LWP 276)]
[Thread 0x7fffb79fb6c0 (LWP 276) exited]
[Thread 0x7fffb7bfc6c0 (LWP 275) exited]
[Thread 0x7fffb7dfd6c0 (LWP 274) exited]
[Thread 0x7fffbb1fc6c0 (LWP 273) exited]
[New Thread 0x7fffbb1fc6c0 (LWP 278)]
[New Thread 0x7fffb7dfd6c0 (LWP 279)]
[New Thread 0x7fffb7bfc6c0 (LWP 280)]
[New Thread 0x7fffb79fb6c0 (LWP 281)]
[Thread 0x7fffb7bfc6c0 (LWP 280) exited]
[Thread 0x7fffb79fb6c0 (LWP 281) exited]
[Thread 0x7fffbb1fc6c0 (LWP 278) exited]
[Thread 0x7fffb7dfd6c0 (LWP 279) exited]
[New Thread 0x7fffb79fb6c0 (LWP 283)]
[New Thread 0x7fffbb1fc6c0 (LWP 284)]
[New Thread 0x7fffb7dfd6c0 (LWP 285)]
[New Thread 0x7fffb7bfc6c0 (LWP 286)]
[Thread 0x7fffbb1fc6c0 (LWP 284) exited]
[Thread 0x7fffb7bfc6c0 (LWP 286) exited]
[Thread 0x7fffb79fb6c0 (LWP 283) exited]
[Thread 0x7fffb7dfd6c0 (LWP 285) exited]
[New Thread 0x7fffb7dfd6c0 (LWP 287)]
[Detaching after fork from child process 288]
[New Thread 0x7fffb7bfc6c0 (LWP 295)]
[New Thread 0x7fffb79fb6c0 (LWP 296)]
[New Thread 0x7fffbb1fc6c0 (LWP 297)]
[New Thread 0x7fffb77fa6c0 (LWP 298)]
[Thread 0x7fffbb1fc6c0 (LWP 297) exited]
[Thread 0x7fffb77fa6c0 (LWP 298) exited]
[Thread 0x7fffb79fb6c0 (LWP 296) exited]
[Thread 0x7fffb7bfc6c0 (LWP 295) exited]
[New Thread 0x7fffb77fa6c0 (LWP 300)]
[New Thread 0x7fffbb1fc6c0 (LWP 301)]
[New Thread 0x7fffb7bfc6c0 (LWP 302)]
[New Thread 0x7fffb79fb6c0 (LWP 303)]
[Thread 0x7fffb79fb6c0 (LWP 303) exited]
[Thread 0x7fffb7bfc6c0 (LWP 302) exited]
[Thread 0x7fffbb1fc6c0 (LWP 301) exited]
[Thread 0x7fffb77fa6c0 (LWP 300) exited]
[New Thread 0x7fffb7bfc6c0 (LWP 305)]
[New Thread 0x7fffbb1fc6c0 (LWP 306)]
[New Thread 0x7fffb77fa6c0 (LWP 307)]
[New Thread 0x7fffb79fb6c0 (LWP 308)]
[Thread 0x7fffb79fb6c0 (LWP 308) exited]
[Thread 0x7fffb77fa6c0 (LWP 307) exited]
[Thread 0x7fffbb1fc6c0 (LWP 306) exited]
[Thread 0x7fffb7bfc6c0 (LWP 305) exited]
[New Thread 0x7fffb77fa6c0 (LWP 310)]
[New Thread 0x7fffb79fb6c0 (LWP 311)]
[New Thread 0x7fffbb1fc6c0 (LWP 312)]
[New Thread 0x7fffb7bfc6c0 (LWP 313)]
[Thread 0x7fffb7bfc6c0 (LWP 313) exited]
[Thread 0x7fffbb1fc6c0 (LWP 312) exited]
[Thread 0x7fffb79fb6c0 (LWP 311) exited]
[Thread 0x7fffb77fa6c0 (LWP 310) exited]
[New Thread 0x7fffbb1fc6c0 (LWP 315)]
[New Thread 0x7fffb79fb6c0 (LWP 316)]
[New Thread 0x7fffb7bfc6c0 (LWP 317)]
[New Thread 0x7fffb77fa6c0 (LWP 318)]
[Thread 0x7fffb77fa6c0 (LWP 318) exited]
[Thread 0x7fffb7bfc6c0 (LWP 317) exited]
[Thread 0x7fffb79fb6c0 (LWP 316) exited]
[Thread 0x7fffbb1fc6c0 (LWP 315) exited]
[New Thread 0x7fffb7bfc6c0 (LWP 320)]
[New Thread 0x7fffb79fb6c0 (LWP 321)]
[New Thread 0x7fffbb1fc6c0 (LWP 322)]
[New Thread 0x7fffb77fa6c0 (LWP 323)]
[Thread 0x7fffb77fa6c0 (LWP 323) exited]
[Thread 0x7fffbb1fc6c0 (LWP 322) exited]
[Thread 0x7fffb79fb6c0 (LWP 321) exited]
[Thread 0x7fffb7bfc6c0 (LWP 320) exited]
[New Thread 0x7fffb79fb6c0 (LWP 325)]
[New Thread 0x7fffbb1fc6c0 (LWP 326)]
[New Thread 0x7fffb7bfc6c0 (LWP 327)]
[New Thread 0x7fffb77fa6c0 (LWP 328)]
[Thread 0x7fffb7bfc6c0 (LWP 327) exited]
[Thread 0x7fffbb1fc6c0 (LWP 326) exited]
[Thread 0x7fffb79fb6c0 (LWP 325) exited]
[Thread 0x7fffb77fa6c0 (LWP 328) exited]
[New Thread 0x7fffb77fa6c0 (LWP 330)]
[New Thread 0x7fffb7bfc6c0 (LWP 331)]
[New Thread 0x7fffbb1fc6c0 (LWP 332)]
[New Thread 0x7fffb79fb6c0 (LWP 333)]
[Thread 0x7fffb79fb6c0 (LWP 333) exited]
[Thread 0x7fffbb1fc6c0 (LWP 332) exited]
[Thread 0x7fffb7bfc6c0 (LWP 331) exited]
[Thread 0x7fffb77fa6c0 (LWP 330) exited]
[New Thread 0x7fffbb1fc6c0 (LWP 335)]
[New Thread 0x7fffb77fa6c0 (LWP 336)]
[New Thread 0x7fffb79fb6c0 (LWP 337)]
[New Thread 0x7fffb7bfc6c0 (LWP 338)]
[Thread 0x7fffb7bfc6c0 (LWP 338) exited]
[Thread 0x7fffb79fb6c0 (LWP 337) exited]
[Thread 0x7fffbb1fc6c0 (LWP 335) exited]
[Thread 0x7fffb77fa6c0 (LWP 336) exited]
[New Thread 0x7fffb77fa6c0 (LWP 340)]
[New Thread 0x7fffb79fb6c0 (LWP 341)]
[New Thread 0x7fffbb1fc6c0 (LWP 342)]
[New Thread 0x7fffb7bfc6c0 (LWP 343)]
[Thread 0x7fffb7bfc6c0 (LWP 343) exited]
[Thread 0x7fffbb1fc6c0 (LWP 342) exited]
[Thread 0x7fffb79fb6c0 (LWP 341) exited]
[Thread 0x7fffb77fa6c0 (LWP 340) exited]
[New Thread 0x7fffbb1fc6c0 (LWP 345)]
[New Thread 0x7fffb79fb6c0 (LWP 346)]
[New Thread 0x7fffb77fa6c0 (LWP 347)]
[New Thread 0x7fffb7bfc6c0 (LWP 348)]
[Thread 0x7fffb7bfc6c0 (LWP 348) exited]
[Thread 0x7fffb77fa6c0 (LWP 347) exited]
[Thread 0x7fffb79fb6c0 (LWP 346) exited]
[Thread 0x7fffbb1fc6c0 (LWP 345) exited]
[Detaching after vfork from child process 349]
[Thread 0x7fffbb5fe6c0 (LWP 264) exited]
[Thread 0x7fffec40d6c0 (LWP 263) exited]
[Detaching after vfork from child process 352]
[Detaching after vfork from child process 360]
[Detaching after vfork from child process 363]
[Detaching after vfork from child process 371]
[Detaching after vfork from child process 374]
[Detaching after vfork from child process 382]
[Detaching after vfork from child process 385]
[Thread 0x7fffbcdfe6c0 (LWP 250) exited]
[Thread 0x7fffb85fe6c0 (LWP 262) exited]
[Thread 0x7fffb8dff6c0 (LWP 259) exited]
[Thread 0x7fffbd5ff6c0 (LWP 249) exited]
[Thread 0x7fffec20c6c0 (LWP 230) exited]
[Thread 0x7fffcc9fd6c0 (LWP 228) exited]
[Thread 0x7fffdc7ff6c0 (LWP 231) exited]
[Thread 0x7fffdc5fe6c0 (LWP 235) exited]
[Thread 0x7fffbb3fd6c0 (LWP 265) exited]
[Thread 0x7fffb7dfd6c0 (LWP 287) exited]
[Thread 0x7fffcd1fe6c0 (LWP 210) exited]
[Thread 0x7fffcd9ff6c0 (LWP 209) exited]
[Thread 0x7fffecfea6c0 (LWP 208) exited]
[Thread 0x7fffedbfb6c0 (LWP 205) exited]
[Thread 0x7fffeebfd6c0 (LWP 203) exited]
[Thread 0x7fffbf7fe6c0 (LWP 243) exited]
[Thread 0x7fffbffff6c0 (LWP 242) exited]
[Thread 0x7fffee3fc6c0 (LWP 204) exited]
[Thread 0x7fffefbff6c0 (LWP 200) exited]
[Thread 0x7ffff24f8500 (LWP 189) exited]
[Thread 0x7fffef3fe6c0 (LWP 202) exited]
[New process 189]
[Inferior 1 (process 189) exited normally]
