04:05:25.610 MESSAGE ocpn_app.cpp:1273 

________

04:05:25.610    INFO logger.cpp:131 ------- OpenCPN version 5.12.4 restarted at 2026-10-03 -------

04:05:25.610    INFO logger.cpp:131 Using loglevel INFO
04:05:25.610 MESSAGE ocpn_app.cpp:1296 wxWidgets version: wxWidgets 3.2.11 Linux 64 bit wxGTK
04:05:25.621 MESSAGE ocpn_app.cpp:1301 OS Version reports as:  7.2
04:05:25.621 MESSAGE ocpn_app.cpp:1303 MemoryStatus:  mem_total: 7807 mb,  mem_initial: 831 mb
04:05:25.621 MESSAGE ocpn_app.cpp:1315 OCPN_OSDetail:  x86_64 ; Omarchy ; 4.0.4 ; omarchy ; arch
04:05:25.621 MESSAGE ocpn_app.cpp:1319 SData_Locn is /home/standard/Projects/X-nav-worktrees/waypoint-touch-regression/build/xnav-install/share/opencpn/
04:05:25.621 MESSAGE ocpn_app.cpp:1337 PrivateDataDir is /tmp/sr252-oin_8m04/profile
04:05:25.624 MESSAGE ocpn_app.cpp:1403 Using existing Config_File: /tmp/sr252-oin_8m04/profile/opencpn.conf
04:05:25.624 MESSAGE navutil.cpp:1130 winPluginDir, read from ini file: 
04:05:25.624 MESSAGE navutil.cpp:1177 Setting Viewpoint Lat/Lon 56.9, 12.8
04:05:25.624 MESSAGE navutil.cpp:3051 Switch InlandEcdis mode Off
04:05:25.624 MESSAGE ConfigMgr.cpp:526 Creating new Configs catalog: /tmp/sr252-oin_8m04/profile/Configs/configs.xml
04:05:25.624 MESSAGE ConfigMgr.cpp:547 Loading Configs catalog: /tmp/sr252-oin_8m04/profile/Configs/configs.xml
04:05:25.679 MESSAGE OpenCPNIntegration.cpp:374 SKAGER startup: xnav
04:05:25.680 MESSAGE styles.cpp:841 Styles loading from /home/standard/Projects/X-nav-worktrees/waypoint-touch-regression/build/xnav-install/share/opencpn/uidata/styles.xml
04:05:25.682 MESSAGE styles.cpp:818 No styles found at: /home/standard/
04:05:25.682 MESSAGE styles.cpp:818 No styles found at: /home/standard/.opencpn/
04:05:25.698 MESSAGE styles.cpp:775 Using SVG Icons
04:05:25.698 MESSAGE ocpn_app.cpp:1467 Detected display size (horizontal): 338 mm
04:05:25.698 MESSAGE OCPNPlatform.cpp:1034 Getting DefaultSystemLocale...
04:05:25.701 MESSAGE ocpn_app.cpp:1507 System default Language:  en_US
04:05:25.701 MESSAGE ocpn_app.cpp:1510 Config file language:  
04:05:25.701 MESSAGE ocpn_app.cpp:1516 Config file language empty, using system default:  en_US
04:05:25.701 MESSAGE ocpn_app.cpp:1522 Adjusted App language:  en_US
04:05:25.701 MESSAGE OCPNPlatform.cpp:1115 ChangeLocale: Language load for:  en_US
04:05:25.712 MESSAGE OCPNPlatform.cpp:1168 ChangeLocale: Locale Init OK for:  en_US
04:05:25.712 MESSAGE OCPNPlatform.cpp:1192 Loading catalog for opencpn core.
04:05:25.719 MESSAGE OCPNPlatform.cpp:1034 Getting DefaultSystemLocale...
04:05:25.720 MESSAGE ocpn_app.cpp:1529 Opencpn language set to:  en_US
04:05:25.720 MESSAGE ocpn_app.cpp:1767 Creating MyFrame...size(896, 560)  position(0, 0)
04:05:25.741 WARNING navmsg_filter.cpp:202 Bad system filter path: /tmp/sr252-oin_8m04/profile/filters
04:05:25.747 MESSAGE ocpn_frame.cpp:832  **** Connect stuff
04:05:25.747 MESSAGE OCPNPlatform.cpp:923 Starting OpenGL test...
04:05:25.747 MESSAGE OCPNPlatform.cpp:733 Starting OpenGL test utility: "/home/standard/Projects/X-nav-worktrees/skager-product-fidelity/.local/integrated-fidelity/install/bin/opencpn-glutil" opengl-info "/tmp/sr252-oin_8m04/profile/gl_caps.json"
04:05:26.055 MESSAGE OCPNPlatform.cpp:930 OpenGL test complete.
04:05:26.055 MESSAGE OCPNPlatform.cpp:952 OpenGL determined CAPABLE.
04:05:26.061 MESSAGE chcanv.cpp:1030 Creating glChartCanvas
04:05:26.163 MESSAGE chcanv.cpp:2444 Metrics:  m_display_size_mm: 338     g_Platform->getDisplaySize():  1280:800   
04:05:26.163 MESSAGE chcanv.cpp:2450 monitor size: 1280 800
04:05:26.163 MESSAGE TCDataSource.cpp:50 Loading Tide/Current data source: /home/standard/Projects/X-nav-worktrees/waypoint-touch-regression/build/xnav-install/share/opencpn/tcdata/harmonics-dwf-20210110-free.tcd
04:05:26.241 MESSAGE TCDataSource.cpp:50 Loading Tide/Current data source: /home/standard/Projects/X-nav-worktrees/waypoint-touch-regression/build/xnav-install/share/opencpn/tcdata/HARMONICS_NO_US.IDX
04:05:26.284 MESSAGE glChartCanvas.cpp:1089 OpenGL-> Renderer String: llvmpipe (LLVM 22.1.8, 256 bits)
04:05:26.284 MESSAGE glChartCanvas.cpp:1098 OpenGL-> Version reported:  4.6 (Compatibility Profile) Mesa 26.2.2-arch1.1
04:05:26.284 MESSAGE glChartCanvas.cpp:1106 OpenGL-> GLSL Version reported:  4.60
04:05:26.288 MESSAGE glChartCanvas.cpp:1120 GLEW init success!n
04:05:26.289 MESSAGE glChartCanvas.cpp:1187 OpenGL-> Texture rectangle format: de1
04:05:26.289 MESSAGE glChartCanvas.cpp:1202 OpenGL-> Using Vertexbuffer Objects
04:05:26.292 MESSAGE glChartCanvas.cpp:1060 OpenGL-> Framebuffer OK, size = 894
04:05:26.292 MESSAGE glChartCanvas.cpp:1270 OpenGL-> Using Framebuffer Objects
04:05:26.292 MESSAGE glChartCanvas.cpp:1273 OpenGL-> Using FBO Stencil buffer
04:05:26.292 MESSAGE glChartCanvas.cpp:1280 OpenGL-> Using Stencil buffer clipping
04:05:26.292 MESSAGE glChartCanvas.cpp:1285 OpenGL-> Using Scissor Clipping
04:05:26.292 MESSAGE glChartCanvas.cpp:1426 OpenGL-> Not Using compression
04:05:26.292 MESSAGE glChartCanvas.cpp:1296 OpenGL-> Minimum cartographic line width:  1.0
04:05:26.292 MESSAGE glChartCanvas.cpp:1299 OpenGL-> Minimum symbol line width:  1.0
04:05:26.653 MESSAGE glChartCanvas.cpp:606 BuildFBO 3
04:05:26.657 MESSAGE glChartCanvas.cpp:1060 OpenGL-> Framebuffer OK, size = 894
04:05:26.684 MESSAGE chartdb.cpp:219 ChartDB Cache policy:  Max open chart limit is 20.
04:05:26.684 MESSAGE ocpn_app.cpp:1926 GPS Watchdog Timeout is: 10 sec.
04:05:26.685 MESSAGE ocpn_app.cpp:2020 OpenCPN Initialized in 1321 ms.
04:05:27.188 MESSAGE glChartCanvas.cpp:606 BuildFBO 3
04:05:27.190 MESSAGE glChartCanvas.cpp:1060 OpenGL-> Framebuffer OK, size = 894
04:05:27.231 MESSAGE glChartCanvas.cpp:606 BuildFBO 3
04:05:27.233 MESSAGE glChartCanvas.cpp:1060 OpenGL-> Framebuffer OK, size = 894
04:05:27.290 MESSAGE glChartCanvas.cpp:606 BuildFBO 3
04:05:27.290 MESSAGE glChartCanvas.cpp:1060 OpenGL-> Framebuffer OK, size = 670
04:05:27.302 MESSAGE ocpn_frame.cpp:4755 OnInitTimer...0
04:05:27.743 MESSAGE waypointman_gui.cpp:83 DPMM: 3.78698   ScaleFactorExp: 1
04:05:27.743 MESSAGE waypointman_gui.cpp:90 Looking for UserIcons at /tmp/sr252-oin_8m04/profile/UserIcons/
04:05:27.776 MESSAGE glChartCanvas.cpp:606 BuildFBO 3
04:05:27.777 MESSAGE glChartCanvas.cpp:1060 OpenGL-> Framebuffer OK, size = 670
04:05:27.777 MESSAGE glChartCanvas.cpp:606 BuildFBO 3
04:05:27.777 MESSAGE glChartCanvas.cpp:1060 OpenGL-> Framebuffer OK, size = 670
04:05:27.846 MESSAGE glChartCanvas.cpp:606 BuildFBO 3
04:05:27.847 MESSAGE glChartCanvas.cpp:1060 OpenGL-> Framebuffer OK, size = 670
04:05:27.880 MESSAGE ocpn_frame.cpp:4755 OnInitTimer...1
04:05:27.881 MESSAGE comm_drv_factory.cpp:54 MakeCommDriver: TCP:127.0.0.1:40623
04:05:27.881 MESSAGE comm_drv_n0183_net.cpp:259 Opening TCP connection to 127.0.0.1:40623
04:05:27.981 MESSAGE ocpn_frame.cpp:4755 OnInitTimer...2
04:05:27.981 MESSAGE plugin_loader.cpp:471 PluginLoader: loading plugins from /home/standard/.local/lib/opencpn
04:05:27.981 MESSAGE plugin_loader.cpp:292 Using LD_LIBRARY_PATH: /home/standard/.local/lib/opencpn:/home/standard/Projects/X-nav/.local/sysroot/usr/lib
04:05:27.981 MESSAGE plugin_loader.cpp:324 Using PATH: /home/standard/.local/bin:/home/standard/Projects/X-nav/.local/sysroot/usr/bin:/usr/local/bin:/usr/bin:/bin
04:05:27.981 MESSAGE plugin_loader.cpp:476 Loading plugins from dir: /home/standard/.local/lib/opencpn
04:05:27.981 MESSAGE plugin_loader.cpp:721 PluginLoader searching for PlugIns in location /home/standard/.local/lib/opencpn
04:05:27.981 MESSAGE plugin_loader.cpp:735    Directory /home/standard/.local/lib/opencpn does not exist.
04:05:27.998 MESSAGE glChartCanvas.cpp:606 BuildFBO 3
04:05:27.999 MESSAGE glChartCanvas.cpp:1060 OpenGL-> Framebuffer OK, size = 670
04:05:28.042 MESSAGE OCPNPlatform.cpp:1115 ChangeLocale: Language load for:  en_US
04:05:28.050 MESSAGE OCPNPlatform.cpp:1168 ChangeLocale: Locale Init OK for:  en_US
04:05:28.050 MESSAGE OCPNPlatform.cpp:1192 Loading catalog for opencpn core.
04:05:28.055 MESSAGE OCPNPlatform.cpp:1034 Getting DefaultSystemLocale...
04:05:28.055 MESSAGE comm_drv_n0183_net.cpp:448 TCP NetworkDataStream connection established: TCP:127.0.0.1:40623
04:05:28.128 MESSAGE ocpn_frame.cpp:4755 OnInitTimer...3
04:05:28.229 MESSAGE ocpn_frame.cpp:4755 OnInitTimer...4
04:05:28.342 MESSAGE OCPNPlatform.cpp:923 Starting OpenGL test...
04:05:28.342 MESSAGE OCPNPlatform.cpp:952 OpenGL determined CAPABLE.
04:05:28.343 MESSAGE OCPNPlatform.cpp:923 Starting OpenGL test...
04:05:28.343 MESSAGE OCPNPlatform.cpp:952 OpenGL determined CAPABLE.
04:05:28.761 MESSAGE options.cpp:5299 options: got device count: 3
04:05:28.877 MESSAGE ocpn_frame.cpp:4755 OnInitTimer...5
04:05:28.977 MESSAGE ocpn_frame.cpp:4755 OnInitTimer...6
04:05:29.077 MESSAGE ocpn_frame.cpp:4755 OnInitTimer...7
04:05:29.077 MESSAGE ocpn_frame.cpp:5039 OnInitTimer...Last Call
04:05:29.077 MESSAGE ocpn_frame.cpp:5068 OnInitTimer...Finalize Canvases
04:05:29.078 MESSAGE glChartCanvas.cpp:606 BuildFBO 3
04:05:29.081 MESSAGE glChartCanvas.cpp:1060 OpenGL-> Framebuffer OK, size = 670
04:05:29.118 MESSAGE glChartCanvas.cpp:606 BuildFBO 3
04:05:29.119 MESSAGE glChartCanvas.cpp:1060 OpenGL-> Framebuffer OK, size = 670
04:05:29.225 MESSAGE glChartCanvas.cpp:606 BuildFBO 3
04:05:29.226 MESSAGE glChartCanvas.cpp:1060 OpenGL-> Framebuffer OK, size = 670
04:05:29.226 MESSAGE glChartCanvas.cpp:606 BuildFBO 3
04:05:29.230 MESSAGE glChartCanvas.cpp:1060 OpenGL-> Framebuffer OK, size = 1054
04:05:29.230 MESSAGE glChartCanvas.cpp:606 BuildFBO 3
04:05:29.234 MESSAGE glChartCanvas.cpp:1060 OpenGL-> Framebuffer OK, size = 1054
04:05:29.280 MESSAGE glChartCanvas.cpp:606 BuildFBO 3
04:05:29.282 MESSAGE glChartCanvas.cpp:1060 OpenGL-> Framebuffer OK, size = 1054
04:05:29.343 MESSAGE glChartCanvas.cpp:606 BuildFBO 3
04:05:29.345 MESSAGE glChartCanvas.cpp:1060 OpenGL-> Framebuffer OK, size = 1054
04:05:29.427 MESSAGE glChartCanvas.cpp:606 BuildFBO 3
04:05:29.427 MESSAGE glChartCanvas.cpp:1060 OpenGL-> Framebuffer OK, size = 1014
04:05:35.002 MESSAGE comm_drv_n0183_net.cpp:410 NetworkDataStream connection lost: TCP:127.0.0.1:40623
04:05:35.003 MESSAGE ocpn_frame.cpp:5690 Got quitflag from SIGNAL
04:05:35.058 MESSAGE OpenCPNIntegration.cpp:1024 SKAGER close preparation: preserving shared configuration
04:05:35.058 MESSAGE RecoveryStore.cpp:83 SKAGER clean close; startup recovery cleared
04:05:35.058 MESSAGE glChartCanvas.cpp:606 BuildFBO 3
04:05:35.060 MESSAGE glChartCanvas.cpp:1060 OpenGL-> Framebuffer OK, size = 1014
04:05:35.105 MESSAGE glChartCanvas.cpp:606 BuildFBO 3
04:05:35.105 MESSAGE glChartCanvas.cpp:1060 OpenGL-> Framebuffer OK, size = 1014
04:05:35.110 MESSAGE glChartCanvas.cpp:1060 OpenGL-> Framebuffer OK, size = 1278
04:05:35.135 MESSAGE ocpn_frame.cpp:1831 opencpn::MyFrame exiting cleanly.
04:05:35.143 MESSAGE chartdb.cpp:287 Chart cache PlugIn purge
04:05:35.144 MESSAGE comm_drv_n0183_net.cpp:555 Closing NMEA NetworkDataStream 40623
04:05:35.144 MESSAGE ocpn_frame.cpp:2000 gFrame destroyed.
04:05:35.144 MESSAGE ocpn_app.cpp:2121 opencpn::MyApp starting exit.
04:05:35.144 MESSAGE ocpn_app.cpp:2161 LOGBOOK:  2026-10-03 02:05:35 UTC OFF: Lat   56.70000 Lon   12.60000 COG  147.00000 SOG   6.30 kts
04:05:35.144 MESSAGE TCDataSource.cpp:41 UnLoading Tide/Current data source: /home/standard/Projects/X-nav-worktrees/waypoint-touch-regression/build/xnav-install/share/opencpn/tcdata/harmonics-dwf-20210110-free.tcd
04:05:35.151 MESSAGE TCDataSource.cpp:41 UnLoading Tide/Current data source: /home/standard/Projects/X-nav-worktrees/waypoint-touch-regression/build/xnav-install/share/opencpn/tcdata/HARMONICS_NO_US.IDX
04:05:35.152 MESSAGE ocpn_app.cpp:2189 opencpn::MyApp exiting cleanly...

