15 contrast/shared-private-resource-copy checks passed
{
  "LANDA": {
    "stock": 2.5740516647210754,
    "neutral": 5.352772558444266
  },
  "DEPDW": {
    "stock": 2.3168304495556207,
    "neutral": 4.817877831637556
  },
  "DEPMD": {
    "stock": 2.107823992164485,
    "neutral": 4.383246295295745
  },
  "DEPMS": {
    "stock": 1.7496857528001268,
    "neutral": 3.6384933573212805
  },
  "DEPVS": {
    "stock": 1.2309170536902696,
    "neutral": 2.559707373794421
  },
  "DEPIT": {
    "stock": 1.706267120691523,
    "neutral": 3.5482037700292146
  }
}
