77: 2026-10-04T13:51:39.2135671Z [command]"C:\Program Files\Git\bin\git.exe" -c protocol.version=2 fetch --no-tags --prune --no-recurse-submodules --depth=1 origin +0da2c64379d5a9cc4b9b2bd068de6e0b69816577:refs/remotes/origin/opennav-x-beta2-ui
79: 2026-10-04T13:51:42.2050562Z  * [new ref]         0da2c64379d5a9cc4b9b2bd068de6e0b69816577 -> origin/opennav-x-beta2-ui
160: 2026-10-04T13:51:44.7565262Z 0da2c64379d5a9cc4b9b2bd068de6e0b69816577
174: 2026-10-04T13:51:56.5500977Z Ran 11 tests in 9.071s
176: 2026-10-04T13:51:56.5501218Z OK
179: 2026-10-04T13:51:56.7966765Z Ran 9 tests in 0.094s
181: 2026-10-04T13:51:56.7967070Z OK
184: 2026-10-04T13:51:57.7066433Z Ran 17 tests in 0.771s
186: 2026-10-04T13:51:57.7066688Z OK
214: 2026-10-04T13:52:39.5132588Z Ran 15 tests in 41.522s
216: 2026-10-04T13:52:39.5132844Z OK
233: 2026-10-04T13:52:43.8623859Z Ran 14 tests in 4.210s
235: 2026-10-04T13:52:43.8624129Z OK
251: 2026-10-04T13:52:46.7670138Z Ran 13 tests in 2.771s
253: 2026-10-04T13:52:46.7670729Z OK
256: 2026-10-04T13:52:47.3641227Z Ran 4 tests in 0.465s
258: 2026-10-04T13:52:47.3641556Z OK
283: 2026-10-04T13:53:56.3697711Z Ran 7 tests in 0.569s
285: 2026-10-04T13:53:56.3698036Z OK
297: 2026-10-04T13:53:58.3913019Z Ran 12 tests in 0.096s
299: 2026-10-04T13:53:58.3913300Z OK
304: 2026-10-04T13:53:59.3809743Z 48 actual installer output-policy checks passed; no installer operation invoked
388: 2026-10-04T13:54:20.1581570Z 44 native filesystem checks passed in PowerShell 5.1.20348.5622, 64-bit host.
634: 2026-10-04T13:54:44.4883596Z 238 native shortcut migration checks passed in PowerShell 5.1.20348.5622, 64-bit host.
686: 2026-10-04T13:54:50.6001200Z 44 native filesystem checks passed in PowerShell 5.1.20348.5622, 32-bit host.
932: 2026-10-04T13:55:19.6139495Z 238 native shortcut migration checks passed in PowerShell 5.1.20348.5622, 32-bit host.
933: 2026-10-04T13:55:20.3017023Z 48 actual installer output-policy checks passed; no installer operation invoked
934: 2026-10-04T13:55:20.9333365Z 48 actual installer output-policy checks passed; no installer operation invoked
1222: 2026-10-04T13:57:46.4166395Z  1/91 Test  #1: geographic_chart_name_boundary .................   Passed    0.09 sec
1224: 2026-10-04T13:57:46.4281981Z  2/91 Test  #2: display_prototype_geometry .....................   Passed    0.01 sec
1226: 2026-10-04T13:57:46.8091172Z  3/91 Test  #3: fixture_marker_publication .....................   Passed    0.38 sec
1228: 2026-10-04T13:57:46.8280561Z  4/91 Test  #4: passage_view_provenance ........................   Passed    0.02 sec
1230: 2026-10-04T13:57:46.8381625Z  5/91 Test  #5: instrument_view_provenance .....................   Passed    0.01 sec
1232: 2026-10-04T13:57:46.8488630Z  6/91 Test  #6: footer_view_provenance .........................   Passed    0.01 sec
1234: 2026-10-04T13:57:46.8598422Z  7/91 Test  #7: horizon_view_provenance ........................   Passed    0.01 sec
1236: 2026-10-04T13:57:46.8699573Z  8/91 Test  #8: source_health_view_provenance ..................   Passed    0.01 sec
1238: 2026-10-04T13:57:46.8802549Z  9/91 Test  #9: build_policy_product ...........................   Passed    0.01 sec
1240: 2026-10-04T13:57:46.8903817Z 10/91 Test #10: build_policy_fixtures ..........................   Passed    0.01 sec
1242: 2026-10-04T13:57:46.9000737Z 11/91 Test #11: pilot_output_product_policy ....................   Passed    0.01 sec
1244: 2026-10-04T13:57:46.9098791Z 12/91 Test #12: pilot_output_loopback_policy ...................   Passed    0.01 sec
1246: 2026-10-04T13:57:46.9196309Z 13/91 Test #13: ais_selection_lifetime .........................   Passed    0.01 sec
1248: 2026-10-04T13:57:46.9306097Z 14/91 Test #14: ais_report_health ..............................   Passed    0.01 sec
1250: 2026-10-04T13:57:47.0057090Z 15/91 Test #15: online_ais_cache_and_precedence ................   Passed    0.07 sec
1252: 2026-10-04T13:57:47.0162641Z 16/91 Test #16: chart_canvas_night_ink .........................   Passed    0.01 sec
1254: 2026-10-04T13:57:47.0287713Z 17/91 Test #17: online_ais_chart_presentation ..................   Passed    0.01 sec
1256: 2026-10-04T13:57:47.0427718Z 18/91 Test #18: aisstream_untrusted_json_and_subscription ......   Passed    0.01 sec
1258: 2026-10-04T13:57:47.0529241Z 19/91 Test #19: aisstream_session_lifecycle ....................   Passed    0.01 sec
1260: 2026-10-04T13:57:47.1024581Z 20/91 Test #20: ais_credentials_protected_storage ..............   Passed    0.05 sec
1262: 2026-10-04T13:57:47.1129216Z 21/91 Test #21: operational_alert_sensors ......................   Passed    0.01 sec
1264: 2026-10-04T13:57:47.1192940Z 22/91 Test #22: operational_alert_alarms .......................   Passed    0.01 sec
1266: 2026-10-04T13:57:47.1651432Z 23/91 Test #23: operational_alert_lifecycle ....................   Passed    0.05 sec
1268: 2026-10-04T13:57:47.1761640Z 24/91 Test #24: field_report_privacy ...........................   Passed    0.01 sec
1270: 2026-10-04T13:57:47.1914919Z 25/91 Test #25: field_report_limits ............................   Passed    0.01 sec
1272: 2026-10-04T13:57:47.1989133Z 26/91 Test #26: field_report_recording .........................   Passed    0.01 sec
1274: 2026-10-04T13:57:47.2083486Z 27/91 Test #27: windows_sdk_macro_contract .....................   Passed    0.01 sec
1276: 2026-10-04T13:57:47.2181143Z 28/91 Test #28: boat_n2k_binding ...............................   Passed    0.01 sec
1278: 2026-10-04T13:57:47.2242927Z 29/91 Test #29: boat_n2k_mapping ...............................   Passed    0.01 sec
1280: 2026-10-04T13:57:47.2304405Z 30/91 Test #30: boat_n2k_expiry ................................   Passed    0.01 sec
1282: 2026-10-04T13:57:47.2404322Z 31/91 Test #31: boat_actual_producer_expiry ....................   Passed    0.01 sec
1284: 2026-10-04T13:57:47.2506282Z 32/91 Test #32: n2k_source_identity ............................   Passed    0.01 sec
1286: 2026-10-04T13:57:47.2604409Z 33/91 Test #33: st4000_identity ................................   Passed    0.01 sec
1288: 2026-10-04T13:57:47.2667543Z 34/91 Test #34: st4000_feedback ................................   Passed    0.01 sec
1290: 2026-10-04T13:57:47.2728173Z 35/91 Test #35: st4000_encoding ................................   Passed    0.01 sec
1292: 2026-10-04T13:57:47.2790776Z 36/91 Test #36: st4000_commands ................................   Passed    0.01 sec
1294: 2026-10-04T13:57:47.2857459Z 37/91 Test #37: st4000_discovery ...............................   Passed    0.01 sec
1296: 2026-10-04T13:57:47.2955871Z 38/91 Test #38: st4000_actual_firmware_parser ..................   Passed    0.01 sec
1298: 2026-10-04T13:57:47.3109321Z 39/91 Test #39: recording_roundtrip_age ........................   Passed    0.01 sec
1300: 2026-10-04T13:57:47.3223778Z 40/91 Test #40: recording_privacy ..............................   Passed    0.01 sec
1302: 2026-10-04T13:57:47.3408700Z 41/91 Test #41: recording_malformed_input ......................   Passed    0.02 sec
1304: 2026-10-04T13:57:47.3492591Z 42/91 Test #42: recording_replay_clock .........................   Passed    0.01 sec
1306: 2026-10-04T13:57:47.3601007Z 43/91 Test #43: recording_calibration_pairs ....................   Passed    0.01 sec
1308: 2026-10-04T13:57:47.5187690Z 44/91 Test #44: recording_storage_rotation .....................   Passed    0.16 sec
1310: 2026-10-04T13:57:47.5332511Z 45/91 Test #45: recording_control_isolation ....................   Passed    0.01 sec
1312: 2026-10-04T13:57:47.5685860Z 46/91 Test #46: installed_resource_defaults ....................   Passed    0.03 sec
1314: 2026-10-04T13:57:47.9009954Z 47/91 Test #47: hardware_output_package_policy .................   Passed    0.33 sec
1316: 2026-10-04T13:57:48.0286878Z 48/91 Test #48: production_runtime_generator_absence ...........   Passed    0.13 sec
1318: 2026-10-04T13:57:48.7430649Z 49/91 Test #49: diagnostic_snapshot_publication ................   Passed    0.71 sec
1320: 2026-10-04T13:57:49.5504207Z 50/91 Test #50: navigation_chart_layout_geometry ...............   Passed    0.81 sec
1322: 2026-10-04T13:57:49.6992867Z 51/91 Test #51: windows_route_summary_layout_contract ..........   Passed    0.15 sec
1324: 2026-10-04T13:57:49.8050133Z 52/91 Test #52: preview_preferences_action_selection ...........   Passed    0.11 sec
1326: 2026-10-04T13:57:49.8919670Z 53/91 Test #53: native_dpi_preferences_pan_target ..............   Passed    0.09 sec
1328: 2026-10-04T13:57:49.9563577Z 54/91 Test #54: native_reference_fullscreen_surface_contract ...   Passed    0.06 sec
1330: 2026-10-04T13:57:50.4119899Z 55/91 Test #55: native_diagnostic_geometry_observation .........   Passed    0.45 sec
1332: 2026-10-04T13:57:50.4250205Z 56/91 Test #56: commissioning_restart_wire_contract ............   Passed    0.01 sec
1334: 2026-10-04T13:57:50.5112836Z 57/91 Test #57: commissioning_restart_package_capability .......   Passed    0.09 sec
1336: 2026-10-04T13:57:50.5967845Z 58/91 Test #58: startup_log_rotation_contract ..................   Passed    0.08 sec
1338: 2026-10-04T13:57:50.6862748Z 59/91 Test #59: installer_expected_version_notice ..............   Passed    0.09 sec
1340: 2026-10-04T13:57:52.6830689Z 60/91 Test #60: restart_lifecycle_contract .....................   Passed    2.00 sec
1342: 2026-10-04T13:57:52.6937427Z 61/91 Test #61: startup_recovery_contract ......................   Passed    0.01 sec
1344: 2026-10-04T13:57:52.7032068Z 62/91 Test #62: startup_mode_contract ..........................   Passed    0.01 sec
1346: 2026-10-04T13:57:52.7129483Z 63/91 Test #63: vessel_quality_contract ........................   Passed    0.01 sec
1348: 2026-10-04T13:57:52.7228121Z 64/91 Test #64: navigation_input_contract ......................   Passed    0.01 sec
1350: 2026-10-04T13:57:52.7327703Z 65/91 Test #65: sensor_source_selection ........................   Passed    0.01 sec
1352: 2026-10-04T13:57:52.7390553Z 66/91 Test #66: sensor_source_validity .........................   Passed    0.01 sec
1354: 2026-10-04T13:57:52.7452025Z 67/91 Test #67: sensor_source_health ...........................   Passed    0.01 sec
1356: 2026-10-04T13:57:52.7512555Z 68/91 Test #68: sensor_battery_coherence .......................   Passed    0.01 sec
1358: 2026-10-04T13:57:52.7613244Z 69/91 Test #69: route_progress_contract ........................   Passed    0.01 sec
1360: 2026-10-04T13:57:52.7710947Z 70/91 Test #70: energy_input_quality ...........................   Passed    0.01 sec
1362: 2026-10-04T13:57:52.7814264Z 71/91 Test #71: energy_prediction_contract .....................   Passed    0.01 sec
1364: 2026-10-04T13:57:52.7921241Z 72/91 Test #72: energy_curve_import ............................   Passed    0.01 sec
1366: 2026-10-04T13:57:52.7984077Z 73/91 Test #73: energy_live_configuration ......................   Passed    0.01 sec
1368: 2026-10-04T13:57:52.8082513Z 74/91 Test #74: smartnav_operational_failures ..................   Passed    0.01 sec
1370: 2026-10-04T13:57:52.8145570Z 75/91 Test #75: smartnav_route_timeline ........................   Passed    0.01 sec
1372: 2026-10-04T13:57:52.8207417Z 76/91 Test #76: smartnav_energy_ais_events .....................   Passed    0.01 sec
1374: 2026-10-04T13:57:52.8279130Z 77/91 Test #77: smartnav_chart_corridor ........................   Passed    0.01 sec
1376: 2026-10-04T13:57:52.8373928Z 78/91 Test #78: autopilot_manual_feedback ......................   Passed    0.01 sec
1378: 2026-10-04T13:57:52.8436178Z 79/91 Test #79: autopilot_failures .............................   Passed    0.01 sec
1380: 2026-10-04T13:57:52.8496126Z 80/91 Test #80: autopilot_ack_evidence .........................   Passed    0.01 sec
1382: 2026-10-04T13:57:52.8555705Z 81/91 Test #81: radar_capability_contract ......................   Passed    0.01 sec
1384: 2026-10-04T13:57:52.8659792Z 82/91 Test #82: settings_record_roundtrip ......................   Passed    0.01 sec
1386: 2026-10-04T13:57:52.8727812Z 83/91 Test #83: settings_invalid_configuration .................   Passed    0.01 sec
1388: 2026-10-04T13:57:52.8790623Z 84/91 Test #84: settings_live_energy_freshness .................   Passed    0.01 sec
1390: 2026-10-04T13:57:52.8854700Z 85/91 Test #85: settings_display_selection .....................   Passed    0.01 sec
1392: 2026-10-04T13:57:52.8921836Z 86/91 Test #86: settings_explicit_propulsion_mappings ..........   Passed    0.01 sec
1394: 2026-10-04T13:57:52.8988638Z 87/91 Test #87: settings_pilot_permission ......................   Passed    0.01 sec
1396: 2026-10-04T13:57:52.9099288Z 88/91 Test #88: preview_demo_contract ..........................   Passed    0.01 sec
1398: 2026-10-04T13:57:52.9266837Z 89/91 Test #89: portable_profile_contract ......................   Passed    0.02 sec
1400: 2026-10-04T13:57:52.9420554Z 90/91 Test #90: preview_resources_contract .....................   Passed    0.01 sec
1402: 2026-10-04T13:57:52.9550008Z 91/91 Test #91: restart_arguments_contract .....................   Passed    0.01 sec
1404: 2026-10-04T13:57:52.9571363Z 100% tests passed, 0 tests failed out of 91
1406: 2026-10-04T13:57:52.9572519Z Total Test time (real) =   6.68 sec
1414: 2026-10-04T13:57:55.3612420Z     Test #60: restart_lifecycle_contract .......   Passed    1.99 sec
1416: 2026-10-04T13:57:57.3554637Z     Test #60: restart_lifecycle_contract .......   Passed    1.99 sec
1418: 2026-10-04T13:57:59.3490350Z     Test #60: restart_lifecycle_contract .......   Passed    1.99 sec
1420: 2026-10-04T13:58:01.3413556Z     Test #60: restart_lifecycle_contract .......   Passed    1.99 sec
1422: 2026-10-04T13:58:03.3353433Z     Test #60: restart_lifecycle_contract .......   Passed    1.99 sec
1424: 2026-10-04T13:58:05.3481547Z     Test #60: restart_lifecycle_contract .......   Passed    2.01 sec
1426: 2026-10-04T13:58:07.3647931Z     Test #60: restart_lifecycle_contract .......   Passed    2.02 sec
1428: 2026-10-04T13:58:09.3598900Z     Test #60: restart_lifecycle_contract .......   Passed    1.99 sec
1430: 2026-10-04T13:58:11.3519008Z     Test #60: restart_lifecycle_contract .......   Passed    1.99 sec
1432: 2026-10-04T13:58:13.3671689Z 1/1 Test #60: restart_lifecycle_contract .......   Passed    2.01 sec
1434: 2026-10-04T13:58:13.3682016Z 100% tests passed, 0 tests failed out of 1
1436: 2026-10-04T13:58:13.3682563Z Total Test time (real) =  20.01 sec
1437: 2026-10-04T13:58:13.5066078Z Post job cleanup.
