77: 2026-10-04T11:37:45.3043337Z [command]"C:\Program Files\Git\bin\git.exe" -c protocol.version=2 fetch --no-tags --prune --no-recurse-submodules --depth=1 origin +55ef51e4944e8570f6a391dad20b0db8447a7443:refs/remotes/origin/opennav-x-beta2-ui
79: 2026-10-04T11:37:50.1804724Z  * [new ref]         55ef51e4944e8570f6a391dad20b0db8447a7443 -> origin/opennav-x-beta2-ui
128: 2026-10-04T11:37:51.7603347Z 55ef51e4944e8570f6a391dad20b0db8447a7443
142: 2026-10-04T11:38:00.3762002Z Ran 11 tests in 6.192s
144: 2026-10-04T11:38:00.3762129Z OK
147: 2026-10-04T11:38:00.5332604Z Ran 9 tests in 0.061s
149: 2026-10-04T11:38:00.5332726Z OK
152: 2026-10-04T11:38:01.0919160Z Ran 17 tests in 0.479s
154: 2026-10-04T11:38:01.0919334Z OK
182: 2026-10-04T11:38:25.3408264Z Ran 15 tests in 24.067s
184: 2026-10-04T11:38:25.3408488Z OK
201: 2026-10-04T11:38:28.2679131Z Ran 14 tests in 2.844s
203: 2026-10-04T11:38:28.2679299Z OK
219: 2026-10-04T11:38:30.4482175Z Ran 13 tests in 2.103s
221: 2026-10-04T11:38:30.4482296Z OK
224: 2026-10-04T11:38:30.6852227Z Ran 4 tests in 0.157s
226: 2026-10-04T11:38:30.6852421Z OK
251: 2026-10-04T11:39:37.6873512Z Ran 7 tests in 0.382s
253: 2026-10-04T11:39:37.6873633Z OK
265: 2026-10-04T11:39:39.0878604Z Ran 12 tests in 0.055s
267: 2026-10-04T11:39:39.1574241Z OK
272: 2026-10-04T11:39:39.6800522Z 48 actual installer output-policy checks passed; no installer operation invoked
356: 2026-10-04T11:39:56.8654224Z 44 native filesystem checks passed in PowerShell 5.1.20348.5622, 64-bit host.
602: 2026-10-04T11:40:08.2011533Z 238 native shortcut migration checks passed in PowerShell 5.1.20348.5622, 64-bit host.
654: 2026-10-04T11:40:13.0704645Z 44 native filesystem checks passed in PowerShell 5.1.20348.5622, 32-bit host.
900: 2026-10-04T11:40:27.3817910Z 238 native shortcut migration checks passed in PowerShell 5.1.20348.5622, 32-bit host.
901: 2026-10-04T11:40:27.8027786Z 48 actual installer output-policy checks passed; no installer operation invoked
902: 2026-10-04T11:40:28.1962983Z 48 actual installer output-policy checks passed; no installer operation invoked
1190: 2026-10-04T11:41:57.5350925Z  1/91 Test  #1: geographic_chart_name_boundary .................   Passed    0.08 sec
1192: 2026-10-04T11:41:57.5422983Z  2/91 Test  #2: display_prototype_geometry .....................   Passed    0.01 sec
1194: 2026-10-04T11:41:57.9339541Z  3/91 Test  #3: fixture_marker_publication .....................   Passed    0.39 sec
1196: 2026-10-04T11:41:57.9496291Z  4/91 Test  #4: passage_view_provenance ........................   Passed    0.02 sec
1198: 2026-10-04T11:41:57.9563025Z  5/91 Test  #5: instrument_view_provenance .....................   Passed    0.01 sec
1200: 2026-10-04T11:41:57.9632730Z  6/91 Test  #6: footer_view_provenance .........................   Passed    0.01 sec
1202: 2026-10-04T11:41:57.9703885Z  7/91 Test  #7: horizon_view_provenance ........................   Passed    0.01 sec
1204: 2026-10-04T11:41:57.9771236Z  8/91 Test  #8: source_health_view_provenance ..................   Passed    0.01 sec
1206: 2026-10-04T11:41:57.9837284Z  9/91 Test  #9: build_policy_product ...........................   Passed    0.01 sec
1208: 2026-10-04T11:41:57.9905311Z 10/91 Test #10: build_policy_fixtures ..........................   Passed    0.01 sec
1210: 2026-10-04T11:41:57.9969596Z 11/91 Test #11: pilot_output_product_policy ....................   Passed    0.01 sec
1212: 2026-10-04T11:41:58.0034446Z 12/91 Test #12: pilot_output_loopback_policy ...................   Passed    0.01 sec
1214: 2026-10-04T11:41:58.0096856Z 13/91 Test #13: ais_selection_lifetime .........................   Passed    0.01 sec
1216: 2026-10-04T11:41:58.0168451Z 14/91 Test #14: ais_report_health ..............................   Passed    0.01 sec
1218: 2026-10-04T11:41:58.0635242Z 15/91 Test #15: online_ais_cache_and_precedence ................   Passed    0.05 sec
1220: 2026-10-04T11:41:58.0710429Z 16/91 Test #16: chart_canvas_night_ink .........................   Passed    0.01 sec
1222: 2026-10-04T11:41:58.0794587Z 17/91 Test #17: online_ais_chart_presentation ..................   Passed    0.01 sec
1224: 2026-10-04T11:41:58.0908576Z 18/91 Test #18: aisstream_untrusted_json_and_subscription ......   Passed    0.01 sec
1226: 2026-10-04T11:41:58.0979287Z 19/91 Test #19: aisstream_session_lifecycle ....................   Passed    0.01 sec
1228: 2026-10-04T11:41:58.1318141Z 20/91 Test #20: ais_credentials_protected_storage ..............   Passed    0.03 sec
1230: 2026-10-04T11:41:58.1382913Z 21/91 Test #21: operational_alert_sensors ......................   Passed    0.01 sec
1232: 2026-10-04T11:41:58.1426284Z 22/91 Test #22: operational_alert_alarms .......................   Passed    0.00 sec
1234: 2026-10-04T11:41:58.1679772Z 23/91 Test #23: operational_alert_lifecycle ....................   Passed    0.03 sec
1236: 2026-10-04T11:41:58.1751820Z 24/91 Test #24: field_report_privacy ...........................   Passed    0.01 sec
1238: 2026-10-04T11:41:58.1841541Z 25/91 Test #25: field_report_limits ............................   Passed    0.01 sec
1240: 2026-10-04T11:41:58.1891211Z 26/91 Test #26: field_report_recording .........................   Passed    0.00 sec
1242: 2026-10-04T11:41:58.1952532Z 27/91 Test #27: windows_sdk_macro_contract .....................   Passed    0.01 sec
1244: 2026-10-04T11:41:58.2018244Z 28/91 Test #28: boat_n2k_binding ...............................   Passed    0.01 sec
1246: 2026-10-04T11:41:58.2060027Z 29/91 Test #29: boat_n2k_mapping ...............................   Passed    0.00 sec
1248: 2026-10-04T11:41:58.2102224Z 30/91 Test #30: boat_n2k_expiry ................................   Passed    0.00 sec
1250: 2026-10-04T11:41:58.2166034Z 31/91 Test #31: boat_actual_producer_expiry ....................   Passed    0.01 sec
1252: 2026-10-04T11:41:58.2234727Z 32/91 Test #32: n2k_source_identity ............................   Passed    0.01 sec
1254: 2026-10-04T11:41:58.2298320Z 33/91 Test #33: st4000_identity ................................   Passed    0.01 sec
1256: 2026-10-04T11:41:58.2340375Z 34/91 Test #34: st4000_feedback ................................   Passed    0.00 sec
1258: 2026-10-04T11:41:58.2381465Z 35/91 Test #35: st4000_encoding ................................   Passed    0.00 sec
1260: 2026-10-04T11:41:58.2422751Z 36/91 Test #36: st4000_commands ................................   Passed    0.00 sec
1262: 2026-10-04T11:41:58.2463861Z 37/91 Test #37: st4000_discovery ...............................   Passed    0.00 sec
1264: 2026-10-04T11:41:58.2527810Z 38/91 Test #38: st4000_actual_firmware_parser ..................   Passed    0.01 sec
1266: 2026-10-04T11:41:58.2621613Z 39/91 Test #39: recording_roundtrip_age ........................   Passed    0.01 sec
1268: 2026-10-04T11:41:58.2689967Z 40/91 Test #40: recording_privacy ..............................   Passed    0.01 sec
1270: 2026-10-04T11:41:58.2806069Z 41/91 Test #41: recording_malformed_input ......................   Passed    0.01 sec
1272: 2026-10-04T11:41:58.2861415Z 42/91 Test #42: recording_replay_clock .........................   Passed    0.01 sec
1274: 2026-10-04T11:41:58.2930150Z 43/91 Test #43: recording_calibration_pairs ....................   Passed    0.01 sec
1276: 2026-10-04T11:41:58.4467897Z 44/91 Test #44: recording_storage_rotation .....................   Passed    0.15 sec
1278: 2026-10-04T11:41:58.4561380Z 45/91 Test #45: recording_control_isolation ....................   Passed    0.01 sec
1280: 2026-10-04T11:41:58.4778960Z 46/91 Test #46: installed_resource_defaults ....................   Passed    0.02 sec
1282: 2026-10-04T11:41:58.7365333Z 47/91 Test #47: hardware_output_package_policy .................   Passed    0.26 sec
1284: 2026-10-04T11:41:58.8234191Z 48/91 Test #48: production_runtime_generator_absence ...........   Passed    0.09 sec
1286: 2026-10-04T11:41:59.3958201Z 49/91 Test #49: diagnostic_snapshot_publication ................   Passed    0.57 sec
1288: 2026-10-04T11:41:59.7567534Z 50/91 Test #50: navigation_chart_layout_geometry ...............   Passed    0.36 sec
1290: 2026-10-04T11:41:59.8653717Z 51/91 Test #51: windows_route_summary_layout_contract ..........   Passed    0.11 sec
1292: 2026-10-04T11:41:59.9375909Z 52/91 Test #52: preview_preferences_action_selection ...........   Passed    0.07 sec
1294: 2026-10-04T11:41:59.9904720Z 53/91 Test #53: native_dpi_preferences_pan_target ..............   Passed    0.05 sec
1296: 2026-10-04T11:42:00.0307944Z 54/91 Test #54: native_reference_fullscreen_surface_contract ...   Passed    0.04 sec
1298: 2026-10-04T11:42:00.3035489Z 55/91 Test #55: native_diagnostic_geometry_observation .........   Passed    0.27 sec
1300: 2026-10-04T11:42:00.3127782Z 56/91 Test #56: commissioning_restart_wire_contract ............   Passed    0.01 sec
1302: 2026-10-04T11:42:00.3649188Z 57/91 Test #57: commissioning_restart_package_capability .......   Passed    0.05 sec
1304: 2026-10-04T11:42:00.4159837Z 58/91 Test #58: startup_log_rotation_contract ..................   Passed    0.05 sec
1306: 2026-10-04T11:42:00.4678631Z 59/91 Test #59: installer_expected_version_notice ..............   Passed    0.05 sec
1308: 2026-10-04T11:42:02.4368763Z 60/91 Test #60: restart_lifecycle_contract .....................   Passed    1.97 sec
1310: 2026-10-04T11:42:02.4440884Z 61/91 Test #61: startup_recovery_contract ......................   Passed    0.01 sec
1312: 2026-10-04T11:42:02.4505699Z 62/91 Test #62: startup_mode_contract ..........................   Passed    0.01 sec
1314: 2026-10-04T11:42:02.4569656Z 63/91 Test #63: vessel_quality_contract ........................   Passed    0.01 sec
1316: 2026-10-04T11:42:02.4635406Z 64/91 Test #64: navigation_input_contract ......................   Passed    0.01 sec
1318: 2026-10-04T11:42:02.4700740Z 65/91 Test #65: sensor_source_selection ........................   Passed    0.01 sec
1320: 2026-10-04T11:42:02.4743817Z 66/91 Test #66: sensor_source_validity .........................   Passed    0.00 sec
1322: 2026-10-04T11:42:02.4785932Z 67/91 Test #67: sensor_source_health ...........................   Passed    0.00 sec
1324: 2026-10-04T11:42:02.4826993Z 68/91 Test #68: sensor_battery_coherence .......................   Passed    0.00 sec
1326: 2026-10-04T11:42:02.4893457Z 69/91 Test #69: route_progress_contract ........................   Passed    0.01 sec
1328: 2026-10-04T11:42:02.4958031Z 70/91 Test #70: energy_input_quality ...........................   Passed    0.01 sec
1330: 2026-10-04T11:42:02.5021413Z 71/91 Test #71: energy_prediction_contract .....................   Passed    0.01 sec
1332: 2026-10-04T11:42:02.5087594Z 72/91 Test #72: energy_curve_import ............................   Passed    0.01 sec
1334: 2026-10-04T11:42:02.5130157Z 73/91 Test #73: energy_live_configuration ......................   Passed    0.00 sec
1336: 2026-10-04T11:42:02.5194800Z 74/91 Test #74: smartnav_operational_failures ..................   Passed    0.01 sec
1338: 2026-10-04T11:42:02.5237758Z 75/91 Test #75: smartnav_route_timeline ........................   Passed    0.00 sec
1340: 2026-10-04T11:42:02.5281307Z 76/91 Test #76: smartnav_energy_ais_events .....................   Passed    0.00 sec
1342: 2026-10-04T11:42:02.5332132Z 77/91 Test #77: smartnav_chart_corridor ........................   Passed    0.00 sec
1344: 2026-10-04T11:42:02.5396464Z 78/91 Test #78: autopilot_manual_feedback ......................   Passed    0.01 sec
1346: 2026-10-04T11:42:02.5438371Z 79/91 Test #79: autopilot_failures .............................   Passed    0.00 sec
1348: 2026-10-04T11:42:02.5479114Z 80/91 Test #80: autopilot_ack_evidence .........................   Passed    0.00 sec
1350: 2026-10-04T11:42:02.5519419Z 81/91 Test #81: radar_capability_contract ......................   Passed    0.00 sec
1352: 2026-10-04T11:42:02.5590391Z 82/91 Test #82: settings_record_roundtrip ......................   Passed    0.01 sec
1354: 2026-10-04T11:42:02.5636287Z 83/91 Test #83: settings_invalid_configuration .................   Passed    0.00 sec
1356: 2026-10-04T11:42:02.5679077Z 84/91 Test #84: settings_live_energy_freshness .................   Passed    0.00 sec
1358: 2026-10-04T11:42:02.5722851Z 85/91 Test #85: settings_display_selection .....................   Passed    0.00 sec
1360: 2026-10-04T11:42:02.5767467Z 86/91 Test #86: settings_explicit_propulsion_mappings ..........   Passed    0.00 sec
1362: 2026-10-04T11:42:02.5812811Z 87/91 Test #87: settings_pilot_permission ......................   Passed    0.00 sec
1364: 2026-10-04T11:42:02.5883762Z 88/91 Test #88: preview_demo_contract ..........................   Passed    0.01 sec
1366: 2026-10-04T11:42:02.5981700Z 89/91 Test #89: portable_profile_contract ......................   Passed    0.01 sec
1368: 2026-10-04T11:42:02.6070366Z 90/91 Test #90: preview_resources_contract .....................   Passed    0.01 sec
1370: 2026-10-04T11:42:02.6155669Z 91/91 Test #91: restart_arguments_contract .....................   Passed    0.01 sec
1372: 2026-10-04T11:42:02.6161564Z 100% tests passed, 0 tests failed out of 91
1374: 2026-10-04T11:42:02.6161804Z Total Test time (real) =   5.19 sec
1382: 2026-10-04T11:42:04.8701537Z     Test #60: restart_lifecycle_contract .......   Passed    1.97 sec
1384: 2026-10-04T11:42:06.8585721Z     Test #60: restart_lifecycle_contract .......   Passed    1.99 sec
1386: 2026-10-04T11:42:08.8262108Z     Test #60: restart_lifecycle_contract .......   Passed    1.97 sec
1388: 2026-10-04T11:42:10.7925508Z     Test #60: restart_lifecycle_contract .......   Passed    1.97 sec
1390: 2026-10-04T11:42:12.7788727Z     Test #60: restart_lifecycle_contract .......   Passed    1.99 sec
1392: 2026-10-04T11:42:14.7445642Z     Test #60: restart_lifecycle_contract .......   Passed    1.97 sec
1394: 2026-10-04T11:42:16.7127336Z     Test #60: restart_lifecycle_contract .......   Passed    1.97 sec
1396: 2026-10-04T11:42:18.7076666Z     Test #60: restart_lifecycle_contract .......   Passed    1.99 sec
1398: 2026-10-04T11:42:20.6748775Z     Test #60: restart_lifecycle_contract .......   Passed    1.97 sec
1400: 2026-10-04T11:42:22.6606025Z 1/1 Test #60: restart_lifecycle_contract .......   Passed    1.99 sec
1402: 2026-10-04T11:42:22.6613085Z 100% tests passed, 0 tests failed out of 1
1404: 2026-10-04T11:42:22.6613246Z Total Test time (real) =  19.76 sec
1405: 2026-10-04T11:42:22.7296659Z Post job cleanup.
