{
  "status": "passed",
  "count": 127,
  "checks": [
    "Each exact startup write needs explicit matching source review; Swedish locale preserved",
    "Reverse changes only COM8 direction, preserves UTF8/CRLF and all migrated bytes",
    "Malformed or non-input-only reverse refused",
    "Malformed or non-input-only reverse refused",
    "Malformed or non-input-only reverse refused",
    "Malformed or non-input-only reverse refused",
    "Malformed or non-input-only reverse refused",
    "Different migration binding owner",
    "Different migration binding beforeSha256",
    "Different migration binding afterSha256",
    "Missing approved key",
    "Changed or missing per-key approval key",
    "Changed or missing per-key approval before",
    "Changed or missing per-key approval after",
    "Changed or missing per-key approval sourceRevision",
    "Changed or missing per-key approval sourceBoundary",
    "Changed or missing per-key approval reason",
    "Expired/future migration review",
    "Expired/future migration review",
    "Matching text approval cannot override source/connection/chart/value policy 1",
    "Matching text approval cannot override source/connection/chart/value policy 2",
    "Matching text approval cannot override source/connection/chart/value policy 3",
    "Matching text approval cannot override source/connection/chart/value policy 4",
    "Matching text approval cannot override source/connection/chart/value policy 5",
    "Pinned normal startup texture minimum preserves all other settings with explicit exact review",
    "Texture normalization cannot approve itself",
    "Explicit unchanged expert-off value also follows the pinned minimum",
    "Texture normalization refuses before-other",
    "Texture normalization refuses after-other",
    "Texture normalization refuses missing-budget",
    "Texture normalization refuses gl-disabled",
    "Texture normalization refuses gl-changed",
    "Texture normalization refuses expert-enabled",
    "Texture normalization refuses expert-changed",
    "Texture normalization refuses expert-malformed",
    "Texture normalization refuses version-unknown",
    "Texture normalization refuses version-changed",
    "Exact reviewed stock GPU upgrade, obsolete English menu font removal and quoted coordinates preserve Swedish replacements",
    "Source-proven removal still needs its explicit per-key review",
    "Removal review requires an explicit null after property, not an absent property",
    "Retaining the obsolete font with an empty value is not its permitted removal",
    "Exact reviewed Beta-to-stock build marker also enters pinned GL upgrade defaults",
    "Another Beta build marker is not an open-ended GL migration exception",
    "Observed startup exception cannot authorize other changes: budget-other",
    "Observed startup exception cannot authorize other changes: budget-missing",
    "Observed startup exception cannot authorize other changes: already-current",
    "Observed startup exception cannot authorize other changes: gl-disabled",
    "Observed startup exception cannot authorize other changes: old-version-unknown",
    "Observed startup exception cannot authorize other changes: menu-changed",
    "Observed startup exception cannot authorize other changes: locale-changed",
    "Observed startup exception cannot authorize other changes: translated-changed",
    "Observed startup exception cannot authorize other changes: translated-removed",
    "Observed startup exception cannot authorize other changes: wrong-font-key",
    "Other font deletion is not a generic permitted removal",
    "Unrelated key removal remains forbidden",
    "Exact observed sixth variation source requires and accepts one hash-bound per-key review",
    "Restored baseline preserves the learned source and reverses only the temporary connection byte",
    "Observed source discovery cannot approve itself without per-key review",
    "Variation review must retain exact beforeSha256",
    "Variation review must retain exact afterSha256",
    "Other variation priority change refused despite matching review: truncated",
    "Other variation priority change refused despite matching review: leading",
    "Other variation priority change refused despite matching review: quoted",
    "Other variation priority change refused despite matching review: otherpgn",
    "Other variation priority change refused despite matching review: prepended",
    "Other variation priority change refused despite matching review: changedprefix",
    "Other variation priority change refused despite matching review: trailing",
    "Other variation priority change refused despite matching review: duplicate",
    "Other variation priority change refused despite matching review: otheraddress",
    "Other variation priority change refused despite matching review: multiple",
    "Other variation priority change refused despite matching review: missing",
    "Other variation priority change refused despite matching review: reordered",
    "Other variation priority change refused despite matching review: deleted",
    "Other variation priority change refused despite matching review: inserted",
    "Original five-source prefix must be exact, not whitespace-normalized",
    "Observed append cannot authorize unrelated change: plugin",
    "Observed append cannot authorize unrelated change: keycase",
    "Observed append cannot authorize unrelated change: ambiguous",
    "Observed append cannot authorize unrelated change: indented",
    "Observed append cannot authorize unrelated change: route",
    "Observed append cannot authorize unrelated change: heading",
    "Observed append cannot authorize unrelated change: position",
    "Observed append cannot authorize unrelated change: core",
    "Observed append cannot authorize unrelated change: output",
    "Empty basemap fills only from hash-bound historical installed stock resource evidence and per-key review",
    "Ordinary cold restoration still refuses unreviewed installed path migration",
    "Migration review alone cannot grant a protected directory change",
    "Proven resource default still needs an explicit per-key review",
    "Changed resource evidence owner",
    "Changed resource evidence generation",
    "Changed resource evidence commit",
    "Changed resource evidence ownershipSha256",
    "Changed resource evidence stateSha256",
    "Changed resource evidence stockPath",
    "Changed resource evidence stockExecutableSha256",
    "Changed resource evidence markerSha256",
    "Changed resource evidence basemapDefault",
    "Stock-only parent cannot inherit installed resource identity",
    "Default proof cannot override custom configuration",
    "Default proof cannot override other-chart configuration",
    "Default proof cannot override connection configuration",
    "Default proof cannot override missing-key configuration",
    "Synthetic root cannot replace fixed public recovery baseline",
    "Exact reviewed proposal validates but is not a completed baseline",
    "Proposal alone cannot authorize new Inventory",
    "Completed exact lineage resolves migrated baseline without replacing global pin",
    "Every original/approved/completed lineage byte remains pinned",
    "Every original/approved/completed lineage byte remains pinned",
    "Every original/approved/completed lineage byte remains pinned",
    "Every original/approved/completed lineage byte remains pinned",
    "Every original/approved/completed lineage byte remains pinned",
    "Every original/approved/completed lineage byte remains pinned",
    "Every original/approved/completed lineage byte remains pinned",
    "Every original/approved/completed lineage byte remains pinned",
    "Every original/approved/completed lineage byte remains pinned",
    "Excessive or cyclic lineage is bounded",
    "Next generation may pin exact adopted lineage without reusing its source approvals",
    "Another profile cannot inherit approved migration",
    "Missing lineage cannot silently adopt arbitrary current INI",
    "Interrupted restoration can resume only the same durable adopted target",
    "Omitting adoption on retry cannot reset migrated state",
    "Another proposal with same final bytes cannot take over restoration",
    "Another transaction cannot reuse restoration intent",
    "Parses CommissioningBaseline.ps1",
    "Parses InstalledResourceReview.ps1",
    "Parses prepare-baseline-adoption.ps1",
    "Parses commission-read-only.ps1"
  ],
  "nativeTransactions": null,
  "environment": "portable-filesystem-policy",
  "applicationLaunched": false,
  "boatAccess": false,
  "physicalOutput": false,
  "nativeTransactionAcceptance": false
}
