{
  "status": "passed",
  "count": 33,
  "checks": [
    "Fixed native call substitution preserves LF source",
    "Fixed native call substitution preserves CRLF source",
    "Rejects duplicate native source calls instead of weakening substitution",
    "Captures both helpers with existing installed generation identity",
    "Closes two exact helpers once each",
    "Fractional-second UTC creation ticks survive capture, locator and dispatch",
    "Publishes closed evidence without changing profile bytes",
    "Completed capture cannot replay",
    "Completed replay sends no command",
    "Profile byte drift blocks closure",
    "Profile drift sends no command",
    "Installed plugin byte drift blocks closure",
    "Plugin drift sends no command",
    "Private backup byte drift blocks closure",
    "Backup drift sends no command",
    "Active transaction marker blocks closure",
    "Active marker sends no command",
    "Second helper uncertain delivery stops sequence",
    "Partial results and failure persist without false completion",
    "Fresh capture cannot retry uncertain same process identity",
    "Uncertain delivery never dispatches a second command",
    "Drift after first exit is refused: new-helper",
    "No second command or false completion after new-helper",
    "Drift after first exit is refused: active-marker",
    "No second command or false completion after active-marker",
    "Drift after first exit is refused: installed-context",
    "No second command or false completion after installed-context",
    "Caller-rehashed malformed capture refused: duplicate-helper",
    "Malformed capture sends no command: duplicate-helper",
    "Caller-rehashed malformed capture refused: wrong-profile-root",
    "Malformed capture sends no command: wrong-profile-root",
    "Caller-rehashed malformed capture refused: missing-installed-plugin-tree",
    "Malformed capture sends no command: missing-installed-plugin-tree"
  ],
  "isolatedSourceCopy": true,
  "substituted": [
    "process observations",
    "ACL observations",
    "native transport",
    "ledger write"
  ],
  "actualNativeTransport": false,
  "vendorHelperExecuted": false,
  "boatAccess": false
}
