{
  "status": "passed",
  "platform": "portable",
  "groups": 36,
  "checks": [
    "Exact preservation review accepts bounded user display state, reset log and documented Menu descriptor",
    "Observed key does not approve itself",
    "Changed review binding owner",
    "Changed review binding beforeSha256",
    "Changed review binding afterSha256",
    "Changed review binding provenance",
    "Changed review binding preservationOnly",
    "Changed per-key decision origin",
    "Changed per-key decision reason",
    "Changed per-key decision after",
    "Expired/future independent review",
    "Expired/future independent review",
    "Matching text review cannot allow unsafe or malformed current profile",
    "Matching text review cannot allow unsafe or malformed current profile",
    "Matching text review cannot allow unsafe or malformed current profile",
    "Matching text review cannot allow unsafe or malformed current profile",
    "Matching text review cannot allow unsafe or malformed current profile",
    "Matching text review cannot allow unsafe or malformed current profile",
    "Matching text review cannot allow unsafe or malformed current profile",
    "Matching text review cannot allow unsafe or malformed current profile",
    "Cold copy has byte-identical complete inventory",
    "Changed source after first inventory cannot complete a cold copy",
    "Actual Capture preserves the full live profile and publishes review-required evidence",
    "Actual Complete and actual cold reader validate preservation-only lineage",
    "Actual reader rejects altered completion status despite a fresh supplied hash",
    "Capture refuses an active commissioning transaction without changing profile bytes",
    "Capture refuses a live application process without changing profile bytes",
    "Capture refuses identity/profile context drift before publication",
    "Capture refuses a profile mutation between inventory and copy publication",
    "Complete refuses changed live profile and leaves those bytes untouched",
    "Failed final publication leaves no completed record and preserves the live profile",
    "Retry after partial publication refuses existing review evidence and preserves live bytes",
    "Parses ColdBaseline.ps1",
    "Parses CommissioningBaseline.ps1",
    "Parses capture-cold-baseline.ps1",
    "Parses commission-read-only.ps1"
  ],
  "realProfileAccess": false,
  "applicationLaunched": false,
  "substitutedBoundaries": [
    "machine/profile context identity",
    "process enumeration",
    "official-stock identity for one exact inert fixture executable",
    "Windows ACL ownership/protection (portable marker and reparse checks only)"
  ],
  "nativeAclExecuted": false
}
