{
  "status": "passed",
  "count": 230,
  "checks": [
    "Parses ReviewWindow.ps1 without executing environment APIs",
    "Parses review-window.ps1 without executing environment APIs",
    "Parses ../test-display-window-native.ps1 without executing environment APIs",
    "Parses ../prototype/capture-reviewed-native.ps1 without executing environment APIs",
    "Parses ../../tests/display-review/window-fixture.ps1 without executing environment APIs",
    "Native helper compiles without executing Win32 APIs",
    "New native Preferences cases are admitted by the disposable fixture catalog",
    "Prototype shell requires all eight exact sibling controls",
    "Prototype profile button is the only supported ninth sibling",
    "Incomplete duplicate extended or case-changed rails do not identify a shell",
    "Incomplete duplicate extended or case-changed rails do not identify a shell",
    "Incomplete duplicate extended or case-changed rails do not identify a shell",
    "Incomplete duplicate extended or case-changed rails do not identify a shell",
    "Fixed owned capture signature SKAGER chart tools / True",
    "Fixed owned capture signature SKAGER chart orientation / True",
    "Fixed owned capture signature SKAGER chart orientation / True",
    "Fixed owned capture signature SKAGER follow boat / True",
    "Fixed owned capture signature SKAGER passage / True",
    "Fixed owned capture signature SKAGER preferences / True",
    "Fixed owned capture signature SKAGER anchor watch / True",
    "Fixed owned capture signature SKAGER autopilot / True",
    "Fixed owned capture signature SKAGER alerts / True",
    "Fixed owned capture signature SKAGER source health / True",
    "Fixed owned capture signature SKAGER source health / False",
    "Fixed owned capture signature SKAGER source health / False",
    "Fixed owned capture signature SKAGER alerts / False",
    "Fixed owned capture signature SKAGER alerts / False",
    "Fixed owned capture signature SKAGER anchor watch / False",
    "Fixed owned capture signature SKAGER autopilot / False",
    "Fixed owned capture signature SKAGER anchor watch / False",
    "Fixed owned capture signature SKAGER autopilot / False",
    "Fixed owned capture signature SKAGER preferences / False",
    "Fixed owned capture signature SKAGER preferences / False",
    "Fixed owned capture signature SKAGER preferences / False",
    "Fixed owned capture signature SKAGER vessel traffic / True",
    "Fixed owned capture signature SKAGER vessel traffic / True",
    "Fixed owned capture signature Unexpected modal / False",
    "Fixed owned capture signature SKAGER passage / False",
    "Fixed owned capture signature SKAGER passage / False",
    "Fixed owned capture signature SKAGER passage / False",
    "Fixed owned capture signature SKAGER vessel traffic / False",
    "Fixed owned capture signature SKAGER chart tools / False",
    "Fixed owned capture signature SKAGER chart orientation / False",
    "Fixed owned capture signature SKAGER follow boat / False",
    "Fixed prototype rail mapping Navigation",
    "Fixed prototype rail mapping Route",
    "Fixed prototype rail mapping AIS",
    "Fixed prototype rail mapping Instruments",
    "Fixed prototype rail mapping Menu",
    "No prototype actuator or mutation action AUTO",
    "No prototype actuator or mutation action STBY",
    "No prototype actuator or mutation action TRACK",
    "No prototype actuator or mutation action WIND",
    "No prototype actuator or mutation action Set AISStream key",
    "No prototype actuator or mutation action Enabled",
    "No prototype actuator or mutation action End navigation",
    "No prototype actuator or mutation action Plot new passage",
    "Allows one fixed display action: Capture",
    "Allows one fixed display action: Resize1280x800",
    "Allows one fixed display action: Menu",
    "Allows one fixed display action: Navigation",
    "Allows one fixed display action: Routes",
    "Allows one fixed display action: Waypoints",
    "Allows one fixed display action: AIS",
    "Allows one fixed display action: Instruments",
    "Allows one fixed display action: Advice",
    "Allows one fixed display action: PilotView",
    "Allows one fixed display action: Anchor",
    "Allows one fixed display action: Settings",
    "Allows one fixed display action: Sources",
    "Allows one fixed display action: Display",
    "Allows one fixed display action: ToggleFullscreen",
    "Allows one fixed display action: ToggleOrientation",
    "Allows one fixed display action: Route",
    "Allows one fixed display action: Energy",
    "Allows one fixed display action: Diagnostics",
    "Allows one fixed display action: System",
    "Allows one fixed display action: Alerts",
    "Allows one fixed display action: Escape",
    "Allows one fixed display action: CyclePalette",
    "Allows one fixed display action: ZoomIn",
    "Allows one fixed display action: ZoomOut",
    "Allows one fixed display action: Center",
    "Allows one fixed display action: PanRight",
    "Allows one fixed display action: PageUp",
    "Allows one fixed display action: PageDown",
    "Allows one fixed display action: SelectFirstVisibleWaypoint",
    "Allows one fixed display action: SelectFirstVisibleAis",
    "Refuses non-reviewed action: AUTO",
    "Refuses non-reviewed action: STBY",
    "Refuses non-reviewed action: STANDBY",
    "Refuses non-reviewed action: TRACK",
    "Refuses non-reviewed action: WIND",
    "Refuses non-reviewed action: AlterCourse",
    "Refuses non-reviewed action: EnableControl",
    "Refuses non-reviewed action: ActivateRoute",
    "Refuses non-reviewed action: CreateRoute",
    "Refuses non-reviewed action: DeleteWaypoint",
    "Refuses non-reviewed action: Import",
    "Refuses non-reviewed action: Export",
    "Refuses non-reviewed action: Plugin",
    "Refuses non-reviewed action: Save",
    "Refuses non-reviewed action: Restart",
    "Refuses non-reviewed action: RestartLegacy",
    "Refuses non-reviewed action: RestartSafe",
    "Refuses non-reviewed action: RestartXNav",
    "Refuses non-reviewed action: Legacy",
    "Refuses non-reviewed action: Demo",
    "Refuses non-reviewed action: Click",
    "Refuses non-reviewed action: Key",
    "Refuses non-reviewed action: CtrlShiftV",
    "Refuses non-reviewed action: capture",
    "Refuses non-reviewed action: Capture;AUTO",
    "Refuses non-reviewed action: ",
    "Refuses changed job generation",
    "Refuses changed job buildCommit",
    "Refuses changed job executableSha256",
    "Refuses changed job executable",
    "Refuses changed job processId",
    "Refuses synthetic/ambiguous fixture flag",
    "Refuses synthetic/ambiguous fixture flag",
    "Refuses synthetic/ambiguous fixture flag",
    "Refuses synthetic/ambiguous fixture flag",
    "Refuses mismatched build build_purpose",
    "Refuses mismatched build version",
    "Refuses mismatched build commit",
    "Refuses mismatched build executable_sha256",
    "Refuses mismatched launch status",
    "Refuses mismatched launch action",
    "Refuses mismatched launch mode",
    "Refuses mismatched launch pid",
    "Refuses mismatched launch request action",
    "Refuses mismatched launch request mode",
    "Refuses mismatched launch request executable",
    "Refuses mismatched launch request executableSha256",
    "Refuses mismatched launch request workspace",
    "Refuses expired/future launch evidence",
    "Refuses expired/future launch evidence",
    "Exact PID/path/session and audited start time pass without touching a process",
    "Refuses mismatched process Id",
    "Refuses mismatched process Path",
    "Refuses mismatched process SessionId",
    "Refuses mismatched process MainWindowHandle",
    "Refuses mismatched process HasExited",
    "Refuses mismatched process StartTime",
    "All pointer labels resolve to actual current source controls",
    "Fresh source-identified installed chart maps exact pixel rectangle",
    "Pan refuses changed diagnostic build_commit",
    "Pan refuses changed diagnostic build_purpose",
    "Pan refuses changed diagnostic data_mode",
    "Pan refuses changed diagnostic ui_page",
    "Pan refuses old/future diagnostic geometry",
    "Pan refuses old/future diagnostic geometry",
    "Pan refuses active/ambiguous route editing",
    "Pan refuses active/ambiguous route editing",
    "Pan refuses active/ambiguous route editing",
    "Pan refuses active/ambiguous route editing",
    "Pan refuses malformed/hidden chart geometry",
    "Pan refuses malformed/hidden chart geometry",
    "Pan refuses malformed/hidden chart geometry",
    "Pan refuses malformed/hidden chart geometry",
    "Pan refuses malformed/hidden chart geometry",
    "Pan refuses malformed/hidden chart geometry",
    "Pan refuses malformed/hidden chart geometry",
    "Display controls retain exact source page scopes; orientation requires navigation chart tools",
    "No unreviewed display/system action: Fullscreen",
    "No unreviewed display/system action: North",
    "No unreviewed display/system action: Course",
    "No unreviewed display/system action: SetOrientation",
    "No unreviewed display/system action: SetResolution",
    "No unreviewed display/system action: SetDpi",
    "No unreviewed display/system action: Brightness",
    "No unreviewed display/system action: EnableControl",
    "Native pointer API cannot resolve unsafe/unrelated action: STBY",
    "Native pointer API cannot resolve unsafe/unrelated action: AUTO",
    "Native pointer API cannot resolve unsafe/unrelated action: TRACK",
    "Native pointer API cannot resolve unsafe/unrelated action: WIND",
    "Native pointer API cannot resolve unsafe/unrelated action: Save",
    "Native pointer API cannot resolve unsafe/unrelated action: Click",
    "Native pointer API cannot resolve unsafe/unrelated action: Key",
    "Native pointer API cannot resolve unsafe/unrelated action: EnableControl",
    "Native pointer API cannot resolve unsafe/unrelated action: Escape",
    "Native helper has no global keyboard/mouse injector or arbitrary command API",
    "Waypoint selection uses the first fully visible row by screen order, not enumeration or user name",
    "Disabled, clipped and indirect controls cannot become list selections",
    "Read-only AIS detail admits current upstream health/status label: Vessel / Active",
    "Read-only AIS detail admits current upstream health/status label: Vessel / Active / Under way using engine",
    "Read-only AIS detail admits current upstream health/status label: Vessel / Inactive",
    "Read-only AIS detail admits current upstream health/status label: Vessel / Lost",
    "Read-only AIS detail admits current upstream health/status label: Vessel / Position doubtful",
    "Read-only AIS detail admits current upstream health/status label: Beacon / Active distress beacon",
    "Read-only AIS detail admits current upstream health/status label: Beacon / Distress beacon testing",
    "Read-only AIS detail admits current upstream health/status label: Vessel / Active / Navigation status unavailable / ALARM",
    "Read-only AIS detail admits current upstream health/status label: Name / with / separator / Lost",
    "Read-only AIS detail admits current upstream health/status label: Åland / Active / Förtöjd",
    "Fixed command or malformed caption cannot be a read-only list row: Refresh target list",
    "Fixed command or malformed caption cannot be a read-only list row: Show / hide AIS on chart",
    "Fixed command or malformed caption cannot be a read-only list row: AUTO",
    "Fixed command or malformed caption cannot be a read-only list row: TRACK",
    "Fixed command or malformed caption cannot be a read-only list row: Create waypoint at chart center",
    "Fixed command or malformed caption cannot be a read-only list row: GO TO",
    "Fixed command or malformed caption cannot be a read-only list row: Edit waypoint",
    "Fixed command or malformed caption cannot be a read-only list row: Delete waypoint",
    "Fixed command or malformed caption cannot be a read-only list row: Open Legacy OpenCPN",
    "Fixed command or malformed caption cannot be a read-only list row: Safe Mode",
    "Fixed command or malformed caption cannot be a read-only list row: Refresh catalog",
    "Fixed command or malformed caption cannot be a read-only list row: ",
    "Fixed command or malformed caption cannot be a read-only list row: vessel / Active\nAUTO",
    "Fixed command or malformed caption cannot be a read-only list row: XXXXXXXXXXXXXXXXXXXXXXXXXXXXXXXXXXXXXXXX",
    "Waypoint selection requires the exact list page even if another page has a matching caption",
    "Waypoint selection requires the exact list page even if another page has a matching caption",
    "Waypoint selection requires the exact list page even if another page has a matching caption",
    "Waypoint selection requires the exact list page even if another page has a matching caption",
    "Waypoint selection requires the exact list page even if another page has a matching caption",
    "AIS selection refuses a waypoint page",
    "No observed rows means unavailable, never an invented waypoint or AIS target",
    "Duplicate native control identities are ambiguous",
    "Overlapping first native rows are ambiguous",
    "A null row is invalid",
    "An invalid native HWND is refused",
    "Bounded row inventory refuses unbounded input",
    "No arbitrary row or mode-restart native action: Select",
    "No arbitrary row or mode-restart native action: SelectAisByName",
    "No arbitrary row or mode-restart native action: SelectWaypointById",
    "No arbitrary row or mode-restart native action: RestartLegacy",
    "No arbitrary row or mode-restart native action: RestartSafe",
    "No arbitrary row or mode-restart native action: RestartXNav",
    "No arbitrary row or mode-restart native action: GO TO",
    "No arbitrary row or mode-restart native action: SelectFirstVisibleAIS",
    "Dynamic selection grammar matches the reviewed page/source boundaries"
  ],
  "nativeInteropCompiled": true,
  "nativeActionsExecuted": false,
  "boatAccess": false,
  "hardwareCommands": false
}
