[Thread debugging using libthread_db enabled]
Using host libthread_db library "/usr/lib/libthread_db.so.1".
[New Thread 0x7fffefbff6c0 (LWP 112)]
[New Thread 0x7fffef3fe6c0 (LWP 113)]
[Thread 0x7fffef3fe6c0 (LWP 113) exited]
[Thread 0x7fffefbff6c0 (LWP 112) exited]
[New Thread 0x7fffefbff6c0 (LWP 114)]
[New Thread 0x7fffef3fe6c0 (LWP 115)]
[Thread 0x7fffef3fe6c0 (LWP 115) exited]
[Thread 0x7fffefbff6c0 (LWP 114) exited]
[New Thread 0x7fffefbff6c0 (LWP 116)]
[New Thread 0x7fffef3fe6c0 (LWP 117)]
[Thread 0x7fffef3fe6c0 (LWP 117) exited]
[Thread 0x7fffefbff6c0 (LWP 116) exited]
[New Thread 0x7fffefbff6c0 (LWP 118)]
[New Thread 0x7fffef3fe6c0 (LWP 119)]
[Thread 0x7fffef3fe6c0 (LWP 119) exited]
[Thread 0x7fffefbff6c0 (LWP 118) exited]
[New Thread 0x7fffefbff6c0 (LWP 120)]
[New Thread 0x7fffef3fe6c0 (LWP 121)]
[Thread 0x7fffef3fe6c0 (LWP 121) exited]
[New Thread 0x7fffef3fe6c0 (LWP 122)]
[New Thread 0x7fffeebfd6c0 (LWP 123)]
[New Thread 0x7fffee3fc6c0 (LWP 124)]
[New Thread 0x7fffedbfb6c0 (LWP 125)]
[New Thread 0x7fffecfea6c0 (LWP 127)]
[New Thread 0x7fffcd9ff6c0 (LWP 128)]
[New Thread 0x7fffcd1fe6c0 (LWP 129)]
[Detaching after vfork from child process 130]
[Detaching after vfork from child process 132]
[Detaching after vfork from child process 135]
[Detaching after vfork from child process 137]
[Detaching after vfork from child process 139]
[Detaching after vfork from child process 141]
[Detaching after vfork from child process 143]
[New Thread 0x7fffcc9fd6c0 (LWP 145)]
[Detaching after fork from child process 146]
[New Thread 0x7fffbffff6c0 (LWP 147)]
[New Thread 0x7fffbf7fe6c0 (LWP 164)]
[New Thread 0x7fffbeffd6c0 (LWP 165)]
[New Thread 0x7fffbe7fc6c0 (LWP 166)]
[New Thread 0x7fffbdffb6c0 (LWP 167)]
[New Thread 0x7fffbd7fa6c0 (LWP 168)]
[New Thread 0x7fffbcff96c0 (LWP 169)]
[New Thread 0x7fffbc7f86c0 (LWP 170)]
[New Thread 0x7fffbbff76c0 (LWP 171)]
[New Thread 0x7fffec39f6c0 (LWP 173)]
[New Thread 0x7fffdc7ff6c0 (LWP 174)]
[New Thread 0x7fffdc5fe6c0 (LWP 175)]
[Detaching after fork from child process 176]
[New Thread 0x7fffdc3fd6c0 (LWP 179)]
[Detaching after fork from child process 180]
[New Thread 0x7fffbabff6c0 (LWP 187)]
[Thread 0x7fffec39f6c0 (LWP 173) exited]
[Thread 0x7fffbabff6c0 (LWP 187) exited]
[New Thread 0x7fffba3fe6c0 (LWP 194)]
[New Thread 0x7fffb9bfd6c0 (LWP 195)]
[Detaching after vfork from child process 196]
[New Thread 0x7fffb7d1c6c0 (LWP 202)]
[Thread 0x7fffb7d1c6c0 (LWP 202) exited]
[New Thread 0x7fffb7d1c6c0 (LWP 203)]
[Detaching after vfork from child process 204]
[New Thread 0x7fffb751b6c0 (LWP 206)]
[Detaching after vfork from child process 207]
[New Thread 0x7fffec39f6c0 (LWP 209)]
[New Thread 0x7fffb8bff6c0 (LWP 210)]
[New Thread 0x7fffb89fe6c0 (LWP 211)]
[Detaching after fork from child process 212]
[New Thread 0x7fffb6d1a6c0 (LWP 219)]
[New Thread 0x7fffb6b196c0 (LWP 220)]
[New Thread 0x7fffb69186c0 (LWP 221)]
[New Thread 0x7fffb67176c0 (LWP 222)]
[Thread 0x7fffb67176c0 (LWP 222) exited]
[Thread 0x7fffb6b196c0 (LWP 220) exited]
[Thread 0x7fffb69186c0 (LWP 221) exited]
[Thread 0x7fffb6d1a6c0 (LWP 219) exited]
[New Thread 0x7fffb6d1a6c0 (LWP 224)]
[New Thread 0x7fffb69186c0 (LWP 225)]
[New Thread 0x7fffb6b196c0 (LWP 226)]
[New Thread 0x7fffb67176c0 (LWP 227)]
[Thread 0x7fffb6b196c0 (LWP 226) exited]
[Thread 0x7fffb69186c0 (LWP 225) exited]
[Thread 0x7fffb6d1a6c0 (LWP 224) exited]
[Thread 0x7fffb67176c0 (LWP 227) exited]
[New Thread 0x7fffb6b196c0 (LWP 229)]
[New Thread 0x7fffb6d1a6c0 (LWP 230)]
[New Thread 0x7fffb69186c0 (LWP 231)]
[New Thread 0x7fffb67176c0 (LWP 232)]
[Thread 0x7fffb67176c0 (LWP 232) exited]
[Thread 0x7fffb69186c0 (LWP 231) exited]
[Thread 0x7fffb6d1a6c0 (LWP 230) exited]
[Thread 0x7fffb6b196c0 (LWP 229) exited]
[New Thread 0x7fffb69186c0 (LWP 233)]
[Detaching after fork from child process 234]
[New Thread 0x7fffb67176c0 (LWP 241)]
[New Thread 0x7fffb6b196c0 (LWP 242)]
[New Thread 0x7fffb6d1a6c0 (LWP 243)]
[New Thread 0x7fffb65166c0 (LWP 244)]
[Thread 0x7fffb65166c0 (LWP 244) exited]
[Thread 0x7fffb6d1a6c0 (LWP 243) exited]
[Thread 0x7fffb6b196c0 (LWP 242) exited]
[Thread 0x7fffb67176c0 (LWP 241) exited]
[New Thread 0x7fffb6d1a6c0 (LWP 246)]
[New Thread 0x7fffb6b196c0 (LWP 247)]
[New Thread 0x7fffb65166c0 (LWP 248)]
[New Thread 0x7fffb67176c0 (LWP 249)]
[Thread 0x7fffb6d1a6c0 (LWP 246) exited]
[Thread 0x7fffb67176c0 (LWP 249) exited]
[Thread 0x7fffb65166c0 (LWP 248) exited]
[Thread 0x7fffb6b196c0 (LWP 247) exited]
[New Thread 0x7fffb65166c0 (LWP 251)]
[New Thread 0x7fffb6b196c0 (LWP 252)]
[New Thread 0x7fffb67176c0 (LWP 253)]
[New Thread 0x7fffb6d1a6c0 (LWP 254)]
[Thread 0x7fffb67176c0 (LWP 253) exited]
[Thread 0x7fffb65166c0 (LWP 251) exited]
[Thread 0x7fffb6d1a6c0 (LWP 254) exited]
[Thread 0x7fffb6b196c0 (LWP 252) exited]
[New Thread 0x7fffb6b196c0 (LWP 256)]
[New Thread 0x7fffb6d1a6c0 (LWP 257)]
[New Thread 0x7fffb67176c0 (LWP 258)]
[New Thread 0x7fffb65166c0 (LWP 259)]
[Thread 0x7fffb65166c0 (LWP 259) exited]
[Thread 0x7fffb67176c0 (LWP 258) exited]
[Thread 0x7fffb6d1a6c0 (LWP 257) exited]
[Thread 0x7fffb6b196c0 (LWP 256) exited]
[New Thread 0x7fffb6b196c0 (LWP 261)]
[New Thread 0x7fffb65166c0 (LWP 262)]
[New Thread 0x7fffb67176c0 (LWP 263)]
[New Thread 0x7fffb6d1a6c0 (LWP 264)]
[Thread 0x7fffb6b196c0 (LWP 261) exited]
[Thread 0x7fffb6d1a6c0 (LWP 264) exited]
[Thread 0x7fffb65166c0 (LWP 262) exited]
[Thread 0x7fffb67176c0 (LWP 263) exited]
[New Thread 0x7fffb67176c0 (LWP 266)]
[New Thread 0x7fffb65166c0 (LWP 267)]
[New Thread 0x7fffb6d1a6c0 (LWP 268)]
[New Thread 0x7fffb6b196c0 (LWP 269)]
[Thread 0x7fffb6b196c0 (LWP 269) exited]
[Thread 0x7fffb6d1a6c0 (LWP 268) exited]
[Thread 0x7fffb65166c0 (LWP 267) exited]
[Thread 0x7fffb67176c0 (LWP 266) exited]
[New Thread 0x7fffb67176c0 (LWP 271)]
[New Thread 0x7fffb65166c0 (LWP 272)]
[New Thread 0x7fffb6d1a6c0 (LWP 273)]
[New Thread 0x7fffb6b196c0 (LWP 274)]
[Thread 0x7fffb67176c0 (LWP 271) exited]
[Thread 0x7fffb6d1a6c0 (LWP 273) exited]
[Thread 0x7fffb6b196c0 (LWP 274) exited]
[Thread 0x7fffb65166c0 (LWP 272) exited]
[New Thread 0x7fffb65166c0 (LWP 276)]
[New Thread 0x7fffb6b196c0 (LWP 277)]
[New Thread 0x7fffb6d1a6c0 (LWP 278)]
[New Thread 0x7fffb67176c0 (LWP 279)]
[Thread 0x7fffb67176c0 (LWP 279) exited]
[Thread 0x7fffb6d1a6c0 (LWP 278) exited]
[Thread 0x7fffb6b196c0 (LWP 277) exited]
[Thread 0x7fffb65166c0 (LWP 276) exited]
[New Thread 0x7fffb6b196c0 (LWP 281)]
[New Thread 0x7fffb65166c0 (LWP 282)]
[New Thread 0x7fffb6d1a6c0 (LWP 283)]
[New Thread 0x7fffb67176c0 (LWP 284)]
[Thread 0x7fffb67176c0 (LWP 284) exited]
[Thread 0x7fffb6d1a6c0 (LWP 283) exited]
[Thread 0x7fffb65166c0 (LWP 282) exited]
[Thread 0x7fffb6b196c0 (LWP 281) exited]
[New Thread 0x7fffb6d1a6c0 (LWP 286)]
[New Thread 0x7fffb65166c0 (LWP 287)]
[New Thread 0x7fffb6b196c0 (LWP 288)]
[New Thread 0x7fffb67176c0 (LWP 289)]
[Thread 0x7fffb67176c0 (LWP 289) exited]
[Thread 0x7fffb6b196c0 (LWP 288) exited]
[Thread 0x7fffb65166c0 (LWP 287) exited]
[Thread 0x7fffb6d1a6c0 (LWP 286) exited]
[New Thread 0x7fffb65166c0 (LWP 291)]
[New Thread 0x7fffb67176c0 (LWP 292)]
[New Thread 0x7fffb6b196c0 (LWP 293)]
[New Thread 0x7fffb6d1a6c0 (LWP 294)]
[Thread 0x7fffb65166c0 (LWP 291) exited]
[Thread 0x7fffb6d1a6c0 (LWP 294) exited]
[Thread 0x7fffb6b196c0 (LWP 293) exited]
[Thread 0x7fffb67176c0 (LWP 292) exited]
[Thread 0x7fffec39f6c0 (LWP 209) exited]
[Thread 0x7fffb8bff6c0 (LWP 210) exited]
[Detaching after vfork from child process 295]
[Detaching after vfork from child process 298]
[Detaching after vfork from child process 306]
[Detaching after vfork from child process 309]
[Detaching after vfork from child process 317]
[Detaching after vfork from child process 320]
[Detaching after vfork from child process 328]
[Detaching after vfork from child process 331]
[Thread 0x7fffb9bfd6c0 (LWP 195) exited]
[Thread 0x7fffb751b6c0 (LWP 206) exited]
[Thread 0x7fffb7d1c6c0 (LWP 203) exited]
[Thread 0x7fffbdffb6c0 (LWP 167) exited]
[Thread 0x7fffba3fe6c0 (LWP 194) exited]
[Thread 0x7fffb89fe6c0 (LWP 211) exited]
[Thread 0x7fffb69186c0 (LWP 233) exited]
[Thread 0x7fffdc3fd6c0 (LWP 179) exited]
[Thread 0x7fffdc5fe6c0 (LWP 175) exited]
[Thread 0x7fffbbff76c0 (LWP 171) exited]
[Thread 0x7fffbc7f86c0 (LWP 170) exited]
[Thread 0x7fffbcff96c0 (LWP 169) exited]
[Thread 0x7fffbd7fa6c0 (LWP 168) exited]
[Thread 0x7fffbe7fc6c0 (LWP 166) exited]
[Thread 0x7fffbeffd6c0 (LWP 165) exited]
[Thread 0x7fffbf7fe6c0 (LWP 164) exited]
[Thread 0x7fffbffff6c0 (LWP 147) exited]
[Thread 0x7fffcc9fd6c0 (LWP 145) exited]
[Thread 0x7fffcd1fe6c0 (LWP 129) exited]
[Thread 0x7fffcd9ff6c0 (LWP 128) exited]
[Thread 0x7fffecfea6c0 (LWP 127) exited]
[Thread 0x7fffedbfb6c0 (LWP 125) exited]
[Thread 0x7fffee3fc6c0 (LWP 124) exited]
[Thread 0x7fffeebfd6c0 (LWP 123) exited]
[Thread 0x7fffef3fe6c0 (LWP 122) exited]
[Thread 0x7fffefbff6c0 (LWP 120) exited]
[Thread 0x7ffff24f8500 (LWP 109) exited]
[Thread 0x7fffdc7ff6c0 (LWP 174) exited]
[New process 109]
[Inferior 1 (process 109) exited normally]
