02:19:33.815 MESSAGE ocpn_app.cpp:1273 

________

02:19:33.815    INFO logger.cpp:131 ------- OpenCPN version 5.12.4 restarted at 2026-10-03 -------

02:19:33.815    INFO logger.cpp:131 Using loglevel INFO
02:19:33.815 MESSAGE ocpn_app.cpp:1296 wxWidgets version: wxWidgets 3.2.11 Linux 64 bit wxGTK
02:19:33.821 MESSAGE ocpn_app.cpp:1301 OS Version reports as:  7.2
02:19:33.821 MESSAGE ocpn_app.cpp:1303 MemoryStatus:  mem_total: 7807 mb,  mem_initial: 831 mb
02:19:33.821 MESSAGE ocpn_app.cpp:1315 OCPN_OSDetail:  x86_64 ; Omarchy ; 4.0.4 ; omarchy ; arch
02:19:33.821 MESSAGE ocpn_app.cpp:1319 SData_Locn is /home/standard/Projects/X-nav-worktrees/waypoint-touch-regression/build/xnav-install/share/opencpn/
02:19:33.822 MESSAGE ocpn_app.cpp:1337 PrivateDataDir is /tmp/onx-res-2ljgq048/profile
02:19:33.823 MESSAGE ocpn_app.cpp:1403 Using existing Config_File: /tmp/onx-res-2ljgq048/profile/opencpn.conf
02:19:33.823 MESSAGE navutil.cpp:1130 winPluginDir, read from ini file: 
02:19:33.823 MESSAGE navutil.cpp:3051 Switch InlandEcdis mode Off
02:19:33.823 MESSAGE ConfigMgr.cpp:526 Creating new Configs catalog: /tmp/onx-res-2ljgq048/profile/Configs/configs.xml
02:19:33.823 MESSAGE ConfigMgr.cpp:547 Loading Configs catalog: /tmp/onx-res-2ljgq048/profile/Configs/configs.xml
02:19:33.858 MESSAGE OpenCPNIntegration.cpp:374 SKAGER startup: xnav
02:19:33.859 MESSAGE styles.cpp:841 Styles loading from /home/standard/Projects/X-nav-worktrees/waypoint-touch-regression/build/xnav-install/share/opencpn/uidata/styles.xml
02:19:33.869 MESSAGE styles.cpp:818 No styles found at: /home/standard/
02:19:33.869 MESSAGE styles.cpp:818 No styles found at: /home/standard/.opencpn/
02:19:33.880 MESSAGE styles.cpp:775 Using SVG Icons
02:19:33.880 MESSAGE ocpn_app.cpp:1467 Detected display size (horizontal): 338 mm
02:19:33.881 MESSAGE OCPNPlatform.cpp:1034 Getting DefaultSystemLocale...
02:19:33.882 MESSAGE ocpn_app.cpp:1507 System default Language:  en_US
02:19:33.882 MESSAGE ocpn_app.cpp:1510 Config file language:  
02:19:33.882 MESSAGE ocpn_app.cpp:1516 Config file language empty, using system default:  en_US
02:19:33.882 MESSAGE ocpn_app.cpp:1522 Adjusted App language:  en_US
02:19:33.882 MESSAGE OCPNPlatform.cpp:1115 ChangeLocale: Language load for:  en_US
02:19:33.889 MESSAGE OCPNPlatform.cpp:1168 ChangeLocale: Locale Init OK for:  en_US
02:19:33.889 MESSAGE OCPNPlatform.cpp:1192 Loading catalog for opencpn core.
02:19:33.892 MESSAGE OCPNPlatform.cpp:1034 Getting DefaultSystemLocale...
02:19:33.892 MESSAGE ocpn_app.cpp:1529 Opencpn language set to:  en_US
02:19:33.893 MESSAGE OpenCPNIntegration.cpp:329 SKAGER installed resource defaults: original supported OpenCPN; configured selections preserved
02:19:33.893 MESSAGE ocpn_app.cpp:1767 Creating MyFrame...size(896, 560)  position(0, 0)
02:19:33.910 WARNING navmsg_filter.cpp:202 Bad system filter path: /tmp/onx-res-2ljgq048/profile/filters
02:19:33.916 MESSAGE ocpn_frame.cpp:832  **** Connect stuff
02:19:33.958 MESSAGE chcanv.cpp:2444 Metrics:  m_display_size_mm: 338     g_Platform->getDisplaySize():  1280:800   
02:19:33.958 MESSAGE chcanv.cpp:2450 monitor size: 1280 800
02:19:33.958 MESSAGE TCDataSource.cpp:50 Loading Tide/Current data source: /tmp/onx-res-2ljgq048/Stock Åland/tcdata/harmonics-dwf-20210110-free.tcd
02:19:34.035 MESSAGE TCDataSource.cpp:50 Loading Tide/Current data source: /tmp/onx-res-2ljgq048/Stock Åland/tcdata/HARMONICS_NO_US.IDX
02:19:34.092 MESSAGE chartdb.cpp:219 ChartDB Cache policy:  Max open chart limit is 20.
02:19:34.092 MESSAGE ocpn_app.cpp:1926 GPS Watchdog Timeout is: 10 sec.
02:19:34.092 MESSAGE ocpn_app.cpp:2020 OpenCPN Initialized in 423 ms.
02:19:34.682 MESSAGE ocpn_frame.cpp:4750 OnInitTimer...0
02:19:35.087 MESSAGE waypointman_gui.cpp:83 DPMM: 3.78698   ScaleFactorExp: 1
02:19:35.087 MESSAGE waypointman_gui.cpp:90 Looking for UserIcons at /tmp/onx-res-2ljgq048/profile/UserIcons/
02:19:35.193 MESSAGE ocpn_frame.cpp:4750 OnInitTimer...1
02:19:35.294 MESSAGE ocpn_frame.cpp:4750 OnInitTimer...2
02:19:35.294 MESSAGE plugin_loader.cpp:471 PluginLoader: loading plugins from /home/standard/.local/lib/opencpn
02:19:35.294 MESSAGE plugin_loader.cpp:292 Using LD_LIBRARY_PATH: /home/standard/.local/lib/opencpn:/home/standard/Projects/X-nav/.local/sysroot/usr/lib
02:19:35.294 MESSAGE plugin_loader.cpp:324 Using PATH: /home/standard/.local/bin:/home/standard/Projects/X-nav/.local/sysroot/usr/bin:/usr/local/bin:/usr/bin:/bin
02:19:35.294 MESSAGE plugin_loader.cpp:476 Loading plugins from dir: /home/standard/.local/lib/opencpn
02:19:35.294 MESSAGE plugin_loader.cpp:721 PluginLoader searching for PlugIns in location /home/standard/.local/lib/opencpn
02:19:35.294 MESSAGE plugin_loader.cpp:735    Directory /home/standard/.local/lib/opencpn does not exist.
02:19:35.337 MESSAGE OCPNPlatform.cpp:1115 ChangeLocale: Language load for:  en_US
02:19:35.349 MESSAGE OCPNPlatform.cpp:1168 ChangeLocale: Locale Init OK for:  en_US
02:19:35.349 MESSAGE OCPNPlatform.cpp:1192 Loading catalog for opencpn core.
02:19:35.354 MESSAGE OCPNPlatform.cpp:1034 Getting DefaultSystemLocale...
02:19:35.433 MESSAGE ocpn_frame.cpp:4750 OnInitTimer...3
02:19:35.533 MESSAGE ocpn_frame.cpp:4750 OnInitTimer...4
02:19:36.023 MESSAGE options.cpp:5299 options: got device count: 3
02:19:36.138 MESSAGE ocpn_frame.cpp:4750 OnInitTimer...5
02:19:36.238 MESSAGE ocpn_frame.cpp:4750 OnInitTimer...6
02:19:36.339 MESSAGE ocpn_frame.cpp:4750 OnInitTimer...7
02:19:36.339 MESSAGE ocpn_frame.cpp:5034 OnInitTimer...Last Call
02:19:36.339 MESSAGE ocpn_frame.cpp:5063 OnInitTimer...Finalize Canvases
02:19:37.256 MESSAGE ocpn_app.cpp:2121 opencpn::MyApp starting exit.
02:19:37.257 MESSAGE ocpn_app.cpp:2161 LOGBOOK:  2026-10-03 00:19:37 UTC OFF: Lat    0.00000 Lon    0.00000
02:19:37.257 MESSAGE ocpn_app.cpp:2189 opencpn::MyApp exiting cleanly...

02:19:37.258 MESSAGE ocpn_frame.cpp:5685 Got quitflag from SIGNAL
02:19:37.313 MESSAGE OpenCPNIntegration.cpp:1018 SKAGER close preparation: preserving shared configuration
02:19:37.313 MESSAGE RecoveryStore.cpp:83 SKAGER clean close; startup recovery cleared
02:19:37.359 MESSAGE ocpn_frame.cpp:1831 opencpn::MyFrame exiting cleanly.
02:19:37.360 MESSAGE chartdb.cpp:287 Chart cache PlugIn purge
02:19:37.361 MESSAGE ocpn_frame.cpp:2000 gFrame destroyed.
02:19:37.361 MESSAGE ocpn_app.cpp:2121 opencpn::MyApp starting exit.
02:19:37.361 MESSAGE ocpn_app.cpp:2161 LOGBOOK:  2026-10-03 00:19:37 UTC OFF: Lat   33.35800 Lon  -79.28200
02:19:37.361 MESSAGE TCDataSource.cpp:41 UnLoading Tide/Current data source: /tmp/onx-res-2ljgq048/Stock Åland/tcdata/harmonics-dwf-20210110-free.tcd
02:19:37.368 MESSAGE TCDataSource.cpp:41 UnLoading Tide/Current data source: /tmp/onx-res-2ljgq048/Stock Åland/tcdata/HARMONICS_NO_US.IDX
02:19:37.370 MESSAGE ocpn_app.cpp:2189 opencpn::MyApp exiting cleanly...

02:19:37.653 MESSAGE ocpn_app.cpp:1273 

________

02:19:37.653    INFO logger.cpp:131 ------- OpenCPN version 5.12.4 restarted at 2026-10-03 -------

02:19:37.653    INFO logger.cpp:131 Using loglevel INFO
02:19:37.653 MESSAGE ocpn_app.cpp:1296 wxWidgets version: wxWidgets 3.2.11 Linux 64 bit wxGTK
02:19:37.660 MESSAGE ocpn_app.cpp:1301 OS Version reports as:  7.2
02:19:37.660 MESSAGE ocpn_app.cpp:1303 MemoryStatus:  mem_total: 7807 mb,  mem_initial: 831 mb
02:19:37.660 MESSAGE ocpn_app.cpp:1315 OCPN_OSDetail:  x86_64 ; Omarchy ; 4.0.4 ; omarchy ; arch
02:19:37.660 MESSAGE ocpn_app.cpp:1319 SData_Locn is /home/standard/Projects/X-nav-worktrees/waypoint-touch-regression/build/xnav-install/share/opencpn/
02:19:37.660 MESSAGE ocpn_app.cpp:1337 PrivateDataDir is /tmp/onx-res-2ljgq048/profile
02:19:37.660 MESSAGE ocpn_app.cpp:1403 Using existing Config_File: /tmp/onx-res-2ljgq048/profile/opencpn.conf
02:19:37.661 MESSAGE navutil.cpp:1130 winPluginDir, read from ini file: 
02:19:37.661 MESSAGE navutil.cpp:1212 Setting Ownship Lat/Lon 33.358, -79.282
02:19:37.662 MESSAGE navutil.cpp:3051 Switch InlandEcdis mode Off
02:19:37.662 MESSAGE ConfigMgr.cpp:547 Loading Configs catalog: /tmp/onx-res-2ljgq048/profile/Configs/configs.xml
02:19:37.662 MESSAGE OpenCPNIntegration.cpp:374 SKAGER startup: legacy
02:19:37.663 MESSAGE styles.cpp:841 Styles loading from /home/standard/Projects/X-nav-worktrees/waypoint-touch-regression/build/xnav-install/share/opencpn/uidata/styles.xml
02:19:37.664 MESSAGE styles.cpp:818 No styles found at: /home/standard/
02:19:37.664 MESSAGE styles.cpp:818 No styles found at: /home/standard/.opencpn/
02:19:37.675 MESSAGE styles.cpp:775 Using SVG Icons
02:19:37.675 MESSAGE ocpn_app.cpp:1467 Detected display size (horizontal): 338 mm
02:19:37.675 MESSAGE OCPNPlatform.cpp:1034 Getting DefaultSystemLocale...
02:19:37.677 MESSAGE ocpn_app.cpp:1507 System default Language:  en_US
02:19:37.677 MESSAGE ocpn_app.cpp:1510 Config file language:  en_US
02:19:37.677 MESSAGE ocpn_app.cpp:1522 Adjusted App language:  en_US
02:19:37.677 MESSAGE OCPNPlatform.cpp:1115 ChangeLocale: Language load for:  en_US
02:19:37.684 MESSAGE OCPNPlatform.cpp:1168 ChangeLocale: Locale Init OK for:  en_US
02:19:37.684 MESSAGE OCPNPlatform.cpp:1192 Loading catalog for opencpn core.
02:19:37.689 MESSAGE OCPNPlatform.cpp:1034 Getting DefaultSystemLocale...
02:19:37.689 MESSAGE ocpn_app.cpp:1529 Opencpn language set to:  en_US
02:19:37.689 MESSAGE OpenCPNIntegration.cpp:329 SKAGER installed resource defaults: original supported OpenCPN; configured selections preserved
02:19:37.690 MESSAGE ocpn_app.cpp:1767 Creating MyFrame...size(896, 560)  position(0, 0)
02:19:37.711 MESSAGE ocpn_frame.cpp:832  **** Connect stuff
02:19:37.754 MESSAGE chcanv.cpp:2444 Metrics:  m_display_size_mm: 338     g_Platform->getDisplaySize():  1280:800   
02:19:37.754 MESSAGE chcanv.cpp:2450 monitor size: 1280 800
02:19:37.754 MESSAGE TCDataSource.cpp:50 Loading Tide/Current data source: /tmp/onx-res-2ljgq048/Stock Åland/tcdata/harmonics-dwf-20210110-free.tcd
02:19:37.830 MESSAGE TCDataSource.cpp:50 Loading Tide/Current data source: /tmp/onx-res-2ljgq048/Stock Åland/tcdata/HARMONICS_NO_US.IDX
02:19:37.871 MESSAGE chartsymbols.cpp:699 ChartSymbols loaded from /home/standard/Projects/X-nav-worktrees/waypoint-touch-regression/build/xnav-install/share/opencpn/s57data/chartsymbols.xml
02:19:37.890 MESSAGE ocpn_frame.cpp:8169 Using s57data in /home/standard/Projects/X-nav-worktrees/waypoint-touch-regression/build/xnav-install/share/opencpn/s57data
02:19:37.956 MESSAGE chartdb.cpp:219 ChartDB Cache policy:  Max open chart limit is 20.
02:19:37.956 MESSAGE ocpn_app.cpp:1926 GPS Watchdog Timeout is: 10 sec.
02:19:37.956 MESSAGE ocpn_app.cpp:2020 OpenCPN Initialized in 445 ms.
02:19:38.478 MESSAGE ocpn_frame.cpp:4750 OnInitTimer...0
02:19:38.858 MESSAGE waypointman_gui.cpp:83 DPMM: 3.78698   ScaleFactorExp: 1
02:19:38.858 MESSAGE waypointman_gui.cpp:90 Looking for UserIcons at /tmp/onx-res-2ljgq048/profile/UserIcons/
02:19:38.958 MESSAGE ocpn_frame.cpp:4750 OnInitTimer...1
02:19:39.059 MESSAGE ocpn_frame.cpp:4750 OnInitTimer...2
02:19:39.059 MESSAGE plugin_loader.cpp:471 PluginLoader: loading plugins from /home/standard/.local/lib/opencpn
02:19:39.059 MESSAGE plugin_loader.cpp:292 Using LD_LIBRARY_PATH: /home/standard/.local/lib/opencpn:/home/standard/Projects/X-nav/.local/sysroot/usr/lib
02:19:39.059 MESSAGE plugin_loader.cpp:324 Using PATH: /home/standard/.local/bin:/home/standard/Projects/X-nav/.local/sysroot/usr/bin:/usr/local/bin:/usr/bin:/bin
02:19:39.059 MESSAGE plugin_loader.cpp:476 Loading plugins from dir: /home/standard/.local/lib/opencpn
02:19:39.059 MESSAGE plugin_loader.cpp:721 PluginLoader searching for PlugIns in location /home/standard/.local/lib/opencpn
02:19:39.059 MESSAGE plugin_loader.cpp:735    Directory /home/standard/.local/lib/opencpn does not exist.
02:19:39.093 MESSAGE OCPNPlatform.cpp:1115 ChangeLocale: Language load for:  en_US
02:19:39.104 MESSAGE OCPNPlatform.cpp:1168 ChangeLocale: Locale Init OK for:  en_US
02:19:39.104 MESSAGE OCPNPlatform.cpp:1192 Loading catalog for opencpn core.
02:19:39.110 MESSAGE OCPNPlatform.cpp:1034 Getting DefaultSystemLocale...
02:19:39.185 MESSAGE ocpn_frame.cpp:4750 OnInitTimer...3
02:19:39.285 MESSAGE ocpn_frame.cpp:4750 OnInitTimer...4
02:19:39.775 MESSAGE options.cpp:5299 options: got device count: 3
02:19:39.890 MESSAGE ocpn_frame.cpp:4750 OnInitTimer...5
02:19:39.990 MESSAGE ocpn_frame.cpp:4750 OnInitTimer...6
02:19:40.091 MESSAGE ocpn_frame.cpp:4750 OnInitTimer...7
02:19:40.091 MESSAGE ocpn_frame.cpp:5034 OnInitTimer...Last Call
02:19:40.091 MESSAGE ocpn_frame.cpp:5063 OnInitTimer...Finalize Canvases
02:19:40.904 MESSAGE ocpn_app.cpp:2121 opencpn::MyApp starting exit.
02:19:40.904 MESSAGE ocpn_app.cpp:2161 LOGBOOK:  2026-10-03 00:19:40 UTC OFF: Lat    0.00000 Lon    0.00000
02:19:40.904 MESSAGE ocpn_app.cpp:2189 opencpn::MyApp exiting cleanly...

02:19:40.905 MESSAGE ocpn_frame.cpp:5685 Got quitflag from SIGNAL
02:19:40.965 MESSAGE OpenCPNIntegration.cpp:1018 SKAGER close preparation: preserving shared configuration
02:19:40.966 MESSAGE ocpn_frame.cpp:1831 opencpn::MyFrame exiting cleanly.
02:19:40.967 MESSAGE chartdb.cpp:287 Chart cache PlugIn purge
02:19:40.967 MESSAGE ocpn_frame.cpp:2000 gFrame destroyed.
02:19:40.968 MESSAGE ocpn_app.cpp:2121 opencpn::MyApp starting exit.
02:19:40.968 MESSAGE ocpn_app.cpp:2161 LOGBOOK:  2026-10-03 00:19:40 UTC OFF: Lat   33.35800 Lon  -79.28200
02:19:40.968 MESSAGE TCDataSource.cpp:41 UnLoading Tide/Current data source: /tmp/onx-res-2ljgq048/Stock Åland/tcdata/harmonics-dwf-20210110-free.tcd
02:19:40.975 MESSAGE TCDataSource.cpp:41 UnLoading Tide/Current data source: /tmp/onx-res-2ljgq048/Stock Åland/tcdata/HARMONICS_NO_US.IDX
02:19:40.978 MESSAGE ocpn_app.cpp:2189 opencpn::MyApp exiting cleanly...

02:19:41.258 MESSAGE ocpn_app.cpp:1273 

________

02:19:41.258    INFO logger.cpp:131 ------- OpenCPN version 5.12.4 restarted at 2026-10-03 -------

02:19:41.258    INFO logger.cpp:131 Using loglevel INFO
02:19:41.258 MESSAGE ocpn_app.cpp:1296 wxWidgets version: wxWidgets 3.2.11 Linux 64 bit wxGTK
02:19:41.265 MESSAGE ocpn_app.cpp:1301 OS Version reports as:  7.2
02:19:41.265 MESSAGE ocpn_app.cpp:1303 MemoryStatus:  mem_total: 7807 mb,  mem_initial: 831 mb
02:19:41.265 MESSAGE ocpn_app.cpp:1315 OCPN_OSDetail:  x86_64 ; Omarchy ; 4.0.4 ; omarchy ; arch
02:19:41.265 MESSAGE ocpn_app.cpp:1319 SData_Locn is /home/standard/Projects/X-nav-worktrees/waypoint-touch-regression/build/xnav-install/share/opencpn/
02:19:41.265 MESSAGE ocpn_app.cpp:1337 PrivateDataDir is /tmp/onx-res-2ljgq048/profile
02:19:41.266 MESSAGE ocpn_app.cpp:1403 Using existing Config_File: /tmp/onx-res-2ljgq048/profile/opencpn.conf
02:19:41.268 MESSAGE navutil.cpp:1130 winPluginDir, read from ini file: 
02:19:41.268 MESSAGE navutil.cpp:1212 Setting Ownship Lat/Lon 33.358, -79.282
02:19:41.269 MESSAGE navutil.cpp:3051 Switch InlandEcdis mode Off
02:19:41.269 MESSAGE ConfigMgr.cpp:547 Loading Configs catalog: /tmp/onx-res-2ljgq048/profile/Configs/configs.xml
02:19:41.269 MESSAGE OpenCPNIntegration.cpp:374 SKAGER startup: safe
02:19:41.270 MESSAGE styles.cpp:841 Styles loading from /home/standard/Projects/X-nav-worktrees/waypoint-touch-regression/build/xnav-install/share/opencpn/uidata/styles.xml
02:19:41.271 MESSAGE styles.cpp:818 No styles found at: /home/standard/
02:19:41.271 MESSAGE styles.cpp:818 No styles found at: /home/standard/.opencpn/
02:19:41.282 MESSAGE styles.cpp:775 Using SVG Icons
02:19:41.283 MESSAGE ocpn_app.cpp:1467 Detected display size (horizontal): 338 mm
02:19:41.283 MESSAGE OCPNPlatform.cpp:1034 Getting DefaultSystemLocale...
02:19:41.284 MESSAGE ocpn_app.cpp:1507 System default Language:  en_US
02:19:41.284 MESSAGE ocpn_app.cpp:1510 Config file language:  en_US
02:19:41.284 MESSAGE ocpn_app.cpp:1522 Adjusted App language:  en_US
02:19:41.284 MESSAGE OCPNPlatform.cpp:1115 ChangeLocale: Language load for:  en_US
02:19:41.291 MESSAGE OCPNPlatform.cpp:1168 ChangeLocale: Locale Init OK for:  en_US
02:19:41.291 MESSAGE OCPNPlatform.cpp:1192 Loading catalog for opencpn core.
02:19:41.296 MESSAGE OCPNPlatform.cpp:1034 Getting DefaultSystemLocale...
02:19:41.296 MESSAGE ocpn_app.cpp:1529 Opencpn language set to:  en_US
02:19:41.296 MESSAGE OpenCPNIntegration.cpp:329 SKAGER installed resource defaults: original supported OpenCPN; configured selections preserved
02:19:41.297 MESSAGE ocpn_app.cpp:1767 Creating MyFrame...size(896, 560)  position(0, 0)
02:19:41.320 MESSAGE ocpn_frame.cpp:832  **** Connect stuff
02:19:41.363 MESSAGE chcanv.cpp:2444 Metrics:  m_display_size_mm: 338     g_Platform->getDisplaySize():  1280:800   
02:19:41.363 MESSAGE chcanv.cpp:2450 monitor size: 1280 800
02:19:41.363 MESSAGE TCDataSource.cpp:50 Loading Tide/Current data source: /tmp/onx-res-2ljgq048/Stock Åland/tcdata/harmonics-dwf-20210110-free.tcd
02:19:41.466 MESSAGE chartsymbols.cpp:699 ChartSymbols loaded from /home/standard/Projects/X-nav-worktrees/waypoint-touch-regression/build/xnav-install/share/opencpn/s57data/chartsymbols.xml
02:19:41.485 MESSAGE ocpn_frame.cpp:8169 Using s57data in /home/standard/Projects/X-nav-worktrees/waypoint-touch-regression/build/xnav-install/share/opencpn/s57data
02:19:41.558 MESSAGE chartdb.cpp:219 ChartDB Cache policy:  Max open chart limit is 20.
02:19:41.558 MESSAGE ocpn_app.cpp:1926 GPS Watchdog Timeout is: 10 sec.
02:19:41.559 MESSAGE ocpn_app.cpp:2020 OpenCPN Initialized in 439 ms.
02:19:42.082 MESSAGE ocpn_frame.cpp:4750 OnInitTimer...0
02:19:42.455 MESSAGE waypointman_gui.cpp:83 DPMM: 3.78698   ScaleFactorExp: 1
02:19:42.455 MESSAGE waypointman_gui.cpp:90 Looking for UserIcons at /tmp/onx-res-2ljgq048/profile/UserIcons/
02:19:42.555 MESSAGE ocpn_frame.cpp:4750 OnInitTimer...1
02:19:42.656 MESSAGE ocpn_frame.cpp:4750 OnInitTimer...2
02:19:42.656 MESSAGE plugin_loader.cpp:471 PluginLoader: loading plugins from /home/standard/.local/lib/opencpn
02:19:42.656 MESSAGE plugin_loader.cpp:292 Using LD_LIBRARY_PATH: /home/standard/.local/lib/opencpn:/home/standard/Projects/X-nav/.local/sysroot/usr/lib
02:19:42.656 MESSAGE plugin_loader.cpp:324 Using PATH: /home/standard/.local/bin:/home/standard/Projects/X-nav/.local/sysroot/usr/bin:/usr/local/bin:/usr/bin:/bin
02:19:42.656 MESSAGE plugin_loader.cpp:476 Loading plugins from dir: /home/standard/.local/lib/opencpn
02:19:42.656 MESSAGE plugin_loader.cpp:721 PluginLoader searching for PlugIns in location /home/standard/.local/lib/opencpn
02:19:42.656 MESSAGE plugin_loader.cpp:735    Directory /home/standard/.local/lib/opencpn does not exist.
02:19:42.693 MESSAGE OCPNPlatform.cpp:1115 ChangeLocale: Language load for:  en_US
02:19:42.703 MESSAGE OCPNPlatform.cpp:1168 ChangeLocale: Locale Init OK for:  en_US
02:19:42.703 MESSAGE OCPNPlatform.cpp:1192 Loading catalog for opencpn core.
02:19:42.708 MESSAGE OCPNPlatform.cpp:1034 Getting DefaultSystemLocale...
02:19:42.785 MESSAGE ocpn_frame.cpp:4750 OnInitTimer...3
02:19:42.885 MESSAGE ocpn_frame.cpp:4750 OnInitTimer...4
02:19:43.367 MESSAGE options.cpp:5299 options: got device count: 3
02:19:43.483 MESSAGE ocpn_frame.cpp:4750 OnInitTimer...5
02:19:43.583 MESSAGE ocpn_frame.cpp:4750 OnInitTimer...6
02:19:43.684 MESSAGE ocpn_frame.cpp:4750 OnInitTimer...7
02:19:43.684 MESSAGE ocpn_frame.cpp:5034 OnInitTimer...Last Call
02:19:43.684 MESSAGE ocpn_frame.cpp:5063 OnInitTimer...Finalize Canvases
02:19:44.508 MESSAGE ocpn_app.cpp:2121 opencpn::MyApp starting exit.
02:19:44.508 MESSAGE ocpn_app.cpp:2161 LOGBOOK:  2026-10-03 00:19:44 UTC OFF: Lat    0.00000 Lon    0.00000
02:19:44.508 MESSAGE ocpn_app.cpp:2189 opencpn::MyApp exiting cleanly...

02:19:44.509 MESSAGE ocpn_frame.cpp:5685 Got quitflag from SIGNAL
02:19:44.578 MESSAGE OpenCPNIntegration.cpp:1018 SKAGER close preparation: preserving shared configuration
02:19:44.580 MESSAGE ocpn_frame.cpp:1831 opencpn::MyFrame exiting cleanly.
02:19:44.581 MESSAGE chartdb.cpp:287 Chart cache PlugIn purge
02:19:44.582 MESSAGE ocpn_frame.cpp:2000 gFrame destroyed.
02:19:44.583 MESSAGE ocpn_app.cpp:2121 opencpn::MyApp starting exit.
02:19:44.583 MESSAGE ocpn_app.cpp:2161 LOGBOOK:  2026-10-03 00:19:44 UTC OFF: Lat   33.35800 Lon  -79.28200
02:19:44.583 MESSAGE TCDataSource.cpp:41 UnLoading Tide/Current data source: /tmp/onx-res-2ljgq048/Stock Åland/tcdata/harmonics-dwf-20210110-free.tcd
02:19:44.591 MESSAGE ocpn_app.cpp:2189 opencpn::MyApp exiting cleanly...

