2026-10-03T14:48:49.2247411Z Current runner version: '2.337.0'
2026-10-03T14:48:49.2515917Z ##[group]Runner Image Provisioner
2026-10-03T14:48:49.2516747Z Hosted Compute Agent
2026-10-03T14:48:49.2517282Z Version: 20260901.588
2026-10-03T14:48:49.2517856Z Commit: f88ec8081b781fac6c440065ac7ff9e710ce3d0b
2026-10-03T14:48:49.2518555Z Build Date: 2026-09-01T19:56:44Z
2026-10-03T14:48:49.2519172Z Worker ID: {a9755cab-41e3-4967-aff1-44f6613fb90c}
2026-10-03T14:48:49.2519835Z Azure Region: westus
2026-10-03T14:48:49.2520370Z ##[endgroup]
2026-10-03T14:48:49.2521670Z ##[group]Operating System
2026-10-03T14:48:49.2522324Z Microsoft Windows Server 2022
2026-10-03T14:48:49.2522895Z 10.0.20348
2026-10-03T14:48:49.2523364Z Datacenter
2026-10-03T14:48:49.2523843Z ##[endgroup]
2026-10-03T14:48:49.2524342Z ##[group]Runner Image
2026-10-03T14:48:49.2524884Z Image: windows-2022
2026-10-03T14:48:49.2525382Z Version: 20260927.320.1
2026-10-03T14:48:49.2526701Z Included Software: https://github.com/actions/runner-images/blob/win22/20260927.320/images/windows/Windows2022-Readme.md
2026-10-03T14:48:49.2528137Z Image Release: https://github.com/actions/runner-images/releases/tag/win22%2F20260927.320
2026-10-03T14:48:49.2529064Z ##[endgroup]
2026-10-03T14:48:49.2530071Z ##[group]GITHUB_TOKEN Permissions
2026-10-03T14:48:49.2531903Z Contents: read
2026-10-03T14:48:49.2532464Z Metadata: read
2026-10-03T14:48:49.2532977Z ##[endgroup]
2026-10-03T14:48:49.2534950Z Secret source: Actions
2026-10-03T14:48:49.2535754Z Cache mode: write
2026-10-03T14:48:49.2536416Z Prepare workflow directory
2026-10-03T14:48:49.3636956Z Prepare all required actions
2026-10-03T14:48:49.3684502Z Getting action download info
2026-10-03T14:48:49.8280193Z Download action repository 'actions/checkout@11d5960a326750d5838078e36cf38b85af677262' (SHA:11d5960a326750d5838078e36cf38b85af677262)
2026-10-03T14:48:50.0000253Z Download action repository 'actions/upload-artifact@ea165f8d65b6e75b540449e92b4886f43607fa02' (SHA:ea165f8d65b6e75b540449e92b4886f43607fa02)
2026-10-03T14:48:50.6468245Z Complete job name: Native portable collector paths, no application build
2026-10-03T14:48:51.3684929Z ##[group]Run actions/checkout@11d5960a326750d5838078e36cf38b85af677262
2026-10-03T14:48:51.3686247Z with:
2026-10-03T14:48:51.3686737Z   repository: ThereptileII/Work
2026-10-03T14:48:51.3691239Z   token: ***
2026-10-03T14:48:51.3691707Z   ssh-strict: true
2026-10-03T14:48:51.3692172Z   ssh-user: git
2026-10-03T14:48:51.3692639Z   persist-credentials: true
2026-10-03T14:48:51.3693173Z   clean: true
2026-10-03T14:48:51.3693647Z   sparse-checkout-cone-mode: true
2026-10-03T14:48:51.3694208Z   fetch-depth: 1
2026-10-03T14:48:51.3694660Z   fetch-tags: false
2026-10-03T14:48:51.3695135Z   show-progress: true
2026-10-03T14:48:51.3695612Z   lfs: false
2026-10-03T14:48:51.3696061Z   submodules: false
2026-10-03T14:48:51.3696566Z   set-safe-directory: true
2026-10-03T14:48:51.3697111Z   allow-unsafe-pr-checkout: false
2026-10-03T14:48:51.3697889Z ##[endgroup]
2026-10-03T14:48:51.5660081Z Syncing repository: ThereptileII/Work
2026-10-03T14:48:51.5662265Z ##[group]Getting Git version info
2026-10-03T14:48:51.5662985Z Working directory is 'D:\a\Work\Work'
2026-10-03T14:48:51.7403470Z [command]"C:\Program Files\Git\bin\git.exe" version
2026-10-03T14:48:52.0970778Z git version 2.55.0.windows.5
2026-10-03T14:48:52.1010449Z ##[endgroup]
2026-10-03T14:48:52.1054389Z Temporarily overriding HOME='D:\a\_temp\16bd28bd-8ca0-4565-8952-7b38b1e4d7c7' before making global git config changes
2026-10-03T14:48:52.1057849Z Adding repository directory to the temporary git global config as a safe directory
2026-10-03T14:48:52.1061006Z [command]"C:\Program Files\Git\bin\git.exe" config --global --add safe.directory D:\a\Work\Work
2026-10-03T14:48:52.1572129Z Deleting the contents of 'D:\a\Work\Work'
2026-10-03T14:48:52.1577518Z ##[group]Initializing the repository
2026-10-03T14:48:52.1585717Z [command]"C:\Program Files\Git\bin\git.exe" init D:\a\Work\Work
2026-10-03T14:48:52.2381677Z Initialized empty Git repository in D:/a/Work/Work/.git/
2026-10-03T14:48:52.2474409Z [command]"C:\Program Files\Git\bin\git.exe" remote add origin https://github.com/ThereptileII/Work
2026-10-03T14:48:52.2954878Z ##[endgroup]
2026-10-03T14:48:52.2957204Z ##[group]Disabling automatic garbage collection
2026-10-03T14:48:52.2965295Z [command]"C:\Program Files\Git\bin\git.exe" config --local gc.auto 0
2026-10-03T14:48:52.3285909Z ##[endgroup]
2026-10-03T14:48:52.3288716Z ##[group]Setting up auth
2026-10-03T14:48:52.3298460Z [command]"C:\Program Files\Git\bin\git.exe" config --local --name-only --get-regexp core\.sshCommand
2026-10-03T14:48:52.3595333Z [command]"C:\Program Files\Git\bin\git.exe" submodule foreach --recursive "sh -c \"git config --local --name-only --get-regexp 'core\.sshCommand' && git config --local --unset-all 'core.sshCommand' || :\""
2026-10-03T14:48:53.7513035Z [command]"C:\Program Files\Git\bin\git.exe" config --local --name-only --get-regexp http\.https\:\/\/github\.com\/\.extraheader
2026-10-03T14:48:53.7842271Z [command]"C:\Program Files\Git\bin\git.exe" submodule foreach --recursive "sh -c \"git config --local --name-only --get-regexp 'http\.https\:\/\/github\.com\/\.extraheader' && git config --local --unset-all 'http.https://github.com/.extraheader' || :\""
2026-10-03T14:48:54.3761843Z [command]"C:\Program Files\Git\bin\git.exe" config --local --name-only --get-regexp ^includeIf\.gitdir:
2026-10-03T14:48:54.4076659Z [command]"C:\Program Files\Git\bin\git.exe" submodule foreach --recursive "git config --local --show-origin --name-only --get-regexp remote.origin.url"
2026-10-03T14:48:54.9463678Z [command]"C:\Program Files\Git\bin\git.exe" config --local http.https://github.com/.extraheader "AUTHORIZATION: basic ***"
2026-10-03T14:48:54.9751543Z ##[endgroup]
2026-10-03T14:48:54.9752115Z ##[group]Fetching the repository
2026-10-03T14:48:54.9764394Z [command]"C:\Program Files\Git\bin\git.exe" -c protocol.version=2 fetch --no-tags --prune --no-recurse-submodules --depth=1 origin +3804b1f38143be6229b26d5bb2bca21181ca16dc:refs/remotes/origin/skager-portable-capture
2026-10-03T14:49:11.5042558Z From https://github.com/ThereptileII/Work
2026-10-03T14:49:11.5043341Z  * [new ref]         3804b1f38143be6229b26d5bb2bca21181ca16dc -> origin/skager-portable-capture
2026-10-03T14:49:11.5130968Z ##[endgroup]
2026-10-03T14:49:11.5131656Z ##[group]Determining the checkout info
2026-10-03T14:49:11.5137369Z ##[endgroup]
2026-10-03T14:49:11.5177488Z [command]"C:\Program Files\Git\bin\git.exe" sparse-checkout disable
2026-10-03T14:49:11.6058288Z [command]"C:\Program Files\Git\bin\git.exe" config --local --unset-all extensions.worktreeConfig
2026-10-03T14:49:11.6345825Z ##[group]Checking out the ref
2026-10-03T14:49:11.6356013Z [command]"C:\Program Files\Git\bin\git.exe" checkout --progress --force -B skager-portable-capture refs/remotes/origin/skager-portable-capture
2026-10-03T14:49:12.7069063Z Updating files:  36% (1706/4701)
2026-10-03T14:49:12.7363968Z Updating files:  37% (1740/4701)
2026-10-03T14:49:12.7607559Z Updating files:  38% (1787/4701)
2026-10-03T14:49:12.7741512Z Updating files:  39% (1834/4701)
2026-10-03T14:49:12.7834566Z Updating files:  40% (1881/4701)
2026-10-03T14:49:12.7989750Z Updating files:  41% (1928/4701)
2026-10-03T14:49:12.8124939Z Updating files:  42% (1975/4701)
2026-10-03T14:49:12.8236922Z Updating files:  43% (2022/4701)
2026-10-03T14:49:12.8336792Z Updating files:  44% (2069/4701)
2026-10-03T14:49:12.8420790Z Updating files:  45% (2116/4701)
2026-10-03T14:49:12.8590913Z Updating files:  46% (2163/4701)
2026-10-03T14:49:12.8736007Z Updating files:  47% (2210/4701)
2026-10-03T14:49:12.8861241Z Updating files:  48% (2257/4701)
2026-10-03T14:49:12.8979117Z Updating files:  49% (2304/4701)
2026-10-03T14:49:12.9114242Z Updating files:  50% (2351/4701)
2026-10-03T14:49:12.9235878Z Updating files:  51% (2398/4701)
2026-10-03T14:49:12.9354171Z Updating files:  52% (2445/4701)
2026-10-03T14:49:12.9450753Z Updating files:  53% (2492/4701)
2026-10-03T14:49:12.9588249Z Updating files:  54% (2539/4701)
2026-10-03T14:49:12.9729022Z Updating files:  55% (2586/4701)
2026-10-03T14:49:12.9803563Z Updating files:  56% (2633/4701)
2026-10-03T14:49:12.9938052Z Updating files:  57% (2680/4701)
2026-10-03T14:49:13.0018354Z Updating files:  58% (2727/4701)
2026-10-03T14:49:13.0283561Z Updating files:  59% (2774/4701)
2026-10-03T14:49:13.0622520Z Updating files:  60% (2821/4701)
2026-10-03T14:49:13.0792530Z Updating files:  61% (2868/4701)
2026-10-03T14:49:13.0932841Z Updating files:  62% (2915/4701)
2026-10-03T14:49:13.1213584Z Updating files:  63% (2962/4701)
2026-10-03T14:49:13.1430795Z Updating files:  64% (3009/4701)
2026-10-03T14:49:13.1650841Z Updating files:  65% (3056/4701)
2026-10-03T14:49:13.2298845Z Updating files:  66% (3103/4701)
2026-10-03T14:49:13.2996062Z Updating files:  67% (3150/4701)
2026-10-03T14:49:13.3623514Z Updating files:  68% (3197/4701)
2026-10-03T14:49:13.3806097Z Updating files:  69% (3244/4701)
2026-10-03T14:49:13.3973894Z Updating files:  70% (3291/4701)
2026-10-03T14:49:13.4320353Z Updating files:  71% (3338/4701)
2026-10-03T14:49:13.4529882Z Updating files:  72% (3385/4701)
2026-10-03T14:49:13.4855633Z Updating files:  73% (3432/4701)
2026-10-03T14:49:13.5108850Z Updating files:  74% (3479/4701)
2026-10-03T14:49:13.5264575Z Updating files:  75% (3526/4701)
2026-10-03T14:49:13.5366406Z Updating files:  76% (3573/4701)
2026-10-03T14:49:13.5549580Z Updating files:  77% (3620/4701)
2026-10-03T14:49:13.5699526Z Updating files:  78% (3667/4701)
2026-10-03T14:49:13.5781073Z Updating files:  79% (3714/4701)
2026-10-03T14:49:13.5851820Z Updating files:  80% (3761/4701)
2026-10-03T14:49:13.5933349Z Updating files:  81% (3808/4701)
2026-10-03T14:49:13.6036582Z Updating files:  82% (3855/4701)
2026-10-03T14:49:13.6112388Z Updating files:  83% (3902/4701)
2026-10-03T14:49:13.6198979Z Updating files:  84% (3949/4701)
2026-10-03T14:49:13.6286814Z Updating files:  85% (3996/4701)
2026-10-03T14:49:13.6375304Z Updating files:  86% (4043/4701)
2026-10-03T14:49:13.6470358Z Updating files:  87% (4090/4701)
2026-10-03T14:49:13.6560190Z Updating files:  88% (4137/4701)
2026-10-03T14:49:13.6775101Z Updating files:  89% (4184/4701)
2026-10-03T14:49:13.6810178Z Updating files:  89% (4214/4701)
2026-10-03T14:49:13.6901203Z Updating files:  90% (4231/4701)
2026-10-03T14:49:13.6991124Z Updating files:  91% (4278/4701)
2026-10-03T14:49:13.7088773Z Updating files:  92% (4325/4701)
2026-10-03T14:49:13.7176074Z Updating files:  93% (4372/4701)
2026-10-03T14:49:13.7274416Z Updating files:  94% (4419/4701)
2026-10-03T14:49:13.7359893Z Updating files:  95% (4466/4701)
2026-10-03T14:49:13.7467429Z Updating files:  96% (4513/4701)
2026-10-03T14:49:13.7628284Z Updating files:  97% (4560/4701)
2026-10-03T14:49:13.7961904Z Updating files:  98% (4607/4701)
2026-10-03T14:49:13.8255156Z Updating files:  99% (4654/4701)
2026-10-03T14:49:13.8256789Z Updating files: 100% (4701/4701)
2026-10-03T14:49:13.8257240Z Updating files: 100% (4701/4701), done.
2026-10-03T14:49:13.8859425Z Switched to a new branch 'skager-portable-capture'
2026-10-03T14:49:13.8922799Z branch 'skager-portable-capture' set up to track 'origin/skager-portable-capture'.
2026-10-03T14:49:13.9264035Z ##[endgroup]
2026-10-03T14:49:13.9718990Z [command]"C:\Program Files\Git\bin\git.exe" log -1 --format=%H
2026-10-03T14:49:13.9915254Z 3804b1f38143be6229b26d5bb2bca21181ca16dc
2026-10-03T14:49:14.0268116Z ##[group]Run $ErrorActionPreference = 'Stop'
2026-10-03T14:49:14.0268585Z [36;1m$ErrorActionPreference = 'Stop'[0m
2026-10-03T14:49:14.0268985Z [36;1m$Out = 'opennav-x/evidence/local/portable-capture-boundary'[0m
2026-10-03T14:49:14.0269501Z [36;1mNew-Item -ItemType Directory $Out -ErrorAction Stop | Out-Null[0m
2026-10-03T14:49:14.0269874Z [36;1m$Sources = @{}[0m
2026-10-03T14:49:14.0270289Z [36;1mforeach ($Path in @('src/platform/PortableProfile.cpp','src/platform/PortableProfile.h',[0m
2026-10-03T14:49:14.0270940Z [36;1m    'tools/prototype/recovery_capture_inputs.py','tests/recovery_capture_inputs_tests.py',[0m
2026-10-03T14:49:14.0271948Z [36;1m    'tests/portable_capture_boundary_tests.py','tests/portable_capture_boundary/probe.cpp',[0m
2026-10-03T14:49:14.0272461Z [36;1m    'tests/portable_capture_boundary/CMakeLists.txt')) {[0m
2026-10-03T14:49:14.0273004Z [36;1m  $Sources[$Path] = (Get-FileHash "opennav-x/$Path" -Algorithm SHA256).Hash.ToLowerInvariant()[0m
2026-10-03T14:49:14.0273441Z [36;1m}[0m
2026-10-03T14:49:14.0273749Z [36;1m@{commit=$env:GITHUB_SHA;run=$env:GITHUB_RUN_ID;attempt=$env:GITHUB_RUN_ATTEMPT;[0m
2026-10-03T14:49:14.0274373Z [36;1m  scope='Collector path isolation; unchanged production guard; no OpenCPN launch';sources=$Sources} |[0m
2026-10-03T14:49:14.0274985Z [36;1m  ConvertTo-Json -Depth 4 | Set-Content -Encoding utf8 "$Out/source.json"[0m
2026-10-03T14:49:14.0275500Z [36;1mpython -m pip install Pillow==11.3.0 2>&1 | Tee-Object "$Out/dependencies.log"[0m
2026-10-03T14:49:14.0275947Z [36;1mif ($LASTEXITCODE -ne 0) { exit $LASTEXITCODE }[0m
2026-10-03T14:49:14.0276452Z [36;1mpython opennav-x/tests/recovery_capture_inputs_tests.py 2>&1 | Tee-Object "$Out/offline.log"[0m
2026-10-03T14:49:14.0276956Z [36;1mif ($LASTEXITCODE -ne 0) { exit $LASTEXITCODE }[0m
2026-10-03T14:49:14.0277721Z [36;1mcmake -S opennav-x/tests/portable_capture_boundary -B opennav-x/build/portable-capture-boundary -G "Visual Studio 17 2022" -A Win32 2>&1 | Tee-Object "$Out/configure.log"[0m
2026-10-03T14:49:14.0278484Z [36;1mif ($LASTEXITCODE -ne 0) { exit $LASTEXITCODE }[0m
2026-10-03T14:49:14.0279040Z [36;1mcmake --build opennav-x/build/portable-capture-boundary --config Release 2>&1 | Tee-Object "$Out/compile.log"[0m
2026-10-03T14:49:14.0279604Z [36;1mif ($LASTEXITCODE -ne 0) { exit $LASTEXITCODE }[0m
2026-10-03T14:49:14.0280576Z [36;1mpython opennav-x/tests/portable_capture_boundary_tests.py --probe opennav-x/build/portable-capture-boundary/Release/portable-capture-probe.exe --output "$Out/portable-boundary.json" 2>&1 | Tee-Object "$Out/boundary.log"[0m
2026-10-03T14:49:14.0281572Z [36;1mif ($LASTEXITCODE -ne 0) { exit $LASTEXITCODE }[0m
2026-10-03T14:49:14.0391523Z shell: C:\Program Files\PowerShell\7\pwsh.EXE -command ". '{0}'"
2026-10-03T14:49:14.0391907Z ##[endgroup]
2026-10-03T14:49:19.3556183Z Collecting Pillow==11.3.0
2026-10-03T14:49:19.5039834Z   Downloading pillow-11.3.0-cp312-cp312-win_amd64.whl.metadata (9.2 kB)
2026-10-03T14:49:19.5313490Z Downloading pillow-11.3.0-cp312-cp312-win_amd64.whl (7.0 MB)
2026-10-03T14:49:19.7204953Z    ---------------------------------------- 7.0/7.0 MB 106.7 MB/s  0:00:00
2026-10-03T14:49:19.9741923Z Installing collected packages: Pillow
2026-10-03T14:49:20.5488481Z Successfully installed Pillow-11.3.0
2026-10-03T14:49:22.8246471Z [31;1m.....................[0m
2026-10-03T14:49:22.8264428Z [31;1m----------------------------------------------------------------------[0m
2026-10-03T14:49:22.8271454Z [31;1mRan 21 tests in 1.903s[0m
2026-10-03T14:49:22.8284179Z [31;1m[0m
2026-10-03T14:49:22.8291015Z [31;1mOK[0m
2026-10-03T14:49:23.7703143Z -- Selecting Windows SDK version 10.0.26100.0 to target Windows 10.0.20348.
2026-10-03T14:49:33.7460329Z -- The CXX compiler identification is MSVC 19.44.35229.0
2026-10-03T14:49:34.1600341Z -- Detecting CXX compiler ABI info
2026-10-03T14:49:36.1513158Z -- Detecting CXX compiler ABI info - done
2026-10-03T14:49:36.1649841Z -- Check for working CXX compiler: C:/Program Files/Microsoft Visual Studio/2022/Enterprise/VC/Tools/MSVC/14.44.35207/bin/Hostx64/x86/cl.exe - skipped
2026-10-03T14:49:36.1661256Z -- Detecting CXX compile features
2026-10-03T14:49:36.1735100Z -- Detecting CXX compile features - done
2026-10-03T14:49:36.1907068Z -- Configuring done (12.7s)
2026-10-03T14:49:36.2147868Z -- Generating done (0.0s)
2026-10-03T14:49:36.2154805Z -- Build files have been written to: D:/a/Work/Work/opennav-x/build/portable-capture-boundary
2026-10-03T14:49:36.4803821Z MSBuild version 17.14.60+43b635718 for .NET Framework
2026-10-03T14:49:36.5137336Z 
2026-10-03T14:49:37.2762745Z   1>Checking Build System
2026-10-03T14:49:37.4307941Z   Building Custom Rule D:/a/Work/Work/opennav-x/tests/portable_capture_boundary/CMakeLists.txt
2026-10-03T14:49:37.5793976Z   probe.cpp
2026-10-03T14:49:39.6226096Z   PortableProfile.cpp
2026-10-03T14:49:40.4139179Z   Generating Code...
2026-10-03T14:49:41.6039563Z   portable-capture-probe.vcxproj -> D:\a\Work\Work\opennav-x\build\portable-capture-boundary\Release\portable-capture-probe.exe
2026-10-03T14:49:41.6520775Z   Building Custom Rule D:/a/Work/Work/opennav-x/tests/portable_capture_boundary/CMakeLists.txt
2026-10-03T14:49:42.0219780Z 4 production portable-boundary checks passed
2026-10-03T14:49:42.0787476Z ##[group]Run actions/upload-artifact@ea165f8d65b6e75b540449e92b4886f43607fa02
2026-10-03T14:49:42.0787944Z with:
2026-10-03T14:49:42.0788334Z   name: portable-capture-boundary-3804b1f38143be6229b26d5bb2bca21181ca16dc
2026-10-03T14:49:42.0788826Z   path: opennav-x/evidence/local/portable-capture-boundary
2026-10-03T14:49:42.0789168Z   if-no-files-found: error
2026-10-03T14:49:42.0789383Z   compression-level: 6
2026-10-03T14:49:42.0789590Z   overwrite: false
2026-10-03T14:49:42.0789794Z   include-hidden-files: false
2026-10-03T14:49:42.0790020Z ##[endgroup]
2026-10-03T14:49:42.2608046Z (node:1460) [DEP0040] DeprecationWarning: The `punycode` module is deprecated. Please use a userland alternative instead.
2026-10-03T14:49:42.2608776Z (Use `node --trace-deprecation ...` to show where the warning was created)
2026-10-03T14:49:42.2689253Z With the provided path, there will be 7 files uploaded
2026-10-03T14:49:42.2694299Z Artifact name is valid!
2026-10-03T14:49:42.2696972Z Root directory input is valid!
2026-10-03T14:49:42.6440661Z Beginning upload of artifact content to blob storage
2026-10-03T14:49:42.6746124Z (node:1460) [DEP0169] DeprecationWarning: `url.parse()` behavior is not standardized and prone to errors that have security implications. Use the WHATWG URL API instead. CVEs are not issued for `url.parse()` vulnerabilities.
2026-10-03T14:49:42.9511405Z Uploaded bytes 2650
2026-10-03T14:49:43.0279307Z Finished uploading artifact content to blob storage!
2026-10-03T14:49:43.0280980Z SHA256 digest of uploaded artifact zip is 36679a5f5aa7c28d3dd775e18e41607aa0347a8632bc8c2fc65d23f7cf4628ab
2026-10-03T14:49:43.0283361Z Finalizing artifact upload
2026-10-03T14:49:43.3024750Z Artifact portable-capture-boundary-3804b1f38143be6229b26d5bb2bca21181ca16dc.zip successfully finalized. Artifact ID 11277045734
2026-10-03T14:49:43.3026036Z Artifact portable-capture-boundary-3804b1f38143be6229b26d5bb2bca21181ca16dc has been successfully uploaded! Final size is 2650 bytes. Artifact ID is 11277045734
2026-10-03T14:49:43.3035407Z Artifact download URL: https://github.com/ThereptileII/Work/actions/runs/37130959195/artifacts/11277045734
2026-10-03T14:49:43.3342940Z Post job cleanup.
2026-10-03T14:49:43.5229982Z [command]"C:\Program Files\Git\bin\git.exe" version
2026-10-03T14:49:43.5436820Z git version 2.55.0.windows.5
2026-10-03T14:49:43.5505297Z Temporarily overriding HOME='D:\a\_temp\bf330065-2a30-4682-aa55-7f82081bd292' before making global git config changes
2026-10-03T14:49:43.5506551Z Adding repository directory to the temporary git global config as a safe directory
2026-10-03T14:49:43.5518057Z [command]"C:\Program Files\Git\bin\git.exe" config --global --add safe.directory D:\a\Work\Work
2026-10-03T14:49:43.5766247Z [command]"C:\Program Files\Git\bin\git.exe" config --local --name-only --get-regexp core\.sshCommand
2026-10-03T14:49:43.6062821Z [command]"C:\Program Files\Git\bin\git.exe" submodule foreach --recursive "sh -c \"git config --local --name-only --get-regexp 'core\.sshCommand' && git config --local --unset-all 'core.sshCommand' || :\""
2026-10-03T14:49:44.2220266Z [command]"C:\Program Files\Git\bin\git.exe" config --local --name-only --get-regexp http\.https\:\/\/github\.com\/\.extraheader
2026-10-03T14:49:44.2415122Z http.https://github.com/.extraheader
2026-10-03T14:49:44.2450895Z [command]"C:\Program Files\Git\bin\git.exe" config --local --unset-all http.https://github.com/.extraheader
2026-10-03T14:49:44.2673477Z [command]"C:\Program Files\Git\bin\git.exe" submodule foreach --recursive "sh -c \"git config --local --name-only --get-regexp 'http\.https\:\/\/github\.com\/\.extraheader' && git config --local --unset-all 'http.https://github.com/.extraheader' || :\""
2026-10-03T14:49:44.6957777Z [command]"C:\Program Files\Git\bin\git.exe" config --local --name-only --get-regexp ^includeIf\.gitdir:
2026-10-03T14:49:44.7196287Z [command]"C:\Program Files\Git\bin\git.exe" submodule foreach --recursive "git config --local --show-origin --name-only --get-regexp remote.origin.url"
2026-10-03T14:49:45.1436351Z Cleaning up orphan processes
2026-10-03T14:49:45.2020214Z Terminate orphan process: pid (6644) (vctip)
2026-10-03T14:49:45.2374895Z ##[warning]Node.js 20 is deprecated. The following actions target Node.js 20 but are being forced to run on Node.js 24: actions/checkout@11d5960a326750d5838078e36cf38b85af677262, actions/upload-artifact@ea165f8d65b6e75b540449e92b4886f43607fa02. For more information see: https://github.blog/changelog/2025-09-19-deprecation-of-node-20-on-github-actions-runners/

