Day 100% row 0: runs=6 lit=1305 peak=254
Day 100% row 1: runs=3 lit=128 peak=216
Day 100% row 0: peak contrast=14.5649
Day 100% row 1: peak contrast=9.24243
Day 125% row 0: runs=6 lit=2082 peak=254
Day 125% row 1: runs=3 lit=183 peak=224
Day 125% row 0: peak contrast=14.5649
Day 125% row 1: peak contrast=9.90933
Day 150% row 0: runs=6 lit=2892 peak=254
Day 150% row 1: runs=3 lit=251 peak=226
Day 150% row 0: peak contrast=14.5649
Day 150% row 1: peak contrast=10.0726
Dusk 100% row 0: runs=6 lit=1305 peak=254
Dusk 100% row 1: runs=3 lit=128 peak=216
Dusk 100% row 0: peak contrast=11.6909
Dusk 100% row 1: peak contrast=6.08831
Dusk 125% row 0: runs=6 lit=2082 peak=254
Dusk 125% row 1: runs=3 lit=183 peak=224
Dusk 125% row 0: peak contrast=11.6909
Dusk 125% row 1: peak contrast=6.44913
Dusk 150% row 0: runs=6 lit=2892 peak=254
Dusk 150% row 1: runs=3 lit=251 peak=226
Dusk 150% row 0: peak contrast=11.6909
Dusk 150% row 1: peak contrast=6.56913
Night 100% row 0: runs=6 lit=1305 peak=254
Night 100% row 1: runs=3 lit=128 peak=216
Night 100% row 0: peak contrast=6.32285
Night 100% row 1: peak contrast=5.56415
Night 125% row 0: runs=6 lit=2082 peak=254
Night 125% row 1: runs=3 lit=183 peak=224
Night 125% row 0: peak contrast=6.32285
Night 125% row 1: peak contrast=5.85293
Night 150% row 0: runs=6 lit=2892 peak=254
Night 150% row 1: runs=3 lit=251 peak=226
Night 150% row 0: peak contrast=6.32285
Night 150% row 1: peak contrast=5.982
129262 wordmark checks passed; 9 native theme/size drawings
