/tmp/skager-capture-0qk4b_vx/SKAGER
/home/standard/Projects/X-nav-worktrees/scrum264-final-pillar-captures/.local/pillar-ccc0/pier57/capture-final.py:189: DeprecationWarning: Image.Image.getdata is deprecated and will be removed in Pillow 14 (2027-10-15). Use get_flattened_data instead.
  pixels=collections.Counter(image.crop((x,y,x+w,y+h)).getdata())
/home/standard/Projects/X-nav-worktrees/scrum264-final-pillar-captures/.local/pillar-ccc0/pier57/capture-final.py:113: DeprecationWarning: Image.Image.getdata is deprecated and will be removed in Pillow 14 (2027-10-15). Use get_flattened_data instead.
  bbox=difference.getbbox();ink=sum(p!=(0,0,0) for p in difference.getdata())
/home/standard/Projects/X-nav-worktrees/scrum264-final-pillar-captures/.local/pillar-ccc0/pier57/capture-final.py:189: DeprecationWarning: Image.Image.getdata is deprecated and will be removed in Pillow 14 (2027-10-15). Use get_flattened_data instead.
  pixels=collections.Counter(image.crop((x,y,x+w,y+h)).getdata())
/home/standard/Projects/X-nav-worktrees/scrum264-final-pillar-captures/.local/pillar-ccc0/pier57/capture-final.py:113: DeprecationWarning: Image.Image.getdata is deprecated and will be removed in Pillow 14 (2027-10-15). Use get_flattened_data instead.
  bbox=difference.getbbox();ink=sum(p!=(0,0,0) for p in difference.getdata())
/home/standard/Projects/X-nav-worktrees/scrum264-final-pillar-captures/.local/pillar-ccc0/pier57/capture-final.py:189: DeprecationWarning: Image.Image.getdata is deprecated and will be removed in Pillow 14 (2027-10-15). Use get_flattened_data instead.
  pixels=collections.Counter(image.crop((x,y,x+w,y+h)).getdata())
/home/standard/Projects/X-nav-worktrees/scrum264-final-pillar-captures/.local/pillar-ccc0/pier57/capture-final.py:113: DeprecationWarning: Image.Image.getdata is deprecated and will be removed in Pillow 14 (2027-10-15). Use get_flattened_data instead.
  bbox=difference.getbbox();ink=sum(p!=(0,0,0) for p in difference.getdata())
/home/standard/Projects/X-nav-worktrees/scrum264-final-pillar-captures/.local/pillar-ccc0/pier57/capture-final.py:189: DeprecationWarning: Image.Image.getdata is deprecated and will be removed in Pillow 14 (2027-10-15). Use get_flattened_data instead.
  pixels=collections.Counter(image.crop((x,y,x+w,y+h)).getdata())
/home/standard/Projects/X-nav-worktrees/scrum264-final-pillar-captures/.local/pillar-ccc0/pier57/capture-final.py:113: DeprecationWarning: Image.Image.getdata is deprecated and will be removed in Pillow 14 (2027-10-15). Use get_flattened_data instead.
  bbox=difference.getbbox();ink=sum(p!=(0,0,0) for p in difference.getdata())
/tmp/skager-capture-0qk4b_vx/Standard
/home/standard/Projects/X-nav-worktrees/scrum264-final-pillar-captures/.local/pillar-ccc0/pier57/capture-final.py:189: DeprecationWarning: Image.Image.getdata is deprecated and will be removed in Pillow 14 (2027-10-15). Use get_flattened_data instead.
  pixels=collections.Counter(image.crop((x,y,x+w,y+h)).getdata())
/home/standard/Projects/X-nav-worktrees/scrum264-final-pillar-captures/.local/pillar-ccc0/pier57/capture-final.py:113: DeprecationWarning: Image.Image.getdata is deprecated and will be removed in Pillow 14 (2027-10-15). Use get_flattened_data instead.
  bbox=difference.getbbox();ink=sum(p!=(0,0,0) for p in difference.getdata())
/home/standard/Projects/X-nav-worktrees/scrum264-final-pillar-captures/.local/pillar-ccc0/pier57/capture-final.py:189: DeprecationWarning: Image.Image.getdata is deprecated and will be removed in Pillow 14 (2027-10-15). Use get_flattened_data instead.
  pixels=collections.Counter(image.crop((x,y,x+w,y+h)).getdata())
/home/standard/Projects/X-nav-worktrees/scrum264-final-pillar-captures/.local/pillar-ccc0/pier57/capture-final.py:113: DeprecationWarning: Image.Image.getdata is deprecated and will be removed in Pillow 14 (2027-10-15). Use get_flattened_data instead.
  bbox=difference.getbbox();ink=sum(p!=(0,0,0) for p in difference.getdata())
/home/standard/Projects/X-nav-worktrees/scrum264-final-pillar-captures/.local/pillar-ccc0/pier57/capture-final.py:189: DeprecationWarning: Image.Image.getdata is deprecated and will be removed in Pillow 14 (2027-10-15). Use get_flattened_data instead.
  pixels=collections.Counter(image.crop((x,y,x+w,y+h)).getdata())
/home/standard/Projects/X-nav-worktrees/scrum264-final-pillar-captures/.local/pillar-ccc0/pier57/capture-final.py:113: DeprecationWarning: Image.Image.getdata is deprecated and will be removed in Pillow 14 (2027-10-15). Use get_flattened_data instead.
  bbox=difference.getbbox();ink=sum(p!=(0,0,0) for p in difference.getdata())
/home/standard/Projects/X-nav-worktrees/scrum264-final-pillar-captures/.local/pillar-ccc0/pier57/capture-final.py:189: DeprecationWarning: Image.Image.getdata is deprecated and will be removed in Pillow 14 (2027-10-15). Use get_flattened_data instead.
  pixels=collections.Counter(image.crop((x,y,x+w,y+h)).getdata())
/home/standard/Projects/X-nav-worktrees/scrum264-final-pillar-captures/.local/pillar-ccc0/pier57/capture-final.py:113: DeprecationWarning: Image.Image.getdata is deprecated and will be removed in Pillow 14 (2027-10-15). Use get_flattened_data instead.
  bbox=difference.getbbox();ink=sum(p!=(0,0,0) for p in difference.getdata())
Verified private clean application ccc0faad089e89a5b3a0b1f2994f4fa4ee18053d and exact upstream result of nine patches
Eight exact-build real-ENC theme-cycle captures passed: /home/standard/Projects/X-nav-worktrees/scrum264-final-pillar-captures/.local/pillar-ccc0/pier57/output/capture-pier57-ccc0faa-software
