2026-10-03T16:03:25.9080216Z ##[group]Run python opennav-x/tools/test-trust-compile-windows.py --evidence opennav-x/evidence/local/trust-native-compile
2026-10-03T16:03:25.9080804Z [36;1mpython opennav-x/tools/test-trust-compile-windows.py --evidence opennav-x/evidence/local/trust-native-compile[0m
2026-10-03T16:03:25.9081151Z [36;1mif ($LASTEXITCODE -ne 0) { exit $LASTEXITCODE }[0m
2026-10-03T16:03:25.9110159Z shell: C:\Program Files\PowerShell\7\pwsh.EXE -command ". '{0}'"
2026-10-03T16:03:25.9110370Z ##[endgroup]
2026-10-03T16:03:38.1774447Z Traceback (most recent call last):
2026-10-03T16:03:38.1774815Z   File "D:\a\Work\Work\opennav-x\tools\test-trust-compile-windows.py", line 187, in <module>
2026-10-03T16:03:38.1775310Z     main()
2026-10-03T16:03:38.1813616Z   File "D:\a\Work\Work\opennav-x\tools\test-trust-compile-windows.py", line 71, in main
2026-10-03T16:03:38.1814456Z     prep.fetch_sources(private, inputs / 'source-cache')
2026-10-03T16:03:38.1815295Z   File "D:\a\Work\Work\opennav-x\tools\prepare-ocharts-adapter.py", line 100, in fetch_sources
2026-10-03T16:03:38.1815600Z     list(pool.map(fetch, jobs))
2026-10-03T16:03:38.1816477Z   File "C:\hostedtoolcache\windows\Python\3.12.10\x64\Lib\concurrent\futures\_base.py", line 619, in result_iterator
2026-10-03T16:03:38.1862618Z     yield _result_or_cancel(fs.pop())
2026-10-03T16:03:38.1899752Z           ^^^^^^^^^^^^^^^^^^^^^^^^^^^
2026-10-03T16:03:38.1900369Z   File "C:\hostedtoolcache\windows\Python\3.12.10\x64\Lib\concurrent\futures\_base.py", line 317, in _result_or_cancel
2026-10-03T16:03:38.1901539Z     return fut.result(timeout)
2026-10-03T16:03:38.1901887Z            ^^^^^^^^^^^^^^^^^^^
2026-10-03T16:03:38.1902320Z   File "C:\hostedtoolcache\windows\Python\3.12.10\x64\Lib\concurrent\futures\_base.py", line 449, in result
2026-10-03T16:03:38.1902772Z     return self.__get_result()
2026-10-03T16:03:38.1903021Z            ^^^^^^^^^^^^^^^^^^^
2026-10-03T16:03:38.1903540Z   File "C:\hostedtoolcache\windows\Python\3.12.10\x64\Lib\concurrent\futures\_base.py", line 401, in __get_result
2026-10-03T16:03:38.1904303Z     raise self._exception
2026-10-03T16:03:38.1904801Z   File "C:\hostedtoolcache\windows\Python\3.12.10\x64\Lib\concurrent\futures\thread.py", line 59, in run
2026-10-03T16:03:38.1942713Z     result = self.fn(*self.args, **self.kwargs)
2026-10-03T16:03:38.1943117Z              ^^^^^^^^^^^^^^^^^^^^^^^^^^^^^^^^^^
2026-10-03T16:03:38.1943963Z   File "D:\a\Work\Work\opennav-x\tools\prepare-ocharts-adapter.py", line 94, in fetch
2026-10-03T16:03:38.1944327Z     temporary.replace(cached)
2026-10-03T16:03:38.1944606Z   File "C:\hostedtoolcache\windows\Python\3.12.10\x64\Lib\pathlib.py", line 1376, in replace
2026-10-03T16:03:38.2036088Z     os.replace(self, target)
2026-10-03T16:03:38.2036807Z PermissionError: [WinError 5] Access is denied: 'D:\\a\\Work\\Work\\opennav-x\\build\\trust compile inputs\\source-cache\\tmpsi9ntjq2' -> 'D:\\a\\Work\\Work\\opennav-x\\build\\trust compile inputs\\source-cache\\7d5393a1212da0841e28e2f74883cb40fbd75a1f'
2026-10-03T16:03:38.2696525Z ##[error]Process completed with exit code 1.
2026-10-03T16:03:38.2833192Z ##[group]Run actions/upload-artifact@ea165f8d65b6e75b540449e92b4886f43607fa02
2026-10-03T16:03:38.2833452Z with:
2026-10-03T16:03:38.2833629Z   name: native-trust-compile-9ec668981b9aa86bcd643b84c6f18cfa002b3f74
2026-10-03T16:03:38.2833871Z   path: opennav-x/evidence/local/trust-native-compile
2026-10-03T16:03:38.2834044Z   if-no-files-found: error
2026-10-03T16:03:38.2834178Z   compression-level: 6
2026-10-03T16:03:38.2834295Z   overwrite: false
2026-10-03T16:03:38.2834414Z   include-hidden-files: false
2026-10-03T16:03:38.2834554Z ##[endgroup]
2026-10-03T16:03:38.4104029Z (node:1220) [DEP0040] DeprecationWarning: The `punycode` module is deprecated. Please use a userland alternative instead.
2026-10-03T16:03:38.4104438Z (Use `node --trace-deprecation ...` to show where the warning was created)
2026-10-03T16:03:38.4431711Z With the provided path, there will be 5 files uploaded
2026-10-03T16:03:38.4432270Z Artifact name is valid!
2026-10-03T16:03:38.4432544Z Root directory input is valid!
2026-10-03T16:03:38.6809768Z Beginning upload of artifact content to blob storage
2026-10-03T16:03:38.6977916Z (node:1220) [DEP0169] DeprecationWarning: `url.parse()` behavior is not standardized and prone to errors that have security implications. Use the WHATWG URL API instead. CVEs are not issued for `url.parse()` vulnerabilities.
2026-10-03T16:03:38.8312323Z Uploaded bytes 5083
2026-10-03T16:03:38.8720223Z Finished uploading artifact content to blob storage!
2026-10-03T16:03:38.8720692Z SHA256 digest of uploaded artifact zip is 50f25a26e0e1dad379cffced31981caaf41324c55fed6bee0ef705bdbb5a6e3a
2026-10-03T16:03:38.8722150Z Finalizing artifact upload
2026-10-03T16:03:39.1265121Z Artifact native-trust-compile-9ec668981b9aa86bcd643b84c6f18cfa002b3f74.zip successfully finalized. Artifact ID 11277952581
2026-10-03T16:03:39.1266106Z Artifact native-trust-compile-9ec668981b9aa86bcd643b84c6f18cfa002b3f74 has been successfully uploaded! Final size is 5083 bytes. Artifact ID is 11277952581
2026-10-03T16:03:39.1272762Z Artifact download URL: https://github.com/ThereptileII/Work/actions/runs/37135421013/artifacts/11277952581
