E
======================================================================
ERROR: test_duplicate_paths_have_one_cache_publication (cache_tests.CacheTests.test_duplicate_paths_have_one_cache_publication)
----------------------------------------------------------------------
Traceback (most recent call last):
  File "/home/standard/Projects/X-nav-worktrees/scrum272-trust-probe-paths/tools/test-ocharts-source-cache.py", line 60, in test_duplicate_paths_have_one_cache_publication
    prep.fetch_sources(output, cache)
    ~~~~~~~~~~~~~~~~~~^^^^^^^^^^^^^^^
  File "original-fetch_sources", line 100, in fetch_sources
    target.parent.mkdir(parents=True, exist_ok=True)
    ^^^^^^^^^^^^^^^^^^^^^^^
  File "/usr/lib/python3.14/concurrent/futures/_base.py", line 645, in result_iterator
    yield _result_or_cancel(fs.pop())
          ~~~~~~~~~~~~~~~~~^^^^^^^^^^
  File "/usr/lib/python3.14/concurrent/futures/_base.py", line 312, in _result_or_cancel
    return fut.result(timeout)
           ~~~~~~~~~~^^^^^^^^^
  File "/usr/lib/python3.14/concurrent/futures/_base.py", line 447, in result
    return self.__get_result()
           ~~~~~~~~~~~~~~~~~^^
  File "/usr/lib/python3.14/concurrent/futures/_base.py", line 396, in __get_result
    raise self._exception
  File "/usr/lib/python3.14/concurrent/futures/thread.py", line 86, in run
    result = ctx.run(self.task)
  File "/usr/lib/python3.14/concurrent/futures/thread.py", line 73, in run
    return fn(*args, **kwargs)
  File "original-fetch_sources", line 94, in fetch
    with tempfile.NamedTemporaryFile(dir=cache, delete=False) as stream:
    ^^^^^^^^^^^^^^^^^^^^^^^^^
  File "/home/standard/Projects/X-nav-worktrees/scrum272-trust-probe-paths/tools/test-ocharts-source-cache.py", line 55, in publish
    raise PermissionError('duplicate cache publication during reader ownership')
PermissionError: duplicate cache publication during reader ownership

----------------------------------------------------------------------
Ran 1 test in 0.005s

FAILED (errors=1)
