[Thread debugging using libthread_db enabled]
Using host libthread_db library "/usr/lib/libthread_db.so.1".
[New Thread 0x7fffefbff6c0 (LWP 111)]
[New Thread 0x7fffef3fe6c0 (LWP 112)]
[Thread 0x7fffef3fe6c0 (LWP 112) exited]
[Thread 0x7fffefbff6c0 (LWP 111) exited]
[New Thread 0x7fffefbff6c0 (LWP 113)]
[New Thread 0x7fffef3fe6c0 (LWP 114)]
[Thread 0x7fffef3fe6c0 (LWP 114) exited]
[Thread 0x7fffefbff6c0 (LWP 113) exited]
[New Thread 0x7fffefbff6c0 (LWP 115)]
[New Thread 0x7fffef3fe6c0 (LWP 116)]
[Thread 0x7fffef3fe6c0 (LWP 116) exited]
[Thread 0x7fffefbff6c0 (LWP 115) exited]
[New Thread 0x7fffefbff6c0 (LWP 117)]
[New Thread 0x7fffef3fe6c0 (LWP 118)]
[Thread 0x7fffef3fe6c0 (LWP 118) exited]
[Thread 0x7fffefbff6c0 (LWP 117) exited]
[New Thread 0x7fffefbff6c0 (LWP 119)]
[New Thread 0x7fffef3fe6c0 (LWP 120)]
[Thread 0x7fffef3fe6c0 (LWP 120) exited]
[New Thread 0x7fffef3fe6c0 (LWP 121)]
[New Thread 0x7fffeebfd6c0 (LWP 122)]
[New Thread 0x7fffee3fc6c0 (LWP 123)]
[New Thread 0x7fffedbfb6c0 (LWP 124)]
[New Thread 0x7fffecfea6c0 (LWP 126)]
[New Thread 0x7fffcd9ff6c0 (LWP 127)]
[New Thread 0x7fffcd1fe6c0 (LWP 128)]
[Detaching after vfork from child process 130]
[Detaching after vfork from child process 132]
[Detaching after vfork from child process 134]
[Detaching after vfork from child process 136]
[Detaching after vfork from child process 138]
[Detaching after vfork from child process 140]
[Detaching after vfork from child process 142]
[New Thread 0x7fffcc9fd6c0 (LWP 144)]
[New Thread 0x7fffbffff6c0 (LWP 145)]
[New Thread 0x7fffbf7fe6c0 (LWP 146)]
[Detaching after fork from child process 148]
[New Thread 0x7fffbeffd6c0 (LWP 164)]
[New Thread 0x7fffbe7fc6c0 (LWP 165)]
[New Thread 0x7fffbdffb6c0 (LWP 167)]
[New Thread 0x7fffbd7fa6c0 (LWP 168)]
[New Thread 0x7fffbcff96c0 (LWP 169)]
[New Thread 0x7fffbc7f86c0 (LWP 170)]
[New Thread 0x7fffbbff76c0 (LWP 171)]
[New Thread 0x7fffbb7f66c0 (LWP 172)]
[New Thread 0x7fffec39f6c0 (LWP 173)]
[New Thread 0x7fffdc7ff6c0 (LWP 174)]
[New Thread 0x7fffdc5fe6c0 (LWP 175)]
[Detaching after fork from child process 176]
[New Thread 0x7fffdc3fd6c0 (LWP 179)]
[Detaching after fork from child process 180]
[New Thread 0x7fffba3ff6c0 (LWP 187)]
[Thread 0x7fffba3ff6c0 (LWP 187) exited]
[Thread 0x7fffec39f6c0 (LWP 173) exited]
[New Thread 0x7fffb9bfe6c0 (LWP 193)]
[New Thread 0x7fffb93fd6c0 (LWP 194)]
[Detaching after vfork from child process 199]
[New Thread 0x7fffb751c6c0 (LWP 201)]
[Thread 0x7fffb751c6c0 (LWP 201) exited]
[New Thread 0x7fffb751c6c0 (LWP 202)]
[New Thread 0x7fffb6d1b6c0 (LWP 203)]
[Detaching after vfork from child process 204]
[New Thread 0x7fffec39f6c0 (LWP 206)]
[New Thread 0x7fffb83ff6c0 (LWP 207)]
[New Thread 0x7fffb81fe6c0 (LWP 208)]
[Detaching after fork from child process 209]
[New Thread 0x7fffb651a6c0 (LWP 216)]
[New Thread 0x7fffb63196c0 (LWP 217)]
[New Thread 0x7fffb61186c0 (LWP 218)]
[New Thread 0x7fffb5f176c0 (LWP 219)]
[Thread 0x7fffb5f176c0 (LWP 219) exited]
[Thread 0x7fffb63196c0 (LWP 217) exited]
[Thread 0x7fffb651a6c0 (LWP 216) exited]
[Thread 0x7fffb61186c0 (LWP 218) exited]
[New Thread 0x7fffb61186c0 (LWP 221)]
[New Thread 0x7fffb651a6c0 (LWP 222)]
[New Thread 0x7fffb5f176c0 (LWP 223)]
[New Thread 0x7fffb63196c0 (LWP 224)]
[Thread 0x7fffb63196c0 (LWP 224) exited]
[Thread 0x7fffb5f176c0 (LWP 223) exited]
[Thread 0x7fffb651a6c0 (LWP 222) exited]
[Thread 0x7fffb61186c0 (LWP 221) exited]
[New Thread 0x7fffb61186c0 (LWP 226)]
[New Thread 0x7fffb5f176c0 (LWP 227)]
[New Thread 0x7fffb651a6c0 (LWP 228)]
[New Thread 0x7fffb63196c0 (LWP 229)]
[Thread 0x7fffb63196c0 (LWP 229) exited]
[Thread 0x7fffb651a6c0 (LWP 228) exited]
[Thread 0x7fffb5f176c0 (LWP 227) exited]
[Thread 0x7fffb61186c0 (LWP 226) exited]
[New Thread 0x7fffb651a6c0 (LWP 230)]
[Detaching after fork from child process 231]
[New Thread 0x7fffb5f176c0 (LWP 238)]
[New Thread 0x7fffb61186c0 (LWP 239)]
[New Thread 0x7fffb63196c0 (LWP 240)]
[New Thread 0x7fffb5d166c0 (LWP 241)]
[Thread 0x7fffb5d166c0 (LWP 241) exited]
[Thread 0x7fffb63196c0 (LWP 240) exited]
[Thread 0x7fffb61186c0 (LWP 239) exited]
[Thread 0x7fffb5f176c0 (LWP 238) exited]
[New Thread 0x7fffb63196c0 (LWP 243)]
[New Thread 0x7fffb5d166c0 (LWP 244)]
[New Thread 0x7fffb61186c0 (LWP 245)]
[New Thread 0x7fffb5f176c0 (LWP 246)]
[Thread 0x7fffb5f176c0 (LWP 246) exited]
[Thread 0x7fffb61186c0 (LWP 245) exited]
[Thread 0x7fffb5d166c0 (LWP 244) exited]
[Thread 0x7fffb63196c0 (LWP 243) exited]
[New Thread 0x7fffb61186c0 (LWP 248)]
[New Thread 0x7fffb5d166c0 (LWP 249)]
[New Thread 0x7fffb5f176c0 (LWP 250)]
[New Thread 0x7fffb63196c0 (LWP 251)]
[Thread 0x7fffb63196c0 (LWP 251) exited]
[Thread 0x7fffb5f176c0 (LWP 250) exited]
[Thread 0x7fffb5d166c0 (LWP 249) exited]
[Thread 0x7fffb61186c0 (LWP 248) exited]
[New Thread 0x7fffb63196c0 (LWP 253)]
[New Thread 0x7fffb5f176c0 (LWP 254)]
[New Thread 0x7fffb5d166c0 (LWP 255)]
[New Thread 0x7fffb61186c0 (LWP 256)]
[Thread 0x7fffb61186c0 (LWP 256) exited]
[Thread 0x7fffb5f176c0 (LWP 254) exited]
[Thread 0x7fffb63196c0 (LWP 253) exited]
[Thread 0x7fffb5d166c0 (LWP 255) exited]
[New Thread 0x7fffb5f176c0 (LWP 258)]
[New Thread 0x7fffb5d166c0 (LWP 259)]
[New Thread 0x7fffb63196c0 (LWP 260)]
[New Thread 0x7fffb61186c0 (LWP 261)]
[Thread 0x7fffb61186c0 (LWP 261) exited]
[Thread 0x7fffb63196c0 (LWP 260) exited]
[Thread 0x7fffb5d166c0 (LWP 259) exited]
[Thread 0x7fffb5f176c0 (LWP 258) exited]
[New Thread 0x7fffb61186c0 (LWP 263)]
[New Thread 0x7fffb63196c0 (LWP 264)]
[New Thread 0x7fffb5d166c0 (LWP 265)]
[New Thread 0x7fffb5f176c0 (LWP 266)]
[Thread 0x7fffb5f176c0 (LWP 266) exited]
[Thread 0x7fffb5d166c0 (LWP 265) exited]
[Thread 0x7fffb63196c0 (LWP 264) exited]
[Thread 0x7fffb61186c0 (LWP 263) exited]
[New Thread 0x7fffb61186c0 (LWP 268)]
[New Thread 0x7fffb63196c0 (LWP 269)]
[New Thread 0x7fffb5d166c0 (LWP 270)]
[New Thread 0x7fffb5f176c0 (LWP 271)]
[Thread 0x7fffb5f176c0 (LWP 271) exited]
[Thread 0x7fffb63196c0 (LWP 269) exited]
[Thread 0x7fffb61186c0 (LWP 268) exited]
[Thread 0x7fffb5d166c0 (LWP 270) exited]
[New Thread 0x7fffb5d166c0 (LWP 273)]
[New Thread 0x7fffb61186c0 (LWP 274)]
[New Thread 0x7fffb63196c0 (LWP 275)]
[New Thread 0x7fffb5f176c0 (LWP 276)]
[Thread 0x7fffb63196c0 (LWP 275) exited]
[Thread 0x7fffb61186c0 (LWP 274) exited]
[Thread 0x7fffb5f176c0 (LWP 276) exited]
[Thread 0x7fffb5d166c0 (LWP 273) exited]
[New Thread 0x7fffb5f176c0 (LWP 278)]
[New Thread 0x7fffb63196c0 (LWP 279)]
[New Thread 0x7fffb61186c0 (LWP 280)]
[New Thread 0x7fffb5d166c0 (LWP 281)]
[Thread 0x7fffb63196c0 (LWP 279) exited]
[Thread 0x7fffb61186c0 (LWP 280) exited]
[Thread 0x7fffb5f176c0 (LWP 278) exited]
[Thread 0x7fffb5d166c0 (LWP 281) exited]
[New Thread 0x7fffb5d166c0 (LWP 283)]
[New Thread 0x7fffb5f176c0 (LWP 284)]
[New Thread 0x7fffb61186c0 (LWP 285)]
[New Thread 0x7fffb63196c0 (LWP 286)]
[Thread 0x7fffb63196c0 (LWP 286) exited]
[Thread 0x7fffb61186c0 (LWP 285) exited]
[Thread 0x7fffb5f176c0 (LWP 284) exited]
[Thread 0x7fffb5d166c0 (LWP 283) exited]
[New Thread 0x7fffb61186c0 (LWP 288)]
[New Thread 0x7fffb5d166c0 (LWP 289)]
[New Thread 0x7fffb5f176c0 (LWP 290)]
[New Thread 0x7fffb63196c0 (LWP 291)]
[Thread 0x7fffb5f176c0 (LWP 290) exited]
[Thread 0x7fffb63196c0 (LWP 291) exited]
[Thread 0x7fffb5d166c0 (LWP 289) exited]
[Thread 0x7fffb61186c0 (LWP 288) exited]
[Thread 0x7fffec39f6c0 (LWP 206) exited]
[Thread 0x7fffb83ff6c0 (LWP 207) exited]
[Detaching after vfork from child process 292]
[Detaching after vfork from child process 294]
[Detaching after vfork from child process 296]
[Detaching after vfork from child process 298]
[Detaching after vfork from child process 300]
[Detaching after vfork from child process 302]
[Detaching after vfork from child process 304]
[Detaching after vfork from child process 306]
[Detaching after vfork from child process 308]
[Detaching after vfork from child process 310]
[Detaching after vfork from child process 312]
[Thread 0x7fffbffff6c0 (LWP 145) exited]
[Thread 0x7fffcc9fd6c0 (LWP 144) exited]
[Thread 0x7fffbf7fe6c0 (LWP 146) exited]
[Detaching after vfork from child process 314]
[Detaching after vfork from child process 316]
[Detaching after vfork from child process 318]
[Detaching after vfork from child process 320]
[Detaching after vfork from child process 322]
[Detaching after vfork from child process 324]
[Detaching after vfork from child process 326]
[Detaching after vfork from child process 328]
[Detaching after vfork from child process 330]
[Detaching after vfork from child process 332]
[Detaching after vfork from child process 334]
[Detaching after vfork from child process 336]
[Detaching after vfork from child process 338]
[Detaching after vfork from child process 340]
[Detaching after vfork from child process 342]
[Detaching after vfork from child process 344]
[Detaching after vfork from child process 346]
[Thread 0x7fffb651a6c0 (LWP 230) exited]
[Thread 0x7fffb81fe6c0 (LWP 208) exited]
[Detaching after vfork from child process 348]
[Detaching after vfork from child process 350]
[Detaching after vfork from child process 352]
[Detaching after vfork from child process 354]
[Detaching after vfork from child process 356]
[Detaching after vfork from child process 358]
[Detaching after vfork from child process 360]
[Detaching after vfork from child process 362]
[Detaching after vfork from child process 364]
[Detaching after vfork from child process 366]
[Detaching after vfork from child process 368]
[Detaching after vfork from child process 370]
[Detaching after vfork from child process 372]
[Detaching after vfork from child process 374]
