38064.719393415 RGBA_ALLOCATION 894 558
38064.721282840 RGBA_ALLOCATION 894 558
38064.754978100 VIEWPORT 894 558
38065.275924469 RGBA_ALLOCATION 894 558
38065.277197833 RGBA_ALLOCATION 894 558
38065.822498763 RGBA_ALLOCATION 894 558
38065.822703879 RGBA_ALLOCATION 894 558
38065.923032970 RGBA_ALLOCATION 894 558
38065.923233488 RGBA_ALLOCATION 894 558
38065.964448162 VIEWPORT 670 372
38066.037198980 RGBA_ALLOCATION 670 372
38066.037337092 RGBA_ALLOCATION 670 372
38066.143116468 RGBA_ALLOCATION 670 372
38066.143389694 RGBA_ALLOCATION 670 372
38066.145182267 RGBA_ALLOCATION 670 372
38066.145326951 RGBA_ALLOCATION 670 372
38066.145694397 RGBA_ALLOCATION 1054 612
38066.145936415 RGBA_ALLOCATION 1054 612
38066.147763860 RGBA_ALLOCATION 1054 612
38066.148068958 RGBA_ALLOCATION 1054 612
38066.168583598 VIEWPORT 1054 612
38066.271985590 RGBA_ALLOCATION 1054 612
38066.274067417 RGBA_ALLOCATION 1054 612
38066.350670510 RGBA_ALLOCATION 1054 612
38066.350927776 RGBA_ALLOCATION 1054 612
38066.411979698 RGBA_ALLOCATION 1054 612
38066.412898355 RGBA_ALLOCATION 1054 612
38066.544111099 RGBA_ALLOCATION 1054 612
38066.544368538 RGBA_ALLOCATION 1054 612
38066.548582407 VIEWPORT 1014 566
38066.702522514 RGBA_ALLOCATION 1014 566
38066.702767397 RGBA_ALLOCATION 1014 566
38068.890370391 RGBA_ALLOCATION 1014 566
38068.890769968 RGBA_ALLOCATION 1014 566
38071.028568720 RGBA_ALLOCATION 1014 566
38071.029366460 RGBA_ALLOCATION 1014 566
38071.184841734 RGBA_ALLOCATION 1014 566
38071.185279070 RGBA_ALLOCATION 1014 566
38073.177641490 RGBA_ALLOCATION 1014 566
38073.177847918 RGBA_ALLOCATION 1014 566
38073.180710518 VIEWPORT 1012 558
38073.488806658 RGBA_ALLOCATION 1012 558
38073.489037129 RGBA_ALLOCATION 1012 558
38073.491587497 VIEWPORT 1014 566
38075.777063003 RGBA_ALLOCATION 1014 566
38075.777307169 RGBA_ALLOCATION 1014 566
38075.780757211 VIEWPORT 1012 558
38076.152423956 RGBA_ALLOCATION 1012 558
38076.152736725 RGBA_ALLOCATION 1012 558
38076.157472257 VIEWPORT 1014 566
38078.843737457 RGBA_ALLOCATION 1014 566
38078.843963325 RGBA_ALLOCATION 1014 566
38079.027776948 RGBA_ALLOCATION 1014 566
38079.028130247 RGBA_ALLOCATION 1014 566
38079.029186332 VIEWPORT 1278 798
