38080.911756450 RGBA_ALLOCATION 894 558
38080.913386877 RGBA_ALLOCATION 894 558
38080.946903240 VIEWPORT 894 558
38081.619787869 RGBA_ALLOCATION 894 558
38081.621473994 RGBA_ALLOCATION 894 558
38082.204591878 RGBA_ALLOCATION 894 558
38082.206336207 RGBA_ALLOCATION 894 558
38082.332629612 RGBA_ALLOCATION 894 558
38082.339222837 RGBA_ALLOCATION 894 558
38082.405809714 VIEWPORT 670 372
38082.521856772 RGBA_ALLOCATION 670 372
38082.522023333 RGBA_ALLOCATION 670 372
38082.655264665 RGBA_ALLOCATION 670 372
38082.655424190 RGBA_ALLOCATION 670 372
38082.657818756 RGBA_ALLOCATION 670 372
38082.657967679 RGBA_ALLOCATION 670 372
38082.659631613 RGBA_ALLOCATION 1054 612
38082.659910969 RGBA_ALLOCATION 1054 612
38082.665318138 RGBA_ALLOCATION 1054 612
38082.665583571 RGBA_ALLOCATION 1054 612
38082.687629737 VIEWPORT 1054 612
38082.831993311 RGBA_ALLOCATION 1054 612
38082.832326874 RGBA_ALLOCATION 1054 612
38082.919882516 RGBA_ALLOCATION 1054 612
38082.920174709 RGBA_ALLOCATION 1054 612
38083.000949815 RGBA_ALLOCATION 1054 612
38083.002931424 RGBA_ALLOCATION 1054 612
38083.177289352 RGBA_ALLOCATION 1054 612
38083.177561507 RGBA_ALLOCATION 1054 612
38083.182186192 VIEWPORT 1014 566
38083.464947680 RGBA_ALLOCATION 1014 566
38083.465195076 RGBA_ALLOCATION 1014 566
38086.493323459 RGBA_ALLOCATION 1014 566
38086.493780437 RGBA_ALLOCATION 1014 566
38088.582559865 RGBA_ALLOCATION 1014 566
38088.583423353 RGBA_ALLOCATION 1014 566
38088.732747301 RGBA_ALLOCATION 1014 566
38088.732993048 RGBA_ALLOCATION 1014 566
38091.798657665 RGBA_ALLOCATION 1014 566
38091.798920518 RGBA_ALLOCATION 1014 566
38091.803630796 VIEWPORT 1012 558
38092.254597031 RGBA_ALLOCATION 1012 558
38092.254832644 RGBA_ALLOCATION 1012 558
38092.259717171 VIEWPORT 1014 566
38094.479301436 RGBA_ALLOCATION 1014 566
38094.479553420 RGBA_ALLOCATION 1014 566
38094.482694825 VIEWPORT 1012 558
38094.840771465 RGBA_ALLOCATION 1012 558
38094.841045498 RGBA_ALLOCATION 1012 558
38094.845227385 VIEWPORT 1014 566
38097.303125157 RGBA_ALLOCATION 1014 566
38097.303375796 RGBA_ALLOCATION 1014 566
38097.466129382 RGBA_ALLOCATION 1014 566
38097.466353984 RGBA_ALLOCATION 1014 566
38097.467347377 VIEWPORT 1278 798
