104: 2026-10-04T00:15:21.1551561Z 17ab044a1e5222dc71791ac8118454219efe8734
118: 2026-10-04T00:15:22.0784662Z Ran 11 tests in 0.564s
120: 2026-10-04T00:15:22.1756793Z OK
123: 2026-10-04T00:15:22.1757810Z Ran 9 tests in 0.017s
125: 2026-10-04T00:15:22.1758027Z OK
128: 2026-10-04T00:15:22.3566771Z Ran 17 tests in 0.102s
130: 2026-10-04T00:15:22.3566989Z OK
158: 2026-10-04T00:15:28.3077944Z Ran 15 tests in 5.838s
160: 2026-10-04T00:15:28.3078147Z OK
177: 2026-10-04T00:15:29.2683724Z Ran 14 tests in 0.873s
179: 2026-10-04T00:15:29.2684086Z OK
195: 2026-10-04T00:15:29.5566420Z Ran 13 tests in 0.196s
197: 2026-10-04T00:15:29.5566618Z OK
201: 2026-10-04T00:15:29.7061623Z Ran 4 tests in 0.031s
203: 2026-10-04T00:15:29.7061864Z OK
208: 2026-10-04T00:16:06.3970780Z Native version probe stream, refusal, and deadline tests passed
222: 2026-10-04T00:16:06.9195712Z Ran 7 tests in 0.375s
224: 2026-10-04T00:16:06.9195905Z OK
236: 2026-10-04T00:16:07.1166650Z Ran 12 tests in 0.017s
238: 2026-10-04T00:16:07.1166783Z OK
243: 2026-10-04T00:16:07.6320549Z 48 actual installer output-policy checks passed; no installer operation invoked
484: 2026-10-04T00:16:14.1879264Z Ran 11 tests in 0.117s
486: 2026-10-04T00:16:14.1879655Z OK
487: 2026-10-04T00:16:14.1980188Z ##[group]Run cmake -S opennav-x -B opennav-x/build/contracts -DOPENNAV_ST4000_ORACLE="/home/runner/work/Work/Work/opennav-x/build/st4000-firmware" -DOPENNAV_BOAT_ORACLE="/home/runner/work/Work/Work/opennav-x/build/boat-firmware/Nissan_ev_to_NMEA_and_wifi"
746: 2026-10-04T00:17:03.5880828Z ##[group]Run ctest --test-dir opennav-x/build/contracts -C Release --output-on-failure
753: 2026-10-04T00:17:03.9904828Z  1/94 Test  #1: geographic_chart_name_boundary .................   Passed    0.00 sec
755: 2026-10-04T00:17:03.9955377Z  2/94 Test  #2: display_prototype_geometry .....................   Passed    0.00 sec
757: 2026-10-04T00:17:04.0034355Z  3/94 Test  #3: early_startup_fixtures_isolation ...............   Passed    0.01 sec
759: 2026-10-04T00:17:04.0081589Z  4/94 Test  #4: early_startup_product_isolation ................   Passed    0.00 sec
761: 2026-10-04T00:17:04.0131434Z  5/94 Test  #5: early_startup_msw_excluded_isolation ...........   Passed    0.00 sec
763: 2026-10-04T00:17:04.0189648Z  6/94 Test  #6: fixture_marker_publication .....................   Passed    0.01 sec
765: 2026-10-04T00:17:04.0205962Z  7/94 Test  #7: passage_view_provenance ........................   Passed    0.00 sec
767: 2026-10-04T00:17:04.0221714Z  8/94 Test  #8: instrument_view_provenance .....................   Passed    0.00 sec
769: 2026-10-04T00:17:04.0241825Z  9/94 Test  #9: footer_view_provenance .........................   Passed    0.00 sec
771: 2026-10-04T00:17:04.0264413Z 10/94 Test #10: horizon_view_provenance ........................   Passed    0.00 sec
773: 2026-10-04T00:17:04.0279346Z 11/94 Test #11: source_health_view_provenance ..................   Passed    0.00 sec
775: 2026-10-04T00:17:04.0292431Z 12/94 Test #12: build_policy_product ...........................   Passed    0.00 sec
777: 2026-10-04T00:17:04.0305021Z 13/94 Test #13: build_policy_fixtures ..........................   Passed    0.00 sec
779: 2026-10-04T00:17:04.0317241Z 14/94 Test #14: pilot_output_product_policy ....................   Passed    0.00 sec
781: 2026-10-04T00:17:04.0329670Z 15/94 Test #15: pilot_output_loopback_policy ...................   Passed    0.00 sec
783: 2026-10-04T00:17:04.0341799Z 16/94 Test #16: ais_selection_lifetime .........................   Passed    0.00 sec
785: 2026-10-04T00:17:04.0366904Z 17/94 Test #17: ais_report_health ..............................   Passed    0.00 sec
787: 2026-10-04T00:17:04.6699346Z 18/94 Test #18: online_ais_cache_and_precedence ................   Passed    0.63 sec
789: 2026-10-04T00:17:04.6717445Z 19/94 Test #19: chart_canvas_night_ink .........................   Passed    0.00 sec
791: 2026-10-04T00:17:04.6746777Z 20/94 Test #20: online_ais_chart_presentation ..................   Passed    0.00 sec
793: 2026-10-04T00:17:04.6766455Z 21/94 Test #21: aisstream_untrusted_json_and_subscription ......   Passed    0.00 sec
795: 2026-10-04T00:17:04.6781038Z 22/94 Test #22: aisstream_session_lifecycle ....................   Passed    0.00 sec
797: 2026-10-04T00:17:04.6793772Z 23/94 Test #23: ais_credentials_protected_storage ..............   Passed    0.00 sec
799: 2026-10-04T00:17:04.6808200Z 24/94 Test #24: operational_alert_sensors ......................   Passed    0.00 sec
801: 2026-10-04T00:17:04.6821520Z 25/94 Test #25: operational_alert_alarms .......................   Passed    0.00 sec
803: 2026-10-04T00:17:04.7597441Z 26/94 Test #26: operational_alert_lifecycle ....................   Passed    0.08 sec
805: 2026-10-04T00:17:04.7614297Z 27/94 Test #27: field_report_privacy ...........................   Passed    0.00 sec
807: 2026-10-04T00:17:04.7751029Z 28/94 Test #28: field_report_limits ............................   Passed    0.01 sec
809: 2026-10-04T00:17:04.7771683Z 29/94 Test #29: field_report_recording .........................   Passed    0.00 sec
811: 2026-10-04T00:17:04.7784246Z 30/94 Test #30: windows_sdk_macro_contract .....................   Passed    0.00 sec
813: 2026-10-04T00:17:04.7798753Z 31/94 Test #31: boat_n2k_binding ...............................   Passed    0.00 sec
815: 2026-10-04T00:17:04.7811378Z 32/94 Test #32: boat_n2k_mapping ...............................   Passed    0.00 sec
817: 2026-10-04T00:17:04.7824052Z 33/94 Test #33: boat_n2k_expiry ................................   Passed    0.00 sec
819: 2026-10-04T00:17:04.7836584Z 34/94 Test #34: boat_actual_producer_expiry ....................   Passed    0.00 sec
821: 2026-10-04T00:17:04.7857595Z 35/94 Test #35: n2k_source_identity ............................   Passed    0.00 sec
823: 2026-10-04T00:17:04.7870677Z 36/94 Test #36: st4000_identity ................................   Passed    0.00 sec
825: 2026-10-04T00:17:04.7885642Z 37/94 Test #37: st4000_feedback ................................   Passed    0.00 sec
827: 2026-10-04T00:17:04.7898257Z 38/94 Test #38: st4000_encoding ................................   Passed    0.00 sec
829: 2026-10-04T00:17:04.7910762Z 39/94 Test #39: st4000_commands ................................   Passed    0.00 sec
831: 2026-10-04T00:17:04.7923349Z 40/94 Test #40: st4000_discovery ...............................   Passed    0.00 sec
833: 2026-10-04T00:17:04.7935531Z 41/94 Test #41: st4000_actual_firmware_parser ..................   Passed    0.00 sec
835: 2026-10-04T00:17:04.7974247Z 42/94 Test #42: recording_roundtrip_age ........................   Passed    0.00 sec
837: 2026-10-04T00:17:04.8011451Z 43/94 Test #43: recording_privacy ..............................   Passed    0.00 sec
839: 2026-10-04T00:17:04.8088003Z 44/94 Test #44: recording_malformed_input ......................   Passed    0.01 sec
841: 2026-10-04T00:17:04.8111617Z 45/94 Test #45: recording_replay_clock .........................   Passed    0.00 sec
843: 2026-10-04T00:17:04.8142174Z 46/94 Test #46: recording_calibration_pairs ....................   Passed    0.00 sec
845: 2026-10-04T00:17:04.8443252Z 47/94 Test #47: recording_storage_rotation .....................   Passed    0.03 sec
847: 2026-10-04T00:17:04.8487637Z 48/94 Test #48: recording_control_isolation ....................   Passed    0.00 sec
849: 2026-10-04T00:17:04.8525022Z 49/94 Test #49: installed_resource_defaults ....................   Passed    0.00 sec
851: 2026-10-04T00:17:04.8862050Z 50/94 Test #50: hardware_output_package_policy .................   Passed    0.03 sec
853: 2026-10-04T00:17:05.0522590Z 51/94 Test #51: production_runtime_generator_absence ...........   Passed    0.17 sec
855: 2026-10-04T00:17:05.1108932Z 52/94 Test #52: diagnostic_snapshot_publication ................   Passed    0.06 sec
857: 2026-10-04T00:17:05.4431522Z 53/94 Test #53: navigation_chart_layout_geometry ...............   Passed    0.33 sec
859: 2026-10-04T00:17:05.4815665Z 54/94 Test #54: windows_route_summary_layout_contract ..........   Passed    0.04 sec
861: 2026-10-04T00:17:05.5298018Z 55/94 Test #55: preview_preferences_action_selection ...........   Passed    0.05 sec
863: 2026-10-04T00:17:05.5664123Z 56/94 Test #56: native_dpi_preferences_pan_target ..............   Passed    0.04 sec
865: 2026-10-04T00:17:05.5980922Z 57/94 Test #57: native_reference_fullscreen_surface_contract ...   Passed    0.03 sec
867: 2026-10-04T00:17:05.8293085Z 58/94 Test #58: native_diagnostic_geometry_observation .........   Passed    0.23 sec
869: 2026-10-04T00:17:05.8350771Z 59/94 Test #59: commissioning_restart_wire_contract ............   Passed    0.01 sec
871: 2026-10-04T00:17:05.8694893Z 60/94 Test #60: commissioning_restart_package_capability .......   Passed    0.03 sec
873: 2026-10-04T00:17:05.9044725Z 61/94 Test #61: startup_log_rotation_contract ..................   Passed    0.03 sec
875: 2026-10-04T00:17:05.9394331Z 62/94 Test #62: installer_expected_version_notice ..............   Passed    0.03 sec
877: 2026-10-04T00:17:07.8715714Z 63/94 Test #63: restart_lifecycle_contract .....................   Passed    1.93 sec
879: 2026-10-04T00:17:07.8730256Z 64/94 Test #64: startup_recovery_contract ......................   Passed    0.00 sec
881: 2026-10-04T00:17:07.8743027Z 65/94 Test #65: startup_mode_contract ..........................   Passed    0.00 sec
883: 2026-10-04T00:17:07.8756665Z 66/94 Test #66: vessel_quality_contract ........................   Passed    0.00 sec
885: 2026-10-04T00:17:07.8769139Z 67/94 Test #67: navigation_input_contract ......................   Passed    0.00 sec
887: 2026-10-04T00:17:07.8782258Z 68/94 Test #68: sensor_source_selection ........................   Passed    0.00 sec
889: 2026-10-04T00:17:07.8796167Z 69/94 Test #69: sensor_source_validity .........................   Passed    0.00 sec
891: 2026-10-04T00:17:07.8809282Z 70/94 Test #70: sensor_source_health ...........................   Passed    0.00 sec
893: 2026-10-04T00:17:07.8821704Z 71/94 Test #71: sensor_battery_coherence .......................   Passed    0.00 sec
895: 2026-10-04T00:17:07.8836157Z 72/94 Test #72: route_progress_contract ........................   Passed    0.00 sec
897: 2026-10-04T00:17:07.9447977Z 73/94 Test #73: energy_input_quality ...........................   Passed    0.00 sec
899: 2026-10-04T00:17:07.9466768Z 74/94 Test #74: energy_prediction_contract .....................   Passed    0.00 sec
901: 2026-10-04T00:17:07.9479921Z 75/94 Test #75: energy_curve_import ............................   Passed    0.00 sec
903: 2026-10-04T00:17:07.9492833Z 76/94 Test #76: energy_live_configuration ......................   Passed    0.00 sec
905: 2026-10-04T00:17:07.9506333Z 77/94 Test #77: smartnav_operational_failures ..................   Passed    0.00 sec
907: 2026-10-04T00:17:07.9519939Z 78/94 Test #78: smartnav_route_timeline ........................   Passed    0.00 sec
909: 2026-10-04T00:17:07.9533504Z 79/94 Test #79: smartnav_energy_ais_events .....................   Passed    0.00 sec
911: 2026-10-04T00:17:07.9557774Z 80/94 Test #80: smartnav_chart_corridor ........................   Passed    0.00 sec
913: 2026-10-04T00:17:07.9570203Z 81/94 Test #81: autopilot_manual_feedback ......................   Passed    0.00 sec
915: 2026-10-04T00:17:07.9583017Z 82/94 Test #82: autopilot_failures .............................   Passed    0.00 sec
917: 2026-10-04T00:17:07.9595095Z 83/94 Test #83: autopilot_ack_evidence .........................   Passed    0.00 sec
919: 2026-10-04T00:17:07.9606781Z 84/94 Test #84: radar_capability_contract ......................   Passed    0.00 sec
921: 2026-10-04T00:17:07.9622283Z 85/94 Test #85: settings_record_roundtrip ......................   Passed    0.00 sec
923: 2026-10-04T00:17:07.9639462Z 86/94 Test #86: settings_invalid_configuration .................   Passed    0.00 sec
925: 2026-10-04T00:17:07.9654792Z 87/94 Test #87: settings_live_energy_freshness .................   Passed    0.00 sec
927: 2026-10-04T00:17:07.9670257Z 88/94 Test #88: settings_display_selection .....................   Passed    0.00 sec
929: 2026-10-04T00:17:07.9686045Z 89/94 Test #89: settings_explicit_propulsion_mappings ..........   Passed    0.00 sec
931: 2026-10-04T00:17:07.9702007Z 90/94 Test #90: settings_pilot_permission ......................   Passed    0.00 sec
933: 2026-10-04T00:17:07.9720476Z 91/94 Test #91: preview_demo_contract ..........................   Passed    0.00 sec
935: 2026-10-04T00:17:07.9738014Z 92/94 Test #92: portable_profile_contract ......................   Passed    0.00 sec
937: 2026-10-04T00:17:07.9755410Z 93/94 Test #93: preview_resources_contract .....................   Passed    0.00 sec
939: 2026-10-04T00:17:07.9767076Z 94/94 Test #94: restart_arguments_contract .....................   Passed    0.00 sec
941: 2026-10-04T00:17:07.9769730Z 100% tests passed, 0 tests failed out of 94
943: 2026-10-04T00:17:07.9769940Z Total Test time (real) =   4.02 sec
944: 2026-10-04T00:17:08.0062551Z ##[group]Run ctest --test-dir opennav-x/build/contracts -C Release -R restart_lifecycle_contract --repeat until-fail:10 --output-on-failure
951: 2026-10-04T00:17:09.9488898Z     Test #63: restart_lifecycle_contract .......   Passed    1.93 sec
953: 2026-10-04T00:17:11.8787498Z     Test #63: restart_lifecycle_contract .......   Passed    1.93 sec
955: 2026-10-04T00:17:13.8092965Z     Test #63: restart_lifecycle_contract .......   Passed    1.93 sec
957: 2026-10-04T00:17:15.7403023Z     Test #63: restart_lifecycle_contract .......   Passed    1.93 sec
959: 2026-10-04T00:17:17.6704066Z     Test #63: restart_lifecycle_contract .......   Passed    1.93 sec
961: 2026-10-04T00:17:19.6018315Z     Test #63: restart_lifecycle_contract .......   Passed    1.93 sec
963: 2026-10-04T00:17:21.5340058Z     Test #63: restart_lifecycle_contract .......   Passed    1.93 sec
965: 2026-10-04T00:17:23.4654977Z     Test #63: restart_lifecycle_contract .......   Passed    1.93 sec
967: 2026-10-04T00:17:25.3961948Z     Test #63: restart_lifecycle_contract .......   Passed    1.93 sec
969: 2026-10-04T00:17:27.3286876Z 1/1 Test #63: restart_lifecycle_contract .......   Passed    1.93 sec
971: 2026-10-04T00:17:27.3289895Z 100% tests passed, 0 tests failed out of 1
973: 2026-10-04T00:17:27.3290422Z Total Test time (real) =  19.31 sec
