2026-10-03T11:17:11.6096013Z Current runner version: '2.337.0'
2026-10-03T11:17:11.6115948Z ##[group]Runner Image Provisioner
2026-10-03T11:17:11.6116583Z Hosted Compute Agent
2026-10-03T11:17:11.6116997Z Version: 20260901.588
2026-10-03T11:17:11.6117435Z Commit: f88ec8081b781fac6c440065ac7ff9e710ce3d0b
2026-10-03T11:17:11.6117986Z Build Date: 2026-09-01T19:56:44Z
2026-10-03T11:17:11.6118496Z Worker ID: {c97b0c15-1eca-4fa5-adea-c9ba50f259bf}
2026-10-03T11:17:11.6119016Z Azure Region: mexicocentral
2026-10-03T11:17:11.6119449Z ##[endgroup]
2026-10-03T11:17:11.6120432Z ##[group]Operating System
2026-10-03T11:17:11.6120921Z Microsoft Windows Server 2022
2026-10-03T11:17:11.6121357Z 10.0.20348
2026-10-03T11:17:11.6121712Z Datacenter
2026-10-03T11:17:11.6122080Z ##[endgroup]
2026-10-03T11:17:11.6122461Z ##[group]Runner Image
2026-10-03T11:17:11.6122875Z Image: windows-2022
2026-10-03T11:17:11.6123272Z Version: 20260927.320.1
2026-10-03T11:17:11.6124355Z Included Software: https://github.com/actions/runner-images/blob/win22/20260927.320/images/windows/Windows2022-Readme.md
2026-10-03T11:17:11.6125509Z Image Release: https://github.com/actions/runner-images/releases/tag/win22%2F20260927.320
2026-10-03T11:17:11.6126228Z ##[endgroup]
2026-10-03T11:17:11.6127043Z ##[group]GITHUB_TOKEN Permissions
2026-10-03T11:17:11.6128431Z Contents: read
2026-10-03T11:17:11.6128846Z Metadata: read
2026-10-03T11:17:11.6129223Z ##[endgroup]
2026-10-03T11:17:11.6130816Z Secret source: Actions
2026-10-03T11:17:11.6131440Z Cache mode: write
2026-10-03T11:17:11.6131974Z Prepare workflow directory
2026-10-03T11:17:11.6385027Z Prepare all required actions
2026-10-03T11:17:11.6422975Z Getting action download info
2026-10-03T11:17:11.9739059Z Download action repository 'actions/checkout@11d5960a326750d5838078e36cf38b85af677262' (SHA:11d5960a326750d5838078e36cf38b85af677262)
2026-10-03T11:17:12.0794837Z Download action repository 'actions/upload-artifact@ea165f8d65b6e75b540449e92b4886f43607fa02' (SHA:ea165f8d65b6e75b540449e92b4886f43607fa02)
2026-10-03T11:17:12.3314843Z Complete job name: Native resource Python identity only
2026-10-03T11:17:12.5034533Z ##[group]Run actions/checkout@11d5960a326750d5838078e36cf38b85af677262
2026-10-03T11:17:12.5035543Z with:
2026-10-03T11:17:12.5035869Z   repository: ThereptileII/Work
2026-10-03T11:17:12.5039231Z   token: ***
2026-10-03T11:17:12.5039552Z   ssh-strict: true
2026-10-03T11:17:12.5039867Z   ssh-user: git
2026-10-03T11:17:12.5040191Z   persist-credentials: true
2026-10-03T11:17:12.5040548Z   clean: true
2026-10-03T11:17:12.5040873Z   sparse-checkout-cone-mode: true
2026-10-03T11:17:12.5041254Z   fetch-depth: 1
2026-10-03T11:17:12.5041565Z   fetch-tags: false
2026-10-03T11:17:12.5041891Z   show-progress: true
2026-10-03T11:17:12.5042210Z   lfs: false
2026-10-03T11:17:12.5042504Z   submodules: false
2026-10-03T11:17:12.5042822Z   set-safe-directory: true
2026-10-03T11:17:12.5043190Z   allow-unsafe-pr-checkout: false
2026-10-03T11:17:12.5043714Z ##[endgroup]
2026-10-03T11:17:12.6229977Z Syncing repository: ThereptileII/Work
2026-10-03T11:17:12.6231451Z ##[group]Getting Git version info
2026-10-03T11:17:12.6231890Z Working directory is 'D:\a\Work\Work'
2026-10-03T11:17:12.7049922Z [command]"C:\Program Files\Git\bin\git.exe" version
2026-10-03T11:17:13.0309652Z git version 2.55.0.windows.5
2026-10-03T11:17:13.0340070Z ##[endgroup]
2026-10-03T11:17:13.0354863Z Temporarily overriding HOME='D:\a\_temp\eaefd409-5a7f-4f9e-a5d6-b89d0a0f1d41' before making global git config changes
2026-10-03T11:17:13.0355884Z Adding repository directory to the temporary git global config as a safe directory
2026-10-03T11:17:13.0363772Z [command]"C:\Program Files\Git\bin\git.exe" config --global --add safe.directory D:\a\Work\Work
2026-10-03T11:17:13.2784675Z Deleting the contents of 'D:\a\Work\Work'
2026-10-03T11:17:13.2789653Z ##[group]Initializing the repository
2026-10-03T11:17:13.2800216Z [command]"C:\Program Files\Git\bin\git.exe" init D:\a\Work\Work
2026-10-03T11:17:13.5197825Z Initialized empty Git repository in D:/a/Work/Work/.git/
2026-10-03T11:17:13.5228247Z [command]"C:\Program Files\Git\bin\git.exe" remote add origin https://github.com/ThereptileII/Work
2026-10-03T11:17:13.5697324Z ##[endgroup]
2026-10-03T11:17:13.5698228Z ##[group]Disabling automatic garbage collection
2026-10-03T11:17:13.5704508Z [command]"C:\Program Files\Git\bin\git.exe" config --local gc.auto 0
2026-10-03T11:17:13.5892122Z ##[endgroup]
2026-10-03T11:17:13.5893042Z ##[group]Setting up auth
2026-10-03T11:17:13.5901689Z [command]"C:\Program Files\Git\bin\git.exe" config --local --name-only --get-regexp core\.sshCommand
2026-10-03T11:17:13.6089899Z [command]"C:\Program Files\Git\bin\git.exe" submodule foreach --recursive "sh -c \"git config --local --name-only --get-regexp 'core\.sshCommand' && git config --local --unset-all 'core.sshCommand' || :\""
2026-10-03T11:17:16.0241305Z [command]"C:\Program Files\Git\bin\git.exe" config --local --name-only --get-regexp http\.https\:\/\/github\.com\/\.extraheader
2026-10-03T11:17:16.0431966Z [command]"C:\Program Files\Git\bin\git.exe" submodule foreach --recursive "sh -c \"git config --local --name-only --get-regexp 'http\.https\:\/\/github\.com\/\.extraheader' && git config --local --unset-all 'http.https://github.com/.extraheader' || :\""
2026-10-03T11:17:16.3853020Z [command]"C:\Program Files\Git\bin\git.exe" config --local --name-only --get-regexp ^includeIf\.gitdir:
2026-10-03T11:17:16.4043874Z [command]"C:\Program Files\Git\bin\git.exe" submodule foreach --recursive "git config --local --show-origin --name-only --get-regexp remote.origin.url"
2026-10-03T11:17:16.7619274Z [command]"C:\Program Files\Git\bin\git.exe" config --local http.https://github.com/.extraheader "AUTHORIZATION: basic ***"
2026-10-03T11:17:16.7814571Z ##[endgroup]
2026-10-03T11:17:16.7815085Z ##[group]Fetching the repository
2026-10-03T11:17:16.7825657Z [command]"C:\Program Files\Git\bin\git.exe" -c protocol.version=2 fetch --no-tags --prune --no-recurse-submodules --depth=1 origin +c7f3616c5b9d385d39edf25b51f89a3508906071:refs/remotes/origin/skager-ocharts-loader
2026-10-03T11:17:31.8622569Z From https://github.com/ThereptileII/Work
2026-10-03T11:17:31.8623492Z  * [new ref]         c7f3616c5b9d385d39edf25b51f89a3508906071 -> origin/skager-ocharts-loader
2026-10-03T11:17:31.8650232Z ##[endgroup]
2026-10-03T11:17:31.8650665Z ##[group]Determining the checkout info
2026-10-03T11:17:31.8652705Z ##[endgroup]
2026-10-03T11:17:31.8664425Z [command]"C:\Program Files\Git\bin\git.exe" sparse-checkout disable
2026-10-03T11:17:31.9019024Z [command]"C:\Program Files\Git\bin\git.exe" config --local --unset-all extensions.worktreeConfig
2026-10-03T11:17:31.9208859Z ##[group]Checking out the ref
2026-10-03T11:17:31.9216605Z [command]"C:\Program Files\Git\bin\git.exe" checkout --progress --force -B skager-ocharts-loader refs/remotes/origin/skager-ocharts-loader
2026-10-03T11:17:32.9556776Z Updating files:  64% (2725/4255)
2026-10-03T11:17:32.9694088Z Updating files:  65% (2766/4255)
2026-10-03T11:17:32.9910008Z Updating files:  66% (2809/4255)
2026-10-03T11:17:33.0023868Z Updating files:  67% (2851/4255)
2026-10-03T11:17:33.0171558Z Updating files:  68% (2894/4255)
2026-10-03T11:17:33.0360634Z Updating files:  69% (2936/4255)
2026-10-03T11:17:33.0652035Z Updating files:  70% (2979/4255)
2026-10-03T11:17:33.0832815Z Updating files:  71% (3022/4255)
2026-10-03T11:17:33.1049421Z Updating files:  72% (3064/4255)
2026-10-03T11:17:33.1276902Z Updating files:  73% (3107/4255)
2026-10-03T11:17:33.1337585Z Updating files:  74% (3149/4255)
2026-10-03T11:17:33.1467533Z Updating files:  75% (3192/4255)
2026-10-03T11:17:33.1558667Z Updating files:  76% (3234/4255)
2026-10-03T11:17:33.1674656Z Updating files:  77% (3277/4255)
2026-10-03T11:17:33.1724748Z Updating files:  78% (3319/4255)
2026-10-03T11:17:33.1774668Z Updating files:  79% (3362/4255)
2026-10-03T11:17:33.1834811Z Updating files:  80% (3404/4255)
2026-10-03T11:17:33.1913277Z Updating files:  81% (3447/4255)
2026-10-03T11:17:33.1969688Z Updating files:  82% (3490/4255)
2026-10-03T11:17:33.2029739Z Updating files:  83% (3532/4255)
2026-10-03T11:17:33.2086030Z Updating files:  84% (3575/4255)
2026-10-03T11:17:33.2149434Z Updating files:  85% (3617/4255)
2026-10-03T11:17:33.2212374Z Updating files:  86% (3660/4255)
2026-10-03T11:17:33.2276493Z Updating files:  87% (3702/4255)
2026-10-03T11:17:33.2342336Z Updating files:  88% (3745/4255)
2026-10-03T11:17:33.2406796Z Updating files:  89% (3787/4255)
2026-10-03T11:17:33.2472454Z Updating files:  90% (3830/4255)
2026-10-03T11:17:33.2539929Z Updating files:  91% (3873/4255)
2026-10-03T11:17:33.2604248Z Updating files:  92% (3915/4255)
2026-10-03T11:17:33.2674942Z Updating files:  93% (3958/4255)
2026-10-03T11:17:33.2739725Z Updating files:  94% (4000/4255)
2026-10-03T11:17:33.2806010Z Updating files:  95% (4043/4255)
2026-10-03T11:17:33.2883537Z Updating files:  96% (4085/4255)
2026-10-03T11:17:33.2948017Z Updating files:  97% (4128/4255)
2026-10-03T11:17:33.3015079Z Updating files:  98% (4170/4255)
2026-10-03T11:17:33.3069139Z Updating files:  99% (4213/4255)
2026-10-03T11:17:33.3069842Z Updating files: 100% (4255/4255)
2026-10-03T11:17:33.3070155Z Updating files: 100% (4255/4255), done.
2026-10-03T11:17:33.3204235Z Switched to a new branch 'skager-ocharts-loader'
2026-10-03T11:17:33.3253399Z branch 'skager-ocharts-loader' set up to track 'origin/skager-ocharts-loader'.
2026-10-03T11:17:33.3387766Z ##[endgroup]
2026-10-03T11:17:33.3640010Z [command]"C:\Program Files\Git\bin\git.exe" log -1 --format=%H
2026-10-03T11:17:33.3812341Z c7f3616c5b9d385d39edf25b51f89a3508906071
2026-10-03T11:17:33.4108676Z ##[group]Run $evidence = 'opennav-x/evidence/local/chart-resource-python'
2026-10-03T11:17:33.4109198Z [36;1m$evidence = 'opennav-x/evidence/local/chart-resource-python'[0m
2026-10-03T11:17:33.4109583Z [36;1mNew-Item -ItemType Directory -Force $evidence | Out-Null[0m
2026-10-03T11:17:33.4109932Z [36;1m$entry = 'C:\hostedtoolcache\windows\Python\3.12.10\x64\python.exe'[0m
2026-10-03T11:17:33.4110460Z [36;1mif (-not (Test-Path -LiteralPath $entry -PathType Leaf)) { throw 'Failed production entry Python 3.12.10 is unavailable' }[0m
2026-10-03T11:17:33.4111164Z [36;1m& pwsh -NoProfile -File opennav-x/tools/test-ocharts-build-wiring.ps1 2>&1 | Tee-Object "$evidence/build-wiring.log"[0m
2026-10-03T11:17:33.4111637Z [36;1mif ($LASTEXITCODE -ne 0) { exit $LASTEXITCODE }[0m
2026-10-03T11:17:33.4112129Z [36;1m& $entry opennav-x/tools/test-chart-resource-python.py --entry-version 3.12.10 --evidence $evidence 2>&1 | Tee-Object "$evidence/probe.log"[0m
2026-10-03T11:17:33.4112647Z [36;1mif ($LASTEXITCODE -ne 0) { exit $LASTEXITCODE }[0m
2026-10-03T11:17:33.4283190Z shell: C:\Program Files\PowerShell\7\pwsh.EXE -command ". '{0}'"
2026-10-03T11:17:33.4283481Z ##[endgroup]
2026-10-03T11:17:34.5099475Z Private build wiring passed: PowerShell parse/order, first build, exact reuse, and 17 rejection cases; no native compile claimed.
2026-10-03T11:21:17.0353963Z Resource Python identity proof passed; see exact interpreter and seven-file receipts
2026-10-03T11:21:17.0808079Z ##[group]Run actions/upload-artifact@ea165f8d65b6e75b540449e92b4886f43607fa02
2026-10-03T11:21:17.0808481Z with:
2026-10-03T11:21:17.0808791Z   name: native-chart-resource-python-c7f3616c5b9d385d39edf25b51f89a3508906071
2026-10-03T11:21:17.0809210Z   path: opennav-x/evidence/local/chart-resource-python
2026-10-03T11:21:17.0809485Z   if-no-files-found: error
2026-10-03T11:21:17.0809667Z   compression-level: 6
2026-10-03T11:21:17.0809847Z   overwrite: false
2026-10-03T11:21:17.0810011Z   include-hidden-files: false
2026-10-03T11:21:17.0810193Z ##[endgroup]
2026-10-03T11:21:17.2434200Z (node:7776) [DEP0040] DeprecationWarning: The `punycode` module is deprecated. Please use a userland alternative instead.
2026-10-03T11:21:17.2435122Z (Use `node --trace-deprecation ...` to show where the warning was created)
2026-10-03T11:21:17.2898016Z With the provided path, there will be 102 files uploaded
2026-10-03T11:21:17.2903182Z Artifact name is valid!
2026-10-03T11:21:17.2904673Z Root directory input is valid!
2026-10-03T11:21:17.6395030Z Beginning upload of artifact content to blob storage
2026-10-03T11:21:18.0148047Z (node:7776) [DEP0169] DeprecationWarning: `url.parse()` behavior is not standardized and prone to errors that have security implications. Use the WHATWG URL API instead. CVEs are not issued for `url.parse()` vulnerabilities.
2026-10-03T11:21:18.8756079Z Uploaded bytes 4007959
2026-10-03T11:21:18.9416555Z Finished uploading artifact content to blob storage!
2026-10-03T11:21:18.9417452Z SHA256 digest of uploaded artifact zip is 7149133bedf1601364c4c9984a22535f9cf68b2ad1fcb3497af6422af97f87b6
2026-10-03T11:21:18.9419643Z Finalizing artifact upload
2026-10-03T11:21:19.1768459Z Artifact native-chart-resource-python-c7f3616c5b9d385d39edf25b51f89a3508906071.zip successfully finalized. Artifact ID 11273051001
2026-10-03T11:21:19.1770429Z Artifact native-chart-resource-python-c7f3616c5b9d385d39edf25b51f89a3508906071 has been successfully uploaded! Final size is 4007959 bytes. Artifact ID is 11273051001
2026-10-03T11:21:19.1777288Z Artifact download URL: https://github.com/ThereptileII/Work/actions/runs/37119161157/artifacts/11273051001
2026-10-03T11:21:19.2062310Z Post job cleanup.
2026-10-03T11:21:19.3579228Z [command]"C:\Program Files\Git\bin\git.exe" version
2026-10-03T11:21:19.3745341Z git version 2.55.0.windows.5
2026-10-03T11:21:19.3787527Z Temporarily overriding HOME='D:\a\_temp\108098ca-4a48-4ea1-8b29-9faacb1d5c0a' before making global git config changes
2026-10-03T11:21:19.3788162Z Adding repository directory to the temporary git global config as a safe directory
2026-10-03T11:21:19.3795980Z [command]"C:\Program Files\Git\bin\git.exe" config --global --add safe.directory D:\a\Work\Work
2026-10-03T11:21:19.3979602Z [command]"C:\Program Files\Git\bin\git.exe" config --local --name-only --get-regexp core\.sshCommand
2026-10-03T11:21:19.4159999Z [command]"C:\Program Files\Git\bin\git.exe" submodule foreach --recursive "sh -c \"git config --local --name-only --get-regexp 'core\.sshCommand' && git config --local --unset-all 'core.sshCommand' || :\""
2026-10-03T11:21:19.7734244Z [command]"C:\Program Files\Git\bin\git.exe" config --local --name-only --get-regexp http\.https\:\/\/github\.com\/\.extraheader
2026-10-03T11:21:19.7914412Z http.https://github.com/.extraheader
2026-10-03T11:21:19.7941811Z [command]"C:\Program Files\Git\bin\git.exe" config --local --unset-all http.https://github.com/.extraheader
2026-10-03T11:21:19.8125133Z [command]"C:\Program Files\Git\bin\git.exe" submodule foreach --recursive "sh -c \"git config --local --name-only --get-regexp 'http\.https\:\/\/github\.com\/\.extraheader' && git config --local --unset-all 'http.https://github.com/.extraheader' || :\""
2026-10-03T11:21:20.1616303Z [command]"C:\Program Files\Git\bin\git.exe" config --local --name-only --get-regexp ^includeIf\.gitdir:
2026-10-03T11:21:20.1794450Z [command]"C:\Program Files\Git\bin\git.exe" submodule foreach --recursive "git config --local --show-origin --name-only --get-regexp remote.origin.url"
2026-10-03T11:21:20.5337268Z Cleaning up orphan processes
2026-10-03T11:21:20.5875332Z ##[warning]Node.js 20 is deprecated. The following actions target Node.js 20 but are being forced to run on Node.js 24: actions/checkout@11d5960a326750d5838078e36cf38b85af677262, actions/upload-artifact@ea165f8d65b6e75b540449e92b4886f43607fa02. For more information see: https://github.blog/changelog/2025-09-19-deprecation-of-node-20-on-github-actions-runners/

