[Thread debugging using libthread_db enabled]
Using host libthread_db library "/usr/lib/libthread_db.so.1".
[New Thread 0x7fffefbff6c0 (LWP 338)]
[New Thread 0x7fffef3fe6c0 (LWP 339)]
[Thread 0x7fffef3fe6c0 (LWP 339) exited]
[Thread 0x7fffefbff6c0 (LWP 338) exited]
[New Thread 0x7fffefbff6c0 (LWP 340)]
[New Thread 0x7fffef3fe6c0 (LWP 341)]
[Thread 0x7fffef3fe6c0 (LWP 341) exited]
[Thread 0x7fffefbff6c0 (LWP 340) exited]
[New Thread 0x7fffefbff6c0 (LWP 342)]
[New Thread 0x7fffef3fe6c0 (LWP 343)]
[Thread 0x7fffef3fe6c0 (LWP 343) exited]
[Thread 0x7fffefbff6c0 (LWP 342) exited]
[New Thread 0x7fffefbff6c0 (LWP 344)]
[New Thread 0x7fffef3fe6c0 (LWP 345)]
[Thread 0x7fffef3fe6c0 (LWP 345) exited]
[Thread 0x7fffefbff6c0 (LWP 344) exited]
[New Thread 0x7fffefbff6c0 (LWP 346)]
[New Thread 0x7fffef3fe6c0 (LWP 347)]
[Thread 0x7fffef3fe6c0 (LWP 347) exited]
[New Thread 0x7fffef3fe6c0 (LWP 348)]
[New Thread 0x7fffeebfd6c0 (LWP 349)]
[New Thread 0x7fffee3fc6c0 (LWP 350)]
[New Thread 0x7fffedbfb6c0 (LWP 351)]
[New Thread 0x7fffecfea6c0 (LWP 353)]
[New Thread 0x7fffcd9ff6c0 (LWP 354)]
[New Thread 0x7fffcd1fe6c0 (LWP 355)]
[Detaching after vfork from child process 357]
[Detaching after vfork from child process 359]
[Detaching after vfork from child process 361]
[Detaching after vfork from child process 363]
[Detaching after vfork from child process 365]
[Detaching after vfork from child process 367]
[Detaching after vfork from child process 369]
[New Thread 0x7fffcc9fd6c0 (LWP 371)]
[New Thread 0x7fffec40d6c0 (LWP 372)]
[New Thread 0x7fffec20c6c0 (LWP 373)]
[New Thread 0x7fffdc7ff6c0 (LWP 374)]
[Detaching after fork from child process 375]
[New Thread 0x7fffdc5fe6c0 (LWP 379)]
[Detaching after fork from child process 380]
[New Thread 0x7fffbffff6c0 (LWP 385)]
[Thread 0x7fffec40d6c0 (LWP 372) exited]
[New Thread 0x7fffbf7fe6c0 (LWP 390)]
[New Thread 0x7fffbddff6c0 (LWP 391)]
[New Thread 0x7fffbd5fe6c0 (LWP 392)]
[New Thread 0x7fffbc5ff6c0 (LWP 393)]
[Thread 0x7fffbc5ff6c0 (LWP 393) exited]
[Detaching after vfork from child process 394]
[Thread 0x7fffbf7fe6c0 (LWP 390) exited]
[New Thread 0x7fffb95ff6c0 (LWP 400)]
[Thread 0x7fffb95ff6c0 (LWP 400) exited]
[New Thread 0x7fffb95ff6c0 (LWP 401)]
[New Thread 0x7fffb8dfe6c0 (LWP 402)]
[Detaching after vfork from child process 403]
[New Thread 0x7fffec40d6c0 (LWP 405)]
[New Thread 0x7fffbbdfe6c0 (LWP 406)]
[New Thread 0x7fffbbbfd6c0 (LWP 407)]
[Detaching after fork from child process 408]
[New Thread 0x7fffbb9fc6c0 (LWP 415)]
[New Thread 0x7fffb85fd6c0 (LWP 416)]
[New Thread 0x7fffb83fc6c0 (LWP 417)]
[New Thread 0x7fffb81fb6c0 (LWP 418)]
[Thread 0x7fffb85fd6c0 (LWP 416) exited]
[Thread 0x7fffb83fc6c0 (LWP 417) exited]
[Thread 0x7fffb81fb6c0 (LWP 418) exited]
[Thread 0x7fffbb9fc6c0 (LWP 415) exited]
[New Thread 0x7fffbb9fc6c0 (LWP 420)]
[New Thread 0x7fffb81fb6c0 (LWP 421)]
[New Thread 0x7fffb83fc6c0 (LWP 422)]
[New Thread 0x7fffb85fd6c0 (LWP 423)]
[Thread 0x7fffb85fd6c0 (LWP 423) exited]
[Thread 0x7fffb83fc6c0 (LWP 422) exited]
[Thread 0x7fffb81fb6c0 (LWP 421) exited]
[Thread 0x7fffbb9fc6c0 (LWP 420) exited]
[New Thread 0x7fffb81fb6c0 (LWP 425)]
[New Thread 0x7fffb85fd6c0 (LWP 426)]
[New Thread 0x7fffbb9fc6c0 (LWP 427)]
[New Thread 0x7fffb83fc6c0 (LWP 428)]
[Thread 0x7fffbb9fc6c0 (LWP 427) exited]
[Thread 0x7fffb83fc6c0 (LWP 428) exited]
[Thread 0x7fffb85fd6c0 (LWP 426) exited]
[Thread 0x7fffb81fb6c0 (LWP 425) exited]
[New Thread 0x7fffb83fc6c0 (LWP 429)]
[Detaching after fork from child process 430]
[New Thread 0x7fffb85fd6c0 (LWP 437)]
[New Thread 0x7fffbb9fc6c0 (LWP 438)]
[New Thread 0x7fffb81fb6c0 (LWP 439)]
[New Thread 0x7fffb7ffa6c0 (LWP 440)]
[Thread 0x7fffb7ffa6c0 (LWP 440) exited]
[Thread 0x7fffb81fb6c0 (LWP 439) exited]
[Thread 0x7fffbb9fc6c0 (LWP 438) exited]
[Thread 0x7fffb85fd6c0 (LWP 437) exited]
[New Thread 0x7fffb81fb6c0 (LWP 442)]
[New Thread 0x7fffbb9fc6c0 (LWP 443)]
[New Thread 0x7fffb85fd6c0 (LWP 444)]
[New Thread 0x7fffb7ffa6c0 (LWP 445)]
[Thread 0x7fffb85fd6c0 (LWP 444) exited]
[Thread 0x7fffbb9fc6c0 (LWP 443) exited]
[Thread 0x7fffb81fb6c0 (LWP 442) exited]
[Thread 0x7fffb7ffa6c0 (LWP 445) exited]
[New Thread 0x7fffb7ffa6c0 (LWP 447)]
[New Thread 0x7fffbb9fc6c0 (LWP 448)]
[New Thread 0x7fffb81fb6c0 (LWP 449)]
[New Thread 0x7fffb85fd6c0 (LWP 450)]
[Thread 0x7fffbb9fc6c0 (LWP 448) exited]
[Thread 0x7fffb7ffa6c0 (LWP 447) exited]
[Thread 0x7fffb85fd6c0 (LWP 450) exited]
[Thread 0x7fffb81fb6c0 (LWP 449) exited]
[New Thread 0x7fffb81fb6c0 (LWP 452)]
[New Thread 0x7fffbb9fc6c0 (LWP 453)]
[New Thread 0x7fffb85fd6c0 (LWP 454)]
[New Thread 0x7fffb7ffa6c0 (LWP 455)]
[Thread 0x7fffb81fb6c0 (LWP 452) exited]
[Thread 0x7fffb7ffa6c0 (LWP 455) exited]
[Thread 0x7fffb85fd6c0 (LWP 454) exited]
[Thread 0x7fffbb9fc6c0 (LWP 453) exited]
[New Thread 0x7fffb85fd6c0 (LWP 457)]
[New Thread 0x7fffb7ffa6c0 (LWP 458)]
[New Thread 0x7fffbb9fc6c0 (LWP 459)]
[New Thread 0x7fffb81fb6c0 (LWP 460)]
[Thread 0x7fffbb9fc6c0 (LWP 459) exited]
[Thread 0x7fffb81fb6c0 (LWP 460) exited]
[Thread 0x7fffb7ffa6c0 (LWP 458) exited]
[Thread 0x7fffb85fd6c0 (LWP 457) exited]
[New Thread 0x7fffb7ffa6c0 (LWP 462)]
[New Thread 0x7fffb81fb6c0 (LWP 463)]
[New Thread 0x7fffbb9fc6c0 (LWP 464)]
[New Thread 0x7fffb85fd6c0 (LWP 465)]
[Thread 0x7fffbb9fc6c0 (LWP 464) exited]
[Thread 0x7fffb7ffa6c0 (LWP 462) exited]
[Thread 0x7fffb85fd6c0 (LWP 465) exited]
[Thread 0x7fffb81fb6c0 (LWP 463) exited]
[New Thread 0x7fffb81fb6c0 (LWP 467)]
[New Thread 0x7fffb85fd6c0 (LWP 468)]
[New Thread 0x7fffbb9fc6c0 (LWP 469)]
[New Thread 0x7fffb7ffa6c0 (LWP 470)]
[Thread 0x7fffb7ffa6c0 (LWP 470) exited]
[Thread 0x7fffbb9fc6c0 (LWP 469) exited]
[Thread 0x7fffb85fd6c0 (LWP 468) exited]
[Thread 0x7fffb81fb6c0 (LWP 467) exited]
[New Thread 0x7fffbb9fc6c0 (LWP 472)]
[New Thread 0x7fffb85fd6c0 (LWP 473)]
[New Thread 0x7fffb7ffa6c0 (LWP 474)]
[New Thread 0x7fffb81fb6c0 (LWP 475)]
[Thread 0x7fffb81fb6c0 (LWP 475) exited]
[Thread 0x7fffb7ffa6c0 (LWP 474) exited]
[Thread 0x7fffb85fd6c0 (LWP 473) exited]
[Thread 0x7fffbb9fc6c0 (LWP 472) exited]
[New Thread 0x7fffb7ffa6c0 (LWP 477)]
[New Thread 0x7fffb85fd6c0 (LWP 478)]
[New Thread 0x7fffbb9fc6c0 (LWP 479)]
[New Thread 0x7fffb81fb6c0 (LWP 480)]
[Thread 0x7fffb81fb6c0 (LWP 480) exited]
[Thread 0x7fffbb9fc6c0 (LWP 479) exited]
[Thread 0x7fffb7ffa6c0 (LWP 477) exited]
[Thread 0x7fffb85fd6c0 (LWP 478) exited]
[New Thread 0x7fffbb9fc6c0 (LWP 482)]
[New Thread 0x7fffb85fd6c0 (LWP 483)]
[New Thread 0x7fffb7ffa6c0 (LWP 484)]
[New Thread 0x7fffb81fb6c0 (LWP 485)]
[Thread 0x7fffb81fb6c0 (LWP 485) exited]
[Thread 0x7fffb7ffa6c0 (LWP 484) exited]
[Thread 0x7fffbb9fc6c0 (LWP 482) exited]
[Thread 0x7fffb85fd6c0 (LWP 483) exited]
[New Thread 0x7fffb7ffa6c0 (LWP 487)]
[New Thread 0x7fffb85fd6c0 (LWP 488)]
[New Thread 0x7fffb81fb6c0 (LWP 489)]
[New Thread 0x7fffbb9fc6c0 (LWP 490)]
[Thread 0x7fffbb9fc6c0 (LWP 490) exited]
[Thread 0x7fffb81fb6c0 (LWP 489) exited]
[Thread 0x7fffb85fd6c0 (LWP 488) exited]
[Thread 0x7fffb7ffa6c0 (LWP 487) exited]
[Thread 0x7fffec40d6c0 (LWP 405) exited]
[Thread 0x7fffbbdfe6c0 (LWP 406) exited]
[Detaching after vfork from child process 491]
[Detaching after vfork from child process 494]
[Detaching after vfork from child process 502]
[Detaching after vfork from child process 505]
[Detaching after vfork from child process 513]
[Detaching after vfork from child process 516]
[Detaching after vfork from child process 524]
[Detaching after vfork from child process 527]
[Thread 0x7fffbd5fe6c0 (LWP 392) exited]
[Thread 0x7fffb8dfe6c0 (LWP 402) exited]
[Thread 0x7fffb95ff6c0 (LWP 401) exited]
[Thread 0x7fffbddff6c0 (LWP 391) exited]
[Thread 0x7fffbffff6c0 (LWP 385) exited]
[Thread 0x7fffdc5fe6c0 (LWP 379) exited]
[Thread 0x7fffcd1fe6c0 (LWP 355) exited]
[Thread 0x7fffedbfb6c0 (LWP 351) exited]
[Thread 0x7fffee3fc6c0 (LWP 350) exited]
[Thread 0x7fffeebfd6c0 (LWP 349) exited]
[Thread 0x7fffef3fe6c0 (LWP 348) exited]
[Thread 0x7ffff24f8500 (LWP 335) exited]
[Thread 0x7fffb83fc6c0 (LWP 429) exited]
[Thread 0x7fffbbbfd6c0 (LWP 407) exited]
[Thread 0x7fffcd9ff6c0 (LWP 354) exited]
[Thread 0x7fffecfea6c0 (LWP 353) exited]
[Thread 0x7fffefbff6c0 (LWP 346) exited]
[Thread 0x7fffec20c6c0 (LWP 373) exited]
[Thread 0x7fffcc9fd6c0 (LWP 371) exited]
[Thread 0x7fffdc7ff6c0 (LWP 374) exited]
[New process 335]
[Inferior 1 (process 335) exited normally]
