90: 2026-10-04T09:12:26.6118535Z [command]/usr/bin/git -c protocol.version=2 fetch --no-tags --prune --no-recurse-submodules --depth=1 origin +ecf7e0c46609cf4cb29141964d7c4bde98b002b7:refs/remotes/origin/opennav-x-beta2-ui
92: 2026-10-04T09:12:30.9156737Z  * [new ref]         ecf7e0c46609cf4cb29141964d7c4bde98b002b7 -> origin/opennav-x-beta2-ui
104: 2026-10-04T09:12:31.9350339Z ecf7e0c46609cf4cb29141964d7c4bde98b002b7
118: 2026-10-04T09:12:32.8074529Z Ran 11 tests in 0.615s
120: 2026-10-04T09:12:32.8074981Z OK
123: 2026-10-04T09:12:32.9097595Z Ran 9 tests in 0.017s
125: 2026-10-04T09:12:32.9097999Z OK
128: 2026-10-04T09:12:33.1214675Z Ran 17 tests in 0.124s
130: 2026-10-04T09:12:33.1214977Z OK
141: 2026-10-04T09:12:33.2523313Z test_capture_and_verify_refuse_symlinks_inside_inventory (__main__.DependencyReceiptTests.test_capture_and_verify_refuse_symlinks_inside_inventory) ... ok
142: 2026-10-04T09:12:33.2540213Z test_capture_refuses_symlinked_root_or_ancestor (__main__.DependencyReceiptTests.test_capture_refuses_symlinked_root_or_ancestor) ... ok
143: 2026-10-04T09:12:33.2563509Z test_capture_verify_round_trip_binds_context_and_all_file_bytes (__main__.DependencyReceiptTests.test_capture_verify_round_trip_binds_context_and_all_file_bytes) ... ok
144: 2026-10-04T09:12:33.2587648Z test_cli_context_parser_rejects_duplicate_json_keys (__main__.DependencyReceiptTests.test_cli_context_parser_rejects_duplicate_json_keys) ... ok
145: 2026-10-04T09:12:33.2608099Z test_context_must_be_complete_canonical_and_from_same_job (__main__.DependencyReceiptTests.test_context_must_be_complete_canonical_and_from_same_job) ... ok
146: 2026-10-04T09:12:36.6605116Z test_inventory_bounds_total_entries_before_materializing_large_tree (__main__.DependencyReceiptTests.test_inventory_bounds_total_entries_before_materializing_large_tree) ... ok
147: 2026-10-04T09:12:37.8802187Z test_inventory_rejects_more_than_the_supported_file_count (__main__.DependencyReceiptTests.test_inventory_rejects_more_than_the_supported_file_count) ... ok
148: 2026-10-04T09:12:37.8952072Z test_inventory_rejects_windows_stream_and_reserved_names (__main__.DependencyReceiptTests.test_inventory_rejects_windows_stream_and_reserved_names) ... ok
149: 2026-10-04T09:12:37.8984458Z test_receipt_paths_and_roots_reject_escape_and_windows_aliases (__main__.DependencyReceiptTests.test_receipt_paths_and_roots_reject_escape_and_windows_aliases) ... ok
150: 2026-10-04T09:12:37.9015701Z test_receipt_rejects_malformed_unknown_and_duplicate_json_fields (__main__.DependencyReceiptTests.test_receipt_rejects_malformed_unknown_and_duplicate_json_fields) ... ok
151: 2026-10-04T09:12:37.9064497Z test_root_count_context_count_and_oversized_receipt_limits (__main__.DependencyReceiptTests.test_root_count_context_count_and_oversized_receipt_limits) ... ok
152: 2026-10-04T09:12:37.9086917Z test_verification_rejects_a_different_workspace_even_with_identical_bytes (__main__.DependencyReceiptTests.test_verification_rejects_a_different_workspace_even_with_identical_bytes) ... ok
153: 2026-10-04T09:12:37.9129062Z test_verification_rejects_changed_missing_and_added_files (__main__.DependencyReceiptTests.test_verification_rejects_changed_missing_and_added_files) ... ok
154: 2026-10-04T09:12:37.9145629Z test_verify_refuses_a_symlinked_receipt (__main__.DependencyReceiptTests.test_verify_refuses_a_symlinked_receipt) ... ok
155: 2026-10-04T09:12:37.9157947Z test_walk_errors_do_not_silently_create_partial_inventory (__main__.DependencyReceiptTests.test_walk_errors_do_not_silently_create_partial_inventory) ... ok
158: 2026-10-04T09:12:37.9159852Z Ran 15 tests in 4.667s
160: 2026-10-04T09:12:37.9160211Z OK
161: 2026-10-04T09:12:38.0416461Z test_alternate_zlib_record_path_is_fixed_and_cannot_escape (__main__.WindowsDependencyEvidenceTests.test_alternate_zlib_record_path_is_fixed_and_cannot_escape) ... ok
162: 2026-10-04T09:12:38.1088066Z test_alternate_zlib_record_requires_pinned_build_evidence_and_plain_path (__main__.WindowsDependencyEvidenceTests.test_alternate_zlib_record_requires_pinned_build_evidence_and_plain_path) ... ok
163: 2026-10-04T09:12:38.1212008Z test_changed_curl_dependency_manifest_hash_is_rejected (__main__.WindowsDependencyEvidenceTests.test_changed_curl_dependency_manifest_hash_is_rejected) ... ok
164: 2026-10-04T09:12:38.1360842Z test_changed_prefix_output_is_rejected (__main__.WindowsDependencyEvidenceTests.test_changed_prefix_output_is_rejected) ... ok
165: 2026-10-04T09:12:38.1534989Z test_complete_inert_fixture_matches_producer_and_installed_evidence (__main__.WindowsDependencyEvidenceTests.test_complete_inert_fixture_matches_producer_and_installed_evidence) ... ok
166: 2026-10-04T09:12:38.1959195Z test_contradictory_failure_summaries_are_rejected_in_either_order (__main__.WindowsDependencyEvidenceTests.test_contradictory_failure_summaries_are_rejected_in_either_order) ... ok
167: 2026-10-04T09:12:38.2258134Z test_curl_retained_log_hash_and_test_summary_must_match (__main__.WindowsDependencyEvidenceTests.test_curl_retained_log_hash_and_test_summary_must_match) ... ok
168: 2026-10-04T09:12:38.2482703Z test_manifest_source_and_retained_zlib_source_record_must_match (__main__.WindowsDependencyEvidenceTests.test_manifest_source_and_retained_zlib_source_record_must_match) ... ok
169: 2026-10-04T09:12:38.2651721Z test_mismatched_or_missing_producer_manifest_is_rejected (__main__.WindowsDependencyEvidenceTests.test_mismatched_or_missing_producer_manifest_is_rejected) ... ok
170: 2026-10-04T09:12:38.3343912Z test_missing_or_failed_native_test_summaries_are_rejected (__main__.WindowsDependencyEvidenceTests.test_missing_or_failed_native_test_summaries_are_rejected) ... ok
171: 2026-10-04T09:12:38.4008123Z test_openssl_allows_only_the_source_proven_non_fips_prep_notests (__main__.WindowsDependencyEvidenceTests.test_openssl_allows_only_the_source_proven_non_fips_prep_notests) ... ok
172: 2026-10-04T09:12:38.5176674Z test_openssl_crlf_encodings_keep_raw_hash_and_strict_result_sequence (__main__.WindowsDependencyEvidenceTests.test_openssl_crlf_encodings_keep_raw_hash_and_strict_result_sequence) ... ok
173: 2026-10-04T09:12:38.5522199Z test_preserved_first_success_record_survives_later_source_only_preflight (__main__.WindowsDependencyEvidenceTests.test_preserved_first_success_record_survives_later_source_only_preflight) ... ok
174: 2026-10-04T09:12:38.5709331Z test_strict_json_rejects_duplicate_keys_and_accepts_utf8_bom (__main__.WindowsDependencyEvidenceTests.test_strict_json_rejects_duplicate_keys_and_accepts_utf8_bom) ... ok
177: 2026-10-04T09:12:38.5712409Z Ran 14 tests in 0.539s
179: 2026-10-04T09:12:38.5725081Z OK
180: 2026-10-04T09:12:38.6970619Z test_build_and_ais_share_parent_setup_before_producer (__main__.SameJobReuseReceiptTests.test_build_and_ais_share_parent_setup_before_producer) ... ok
181: 2026-10-04T09:12:38.7131287Z test_capture_never_replaces_existing_receipt_or_preserved_source (__main__.SameJobReuseReceiptTests.test_capture_never_replaces_existing_receipt_or_preserved_source) ... ok
182: 2026-10-04T09:12:38.7433180Z test_changed_prefix_bytes_or_extra_file_refuse_reuse (__main__.SameJobReuseReceiptTests.test_changed_prefix_bytes_or_extra_file_refuse_reuse) ... ok
183: 2026-10-04T09:12:38.8165123Z test_changed_producer_fact_log_or_input_refuses_reuse (__main__.SameJobReuseReceiptTests.test_changed_producer_fact_log_or_input_refuses_reuse) ... ok
184: 2026-10-04T09:12:38.8450810Z test_checkout_root_workflow_is_bound_by_commit_not_nested_path (__main__.SameJobReuseReceiptTests.test_checkout_root_workflow_is_bound_by_commit_not_nested_path) ... ok
185: 2026-10-04T09:12:38.8728531Z test_different_job_attempt_commit_and_non_ci_context_refuse (__main__.SameJobReuseReceiptTests.test_different_job_attempt_commit_and_non_ci_context_refuse) ... ok
186: 2026-10-04T09:12:38.8952269Z test_existing_gettext_receipt_is_bound_without_refresh (__main__.SameJobReuseReceiptTests.test_existing_gettext_receipt_is_bound_without_refresh) ... ok
187: 2026-10-04T09:12:38.9250949Z test_first_success_round_trip_and_later_preflight_overwrite (__main__.SameJobReuseReceiptTests.test_first_success_round_trip_and_later_preflight_overwrite) ... ok
188: 2026-10-04T09:12:38.9347810Z test_late_capture_failure_removes_preserved_copy_without_receipt (__main__.SameJobReuseReceiptTests.test_late_capture_failure_removes_preserved_copy_without_receipt) ... ok
189: 2026-10-04T09:12:38.9569204Z test_missing_fact_and_tampered_preserved_source_refuse_reuse (__main__.SameJobReuseReceiptTests.test_missing_fact_and_tampered_preserved_source_refuse_reuse) ... ok
190: 2026-10-04T09:12:38.9656959Z test_missing_success_assertion_or_failed_evidence_never_writes_receipt (__main__.SameJobReuseReceiptTests.test_missing_success_assertion_or_failed_evidence_never_writes_receipt) ... ok
191: 2026-10-04T09:12:38.9874646Z test_parent_initialization_source_is_bound (__main__.SameJobReuseReceiptTests.test_parent_initialization_source_is_bound) ... ok
192: 2026-10-04T09:12:39.0235806Z test_zlib_facts_from_actual_producer_paths_are_consumed_and_bound (__main__.SameJobReuseReceiptTests.test_zlib_facts_from_actual_producer_paths_are_consumed_and_bound) ... ok
195: 2026-10-04T09:12:39.0237408Z Ran 13 tests in 0.336s
197: 2026-10-04T09:12:39.0237676Z OK
200: 2026-10-04T09:12:39.2025114Z Ran 4 tests in 0.050s
202: 2026-10-04T09:12:39.2025400Z OK
203: 2026-10-04T09:12:39.2026223Z Restaged verified Win32 dependency cache from same-job producer prefixes
208: 2026-10-04T09:13:11.8298941Z Native version probe stream, refusal, and deadline tests passed
213: 2026-10-04T09:13:12.0477761Z test_constructor_seeds_and_preserves_actual_prepared_profile (__main__.PeerBoundaryTests.test_constructor_seeds_and_preserves_actual_prepared_profile) ... ok
214: 2026-10-04T09:13:12.2218145Z test_current_platform_listener_ownership_and_closed_pid (__main__.PeerBoundaryTests.test_current_platform_listener_ownership_and_closed_pid) ... ok
215: 2026-10-04T09:13:12.2541768Z test_duplicate_credential_is_rejected (__main__.PeerBoundaryTests.test_duplicate_credential_is_rejected) ... ok
216: 2026-10-04T09:13:12.3184349Z test_existing_credential_and_certificate_refuse_without_mutation (__main__.PeerBoundaryTests.test_existing_credential_and_certificate_refuse_without_mutation) ... ok
217: 2026-10-04T09:13:12.3708608Z test_ipv6_listener_is_owned_and_rejected (__main__.PeerBoundaryTests.test_ipv6_listener_is_owned_and_rejected) ... ok
218: 2026-10-04T09:13:12.3710057Z test_native_row_layouts_are_explicit (__main__.PeerBoundaryTests.test_native_row_layouts_are_explicit) ... ok
219: 2026-10-04T09:13:12.4683133Z test_tampering_with_cert_key_or_credentials_fails_closed (__main__.PeerBoundaryTests.test_tampering_with_cert_key_or_credentials_fails_closed) ... ok
222: 2026-10-04T09:13:12.4685014Z Ran 7 tests in 0.453s
224: 2026-10-04T09:13:12.4685394Z OK
225: 2026-10-04T09:13:12.4848427Z ##[group]Run python opennav-x/tools/test-third-party-notice-checkout.py
226: 2026-10-04T09:13:12.4849020Z [36;1mpython opennav-x/tools/test-third-party-notice-checkout.py[0m
229: 2026-10-04T09:13:12.6097461Z PASS: OpenSSL 3.5.9, curl 8.22.0 and zlib 1.3.2 notices remain byte-identical with core.autocrlf=true; negative control transforms unprotected LF notices to CRLF
236: 2026-10-04T09:13:12.7158048Z Ran 12 tests in 0.024s
238: 2026-10-04T09:13:12.7158315Z OK
243: 2026-10-04T09:13:13.3137158Z 48 actual installer output-policy checks passed; no installer operation invoked
471: 2026-10-04T09:13:20.6472259Z test_corruption_refused (__main__.NavigationCopy.test_corruption_refused) ... ok
472: 2026-10-04T09:13:20.6599397Z test_duplicate_row_detected (__main__.NavigationCopy.test_duplicate_row_detected) ... ok
473: 2026-10-04T09:13:20.6687663Z test_hash_mismatch_refused (__main__.NavigationCopy.test_hash_mismatch_refused) ... ok
474: 2026-10-04T09:13:20.6779461Z test_live_journal_refused (__main__.NavigationCopy.test_live_journal_refused) ... ok
475: 2026-10-04T09:13:20.6881387Z test_missing_navigation_table_refused (__main__.NavigationCopy.test_missing_navigation_table_refused) ... ok
476: 2026-10-04T09:13:20.6972937Z test_non_utf8_text_preserved_without_decode (__main__.NavigationCopy.test_non_utf8_text_preserved_without_decode) ... ok
477: 2026-10-04T09:13:20.7096389Z test_row_order_does_not_change_content (__main__.NavigationCopy.test_row_order_does_not_change_content) ... ok
478: 2026-10-04T09:13:20.7241623Z test_same_count_changed_value_detected (__main__.NavigationCopy.test_same_count_changed_value_detected) ... ok
479: 2026-10-04T09:13:20.7353070Z test_schema_change_detected (__main__.NavigationCopy.test_schema_change_detected) ... ok
480: 2026-10-04T09:13:20.7468530Z test_storage_type_change_detected (__main__.NavigationCopy.test_storage_type_change_detected) ... ok
481: 2026-10-04T09:13:20.7563435Z test_symlink_refused (__main__.NavigationCopy.test_symlink_refused) ... ok
484: 2026-10-04T09:13:20.7564765Z Ran 11 tests in 0.122s
486: 2026-10-04T09:13:20.7565271Z OK
753: 2026-10-04T09:14:39.3802237Z  1/94 Test  #1: geographic_chart_name_boundary .................   Passed    0.00 sec
755: 2026-10-04T09:14:39.3877640Z  2/94 Test  #2: display_prototype_geometry .....................   Passed    0.00 sec
757: 2026-10-04T09:14:39.3982367Z  3/94 Test  #3: early_startup_fixtures_isolation ...............   Passed    0.01 sec
759: 2026-10-04T09:14:39.4047809Z  4/94 Test  #4: early_startup_product_isolation ................   Passed    0.01 sec
761: 2026-10-04T09:14:39.4111693Z  5/94 Test  #5: early_startup_msw_excluded_isolation ...........   Passed    0.01 sec
763: 2026-10-04T09:14:39.4198486Z  6/94 Test  #6: fixture_marker_publication .....................   Passed    0.01 sec
765: 2026-10-04T09:14:39.4220484Z  7/94 Test  #7: passage_view_provenance ........................   Passed    0.00 sec
767: 2026-10-04T09:14:39.4242040Z  8/94 Test  #8: instrument_view_provenance .....................   Passed    0.00 sec
769: 2026-10-04T09:14:39.4272183Z  9/94 Test  #9: footer_view_provenance .........................   Passed    0.00 sec
771: 2026-10-04T09:14:39.4306386Z 10/94 Test #10: horizon_view_provenance ........................   Passed    0.00 sec
773: 2026-10-04T09:14:39.4326274Z 11/94 Test #11: source_health_view_provenance ..................   Passed    0.00 sec
775: 2026-10-04T09:14:39.4343907Z 12/94 Test #12: build_policy_product ...........................   Passed    0.00 sec
777: 2026-10-04T09:14:39.4360605Z 13/94 Test #13: build_policy_fixtures ..........................   Passed    0.00 sec
779: 2026-10-04T09:14:39.4376844Z 14/94 Test #14: pilot_output_product_policy ....................   Passed    0.00 sec
781: 2026-10-04T09:14:39.4393308Z 15/94 Test #15: pilot_output_loopback_policy ...................   Passed    0.00 sec
783: 2026-10-04T09:14:39.4409205Z 16/94 Test #16: ais_selection_lifetime .........................   Passed    0.00 sec
785: 2026-10-04T09:14:39.4444152Z 17/94 Test #17: ais_report_health ..............................   Passed    0.00 sec
787: 2026-10-04T09:14:41.0366123Z 18/94 Test #18: online_ais_cache_and_precedence ................   Passed    1.59 sec
789: 2026-10-04T09:14:41.0386588Z 19/94 Test #19: chart_canvas_night_ink .........................   Passed    0.00 sec
791: 2026-10-04T09:14:41.0427712Z 20/94 Test #20: online_ais_chart_presentation ..................   Passed    0.00 sec
793: 2026-10-04T09:14:41.0455355Z 21/94 Test #21: aisstream_untrusted_json_and_subscription ......   Passed    0.00 sec
795: 2026-10-04T09:14:41.0473857Z 22/94 Test #22: aisstream_session_lifecycle ....................   Passed    0.00 sec
797: 2026-10-04T09:14:41.0490064Z 23/94 Test #23: ais_credentials_protected_storage ..............   Passed    0.00 sec
799: 2026-10-04T09:14:41.0507624Z 24/94 Test #24: operational_alert_sensors ......................   Passed    0.00 sec
801: 2026-10-04T09:14:41.0524420Z 25/94 Test #25: operational_alert_alarms .......................   Passed    0.00 sec
803: 2026-10-04T09:14:41.1951861Z 26/94 Test #26: operational_alert_lifecycle ....................   Passed    0.14 sec
805: 2026-10-04T09:14:41.1978273Z 27/94 Test #27: field_report_privacy ...........................   Passed    0.00 sec
807: 2026-10-04T09:14:41.2201514Z 28/94 Test #28: field_report_limits ............................   Passed    0.02 sec
809: 2026-10-04T09:14:41.2230109Z 29/94 Test #29: field_report_recording .........................   Passed    0.00 sec
811: 2026-10-04T09:14:41.2246100Z 30/94 Test #30: windows_sdk_macro_contract .....................   Passed    0.00 sec
813: 2026-10-04T09:14:41.2264975Z 31/94 Test #31: boat_n2k_binding ...............................   Passed    0.00 sec
815: 2026-10-04T09:14:41.2281271Z 32/94 Test #32: boat_n2k_mapping ...............................   Passed    0.00 sec
817: 2026-10-04T09:14:41.2298182Z 33/94 Test #33: boat_n2k_expiry ................................   Passed    0.00 sec
819: 2026-10-04T09:14:41.2314528Z 34/94 Test #34: boat_actual_producer_expiry ....................   Passed    0.00 sec
821: 2026-10-04T09:14:41.2345354Z 35/94 Test #35: n2k_source_identity ............................   Passed    0.00 sec
823: 2026-10-04T09:14:41.2362398Z 36/94 Test #36: st4000_identity ................................   Passed    0.00 sec
825: 2026-10-04T09:14:41.2378820Z 37/94 Test #37: st4000_feedback ................................   Passed    0.00 sec
827: 2026-10-04T09:14:41.2394760Z 38/94 Test #38: st4000_encoding ................................   Passed    0.00 sec
829: 2026-10-04T09:14:41.2411627Z 39/94 Test #39: st4000_commands ................................   Passed    0.00 sec
831: 2026-10-04T09:14:41.2427791Z 40/94 Test #40: st4000_discovery ...............................   Passed    0.00 sec
833: 2026-10-04T09:14:41.2444352Z 41/94 Test #41: st4000_actual_firmware_parser ..................   Passed    0.00 sec
835: 2026-10-04T09:14:41.2508775Z 42/94 Test #42: recording_roundtrip_age ........................   Passed    0.01 sec
837: 2026-10-04T09:14:41.2568746Z 43/94 Test #43: recording_privacy ..............................   Passed    0.01 sec
839: 2026-10-04T09:14:41.2701450Z 44/94 Test #44: recording_malformed_input ......................   Passed    0.01 sec
841: 2026-10-04T09:14:41.2736089Z 45/94 Test #45: recording_replay_clock .........................   Passed    0.00 sec
843: 2026-10-04T09:14:41.2784742Z 46/94 Test #46: recording_calibration_pairs ....................   Passed    0.00 sec
845: 2026-10-04T09:14:41.2943386Z 47/94 Test #47: recording_storage_rotation .....................   Passed    0.02 sec
847: 2026-10-04T09:14:41.3017084Z 48/94 Test #48: recording_control_isolation ....................   Passed    0.01 sec
849: 2026-10-04T09:14:41.3061351Z 49/94 Test #49: installed_resource_defaults ....................   Passed    0.00 sec
851: 2026-10-04T09:14:41.3553316Z 50/94 Test #50: hardware_output_package_policy .................   Passed    0.05 sec
853: 2026-10-04T09:14:41.5678670Z 51/94 Test #51: production_runtime_generator_absence ...........   Passed    0.21 sec
855: 2026-10-04T09:14:41.6586291Z 52/94 Test #52: diagnostic_snapshot_publication ................   Passed    0.09 sec
857: 2026-10-04T09:14:42.2876240Z 53/94 Test #53: navigation_chart_layout_geometry ...............   Passed    0.63 sec
859: 2026-10-04T09:14:42.3437947Z 54/94 Test #54: windows_route_summary_layout_contract ..........   Passed    0.06 sec
861: 2026-10-04T09:14:42.4147353Z 55/94 Test #55: preview_preferences_action_selection ...........   Passed    0.07 sec
863: 2026-10-04T09:14:42.4659975Z 56/94 Test #56: native_dpi_preferences_pan_target ..............   Passed    0.05 sec
865: 2026-10-04T09:14:42.5126053Z 57/94 Test #57: native_reference_fullscreen_surface_contract ...   Passed    0.05 sec
867: 2026-10-04T09:14:42.8697260Z 58/94 Test #58: native_diagnostic_geometry_observation .........   Passed    0.36 sec
869: 2026-10-04T09:14:42.8784497Z 59/94 Test #59: commissioning_restart_wire_contract ............   Passed    0.01 sec
871: 2026-10-04T09:14:42.9279842Z 60/94 Test #60: commissioning_restart_package_capability .......   Passed    0.05 sec
873: 2026-10-04T09:14:42.9789596Z 61/94 Test #61: startup_log_rotation_contract ..................   Passed    0.05 sec
874: 2026-10-04T09:14:42.9791008Z       Start 62: installer_expected_version_notice
875: 2026-10-04T09:14:43.0295642Z 62/94 Test #62: installer_expected_version_notice ..............   Passed    0.05 sec
877: 2026-10-04T09:14:44.9753908Z 63/94 Test #63: restart_lifecycle_contract .....................   Passed    1.95 sec
879: 2026-10-04T09:14:44.9773446Z 64/94 Test #64: startup_recovery_contract ......................   Passed    0.00 sec
881: 2026-10-04T09:14:44.9789690Z 65/94 Test #65: startup_mode_contract ..........................   Passed    0.00 sec
883: 2026-10-04T09:14:44.9806148Z 66/94 Test #66: vessel_quality_contract ........................   Passed    0.00 sec
885: 2026-10-04T09:14:44.9821988Z 67/94 Test #67: navigation_input_contract ......................   Passed    0.00 sec
887: 2026-10-04T09:14:44.9838830Z 68/94 Test #68: sensor_source_selection ........................   Passed    0.00 sec
889: 2026-10-04T09:14:44.9858941Z 69/94 Test #69: sensor_source_validity .........................   Passed    0.00 sec
891: 2026-10-04T09:14:44.9877311Z 70/94 Test #70: sensor_source_health ...........................   Passed    0.00 sec
893: 2026-10-04T09:14:44.9896038Z 71/94 Test #71: sensor_battery_coherence .......................   Passed    0.00 sec
895: 2026-10-04T09:14:44.9915464Z 72/94 Test #72: route_progress_contract ........................   Passed    0.00 sec
897: 2026-10-04T09:14:44.9984319Z 73/94 Test #73: energy_input_quality ...........................   Passed    0.00 sec
899: 2026-10-04T09:14:45.0012683Z 74/94 Test #74: energy_prediction_contract .....................   Passed    0.00 sec
901: 2026-10-04T09:14:45.0030135Z 75/94 Test #75: energy_curve_import ............................   Passed    0.00 sec
903: 2026-10-04T09:14:45.0047032Z 76/94 Test #76: energy_live_configuration ......................   Passed    0.00 sec
905: 2026-10-04T09:14:45.0064871Z 77/94 Test #77: smartnav_operational_failures ..................   Passed    0.00 sec
907: 2026-10-04T09:14:45.0083074Z 78/94 Test #78: smartnav_route_timeline ........................   Passed    0.00 sec
909: 2026-10-04T09:14:45.0100796Z 79/94 Test #79: smartnav_energy_ais_events .....................   Passed    0.00 sec
911: 2026-10-04T09:14:45.0137825Z 80/94 Test #80: smartnav_chart_corridor ........................   Passed    0.00 sec
913: 2026-10-04T09:14:45.0154272Z 81/94 Test #81: autopilot_manual_feedback ......................   Passed    0.00 sec
915: 2026-10-04T09:14:45.0170256Z 82/94 Test #82: autopilot_failures .............................   Passed    0.00 sec
917: 2026-10-04T09:14:45.0186260Z 83/94 Test #83: autopilot_ack_evidence .........................   Passed    0.00 sec
919: 2026-10-04T09:14:45.0202153Z 84/94 Test #84: radar_capability_contract ......................   Passed    0.00 sec
921: 2026-10-04T09:14:45.0223888Z 85/94 Test #85: settings_record_roundtrip ......................   Passed    0.00 sec
923: 2026-10-04T09:14:45.0248861Z 86/94 Test #86: settings_invalid_configuration .................   Passed    0.00 sec
925: 2026-10-04T09:14:45.0267472Z 87/94 Test #87: settings_live_energy_freshness .................   Passed    0.00 sec
927: 2026-10-04T09:14:45.0290229Z 88/94 Test #88: settings_display_selection .....................   Passed    0.00 sec
929: 2026-10-04T09:14:45.0313153Z 89/94 Test #89: settings_explicit_propulsion_mappings ..........   Passed    0.00 sec
931: 2026-10-04T09:14:45.0336990Z 90/94 Test #90: settings_pilot_permission ......................   Passed    0.00 sec
933: 2026-10-04T09:14:45.0365568Z 91/94 Test #91: preview_demo_contract ..........................   Passed    0.00 sec
935: 2026-10-04T09:14:45.0388953Z 92/94 Test #92: portable_profile_contract ......................   Passed    0.00 sec
937: 2026-10-04T09:14:45.0413839Z 93/94 Test #93: preview_resources_contract .....................   Passed    0.00 sec
939: 2026-10-04T09:14:45.0429693Z 94/94 Test #94: restart_arguments_contract .....................   Passed    0.00 sec
941: 2026-10-04T09:14:45.0433559Z 100% tests passed, 0 tests failed out of 94
943: 2026-10-04T09:14:45.0433998Z Total Test time (real) =   5.73 sec
951: 2026-10-04T09:14:47.0523879Z     Test #63: restart_lifecycle_contract .......   Passed    1.95 sec
953: 2026-10-04T09:14:48.9985650Z     Test #63: restart_lifecycle_contract .......   Passed    1.95 sec
955: 2026-10-04T09:14:50.9449805Z     Test #63: restart_lifecycle_contract .......   Passed    1.95 sec
957: 2026-10-04T09:14:52.8926686Z     Test #63: restart_lifecycle_contract .......   Passed    1.95 sec
959: 2026-10-04T09:14:54.8403106Z     Test #63: restart_lifecycle_contract .......   Passed    1.95 sec
961: 2026-10-04T09:14:56.7883331Z     Test #63: restart_lifecycle_contract .......   Passed    1.95 sec
963: 2026-10-04T09:14:58.7360263Z     Test #63: restart_lifecycle_contract .......   Passed    1.95 sec
965: 2026-10-04T09:15:00.6855173Z     Test #63: restart_lifecycle_contract .......   Passed    1.95 sec
967: 2026-10-04T09:15:02.6360051Z     Test #63: restart_lifecycle_contract .......   Passed    1.95 sec
969: 2026-10-04T09:15:04.5819127Z 1/1 Test #63: restart_lifecycle_contract .......   Passed    1.95 sec
971: 2026-10-04T09:15:04.5823396Z 100% tests passed, 0 tests failed out of 1
973: 2026-10-04T09:15:04.5823720Z Total Test time (real) =  19.48 sec
988: 2026-10-04T09:15:04.8034002Z Cleaning up orphan processes
