77: 2026-10-04T09:12:28.8428514Z [command]"C:\Program Files\Git\bin\git.exe" -c protocol.version=2 fetch --no-tags --prune --no-recurse-submodules --depth=1 origin +ecf7e0c46609cf4cb29141964d7c4bde98b002b7:refs/remotes/origin/opennav-x-beta2-ui
79: 2026-10-04T09:12:34.3883899Z  * [new ref]         ecf7e0c46609cf4cb29141964d7c4bde98b002b7 -> origin/opennav-x-beta2-ui
145: 2026-10-04T09:12:36.6329274Z ecf7e0c46609cf4cb29141964d7c4bde98b002b7
159: 2026-10-04T09:12:45.2155437Z Ran 11 tests in 6.504s
161: 2026-10-04T09:12:45.2155615Z OK
164: 2026-10-04T09:12:45.4116494Z Ran 9 tests in 0.081s
166: 2026-10-04T09:12:45.4116663Z OK
169: 2026-10-04T09:12:46.1004914Z Ran 17 tests in 0.569s
171: 2026-10-04T09:12:46.1005453Z OK
182: 2026-10-04T09:12:46.3375121Z test_capture_and_verify_refuse_symlinks_inside_inventory (__main__.DependencyReceiptTests.test_capture_and_verify_refuse_symlinks_inside_inventory) ... ok
183: 2026-10-04T09:12:46.3445262Z test_capture_refuses_symlinked_root_or_ancestor (__main__.DependencyReceiptTests.test_capture_refuses_symlinked_root_or_ancestor) ... ok
184: 2026-10-04T09:12:46.3523872Z test_capture_verify_round_trip_binds_context_and_all_file_bytes (__main__.DependencyReceiptTests.test_capture_verify_round_trip_binds_context_and_all_file_bytes) ... ok
185: 2026-10-04T09:12:46.3665039Z test_cli_context_parser_rejects_duplicate_json_keys (__main__.DependencyReceiptTests.test_cli_context_parser_rejects_duplicate_json_keys) ... ok
186: 2026-10-04T09:12:46.3739687Z test_context_must_be_complete_canonical_and_from_same_job (__main__.DependencyReceiptTests.test_context_must_be_complete_canonical_and_from_same_job) ... ok
187: 2026-10-04T09:13:09.3354527Z test_inventory_bounds_total_entries_before_materializing_large_tree (__main__.DependencyReceiptTests.test_inventory_bounds_total_entries_before_materializing_large_tree) ... ok
188: 2026-10-04T09:13:16.0184547Z test_inventory_rejects_more_than_the_supported_file_count (__main__.DependencyReceiptTests.test_inventory_rejects_more_than_the_supported_file_count) ... ok
189: 2026-10-04T09:13:16.0462923Z test_inventory_rejects_windows_stream_and_reserved_names (__main__.DependencyReceiptTests.test_inventory_rejects_windows_stream_and_reserved_names) ... ok
190: 2026-10-04T09:13:16.0549649Z test_receipt_paths_and_roots_reject_escape_and_windows_aliases (__main__.DependencyReceiptTests.test_receipt_paths_and_roots_reject_escape_and_windows_aliases) ... ok
191: 2026-10-04T09:13:16.0662636Z test_receipt_rejects_malformed_unknown_and_duplicate_json_fields (__main__.DependencyReceiptTests.test_receipt_rejects_malformed_unknown_and_duplicate_json_fields) ... ok
192: 2026-10-04T09:13:16.0724695Z test_root_count_context_count_and_oversized_receipt_limits (__main__.DependencyReceiptTests.test_root_count_context_count_and_oversized_receipt_limits) ... ok
193: 2026-10-04T09:13:16.0813686Z test_verification_rejects_a_different_workspace_even_with_identical_bytes (__main__.DependencyReceiptTests.test_verification_rejects_a_different_workspace_even_with_identical_bytes) ... ok
194: 2026-10-04T09:13:16.0959654Z test_verification_rejects_changed_missing_and_added_files (__main__.DependencyReceiptTests.test_verification_rejects_changed_missing_and_added_files) ... ok
195: 2026-10-04T09:13:16.1022430Z test_verify_refuses_a_symlinked_receipt (__main__.DependencyReceiptTests.test_verify_refuses_a_symlinked_receipt) ... ok
196: 2026-10-04T09:13:16.1050643Z test_walk_errors_do_not_silently_create_partial_inventory (__main__.DependencyReceiptTests.test_walk_errors_do_not_silently_create_partial_inventory) ... ok
199: 2026-10-04T09:13:16.1051986Z Ran 15 tests in 29.782s
201: 2026-10-04T09:13:16.1052231Z OK
202: 2026-10-04T09:13:16.2573360Z test_alternate_zlib_record_path_is_fixed_and_cannot_escape (__main__.WindowsDependencyEvidenceTests.test_alternate_zlib_record_path_is_fixed_and_cannot_escape) ... ok
203: 2026-10-04T09:13:16.6385526Z test_alternate_zlib_record_requires_pinned_build_evidence_and_plain_path (__main__.WindowsDependencyEvidenceTests.test_alternate_zlib_record_requires_pinned_build_evidence_and_plain_path) ... ok
204: 2026-10-04T09:13:16.7010310Z test_changed_curl_dependency_manifest_hash_is_rejected (__main__.WindowsDependencyEvidenceTests.test_changed_curl_dependency_manifest_hash_is_rejected) ... ok
205: 2026-10-04T09:13:17.5447967Z test_changed_prefix_output_is_rejected (__main__.WindowsDependencyEvidenceTests.test_changed_prefix_output_is_rejected) ... ok
206: 2026-10-04T09:13:17.6453723Z test_complete_inert_fixture_matches_producer_and_installed_evidence (__main__.WindowsDependencyEvidenceTests.test_complete_inert_fixture_matches_producer_and_installed_evidence) ... ok
207: 2026-10-04T09:13:17.8964844Z test_contradictory_failure_summaries_are_rejected_in_either_order (__main__.WindowsDependencyEvidenceTests.test_contradictory_failure_summaries_are_rejected_in_either_order) ... ok
208: 2026-10-04T09:13:18.0694513Z test_curl_retained_log_hash_and_test_summary_must_match (__main__.WindowsDependencyEvidenceTests.test_curl_retained_log_hash_and_test_summary_must_match) ... ok
209: 2026-10-04T09:13:18.1934088Z test_manifest_source_and_retained_zlib_source_record_must_match (__main__.WindowsDependencyEvidenceTests.test_manifest_source_and_retained_zlib_source_record_must_match) ... ok
210: 2026-10-04T09:13:18.2696240Z test_mismatched_or_missing_producer_manifest_is_rejected (__main__.WindowsDependencyEvidenceTests.test_mismatched_or_missing_producer_manifest_is_rejected) ... ok
211: 2026-10-04T09:13:18.6822089Z test_missing_or_failed_native_test_summaries_are_rejected (__main__.WindowsDependencyEvidenceTests.test_missing_or_failed_native_test_summaries_are_rejected) ... ok
212: 2026-10-04T09:13:19.0993704Z test_openssl_allows_only_the_source_proven_non_fips_prep_notests (__main__.WindowsDependencyEvidenceTests.test_openssl_allows_only_the_source_proven_non_fips_prep_notests) ... ok
213: 2026-10-04T09:13:19.8204940Z test_openssl_crlf_encodings_keep_raw_hash_and_strict_result_sequence (__main__.WindowsDependencyEvidenceTests.test_openssl_crlf_encodings_keep_raw_hash_and_strict_result_sequence) ... ok
214: 2026-10-04T09:13:20.0445794Z test_preserved_first_success_record_survives_later_source_only_preflight (__main__.WindowsDependencyEvidenceTests.test_preserved_first_success_record_survives_later_source_only_preflight) ... ok
215: 2026-10-04T09:13:20.1499314Z test_strict_json_rejects_duplicate_keys_and_accepts_utf8_bom (__main__.WindowsDependencyEvidenceTests.test_strict_json_rejects_duplicate_keys_and_accepts_utf8_bom) ... ok
218: 2026-10-04T09:13:20.1500332Z Ran 14 tests in 3.936s
220: 2026-10-04T09:13:20.1500517Z OK
221: 2026-10-04T09:13:20.3042826Z test_build_and_ais_share_parent_setup_before_producer (__main__.SameJobReuseReceiptTests.test_build_and_ais_share_parent_setup_before_producer) ... ok
222: 2026-10-04T09:13:20.4015083Z test_capture_never_replaces_existing_receipt_or_preserved_source (__main__.SameJobReuseReceiptTests.test_capture_never_replaces_existing_receipt_or_preserved_source) ... ok
223: 2026-10-04T09:13:20.5819911Z test_changed_prefix_bytes_or_extra_file_refuse_reuse (__main__.SameJobReuseReceiptTests.test_changed_prefix_bytes_or_extra_file_refuse_reuse) ... ok
224: 2026-10-04T09:13:21.0538256Z test_changed_producer_fact_log_or_input_refuses_reuse (__main__.SameJobReuseReceiptTests.test_changed_producer_fact_log_or_input_refuses_reuse) ... ok
225: 2026-10-04T09:13:21.2061550Z test_checkout_root_workflow_is_bound_by_commit_not_nested_path (__main__.SameJobReuseReceiptTests.test_checkout_root_workflow_is_bound_by_commit_not_nested_path) ... ok
226: 2026-10-04T09:13:21.3884324Z test_different_job_attempt_commit_and_non_ci_context_refuse (__main__.SameJobReuseReceiptTests.test_different_job_attempt_commit_and_non_ci_context_refuse) ... ok
227: 2026-10-04T09:13:21.5240216Z test_existing_gettext_receipt_is_bound_without_refresh (__main__.SameJobReuseReceiptTests.test_existing_gettext_receipt_is_bound_without_refresh) ... ok
228: 2026-10-04T09:13:21.7044292Z test_first_success_round_trip_and_later_preflight_overwrite (__main__.SameJobReuseReceiptTests.test_first_success_round_trip_and_later_preflight_overwrite) ... ok
229: 2026-10-04T09:13:21.7603780Z test_late_capture_failure_removes_preserved_copy_without_receipt (__main__.SameJobReuseReceiptTests.test_late_capture_failure_removes_preserved_copy_without_receipt) ... ok
230: 2026-10-04T09:13:21.8964986Z test_missing_fact_and_tampered_preserved_source_refuse_reuse (__main__.SameJobReuseReceiptTests.test_missing_fact_and_tampered_preserved_source_refuse_reuse) ... ok
231: 2026-10-04T09:13:21.9479162Z test_missing_success_assertion_or_failed_evidence_never_writes_receipt (__main__.SameJobReuseReceiptTests.test_missing_success_assertion_or_failed_evidence_never_writes_receipt) ... ok
232: 2026-10-04T09:13:22.0836629Z test_parent_initialization_source_is_bound (__main__.SameJobReuseReceiptTests.test_parent_initialization_source_is_bound) ... ok
233: 2026-10-04T09:13:22.3092835Z test_zlib_facts_from_actual_producer_paths_are_consumed_and_bound (__main__.SameJobReuseReceiptTests.test_zlib_facts_from_actual_producer_paths_are_consumed_and_bound) ... ok
236: 2026-10-04T09:13:22.3094160Z Ran 13 tests in 2.057s
238: 2026-10-04T09:13:22.3094389Z OK
241: 2026-10-04T09:13:22.6143213Z Ran 4 tests in 0.196s
243: 2026-10-04T09:13:22.6143462Z OK
244: 2026-10-04T09:13:22.6143829Z Restaged verified Win32 dependency cache from same-job producer prefixes
249: 2026-10-04T09:13:54.3918006Z Native version probe stream, refusal, and deadline tests passed
254: 2026-10-04T09:14:28.9355886Z Native version probe stream, refusal, and deadline tests passed
259: 2026-10-04T09:14:29.3250691Z test_constructor_seeds_and_preserves_actual_prepared_profile (__main__.PeerBoundaryTests.test_constructor_seeds_and_preserves_actual_prepared_profile) ... ok
260: 2026-10-04T09:14:29.4739741Z test_current_platform_listener_ownership_and_closed_pid (__main__.PeerBoundaryTests.test_current_platform_listener_ownership_and_closed_pid) ... ok
261: 2026-10-04T09:14:29.5145548Z test_duplicate_credential_is_rejected (__main__.PeerBoundaryTests.test_duplicate_credential_is_rejected) ... ok
262: 2026-10-04T09:14:29.5931973Z test_existing_credential_and_certificate_refuse_without_mutation (__main__.PeerBoundaryTests.test_existing_credential_and_certificate_refuse_without_mutation) ... ok
263: 2026-10-04T09:14:29.6346828Z test_ipv6_listener_is_owned_and_rejected (__main__.PeerBoundaryTests.test_ipv6_listener_is_owned_and_rejected) ... ok
264: 2026-10-04T09:14:29.6347901Z test_native_row_layouts_are_explicit (__main__.PeerBoundaryTests.test_native_row_layouts_are_explicit) ... ok
265: 2026-10-04T09:14:29.7524625Z test_tampering_with_cert_key_or_credentials_fails_closed (__main__.PeerBoundaryTests.test_tampering_with_cert_key_or_credentials_fails_closed) ... ok
268: 2026-10-04T09:14:29.7526000Z Ran 7 tests in 0.469s
270: 2026-10-04T09:14:29.7526196Z OK
271: 2026-10-04T09:14:29.8520926Z ##[group]Run python opennav-x/tools/test-third-party-notice-checkout.py
272: 2026-10-04T09:14:29.8521491Z [36;1mpython opennav-x/tools/test-third-party-notice-checkout.py[0m
275: 2026-10-04T09:14:32.0396951Z PASS: OpenSSL 3.5.9, curl 8.22.0 and zlib 1.3.2 notices remain byte-identical with core.autocrlf=true; negative control transforms unprotected LF notices to CRLF
282: 2026-10-04T09:14:32.4648860Z Ran 12 tests in 0.082s
284: 2026-10-04T09:14:32.4649032Z OK
289: 2026-10-04T09:14:33.2016193Z 48 actual installer output-policy checks passed; no installer operation invoked
373: 2026-10-04T09:14:52.5576012Z 44 native filesystem checks passed in PowerShell 5.1.20348.5622, 64-bit host.
513: 2026-10-04T09:15:02.5922194Z PASS: Neutral predecessor fixture is restored before SKAGER migration checks
619: 2026-10-04T09:15:10.6471940Z 238 native shortcut migration checks passed in PowerShell 5.1.20348.5622, 64-bit host.
671: 2026-10-04T09:15:16.9905804Z 44 native filesystem checks passed in PowerShell 5.1.20348.5622, 32-bit host.
811: 2026-10-04T09:15:30.1528287Z PASS: Neutral predecessor fixture is restored before SKAGER migration checks
917: 2026-10-04T09:15:40.5580924Z 238 native shortcut migration checks passed in PowerShell 5.1.20348.5622, 32-bit host.
918: 2026-10-04T09:15:41.0927646Z 48 actual installer output-policy checks passed; no installer operation invoked
919: 2026-10-04T09:15:41.5734265Z 48 actual installer output-policy checks passed; no installer operation invoked
920: 2026-10-04T09:15:41.6700750Z ##[group]Run cmake -S opennav-x -B opennav-x/build/contracts -G "Visual Studio 17 2022" -A Win32 -DOPENNAV_ST4000_ORACLE="D:\a\Work\Work/opennav-x/build/st4000-firmware" -DOPENNAV_BOAT_ORACLE="D:\a\Work\Work/opennav-x/build/boat-firmware/Nissan_ev_to_NMEA_and_wifi"
921: 2026-10-04T09:15:41.6702153Z [36;1mcmake -S opennav-x -B opennav-x/build/contracts -G "Visual Studio 17 2022" -A Win32 -DOPENNAV_ST4000_ORACLE="D:\a\Work\Work/opennav-x/build/st4000-firmware" -DOPENNAV_BOAT_ORACLE="D:\a\Work\Work/opennav-x/build/boat-firmware/Nissan_ev_to_NMEA_and_wifi"[0m
925: 2026-10-04T09:15:54.2221640Z -- The CXX compiler identification is MSVC 19.44.35229.0
928: 2026-10-04T09:15:55.2095236Z -- Check for working CXX compiler: C:/Program Files/Microsoft Visual Studio/2022/Enterprise/VC/Tools/MSVC/14.44.35207/bin/Hostx64/x86/cl.exe - skipped
1207: 2026-10-04T09:17:35.5810879Z  1/91 Test  #1: geographic_chart_name_boundary .................   Passed    0.06 sec
1209: 2026-10-04T09:17:35.5905967Z  2/91 Test  #2: display_prototype_geometry .....................   Passed    0.01 sec
1211: 2026-10-04T09:17:35.8904872Z  3/91 Test  #3: fixture_marker_publication .....................   Passed    0.30 sec
1213: 2026-10-04T09:17:35.9064435Z  4/91 Test  #4: passage_view_provenance ........................   Passed    0.02 sec
1215: 2026-10-04T09:17:35.9151082Z  5/91 Test  #5: instrument_view_provenance .....................   Passed    0.01 sec
1217: 2026-10-04T09:17:35.9237099Z  6/91 Test  #6: footer_view_provenance .........................   Passed    0.01 sec
1219: 2026-10-04T09:17:35.9325394Z  7/91 Test  #7: horizon_view_provenance ........................   Passed    0.01 sec
1221: 2026-10-04T09:17:35.9408504Z  8/91 Test  #8: source_health_view_provenance ..................   Passed    0.01 sec
1223: 2026-10-04T09:17:35.9493333Z  9/91 Test  #9: build_policy_product ...........................   Passed    0.01 sec
1225: 2026-10-04T09:17:35.9579265Z 10/91 Test #10: build_policy_fixtures ..........................   Passed    0.01 sec
1227: 2026-10-04T09:17:35.9659770Z 11/91 Test #11: pilot_output_product_policy ....................   Passed    0.01 sec
1229: 2026-10-04T09:17:35.9739752Z 12/91 Test #12: pilot_output_loopback_policy ...................   Passed    0.01 sec
1231: 2026-10-04T09:17:35.9818793Z 13/91 Test #13: ais_selection_lifetime .........................   Passed    0.01 sec
1233: 2026-10-04T09:17:35.9912164Z 14/91 Test #14: ais_report_health ..............................   Passed    0.01 sec
1235: 2026-10-04T09:17:36.0537509Z 15/91 Test #15: online_ais_cache_and_precedence ................   Passed    0.06 sec
1237: 2026-10-04T09:17:36.0627030Z 16/91 Test #16: chart_canvas_night_ink .........................   Passed    0.01 sec
1239: 2026-10-04T09:17:36.0725252Z 17/91 Test #17: online_ais_chart_presentation ..................   Passed    0.01 sec
1241: 2026-10-04T09:17:36.0841426Z 18/91 Test #18: aisstream_untrusted_json_and_subscription ......   Passed    0.01 sec
1243: 2026-10-04T09:17:36.0924571Z 19/91 Test #19: aisstream_session_lifecycle ....................   Passed    0.01 sec
1245: 2026-10-04T09:17:36.1215051Z 20/91 Test #20: ais_credentials_protected_storage ..............   Passed    0.03 sec
1247: 2026-10-04T09:17:36.1298830Z 21/91 Test #21: operational_alert_sensors ......................   Passed    0.01 sec
1249: 2026-10-04T09:17:36.1351957Z 22/91 Test #22: operational_alert_alarms .......................   Passed    0.00 sec
1251: 2026-10-04T09:17:36.1711235Z 23/91 Test #23: operational_alert_lifecycle ....................   Passed    0.04 sec
1253: 2026-10-04T09:17:36.1809580Z 24/91 Test #24: field_report_privacy ...........................   Passed    0.01 sec
1255: 2026-10-04T09:17:36.1928386Z 25/91 Test #25: field_report_limits ............................   Passed    0.01 sec
1257: 2026-10-04T09:17:36.1994796Z 26/91 Test #26: field_report_recording .........................   Passed    0.01 sec
1259: 2026-10-04T09:17:36.2072696Z 27/91 Test #27: windows_sdk_macro_contract .....................   Passed    0.01 sec
1261: 2026-10-04T09:17:36.2154668Z 28/91 Test #28: boat_n2k_binding ...............................   Passed    0.01 sec
1263: 2026-10-04T09:17:36.2205771Z 29/91 Test #29: boat_n2k_mapping ...............................   Passed    0.00 sec
1265: 2026-10-04T09:17:36.2255692Z 30/91 Test #30: boat_n2k_expiry ................................   Passed    0.00 sec
1267: 2026-10-04T09:17:36.2336772Z 31/91 Test #31: boat_actual_producer_expiry ....................   Passed    0.01 sec
1269: 2026-10-04T09:17:36.2420481Z 32/91 Test #32: n2k_source_identity ............................   Passed    0.01 sec
1271: 2026-10-04T09:17:36.2498088Z 33/91 Test #33: st4000_identity ................................   Passed    0.01 sec
1273: 2026-10-04T09:17:36.2550555Z 34/91 Test #34: st4000_feedback ................................   Passed    0.00 sec
1275: 2026-10-04T09:17:36.2599984Z 35/91 Test #35: st4000_encoding ................................   Passed    0.00 sec
1277: 2026-10-04T09:17:36.2650125Z 36/91 Test #36: st4000_commands ................................   Passed    0.00 sec
1279: 2026-10-04T09:17:36.2699879Z 37/91 Test #37: st4000_discovery ...............................   Passed    0.00 sec
1281: 2026-10-04T09:17:36.2781416Z 38/91 Test #38: st4000_actual_firmware_parser ..................   Passed    0.01 sec
1283: 2026-10-04T09:17:36.2904854Z 39/91 Test #39: recording_roundtrip_age ........................   Passed    0.01 sec
1285: 2026-10-04T09:17:36.2995608Z 40/91 Test #40: recording_privacy ..............................   Passed    0.01 sec
1287: 2026-10-04T09:17:36.3151017Z 41/91 Test #41: recording_malformed_input ......................   Passed    0.01 sec
1289: 2026-10-04T09:17:36.3225645Z 42/91 Test #42: recording_replay_clock .........................   Passed    0.01 sec
1291: 2026-10-04T09:17:36.3314544Z 43/91 Test #43: recording_calibration_pairs ....................   Passed    0.01 sec
1293: 2026-10-04T09:17:36.4749064Z 44/91 Test #44: recording_storage_rotation .....................   Passed    0.14 sec
1295: 2026-10-04T09:17:36.4872278Z 45/91 Test #45: recording_control_isolation ....................   Passed    0.01 sec
1297: 2026-10-04T09:17:36.5129651Z 46/91 Test #46: installed_resource_defaults ....................   Passed    0.03 sec
1299: 2026-10-04T09:17:36.7774865Z 47/91 Test #47: hardware_output_package_policy .................   Passed    0.26 sec
1301: 2026-10-04T09:17:36.8775647Z 48/91 Test #48: production_runtime_generator_absence ...........   Passed    0.10 sec
1303: 2026-10-04T09:17:37.4880715Z 49/91 Test #49: diagnostic_snapshot_publication ................   Passed    0.61 sec
1305: 2026-10-04T09:17:38.0210672Z 50/91 Test #50: navigation_chart_layout_geometry ...............   Passed    0.53 sec
1307: 2026-10-04T09:17:38.1394224Z 51/91 Test #51: windows_route_summary_layout_contract ..........   Passed    0.12 sec
1309: 2026-10-04T09:17:38.2256276Z 52/91 Test #52: preview_preferences_action_selection ...........   Passed    0.09 sec
1311: 2026-10-04T09:17:38.2964776Z 53/91 Test #53: native_dpi_preferences_pan_target ..............   Passed    0.07 sec
1313: 2026-10-04T09:17:38.3480110Z 54/91 Test #54: native_reference_fullscreen_surface_contract ...   Passed    0.05 sec
1315: 2026-10-04T09:17:38.7283246Z 55/91 Test #55: native_diagnostic_geometry_observation .........   Passed    0.38 sec
1317: 2026-10-04T09:17:38.7389448Z 56/91 Test #56: commissioning_restart_wire_contract ............   Passed    0.01 sec
1319: 2026-10-04T09:17:38.8088118Z 57/91 Test #57: commissioning_restart_package_capability .......   Passed    0.07 sec
1321: 2026-10-04T09:17:38.8776785Z 58/91 Test #58: startup_log_rotation_contract ..................   Passed    0.07 sec
1322: 2026-10-04T09:17:38.8779208Z       Start 59: installer_expected_version_notice
1323: 2026-10-04T09:17:39.0814641Z 59/91 Test #59: installer_expected_version_notice ..............   Passed    0.20 sec
1325: 2026-10-04T09:17:41.0664655Z 60/91 Test #60: restart_lifecycle_contract .....................   Passed    1.98 sec
1327: 2026-10-04T09:17:41.0752672Z 61/91 Test #61: startup_recovery_contract ......................   Passed    0.01 sec
1329: 2026-10-04T09:17:41.0832610Z 62/91 Test #62: startup_mode_contract ..........................   Passed    0.01 sec
1331: 2026-10-04T09:17:41.0911232Z 63/91 Test #63: vessel_quality_contract ........................   Passed    0.01 sec
1333: 2026-10-04T09:17:41.0988463Z 64/91 Test #64: navigation_input_contract ......................   Passed    0.01 sec
1335: 2026-10-04T09:17:41.1066769Z 65/91 Test #65: sensor_source_selection ........................   Passed    0.01 sec
1337: 2026-10-04T09:17:41.1118801Z 66/91 Test #66: sensor_source_validity .........................   Passed    0.00 sec
1339: 2026-10-04T09:17:41.1169058Z 67/91 Test #67: sensor_source_health ...........................   Passed    0.00 sec
1341: 2026-10-04T09:17:41.1220418Z 68/91 Test #68: sensor_battery_coherence .......................   Passed    0.00 sec
1343: 2026-10-04T09:17:41.1304133Z 69/91 Test #69: route_progress_contract ........................   Passed    0.01 sec
1345: 2026-10-04T09:17:41.1385779Z 70/91 Test #70: energy_input_quality ...........................   Passed    0.01 sec
1347: 2026-10-04T09:17:41.1468439Z 71/91 Test #71: energy_prediction_contract .....................   Passed    0.01 sec
1349: 2026-10-04T09:17:41.1553035Z 72/91 Test #72: energy_curve_import ............................   Passed    0.01 sec
1351: 2026-10-04T09:17:41.1607236Z 73/91 Test #73: energy_live_configuration ......................   Passed    0.01 sec
1353: 2026-10-04T09:17:41.1692182Z 74/91 Test #74: smartnav_operational_failures ..................   Passed    0.01 sec
1355: 2026-10-04T09:17:41.1745070Z 75/91 Test #75: smartnav_route_timeline ........................   Passed    0.00 sec
1357: 2026-10-04T09:17:41.1796122Z 76/91 Test #76: smartnav_energy_ais_events .....................   Passed    0.00 sec
1359: 2026-10-04T09:17:41.1858277Z 77/91 Test #77: smartnav_chart_corridor ........................   Passed    0.01 sec
1361: 2026-10-04T09:17:41.1940487Z 78/91 Test #78: autopilot_manual_feedback ......................   Passed    0.01 sec
1363: 2026-10-04T09:17:41.1992564Z 79/91 Test #79: autopilot_failures .............................   Passed    0.00 sec
1365: 2026-10-04T09:17:41.2042525Z 80/91 Test #80: autopilot_ack_evidence .........................   Passed    0.00 sec
1367: 2026-10-04T09:17:41.2092800Z 81/91 Test #81: radar_capability_contract ......................   Passed    0.00 sec
1369: 2026-10-04T09:17:41.2179738Z 82/91 Test #82: settings_record_roundtrip ......................   Passed    0.01 sec
1371: 2026-10-04T09:17:41.2235649Z 83/91 Test #83: settings_invalid_configuration .................   Passed    0.01 sec
1373: 2026-10-04T09:17:41.2286736Z 84/91 Test #84: settings_live_energy_freshness .................   Passed    0.00 sec
1375: 2026-10-04T09:17:41.2338759Z 85/91 Test #85: settings_display_selection .....................   Passed    0.00 sec
1377: 2026-10-04T09:17:41.2393643Z 86/91 Test #86: settings_explicit_propulsion_mappings ..........   Passed    0.01 sec
1379: 2026-10-04T09:17:41.2448448Z 87/91 Test #87: settings_pilot_permission ......................   Passed    0.01 sec
1381: 2026-10-04T09:17:41.2538038Z 88/91 Test #88: preview_demo_contract ..........................   Passed    0.01 sec
1383: 2026-10-04T09:17:41.2662552Z 89/91 Test #89: portable_profile_contract ......................   Passed    0.01 sec
1385: 2026-10-04T09:17:41.2779785Z 90/91 Test #90: preview_resources_contract .....................   Passed    0.01 sec
1387: 2026-10-04T09:17:41.2886404Z 91/91 Test #91: restart_arguments_contract .....................   Passed    0.01 sec
1389: 2026-10-04T09:17:41.2893853Z 100% tests passed, 0 tests failed out of 91
1391: 2026-10-04T09:17:41.2894192Z Total Test time (real) =   5.80 sec
1399: 2026-10-04T09:17:43.6314902Z     Test #60: restart_lifecycle_contract .......   Passed    1.98 sec
1401: 2026-10-04T09:17:45.6134997Z     Test #60: restart_lifecycle_contract .......   Passed    1.98 sec
1403: 2026-10-04T09:17:47.5962530Z     Test #60: restart_lifecycle_contract .......   Passed    1.98 sec
1405: 2026-10-04T09:17:49.5779923Z     Test #60: restart_lifecycle_contract .......   Passed    1.98 sec
1407: 2026-10-04T09:17:51.5801477Z     Test #60: restart_lifecycle_contract .......   Passed    2.00 sec
1409: 2026-10-04T09:17:53.5647098Z     Test #60: restart_lifecycle_contract .......   Passed    1.98 sec
1411: 2026-10-04T09:17:55.5502297Z     Test #60: restart_lifecycle_contract .......   Passed    1.99 sec
1413: 2026-10-04T09:17:57.5355776Z     Test #60: restart_lifecycle_contract .......   Passed    1.98 sec
1415: 2026-10-04T09:17:59.5365170Z     Test #60: restart_lifecycle_contract .......   Passed    2.00 sec
1417: 2026-10-04T09:18:01.5197976Z 1/1 Test #60: restart_lifecycle_contract .......   Passed    1.98 sec
1419: 2026-10-04T09:18:01.5206427Z 100% tests passed, 0 tests failed out of 1
1421: 2026-10-04T09:18:01.5206730Z Total Test time (real) =  19.88 sec
1436: 2026-10-04T09:18:03.0084213Z Cleaning up orphan processes
