[Thread debugging using libthread_db enabled]
Using host libthread_db library "/usr/lib/libthread_db.so.1".
[New Thread 0x7fffefbff6c0 (LWP 377)]
[New Thread 0x7fffef3fe6c0 (LWP 378)]
[Thread 0x7fffef3fe6c0 (LWP 378) exited]
[Thread 0x7fffefbff6c0 (LWP 377) exited]
[New Thread 0x7fffefbff6c0 (LWP 379)]
[New Thread 0x7fffef3fe6c0 (LWP 380)]
[Thread 0x7fffef3fe6c0 (LWP 380) exited]
[Thread 0x7fffefbff6c0 (LWP 379) exited]
[New Thread 0x7fffefbff6c0 (LWP 381)]
[New Thread 0x7fffef3fe6c0 (LWP 382)]
[Thread 0x7fffef3fe6c0 (LWP 382) exited]
[Thread 0x7fffefbff6c0 (LWP 381) exited]
[New Thread 0x7fffefbff6c0 (LWP 383)]
[New Thread 0x7fffef3fe6c0 (LWP 384)]
[Thread 0x7fffef3fe6c0 (LWP 384) exited]
[Thread 0x7fffefbff6c0 (LWP 383) exited]
[New Thread 0x7fffefbff6c0 (LWP 385)]
[New Thread 0x7fffef3fe6c0 (LWP 386)]
[Thread 0x7fffef3fe6c0 (LWP 386) exited]
[New Thread 0x7fffef3fe6c0 (LWP 387)]
[New Thread 0x7fffeebfd6c0 (LWP 388)]
[New Thread 0x7fffee3fc6c0 (LWP 389)]
[New Thread 0x7fffedbfb6c0 (LWP 390)]
[New Thread 0x7fffecfea6c0 (LWP 392)]
[New Thread 0x7fffcd9ff6c0 (LWP 393)]
[New Thread 0x7fffcd1fe6c0 (LWP 394)]
[Detaching after vfork from child process 396]
[Detaching after vfork from child process 398]
[Detaching after vfork from child process 400]
[Detaching after vfork from child process 402]
[Detaching after vfork from child process 404]
[Detaching after vfork from child process 406]
[Detaching after vfork from child process 408]
[New Thread 0x7fffcc9fd6c0 (LWP 410)]
[Detaching after fork from child process 411]
[New Thread 0x7fffbffff6c0 (LWP 412)]
[New Thread 0x7fffbf7fe6c0 (LWP 429)]
[New Thread 0x7fffbeffd6c0 (LWP 430)]
[New Thread 0x7fffbe7fc6c0 (LWP 431)]
[New Thread 0x7fffbdffb6c0 (LWP 432)]
[New Thread 0x7fffbd7fa6c0 (LWP 433)]
[New Thread 0x7fffbcff96c0 (LWP 434)]
[New Thread 0x7fffbc7f86c0 (LWP 435)]
[New Thread 0x7fffbbff76c0 (LWP 436)]
[New Thread 0x7fffec39f6c0 (LWP 438)]
[New Thread 0x7fffdc7ff6c0 (LWP 439)]
[New Thread 0x7fffdc5fe6c0 (LWP 440)]
[Detaching after fork from child process 441]
[New Thread 0x7fffdc3fd6c0 (LWP 444)]
[Detaching after fork from child process 445]
[New Thread 0x7fffbabff6c0 (LWP 452)]
[Thread 0x7fffec39f6c0 (LWP 438) exited]
[Thread 0x7fffbabff6c0 (LWP 452) exited]
[New Thread 0x7fffba3fe6c0 (LWP 459)]
[New Thread 0x7fffb9bfd6c0 (LWP 460)]
[Detaching after vfork from child process 461]
[New Thread 0x7fffb7bf56c0 (LWP 467)]
[Thread 0x7fffb7bf56c0 (LWP 467) exited]
[New Thread 0x7fffb7bf56c0 (LWP 468)]
[Detaching after vfork from child process 469]
[New Thread 0x7fffb73f46c0 (LWP 471)]
[Detaching after vfork from child process 472]
[New Thread 0x7fffec39f6c0 (LWP 474)]
[New Thread 0x7fffb8bff6c0 (LWP 475)]
[New Thread 0x7fffb89fe6c0 (LWP 476)]
[Detaching after fork from child process 477]
[New Thread 0x7fffb6bf36c0 (LWP 484)]
[New Thread 0x7fffb69f26c0 (LWP 485)]
[New Thread 0x7fffb67f16c0 (LWP 486)]
[New Thread 0x7fffb65f06c0 (LWP 487)]
[Thread 0x7fffb67f16c0 (LWP 486) exited]
[Thread 0x7fffb69f26c0 (LWP 485) exited]
[Thread 0x7fffb6bf36c0 (LWP 484) exited]
[Thread 0x7fffb65f06c0 (LWP 487) exited]
[New Thread 0x7fffb65f06c0 (LWP 489)]
[New Thread 0x7fffb6bf36c0 (LWP 490)]
[New Thread 0x7fffb67f16c0 (LWP 491)]
[New Thread 0x7fffb69f26c0 (LWP 492)]
[Thread 0x7fffb69f26c0 (LWP 492) exited]
[Thread 0x7fffb67f16c0 (LWP 491) exited]
[Thread 0x7fffb6bf36c0 (LWP 490) exited]
[Thread 0x7fffb65f06c0 (LWP 489) exited]
[New Thread 0x7fffb6bf36c0 (LWP 494)]
[New Thread 0x7fffb69f26c0 (LWP 495)]
[New Thread 0x7fffb65f06c0 (LWP 496)]
[New Thread 0x7fffb67f16c0 (LWP 497)]
[Thread 0x7fffb67f16c0 (LWP 497) exited]
[Thread 0x7fffb65f06c0 (LWP 496) exited]
[Thread 0x7fffb69f26c0 (LWP 495) exited]
[Thread 0x7fffb6bf36c0 (LWP 494) exited]
[New Thread 0x7fffb67f16c0 (LWP 498)]
[Detaching after fork from child process 499]
[New Thread 0x7fffb65f06c0 (LWP 506)]
[New Thread 0x7fffb6bf36c0 (LWP 507)]
[New Thread 0x7fffb69f26c0 (LWP 508)]
[New Thread 0x7fffb63ef6c0 (LWP 509)]
[Thread 0x7fffb6bf36c0 (LWP 507) exited]
[Thread 0x7fffb65f06c0 (LWP 506) exited]
[Thread 0x7fffb69f26c0 (LWP 508) exited]
[Thread 0x7fffb63ef6c0 (LWP 509) exited]
[New Thread 0x7fffb63ef6c0 (LWP 511)]
[New Thread 0x7fffb69f26c0 (LWP 512)]
[New Thread 0x7fffb6bf36c0 (LWP 513)]
[New Thread 0x7fffb65f06c0 (LWP 514)]
[Thread 0x7fffb65f06c0 (LWP 514) exited]
[Thread 0x7fffb6bf36c0 (LWP 513) exited]
[Thread 0x7fffb69f26c0 (LWP 512) exited]
[Thread 0x7fffb63ef6c0 (LWP 511) exited]
[New Thread 0x7fffb6bf36c0 (LWP 516)]
[New Thread 0x7fffb69f26c0 (LWP 517)]
[New Thread 0x7fffb63ef6c0 (LWP 518)]
[New Thread 0x7fffb65f06c0 (LWP 519)]
[Thread 0x7fffb65f06c0 (LWP 519) exited]
[Thread 0x7fffb63ef6c0 (LWP 518) exited]
[Thread 0x7fffb69f26c0 (LWP 517) exited]
[Thread 0x7fffb6bf36c0 (LWP 516) exited]
[New Thread 0x7fffb63ef6c0 (LWP 521)]
[New Thread 0x7fffb69f26c0 (LWP 522)]
[New Thread 0x7fffb65f06c0 (LWP 523)]
[New Thread 0x7fffb6bf36c0 (LWP 524)]
[Thread 0x7fffb6bf36c0 (LWP 524) exited]
[Thread 0x7fffb65f06c0 (LWP 523) exited]
[Thread 0x7fffb69f26c0 (LWP 522) exited]
[Thread 0x7fffb63ef6c0 (LWP 521) exited]
[New Thread 0x7fffb63ef6c0 (LWP 526)]
[New Thread 0x7fffb69f26c0 (LWP 527)]
[New Thread 0x7fffb65f06c0 (LWP 528)]
[New Thread 0x7fffb6bf36c0 (LWP 529)]
[Thread 0x7fffb6bf36c0 (LWP 529) exited]
[Thread 0x7fffb65f06c0 (LWP 528) exited]
[Thread 0x7fffb69f26c0 (LWP 527) exited]
[Thread 0x7fffb63ef6c0 (LWP 526) exited]
[New Thread 0x7fffb65f06c0 (LWP 531)]
[New Thread 0x7fffb69f26c0 (LWP 532)]
[New Thread 0x7fffb6bf36c0 (LWP 533)]
[New Thread 0x7fffb63ef6c0 (LWP 534)]
[Thread 0x7fffb6bf36c0 (LWP 533) exited]
[Thread 0x7fffb63ef6c0 (LWP 534) exited]
[Thread 0x7fffb69f26c0 (LWP 532) exited]
[Thread 0x7fffb65f06c0 (LWP 531) exited]
[New Thread 0x7fffb69f26c0 (LWP 536)]
[New Thread 0x7fffb65f06c0 (LWP 537)]
[New Thread 0x7fffb63ef6c0 (LWP 538)]
[New Thread 0x7fffb6bf36c0 (LWP 539)]
[Thread 0x7fffb6bf36c0 (LWP 539) exited]
[Thread 0x7fffb63ef6c0 (LWP 538) exited]
[Thread 0x7fffb65f06c0 (LWP 537) exited]
[Thread 0x7fffb69f26c0 (LWP 536) exited]
[New Thread 0x7fffb63ef6c0 (LWP 541)]
[New Thread 0x7fffb65f06c0 (LWP 542)]
[New Thread 0x7fffb69f26c0 (LWP 543)]
[New Thread 0x7fffb6bf36c0 (LWP 544)]
[Thread 0x7fffb6bf36c0 (LWP 544) exited]
[Thread 0x7fffb69f26c0 (LWP 543) exited]
[Thread 0x7fffb65f06c0 (LWP 542) exited]
[Thread 0x7fffb63ef6c0 (LWP 541) exited]
[New Thread 0x7fffb63ef6c0 (LWP 546)]
[New Thread 0x7fffb65f06c0 (LWP 547)]
[New Thread 0x7fffb69f26c0 (LWP 548)]
[New Thread 0x7fffb6bf36c0 (LWP 549)]
[Thread 0x7fffb6bf36c0 (LWP 549) exited]
[Thread 0x7fffb69f26c0 (LWP 548) exited]
[Thread 0x7fffb65f06c0 (LWP 547) exited]
[Thread 0x7fffb63ef6c0 (LWP 546) exited]
[New Thread 0x7fffb69f26c0 (LWP 551)]
[New Thread 0x7fffb65f06c0 (LWP 552)]
[New Thread 0x7fffb6bf36c0 (LWP 553)]
[New Thread 0x7fffb63ef6c0 (LWP 554)]
[Thread 0x7fffb63ef6c0 (LWP 554) exited]
[Thread 0x7fffb6bf36c0 (LWP 553) exited]
[Thread 0x7fffb65f06c0 (LWP 552) exited]
[Thread 0x7fffb69f26c0 (LWP 551) exited]
[New Thread 0x7fffb6bf36c0 (LWP 556)]
[New Thread 0x7fffb65f06c0 (LWP 557)]
[New Thread 0x7fffb69f26c0 (LWP 558)]
[New Thread 0x7fffb63ef6c0 (LWP 559)]
[Thread 0x7fffb63ef6c0 (LWP 559) exited]
[Thread 0x7fffb69f26c0 (LWP 558) exited]
[Thread 0x7fffb65f06c0 (LWP 557) exited]
[Thread 0x7fffb6bf36c0 (LWP 556) exited]
[Thread 0x7fffec39f6c0 (LWP 474) exited]
[Thread 0x7fffb8bff6c0 (LWP 475) exited]
[Detaching after vfork from child process 560]
[Detaching after vfork from child process 563]
[Detaching after vfork from child process 571]
[Detaching after vfork from child process 574]
[Detaching after vfork from child process 582]
[Detaching after vfork from child process 585]
[Detaching after vfork from child process 593]
[Detaching after vfork from child process 596]
[Thread 0x7fffb9bfd6c0 (LWP 460) exited]
[Thread 0x7fffb73f46c0 (LWP 471) exited]
[Thread 0x7fffb7bf56c0 (LWP 468) exited]
[Thread 0x7fffb89fe6c0 (LWP 476) exited]
[Thread 0x7fffb67f16c0 (LWP 498) exited]
[Thread 0x7fffba3fe6c0 (LWP 459) exited]
[Thread 0x7fffdc3fd6c0 (LWP 444) exited]
[Thread 0x7fffdc5fe6c0 (LWP 440) exited]
[Thread 0x7fffdc7ff6c0 (LWP 439) exited]
[Thread 0x7fffbbff76c0 (LWP 436) exited]
[Thread 0x7fffbc7f86c0 (LWP 435) exited]
[Thread 0x7fffbcff96c0 (LWP 434) exited]
[Thread 0x7fffbd7fa6c0 (LWP 433) exited]
[Thread 0x7fffbdffb6c0 (LWP 432) exited]
[Thread 0x7fffbe7fc6c0 (LWP 431) exited]
[Thread 0x7fffbeffd6c0 (LWP 430) exited]
[Thread 0x7fffbf7fe6c0 (LWP 429) exited]
[Thread 0x7fffbffff6c0 (LWP 412) exited]
[Thread 0x7fffcc9fd6c0 (LWP 410) exited]
[Thread 0x7fffcd1fe6c0 (LWP 394) exited]
[Thread 0x7fffcd9ff6c0 (LWP 393) exited]
[Thread 0x7fffecfea6c0 (LWP 392) exited]
[Thread 0x7fffedbfb6c0 (LWP 390) exited]
[Thread 0x7fffee3fc6c0 (LWP 389) exited]
[Thread 0x7fffefbff6c0 (LWP 385) exited]
[Thread 0x7ffff24f8500 (LWP 374) exited]
[Thread 0x7fffeebfd6c0 (LWP 388) exited]
[Thread 0x7fffef3fe6c0 (LWP 387) exited]
[New process 374]
[Inferior 1 (process 374) exited normally]
