[Thread debugging using libthread_db enabled]
Using host libthread_db library "/usr/lib/libthread_db.so.1".
[New Thread 0x7fffefbff6c0 (LWP 111)]
[New Thread 0x7fffef3fe6c0 (LWP 112)]
[Thread 0x7fffef3fe6c0 (LWP 112) exited]
[Thread 0x7fffefbff6c0 (LWP 111) exited]
[New Thread 0x7fffefbff6c0 (LWP 113)]
[New Thread 0x7fffef3fe6c0 (LWP 114)]
[Thread 0x7fffef3fe6c0 (LWP 114) exited]
[Thread 0x7fffefbff6c0 (LWP 113) exited]
[New Thread 0x7fffefbff6c0 (LWP 115)]
[New Thread 0x7fffef3fe6c0 (LWP 116)]
[Thread 0x7fffef3fe6c0 (LWP 116) exited]
[Thread 0x7fffefbff6c0 (LWP 115) exited]
[New Thread 0x7fffefbff6c0 (LWP 117)]
[New Thread 0x7fffef3fe6c0 (LWP 118)]
[Thread 0x7fffef3fe6c0 (LWP 118) exited]
[Thread 0x7fffefbff6c0 (LWP 117) exited]
[New Thread 0x7fffefbff6c0 (LWP 119)]
[New Thread 0x7fffef3fe6c0 (LWP 120)]
[Thread 0x7fffef3fe6c0 (LWP 120) exited]
[New Thread 0x7fffef3fe6c0 (LWP 121)]
[New Thread 0x7fffeebfd6c0 (LWP 122)]
[New Thread 0x7fffee3fc6c0 (LWP 123)]
[New Thread 0x7fffedbfb6c0 (LWP 124)]
[New Thread 0x7fffecfea6c0 (LWP 126)]
[New Thread 0x7fffcd9ff6c0 (LWP 127)]
[New Thread 0x7fffcd1fe6c0 (LWP 128)]
[Detaching after vfork from child process 130]
[Detaching after vfork from child process 132]
[Detaching after vfork from child process 134]
[Detaching after vfork from child process 136]
[Detaching after vfork from child process 138]
[Detaching after vfork from child process 140]
[Detaching after vfork from child process 142]
[New Thread 0x7fffcc9fd6c0 (LWP 144)]
[Detaching after fork from child process 145]
[New Thread 0x7fffbffff6c0 (LWP 146)]
[New Thread 0x7fffbf7fe6c0 (LWP 147)]
[New Thread 0x7fffbeffd6c0 (LWP 164)]
[New Thread 0x7fffbe7fc6c0 (LWP 165)]
[New Thread 0x7fffbdffb6c0 (LWP 166)]
[New Thread 0x7fffbd7fa6c0 (LWP 167)]
[New Thread 0x7fffbcff96c0 (LWP 168)]
[New Thread 0x7fffbc7f86c0 (LWP 169)]
[New Thread 0x7fffbbff76c0 (LWP 170)]
[New Thread 0x7fffbb7f66c0 (LWP 171)]
[New Thread 0x7fffec39f6c0 (LWP 173)]
[New Thread 0x7fffdc7ff6c0 (LWP 174)]
[New Thread 0x7fffdc5fe6c0 (LWP 175)]
[Detaching after fork from child process 176]
[New Thread 0x7fffdc3fd6c0 (LWP 179)]
[Detaching after fork from child process 180]
[New Thread 0x7fffba3ff6c0 (LWP 187)]
[Thread 0x7fffba3ff6c0 (LWP 187) exited]
[Thread 0x7fffec39f6c0 (LWP 173) exited]
[New Thread 0x7fffb9bfe6c0 (LWP 193)]
[New Thread 0x7fffb93fd6c0 (LWP 194)]
[Detaching after vfork from child process 195]
[New Thread 0x7fffb73f56c0 (LWP 201)]
[Thread 0x7fffb73f56c0 (LWP 201) exited]
[New Thread 0x7fffb73f56c0 (LWP 202)]
[Detaching after vfork from child process 203]
[New Thread 0x7fffb6bf46c0 (LWP 205)]
[Detaching after vfork from child process 206]
[New Thread 0x7fffec39f6c0 (LWP 208)]
[New Thread 0x7fffb83ff6c0 (LWP 209)]
[New Thread 0x7fffb81fe6c0 (LWP 210)]
[Detaching after fork from child process 211]
[New Thread 0x7fffb63f36c0 (LWP 218)]
[New Thread 0x7fffb61f26c0 (LWP 219)]
[New Thread 0x7fffb5ff16c0 (LWP 220)]
[New Thread 0x7fffb5df06c0 (LWP 221)]
[Thread 0x7fffb61f26c0 (LWP 219) exited]
[Thread 0x7fffb63f36c0 (LWP 218) exited]
[Thread 0x7fffb5df06c0 (LWP 221) exited]
[Thread 0x7fffb5ff16c0 (LWP 220) exited]
[New Thread 0x7fffb5ff16c0 (LWP 223)]
[New Thread 0x7fffb5df06c0 (LWP 224)]
[New Thread 0x7fffb63f36c0 (LWP 225)]
[New Thread 0x7fffb61f26c0 (LWP 226)]
[Thread 0x7fffb61f26c0 (LWP 226) exited]
[Thread 0x7fffb63f36c0 (LWP 225) exited]
[Thread 0x7fffb5df06c0 (LWP 224) exited]
[Thread 0x7fffb5ff16c0 (LWP 223) exited]
[New Thread 0x7fffb63f36c0 (LWP 228)]
[New Thread 0x7fffb5ff16c0 (LWP 229)]
[New Thread 0x7fffb61f26c0 (LWP 230)]
[New Thread 0x7fffb5df06c0 (LWP 231)]
[Thread 0x7fffb5df06c0 (LWP 231) exited]
[Thread 0x7fffb5ff16c0 (LWP 229) exited]
[Thread 0x7fffb63f36c0 (LWP 228) exited]
[Thread 0x7fffb61f26c0 (LWP 230) exited]
[New Thread 0x7fffb5ff16c0 (LWP 232)]
[Detaching after fork from child process 233]
[New Thread 0x7fffb61f26c0 (LWP 240)]
[New Thread 0x7fffb5df06c0 (LWP 241)]
[New Thread 0x7fffb63f36c0 (LWP 242)]
[New Thread 0x7fffb5bef6c0 (LWP 243)]
[Thread 0x7fffb5bef6c0 (LWP 243) exited]
[Thread 0x7fffb63f36c0 (LWP 242) exited]
[Thread 0x7fffb5df06c0 (LWP 241) exited]
[Thread 0x7fffb61f26c0 (LWP 240) exited]
[New Thread 0x7fffb5df06c0 (LWP 245)]
[New Thread 0x7fffb61f26c0 (LWP 246)]
[New Thread 0x7fffb5bef6c0 (LWP 247)]
[New Thread 0x7fffb63f36c0 (LWP 248)]
[Thread 0x7fffb63f36c0 (LWP 248) exited]
[Thread 0x7fffb5bef6c0 (LWP 247) exited]
[Thread 0x7fffb61f26c0 (LWP 246) exited]
[Thread 0x7fffb5df06c0 (LWP 245) exited]
[New Thread 0x7fffb5bef6c0 (LWP 250)]
[New Thread 0x7fffb61f26c0 (LWP 251)]
[New Thread 0x7fffb63f36c0 (LWP 252)]
[New Thread 0x7fffb5df06c0 (LWP 253)]
[Thread 0x7fffb5df06c0 (LWP 253) exited]
[Thread 0x7fffb63f36c0 (LWP 252) exited]
[Thread 0x7fffb61f26c0 (LWP 251) exited]
[Thread 0x7fffb5bef6c0 (LWP 250) exited]
[New Thread 0x7fffb63f36c0 (LWP 255)]
[New Thread 0x7fffb61f26c0 (LWP 256)]
[New Thread 0x7fffb5bef6c0 (LWP 257)]
[New Thread 0x7fffb5df06c0 (LWP 258)]
[Thread 0x7fffb5df06c0 (LWP 258) exited]
[Thread 0x7fffb5bef6c0 (LWP 257) exited]
[Thread 0x7fffb61f26c0 (LWP 256) exited]
[Thread 0x7fffb63f36c0 (LWP 255) exited]
[New Thread 0x7fffb5bef6c0 (LWP 260)]
[New Thread 0x7fffb61f26c0 (LWP 261)]
[New Thread 0x7fffb5df06c0 (LWP 262)]
[New Thread 0x7fffb63f36c0 (LWP 263)]
[Thread 0x7fffb63f36c0 (LWP 263) exited]
[Thread 0x7fffb5df06c0 (LWP 262) exited]
[Thread 0x7fffb5bef6c0 (LWP 260) exited]
[Thread 0x7fffb61f26c0 (LWP 261) exited]
[New Thread 0x7fffb5df06c0 (LWP 265)]
[New Thread 0x7fffb61f26c0 (LWP 266)]
[New Thread 0x7fffb5bef6c0 (LWP 267)]
[New Thread 0x7fffb63f36c0 (LWP 268)]
[Thread 0x7fffb63f36c0 (LWP 268) exited]
[Thread 0x7fffb5bef6c0 (LWP 267) exited]
[Thread 0x7fffb61f26c0 (LWP 266) exited]
[Thread 0x7fffb5df06c0 (LWP 265) exited]
[New Thread 0x7fffb5bef6c0 (LWP 270)]
[New Thread 0x7fffb61f26c0 (LWP 271)]
[New Thread 0x7fffb63f36c0 (LWP 272)]
[New Thread 0x7fffb5df06c0 (LWP 273)]
[Thread 0x7fffb5df06c0 (LWP 273) exited]
[Thread 0x7fffb63f36c0 (LWP 272) exited]
[Thread 0x7fffb61f26c0 (LWP 271) exited]
[Thread 0x7fffb5bef6c0 (LWP 270) exited]
[New Thread 0x7fffb63f36c0 (LWP 275)]
[New Thread 0x7fffb5df06c0 (LWP 276)]
[New Thread 0x7fffb61f26c0 (LWP 277)]
[New Thread 0x7fffb5bef6c0 (LWP 278)]
[Thread 0x7fffb63f36c0 (LWP 275) exited]
[Thread 0x7fffb5bef6c0 (LWP 278) exited]
[Thread 0x7fffb61f26c0 (LWP 277) exited]
[Thread 0x7fffb5df06c0 (LWP 276) exited]
[New Thread 0x7fffb61f26c0 (LWP 280)]
[New Thread 0x7fffb5df06c0 (LWP 281)]
[New Thread 0x7fffb5bef6c0 (LWP 282)]
[New Thread 0x7fffb63f36c0 (LWP 283)]
[Thread 0x7fffb63f36c0 (LWP 283) exited]
[Thread 0x7fffb5bef6c0 (LWP 282) exited]
[Thread 0x7fffb5df06c0 (LWP 281) exited]
[Thread 0x7fffb61f26c0 (LWP 280) exited]
[New Thread 0x7fffb5bef6c0 (LWP 285)]
[New Thread 0x7fffb5df06c0 (LWP 286)]
[New Thread 0x7fffb63f36c0 (LWP 287)]
[New Thread 0x7fffb61f26c0 (LWP 288)]
[Thread 0x7fffb61f26c0 (LWP 288) exited]
[Thread 0x7fffb63f36c0 (LWP 287) exited]
[Thread 0x7fffb5df06c0 (LWP 286) exited]
[Thread 0x7fffb5bef6c0 (LWP 285) exited]
[New Thread 0x7fffb63f36c0 (LWP 290)]
[New Thread 0x7fffb5df06c0 (LWP 291)]
[New Thread 0x7fffb5bef6c0 (LWP 292)]
[New Thread 0x7fffb61f26c0 (LWP 293)]
[Thread 0x7fffb61f26c0 (LWP 293) exited]
[Thread 0x7fffb5bef6c0 (LWP 292) exited]
[Thread 0x7fffb5df06c0 (LWP 291) exited]
[Thread 0x7fffb63f36c0 (LWP 290) exited]
[Thread 0x7fffec39f6c0 (LWP 208) exited]
[Thread 0x7fffb83ff6c0 (LWP 209) exited]
[Detaching after vfork from child process 294]
[Detaching after vfork from child process 297]
[Detaching after vfork from child process 305]
[Detaching after vfork from child process 309]
[Detaching after vfork from child process 316]
[Detaching after vfork from child process 319]
[Detaching after vfork from child process 327]
[Detaching after vfork from child process 330]
[Thread 0x7fffb93fd6c0 (LWP 194) exited]
[Thread 0x7fffb6bf46c0 (LWP 205) exited]
[Thread 0x7fffb73f56c0 (LWP 202) exited]
[Thread 0x7fffb81fe6c0 (LWP 210) exited]
[Thread 0x7fffb9bfe6c0 (LWP 193) exited]
[Thread 0x7fffdc3fd6c0 (LWP 179) exited]
[Thread 0x7fffdc5fe6c0 (LWP 175) exited]
[Thread 0x7fffdc7ff6c0 (LWP 174) exited]
[Thread 0x7fffbb7f66c0 (LWP 171) exited]
[Thread 0x7fffbbff76c0 (LWP 170) exited]
[Thread 0x7fffbc7f86c0 (LWP 169) exited]
[Thread 0x7fffbcff96c0 (LWP 168) exited]
[Thread 0x7fffbd7fa6c0 (LWP 167) exited]
[Thread 0x7fffbdffb6c0 (LWP 166) exited]
[Thread 0x7fffbe7fc6c0 (LWP 165) exited]
[Thread 0x7fffbf7fe6c0 (LWP 147) exited]
[Thread 0x7fffbffff6c0 (LWP 146) exited]
[Thread 0x7fffcc9fd6c0 (LWP 144) exited]
[Thread 0x7fffcd1fe6c0 (LWP 128) exited]
[Thread 0x7fffcd9ff6c0 (LWP 127) exited]
[Thread 0x7fffecfea6c0 (LWP 126) exited]
[Thread 0x7fffedbfb6c0 (LWP 124) exited]
[Thread 0x7fffee3fc6c0 (LWP 123) exited]
[Thread 0x7fffeebfd6c0 (LWP 122) exited]
[Thread 0x7fffefbff6c0 (LWP 119) exited]
[Thread 0x7ffff24f8500 (LWP 108) exited]
[Thread 0x7fffbeffd6c0 (LWP 164) exited]
[Thread 0x7fffef3fe6c0 (LWP 121) exited]
[Thread 0x7fffb5ff16c0 (LWP 232) exited]
[New process 108]
[Inferior 1 (process 108) exited normally]
