04:10:00.646 MESSAGE ocpn_app.cpp:1273 

________

04:10:00.646    INFO logger.cpp:131 ------- OpenCPN version 5.12.4 restarted at 2026-10-03 -------

04:10:00.646    INFO logger.cpp:131 Using loglevel INFO
04:10:00.646 MESSAGE ocpn_app.cpp:1296 wxWidgets version: wxWidgets 3.2.11 Linux 64 bit wxGTK
04:10:00.654 MESSAGE ocpn_app.cpp:1301 OS Version reports as:  7.2
04:10:00.654 MESSAGE ocpn_app.cpp:1303 MemoryStatus:  mem_total: 7807 mb,  mem_initial: 831 mb
04:10:00.654 MESSAGE ocpn_app.cpp:1315 OCPN_OSDetail:  x86_64 ; Omarchy ; 4.0.4 ; omarchy ; arch
04:10:00.654 MESSAGE ocpn_app.cpp:1319 SData_Locn is /home/standard/Projects/X-nav-worktrees/waypoint-touch-regression/build/xnav-install/share/opencpn/
04:10:00.654 MESSAGE ocpn_app.cpp:1337 PrivateDataDir is /tmp/sr252-tx00retr/profile
04:10:00.655 MESSAGE ocpn_app.cpp:1403 Using existing Config_File: /tmp/sr252-tx00retr/profile/opencpn.conf
04:10:00.656 MESSAGE navutil.cpp:1130 winPluginDir, read from ini file: 
04:10:00.656 MESSAGE navutil.cpp:1177 Setting Viewpoint Lat/Lon 56.9, 12.8
04:10:00.656 MESSAGE navutil.cpp:3051 Switch InlandEcdis mode Off
04:10:00.656 MESSAGE ConfigMgr.cpp:526 Creating new Configs catalog: /tmp/sr252-tx00retr/profile/Configs/configs.xml
04:10:00.656 MESSAGE ConfigMgr.cpp:547 Loading Configs catalog: /tmp/sr252-tx00retr/profile/Configs/configs.xml
04:10:00.691 MESSAGE OpenCPNIntegration.cpp:374 SKAGER startup: xnav
04:10:00.692 MESSAGE styles.cpp:841 Styles loading from /home/standard/Projects/X-nav-worktrees/waypoint-touch-regression/build/xnav-install/share/opencpn/uidata/styles.xml
04:10:00.693 MESSAGE styles.cpp:818 No styles found at: /home/standard/
04:10:00.693 MESSAGE styles.cpp:818 No styles found at: /home/standard/.opencpn/
04:10:00.704 MESSAGE styles.cpp:775 Using SVG Icons
04:10:00.704 MESSAGE ocpn_app.cpp:1467 Detected display size (horizontal): 338 mm
04:10:00.704 MESSAGE OCPNPlatform.cpp:1034 Getting DefaultSystemLocale...
04:10:00.706 MESSAGE ocpn_app.cpp:1507 System default Language:  en_US
04:10:00.706 MESSAGE ocpn_app.cpp:1510 Config file language:  
04:10:00.706 MESSAGE ocpn_app.cpp:1516 Config file language empty, using system default:  en_US
04:10:00.706 MESSAGE ocpn_app.cpp:1522 Adjusted App language:  en_US
04:10:00.706 MESSAGE OCPNPlatform.cpp:1115 ChangeLocale: Language load for:  en_US
04:10:00.712 MESSAGE OCPNPlatform.cpp:1168 ChangeLocale: Locale Init OK for:  en_US
04:10:00.712 MESSAGE OCPNPlatform.cpp:1192 Loading catalog for opencpn core.
04:10:00.716 MESSAGE OCPNPlatform.cpp:1034 Getting DefaultSystemLocale...
04:10:00.716 MESSAGE ocpn_app.cpp:1529 Opencpn language set to:  en_US
04:10:00.717 MESSAGE ocpn_app.cpp:1767 Creating MyFrame...size(896, 560)  position(0, 0)
04:10:00.734 WARNING navmsg_filter.cpp:202 Bad system filter path: /tmp/sr252-tx00retr/profile/filters
04:10:00.739 MESSAGE ocpn_frame.cpp:832  **** Connect stuff
04:10:00.739 MESSAGE OCPNPlatform.cpp:923 Starting OpenGL test...
04:10:00.739 MESSAGE OCPNPlatform.cpp:733 Starting OpenGL test utility: "/home/standard/Projects/X-nav-worktrees/skager-product-fidelity/.local/integrated-fidelity/install/bin/opencpn-glutil" opengl-info "/tmp/sr252-tx00retr/profile/gl_caps.json"
04:10:00.989 MESSAGE OCPNPlatform.cpp:930 OpenGL test complete.
04:10:00.989 MESSAGE OCPNPlatform.cpp:952 OpenGL determined CAPABLE.
04:10:00.995 MESSAGE chcanv.cpp:1030 Creating glChartCanvas
04:10:01.098 MESSAGE chcanv.cpp:2444 Metrics:  m_display_size_mm: 338     g_Platform->getDisplaySize():  1280:800   
04:10:01.098 MESSAGE chcanv.cpp:2450 monitor size: 1280 800
04:10:01.098 MESSAGE TCDataSource.cpp:50 Loading Tide/Current data source: /home/standard/Projects/X-nav-worktrees/waypoint-touch-regression/build/xnav-install/share/opencpn/tcdata/harmonics-dwf-20210110-free.tcd
04:10:01.183 MESSAGE TCDataSource.cpp:50 Loading Tide/Current data source: /home/standard/Projects/X-nav-worktrees/waypoint-touch-regression/build/xnav-install/share/opencpn/tcdata/HARMONICS_NO_US.IDX
04:10:01.225 MESSAGE glChartCanvas.cpp:1089 OpenGL-> Renderer String: llvmpipe (LLVM 22.1.8, 256 bits)
04:10:01.225 MESSAGE glChartCanvas.cpp:1098 OpenGL-> Version reported:  4.6 (Compatibility Profile) Mesa 26.2.2-arch1.1
04:10:01.225 MESSAGE glChartCanvas.cpp:1106 OpenGL-> GLSL Version reported:  4.60
04:10:01.228 MESSAGE glChartCanvas.cpp:1120 GLEW init success!n
04:10:01.229 MESSAGE glChartCanvas.cpp:1187 OpenGL-> Texture rectangle format: de1
04:10:01.229 MESSAGE glChartCanvas.cpp:1202 OpenGL-> Using Vertexbuffer Objects
04:10:01.232 MESSAGE glChartCanvas.cpp:1060 OpenGL-> Framebuffer OK, size = 894
04:10:01.232 MESSAGE glChartCanvas.cpp:1270 OpenGL-> Using Framebuffer Objects
04:10:01.232 MESSAGE glChartCanvas.cpp:1273 OpenGL-> Using FBO Stencil buffer
04:10:01.232 MESSAGE glChartCanvas.cpp:1280 OpenGL-> Using Stencil buffer clipping
04:10:01.232 MESSAGE glChartCanvas.cpp:1285 OpenGL-> Using Scissor Clipping
04:10:01.232 MESSAGE glChartCanvas.cpp:1426 OpenGL-> Not Using compression
04:10:01.232 MESSAGE glChartCanvas.cpp:1296 OpenGL-> Minimum cartographic line width:  1.0
04:10:01.232 MESSAGE glChartCanvas.cpp:1299 OpenGL-> Minimum symbol line width:  1.0
04:10:01.499 MESSAGE glChartCanvas.cpp:606 BuildFBO 3
04:10:01.503 MESSAGE glChartCanvas.cpp:1060 OpenGL-> Framebuffer OK, size = 894
04:10:01.518 MESSAGE chartdb.cpp:219 ChartDB Cache policy:  Max open chart limit is 20.
04:10:01.518 MESSAGE ocpn_app.cpp:1926 GPS Watchdog Timeout is: 10 sec.
04:10:01.519 MESSAGE ocpn_app.cpp:2020 OpenCPN Initialized in 1011 ms.
04:10:02.021 MESSAGE glChartCanvas.cpp:606 BuildFBO 3
04:10:02.023 MESSAGE glChartCanvas.cpp:1060 OpenGL-> Framebuffer OK, size = 894
04:10:02.066 MESSAGE glChartCanvas.cpp:606 BuildFBO 3
04:10:02.070 MESSAGE glChartCanvas.cpp:1060 OpenGL-> Framebuffer OK, size = 894
04:10:02.116 MESSAGE glChartCanvas.cpp:606 BuildFBO 3
04:10:02.116 MESSAGE glChartCanvas.cpp:1060 OpenGL-> Framebuffer OK, size = 670
04:10:02.127 MESSAGE ocpn_frame.cpp:4755 OnInitTimer...0
04:10:02.521 MESSAGE waypointman_gui.cpp:83 DPMM: 3.78698   ScaleFactorExp: 1
04:10:02.521 MESSAGE waypointman_gui.cpp:90 Looking for UserIcons at /tmp/sr252-tx00retr/profile/UserIcons/
04:10:02.553 MESSAGE glChartCanvas.cpp:606 BuildFBO 3
04:10:02.554 MESSAGE glChartCanvas.cpp:1060 OpenGL-> Framebuffer OK, size = 670
04:10:02.555 MESSAGE glChartCanvas.cpp:606 BuildFBO 3
04:10:02.555 MESSAGE glChartCanvas.cpp:1060 OpenGL-> Framebuffer OK, size = 670
04:10:02.600 MESSAGE glChartCanvas.cpp:606 BuildFBO 3
04:10:02.600 MESSAGE glChartCanvas.cpp:1060 OpenGL-> Framebuffer OK, size = 670
04:10:02.632 MESSAGE ocpn_frame.cpp:4755 OnInitTimer...1
04:10:02.632 MESSAGE comm_drv_factory.cpp:54 MakeCommDriver: TCP:127.0.0.1:40095
04:10:02.632 MESSAGE comm_drv_n0183_net.cpp:259 Opening TCP connection to 127.0.0.1:40095
04:10:02.732 MESSAGE ocpn_frame.cpp:4755 OnInitTimer...2
04:10:02.732 MESSAGE plugin_loader.cpp:471 PluginLoader: loading plugins from /home/standard/.local/lib/opencpn
04:10:02.732 MESSAGE plugin_loader.cpp:292 Using LD_LIBRARY_PATH: /home/standard/.local/lib/opencpn:/home/standard/Projects/X-nav/.local/sysroot/usr/lib
04:10:02.732 MESSAGE plugin_loader.cpp:324 Using PATH: /home/standard/.local/bin:/home/standard/Projects/X-nav/.local/sysroot/usr/bin:/usr/local/bin:/usr/bin:/bin
04:10:02.732 MESSAGE plugin_loader.cpp:476 Loading plugins from dir: /home/standard/.local/lib/opencpn
04:10:02.732 MESSAGE plugin_loader.cpp:721 PluginLoader searching for PlugIns in location /home/standard/.local/lib/opencpn
04:10:02.732 MESSAGE plugin_loader.cpp:735    Directory /home/standard/.local/lib/opencpn does not exist.
04:10:02.749 MESSAGE glChartCanvas.cpp:606 BuildFBO 3
04:10:02.749 MESSAGE glChartCanvas.cpp:1060 OpenGL-> Framebuffer OK, size = 670
04:10:02.792 MESSAGE OCPNPlatform.cpp:1115 ChangeLocale: Language load for:  en_US
04:10:02.806 MESSAGE OCPNPlatform.cpp:1168 ChangeLocale: Locale Init OK for:  en_US
04:10:02.806 MESSAGE OCPNPlatform.cpp:1192 Loading catalog for opencpn core.
04:10:02.812 MESSAGE OCPNPlatform.cpp:1034 Getting DefaultSystemLocale...
04:10:02.812 MESSAGE comm_drv_n0183_net.cpp:448 TCP NetworkDataStream connection established: TCP:127.0.0.1:40095
04:10:02.880 MESSAGE ocpn_frame.cpp:4755 OnInitTimer...3
04:10:02.981 MESSAGE ocpn_frame.cpp:4755 OnInitTimer...4
04:10:03.087 MESSAGE OCPNPlatform.cpp:923 Starting OpenGL test...
04:10:03.087 MESSAGE OCPNPlatform.cpp:952 OpenGL determined CAPABLE.
04:10:03.090 MESSAGE OCPNPlatform.cpp:923 Starting OpenGL test...
04:10:03.090 MESSAGE OCPNPlatform.cpp:952 OpenGL determined CAPABLE.
04:10:03.482 MESSAGE options.cpp:5299 options: got device count: 3
04:10:03.599 MESSAGE ocpn_frame.cpp:4755 OnInitTimer...5
04:10:03.699 MESSAGE ocpn_frame.cpp:4755 OnInitTimer...6
04:10:03.799 MESSAGE ocpn_frame.cpp:4755 OnInitTimer...7
04:10:03.799 MESSAGE ocpn_frame.cpp:5039 OnInitTimer...Last Call
04:10:03.799 MESSAGE ocpn_frame.cpp:5068 OnInitTimer...Finalize Canvases
04:10:03.800 MESSAGE glChartCanvas.cpp:606 BuildFBO 3
04:10:03.802 MESSAGE glChartCanvas.cpp:1060 OpenGL-> Framebuffer OK, size = 670
04:10:03.828 MESSAGE glChartCanvas.cpp:606 BuildFBO 3
04:10:03.830 MESSAGE glChartCanvas.cpp:1060 OpenGL-> Framebuffer OK, size = 670
04:10:04.037 MESSAGE glChartCanvas.cpp:606 BuildFBO 3
04:10:04.038 MESSAGE glChartCanvas.cpp:1060 OpenGL-> Framebuffer OK, size = 670
04:10:04.038 MESSAGE glChartCanvas.cpp:606 BuildFBO 3
04:10:04.043 MESSAGE glChartCanvas.cpp:1060 OpenGL-> Framebuffer OK, size = 1054
04:10:04.043 MESSAGE glChartCanvas.cpp:606 BuildFBO 3
04:10:04.046 MESSAGE glChartCanvas.cpp:1060 OpenGL-> Framebuffer OK, size = 1054
04:10:04.094 MESSAGE glChartCanvas.cpp:606 BuildFBO 3
04:10:04.096 MESSAGE glChartCanvas.cpp:1060 OpenGL-> Framebuffer OK, size = 1054
04:10:04.250 MESSAGE glChartCanvas.cpp:606 BuildFBO 3
04:10:04.252 MESSAGE glChartCanvas.cpp:1060 OpenGL-> Framebuffer OK, size = 1054
04:10:04.347 MESSAGE glChartCanvas.cpp:606 BuildFBO 3
04:10:04.348 MESSAGE glChartCanvas.cpp:1060 OpenGL-> Framebuffer OK, size = 1014
04:10:22.798 MESSAGE glChartCanvas.cpp:606 BuildFBO 3
04:10:22.799 MESSAGE glChartCanvas.cpp:1060 OpenGL-> Framebuffer OK, size = 1014
04:10:22.913 MESSAGE waypointman_gui.cpp:83 DPMM: 3.78698   ScaleFactorExp: 1
04:10:22.913 MESSAGE waypointman_gui.cpp:90 Looking for UserIcons at /tmp/sr252-tx00retr/profile/UserIcons/
04:10:22.926 MESSAGE glChartCanvas.cpp:606 BuildFBO 3
04:10:22.927 MESSAGE glChartCanvas.cpp:1060 OpenGL-> Framebuffer OK, size = 1012
04:10:22.931 MESSAGE glChartCanvas.cpp:1060 OpenGL-> Framebuffer OK, size = 1014
04:10:24.436 MESSAGE glChartCanvas.cpp:606 BuildFBO 3
04:10:24.438 MESSAGE glChartCanvas.cpp:1060 OpenGL-> Framebuffer OK, size = 1014
04:10:24.550 MESSAGE waypointman_gui.cpp:83 DPMM: 3.78698   ScaleFactorExp: 1
04:10:24.550 MESSAGE waypointman_gui.cpp:90 Looking for UserIcons at /tmp/sr252-tx00retr/profile/UserIcons/
04:10:24.563 MESSAGE glChartCanvas.cpp:606 BuildFBO 3
04:10:24.563 MESSAGE glChartCanvas.cpp:1060 OpenGL-> Framebuffer OK, size = 1012
04:10:24.565 MESSAGE glChartCanvas.cpp:1060 OpenGL-> Framebuffer OK, size = 1014
04:10:25.850 MESSAGE glChartCanvas.cpp:606 BuildFBO 3
04:10:25.850 MESSAGE glChartCanvas.cpp:1060 OpenGL-> Framebuffer OK, size = 1014
04:10:25.989 MESSAGE waypointman_gui.cpp:83 DPMM: 3.78698   ScaleFactorExp: 1
04:10:25.989 MESSAGE waypointman_gui.cpp:90 Looking for UserIcons at /tmp/sr252-tx00retr/profile/UserIcons/
04:10:25.995 MESSAGE glChartCanvas.cpp:606 BuildFBO 3
04:10:25.996 MESSAGE glChartCanvas.cpp:1060 OpenGL-> Framebuffer OK, size = 1012
04:10:26.001 MESSAGE glChartCanvas.cpp:1060 OpenGL-> Framebuffer OK, size = 1014
04:10:31.882 MESSAGE glChartCanvas.cpp:606 BuildFBO 3
04:10:31.883 MESSAGE glChartCanvas.cpp:1060 OpenGL-> Framebuffer OK, size = 1014
04:10:31.921 MESSAGE glChartCanvas.cpp:606 BuildFBO 3
04:10:31.921 MESSAGE glChartCanvas.cpp:1060 OpenGL-> Framebuffer OK, size = 1014
04:10:34.664 MESSAGE RecoveryStore.cpp:73 SKAGER startup healthy after 30 seconds of normal application processing
04:10:38.796 MESSAGE comm_drv_n0183_net.cpp:410 NetworkDataStream connection lost: TCP:127.0.0.1:40095
04:10:39.029 MESSAGE ocpn_app.cpp:2121 opencpn::MyApp starting exit.
04:10:39.029 MESSAGE ocpn_app.cpp:2161 LOGBOOK:  2026-10-03 02:10:39 UTC OFF: Lat    0.00000 Lon    0.00000
04:10:39.029 MESSAGE ocpn_app.cpp:2189 opencpn::MyApp exiting cleanly...

04:10:39.031 MESSAGE ocpn_frame.cpp:5690 Got quitflag from SIGNAL
04:10:39.117 MESSAGE OpenCPNIntegration.cpp:1024 SKAGER close preparation: preserving shared configuration
04:10:39.118 MESSAGE glChartCanvas.cpp:606 BuildFBO 3
04:10:39.121 MESSAGE glChartCanvas.cpp:1060 OpenGL-> Framebuffer OK, size = 1014
04:10:39.173 MESSAGE glChartCanvas.cpp:606 BuildFBO 3
04:10:39.178 MESSAGE glChartCanvas.cpp:1060 OpenGL-> Framebuffer OK, size = 1014
04:10:39.183 MESSAGE glChartCanvas.cpp:1060 OpenGL-> Framebuffer OK, size = 1278
04:10:39.220 MESSAGE ocpn_frame.cpp:1831 opencpn::MyFrame exiting cleanly.
04:10:39.234 MESSAGE chartdb.cpp:287 Chart cache PlugIn purge
04:10:39.235 MESSAGE comm_drv_n0183_net.cpp:555 Closing NMEA NetworkDataStream 40095
04:10:39.235 MESSAGE ocpn_frame.cpp:2000 gFrame destroyed.
04:10:39.236 MESSAGE ocpn_app.cpp:2121 opencpn::MyApp starting exit.
04:10:39.236 MESSAGE ocpn_app.cpp:2161 LOGBOOK:  2026-10-03 02:10:39 UTC OFF: Lat   56.70000 Lon   12.60000 COG  147.00000 SOG   6.30 kts
04:10:39.236 MESSAGE TCDataSource.cpp:41 UnLoading Tide/Current data source: /home/standard/Projects/X-nav-worktrees/waypoint-touch-regression/build/xnav-install/share/opencpn/tcdata/harmonics-dwf-20210110-free.tcd
04:10:39.246 MESSAGE TCDataSource.cpp:41 UnLoading Tide/Current data source: /home/standard/Projects/X-nav-worktrees/waypoint-touch-regression/build/xnav-install/share/opencpn/tcdata/HARMONICS_NO_US.IDX
04:10:39.248 MESSAGE ocpn_app.cpp:2189 opencpn::MyApp exiting cleanly...

