[Thread debugging using libthread_db enabled]
Using host libthread_db library "/usr/lib/libthread_db.so.1".
[New Thread 0x7fffefbff6c0 (LWP 112)]
[New Thread 0x7fffef3fe6c0 (LWP 113)]
[Thread 0x7fffef3fe6c0 (LWP 113) exited]
[Thread 0x7fffefbff6c0 (LWP 112) exited]
[New Thread 0x7fffefbff6c0 (LWP 114)]
[New Thread 0x7fffef3fe6c0 (LWP 115)]
[Thread 0x7fffef3fe6c0 (LWP 115) exited]
[Thread 0x7fffefbff6c0 (LWP 114) exited]
[New Thread 0x7fffefbff6c0 (LWP 116)]
[New Thread 0x7fffef3fe6c0 (LWP 117)]
[Thread 0x7fffef3fe6c0 (LWP 117) exited]
[Thread 0x7fffefbff6c0 (LWP 116) exited]
[New Thread 0x7fffefbff6c0 (LWP 118)]
[New Thread 0x7fffef3fe6c0 (LWP 119)]
[Thread 0x7fffef3fe6c0 (LWP 119) exited]
[Thread 0x7fffefbff6c0 (LWP 118) exited]
[New Thread 0x7fffefbff6c0 (LWP 120)]
[New Thread 0x7fffef3fe6c0 (LWP 121)]
[Thread 0x7fffef3fe6c0 (LWP 121) exited]
[New Thread 0x7fffef3fe6c0 (LWP 122)]
[New Thread 0x7fffeebfd6c0 (LWP 123)]
[New Thread 0x7fffee3fc6c0 (LWP 124)]
[New Thread 0x7fffedbfb6c0 (LWP 125)]
[New Thread 0x7fffecfea6c0 (LWP 127)]
[New Thread 0x7fffcd9ff6c0 (LWP 128)]
[New Thread 0x7fffcd1fe6c0 (LWP 129)]
[Detaching after vfork from child process 130]
[Detaching after vfork from child process 132]
[Detaching after vfork from child process 134]
[Detaching after vfork from child process 136]
[Detaching after vfork from child process 139]
[Detaching after vfork from child process 141]
[Detaching after vfork from child process 143]
[New Thread 0x7fffcc9fd6c0 (LWP 145)]
[Detaching after fork from child process 146]
[New Thread 0x7fffbffff6c0 (LWP 147)]
[New Thread 0x7fffbf7fe6c0 (LWP 148)]
[New Thread 0x7fffbeffd6c0 (LWP 165)]
[New Thread 0x7fffbe7fc6c0 (LWP 166)]
[New Thread 0x7fffbdffb6c0 (LWP 167)]
[New Thread 0x7fffbd7fa6c0 (LWP 168)]
[New Thread 0x7fffbcff96c0 (LWP 169)]
[New Thread 0x7fffbc7f86c0 (LWP 170)]
[New Thread 0x7fffbbff76c0 (LWP 171)]
[New Thread 0x7fffbb7f66c0 (LWP 172)]
[New Thread 0x7fffec39f6c0 (LWP 174)]
[New Thread 0x7fffdc7ff6c0 (LWP 175)]
[New Thread 0x7fffdc5fe6c0 (LWP 176)]
[Detaching after fork from child process 177]
[New Thread 0x7fffdc3fd6c0 (LWP 180)]
[Detaching after fork from child process 181]
[New Thread 0x7fffba3ff6c0 (LWP 188)]
[Thread 0x7fffba3ff6c0 (LWP 188) exited]
[Thread 0x7fffec39f6c0 (LWP 174) exited]
[New Thread 0x7fffb9bfe6c0 (LWP 194)]
[New Thread 0x7fffb93fd6c0 (LWP 195)]
[Detaching after vfork from child process 200]
[New Thread 0x7fffb751c6c0 (LWP 202)]
[Thread 0x7fffb751c6c0 (LWP 202) exited]
[New Thread 0x7fffb751c6c0 (LWP 203)]
[New Thread 0x7fffb6d1b6c0 (LWP 204)]
[Detaching after vfork from child process 205]
[New Thread 0x7fffec39f6c0 (LWP 207)]
[New Thread 0x7fffb83ff6c0 (LWP 208)]
[New Thread 0x7fffb81fe6c0 (LWP 209)]
[Detaching after fork from child process 210]
[New Thread 0x7fffb651a6c0 (LWP 217)]
[New Thread 0x7fffb63196c0 (LWP 218)]
[New Thread 0x7fffb61186c0 (LWP 219)]
[New Thread 0x7fffb5f176c0 (LWP 220)]
[Thread 0x7fffb5f176c0 (LWP 220) exited]
[Thread 0x7fffb651a6c0 (LWP 217) exited]
[Thread 0x7fffb61186c0 (LWP 219) exited]
[Thread 0x7fffb63196c0 (LWP 218) exited]
[New Thread 0x7fffb63196c0 (LWP 222)]
[New Thread 0x7fffb61186c0 (LWP 223)]
[New Thread 0x7fffb651a6c0 (LWP 224)]
[New Thread 0x7fffb5f176c0 (LWP 225)]
[Thread 0x7fffb5f176c0 (LWP 225) exited]
[Thread 0x7fffb651a6c0 (LWP 224) exited]
[Thread 0x7fffb63196c0 (LWP 222) exited]
[Thread 0x7fffb61186c0 (LWP 223) exited]
[New Thread 0x7fffb5f176c0 (LWP 227)]
[New Thread 0x7fffb61186c0 (LWP 228)]
[New Thread 0x7fffb63196c0 (LWP 229)]
[New Thread 0x7fffb651a6c0 (LWP 230)]
[Thread 0x7fffb651a6c0 (LWP 230) exited]
[Thread 0x7fffb63196c0 (LWP 229) exited]
[Thread 0x7fffb5f176c0 (LWP 227) exited]
[Thread 0x7fffb61186c0 (LWP 228) exited]
[New Thread 0x7fffb5f176c0 (LWP 231)]
[Detaching after fork from child process 232]
[New Thread 0x7fffb61186c0 (LWP 239)]
[New Thread 0x7fffb651a6c0 (LWP 240)]
[New Thread 0x7fffb63196c0 (LWP 241)]
[New Thread 0x7fffb5d166c0 (LWP 242)]
[Thread 0x7fffb5d166c0 (LWP 242) exited]
[Thread 0x7fffb61186c0 (LWP 239) exited]
[Thread 0x7fffb63196c0 (LWP 241) exited]
[Thread 0x7fffb651a6c0 (LWP 240) exited]
[New Thread 0x7fffb63196c0 (LWP 244)]
[New Thread 0x7fffb651a6c0 (LWP 245)]
[New Thread 0x7fffb5d166c0 (LWP 246)]
[New Thread 0x7fffb61186c0 (LWP 247)]
[Thread 0x7fffb5d166c0 (LWP 246) exited]
[Thread 0x7fffb651a6c0 (LWP 245) exited]
[Thread 0x7fffb63196c0 (LWP 244) exited]
[Thread 0x7fffb61186c0 (LWP 247) exited]
[New Thread 0x7fffb63196c0 (LWP 249)]
[New Thread 0x7fffb61186c0 (LWP 250)]
[New Thread 0x7fffb651a6c0 (LWP 251)]
[New Thread 0x7fffb5d166c0 (LWP 252)]
[Thread 0x7fffb5d166c0 (LWP 252) exited]
[Thread 0x7fffb63196c0 (LWP 249) exited]
[Thread 0x7fffb651a6c0 (LWP 251) exited]
[Thread 0x7fffb61186c0 (LWP 250) exited]
[New Thread 0x7fffb61186c0 (LWP 254)]
[New Thread 0x7fffb651a6c0 (LWP 255)]
[New Thread 0x7fffb63196c0 (LWP 256)]
[New Thread 0x7fffb5d166c0 (LWP 257)]
[Thread 0x7fffb5d166c0 (LWP 257) exited]
[Thread 0x7fffb63196c0 (LWP 256) exited]
[Thread 0x7fffb651a6c0 (LWP 255) exited]
[Thread 0x7fffb61186c0 (LWP 254) exited]
[New Thread 0x7fffb63196c0 (LWP 259)]
[New Thread 0x7fffb651a6c0 (LWP 260)]
[New Thread 0x7fffb61186c0 (LWP 261)]
[New Thread 0x7fffb5d166c0 (LWP 262)]
[Thread 0x7fffb5d166c0 (LWP 262) exited]
[Thread 0x7fffb61186c0 (LWP 261) exited]
[Thread 0x7fffb651a6c0 (LWP 260) exited]
[Thread 0x7fffb63196c0 (LWP 259) exited]
[New Thread 0x7fffb61186c0 (LWP 264)]
[New Thread 0x7fffb63196c0 (LWP 265)]
[New Thread 0x7fffb5d166c0 (LWP 266)]
[New Thread 0x7fffb651a6c0 (LWP 267)]
[Thread 0x7fffb651a6c0 (LWP 267) exited]
[Thread 0x7fffb5d166c0 (LWP 266) exited]
[Thread 0x7fffb63196c0 (LWP 265) exited]
[Thread 0x7fffb61186c0 (LWP 264) exited]
[New Thread 0x7fffb5d166c0 (LWP 269)]
[New Thread 0x7fffb63196c0 (LWP 270)]
[New Thread 0x7fffb651a6c0 (LWP 271)]
[New Thread 0x7fffb61186c0 (LWP 272)]
[Thread 0x7fffb61186c0 (LWP 272) exited]
[Thread 0x7fffb651a6c0 (LWP 271) exited]
[Thread 0x7fffb63196c0 (LWP 270) exited]
[Thread 0x7fffb5d166c0 (LWP 269) exited]
[New Thread 0x7fffb651a6c0 (LWP 274)]
[New Thread 0x7fffb61186c0 (LWP 275)]
[New Thread 0x7fffb63196c0 (LWP 276)]
[New Thread 0x7fffb5d166c0 (LWP 277)]
[Thread 0x7fffb5d166c0 (LWP 277) exited]
[Thread 0x7fffb63196c0 (LWP 276) exited]
[Thread 0x7fffb61186c0 (LWP 275) exited]
[Thread 0x7fffb651a6c0 (LWP 274) exited]
[New Thread 0x7fffb5d166c0 (LWP 279)]
[New Thread 0x7fffb63196c0 (LWP 280)]
[New Thread 0x7fffb651a6c0 (LWP 281)]
[New Thread 0x7fffb61186c0 (LWP 282)]
[Thread 0x7fffb61186c0 (LWP 282) exited]
[Thread 0x7fffb651a6c0 (LWP 281) exited]
[Thread 0x7fffb63196c0 (LWP 280) exited]
[Thread 0x7fffb5d166c0 (LWP 279) exited]
[New Thread 0x7fffb63196c0 (LWP 284)]
[New Thread 0x7fffb651a6c0 (LWP 285)]
[New Thread 0x7fffb5d166c0 (LWP 286)]
[New Thread 0x7fffb61186c0 (LWP 287)]
[Thread 0x7fffb5d166c0 (LWP 286) exited]
[Thread 0x7fffb651a6c0 (LWP 285) exited]
[Thread 0x7fffb63196c0 (LWP 284) exited]
[Thread 0x7fffb61186c0 (LWP 287) exited]
[New Thread 0x7fffb61186c0 (LWP 289)]
[New Thread 0x7fffb651a6c0 (LWP 290)]
[New Thread 0x7fffb63196c0 (LWP 291)]
[New Thread 0x7fffb5d166c0 (LWP 292)]
[Thread 0x7fffb61186c0 (LWP 289) exited]
[Thread 0x7fffb651a6c0 (LWP 290) exited]
[Thread 0x7fffb5d166c0 (LWP 292) exited]
[Thread 0x7fffb63196c0 (LWP 291) exited]
[Thread 0x7fffec39f6c0 (LWP 207) exited]
[Thread 0x7fffb83ff6c0 (LWP 208) exited]
[Detaching after vfork from child process 293]
[Detaching after vfork from child process 296]
[Detaching after vfork from child process 304]
[Detaching after vfork from child process 307]
[Detaching after vfork from child process 315]
[Detaching after vfork from child process 318]
[Detaching after vfork from child process 326]
[Detaching after vfork from child process 329]
[Thread 0x7fffb93fd6c0 (LWP 195) exited]
[Thread 0x7fffb6d1b6c0 (LWP 204) exited]
[Thread 0x7fffb751c6c0 (LWP 203) exited]
[Thread 0x7fffdc3fd6c0 (LWP 180) exited]
[Thread 0x7fffb5f176c0 (LWP 231) exited]
[Thread 0x7fffb81fe6c0 (LWP 209) exited]
[Thread 0x7fffb9bfe6c0 (LWP 194) exited]
[Thread 0x7fffdc7ff6c0 (LWP 175) exited]
[Thread 0x7fffbb7f66c0 (LWP 172) exited]
[Thread 0x7fffbbff76c0 (LWP 171) exited]
[Thread 0x7fffbc7f86c0 (LWP 170) exited]
[Thread 0x7fffbcff96c0 (LWP 169) exited]
[Thread 0x7fffbd7fa6c0 (LWP 168) exited]
[Thread 0x7fffbdffb6c0 (LWP 167) exited]
[Thread 0x7fffbe7fc6c0 (LWP 166) exited]
[Thread 0x7fffbeffd6c0 (LWP 165) exited]
[Thread 0x7fffbf7fe6c0 (LWP 148) exited]
[Thread 0x7fffbffff6c0 (LWP 147) exited]
[Thread 0x7fffcd1fe6c0 (LWP 129) exited]
[Thread 0x7fffcd9ff6c0 (LWP 128) exited]
[Thread 0x7fffecfea6c0 (LWP 127) exited]
[Thread 0x7fffedbfb6c0 (LWP 125) exited]
[Thread 0x7fffee3fc6c0 (LWP 124) exited]
[Thread 0x7fffeebfd6c0 (LWP 123) exited]
[Thread 0x7fffefbff6c0 (LWP 120) exited]
[Thread 0x7ffff24f8500 (LWP 109) exited]
[Thread 0x7fffdc5fe6c0 (LWP 176) exited]
[Thread 0x7fffef3fe6c0 (LWP 122) exited]
[Thread 0x7fffcc9fd6c0 (LWP 145) exited]
[New process 109]
[Inferior 1 (process 109) exited normally]
