[Thread debugging using libthread_db enabled]
Using host libthread_db library "/usr/lib/libthread_db.so.1".
[New Thread 0x7fffefbff6c0 (LWP 376)]
[New Thread 0x7fffef3fe6c0 (LWP 377)]
[Thread 0x7fffef3fe6c0 (LWP 377) exited]
[Thread 0x7fffefbff6c0 (LWP 376) exited]
[New Thread 0x7fffefbff6c0 (LWP 378)]
[New Thread 0x7fffef3fe6c0 (LWP 379)]
[Thread 0x7fffef3fe6c0 (LWP 379) exited]
[Thread 0x7fffefbff6c0 (LWP 378) exited]
[New Thread 0x7fffefbff6c0 (LWP 380)]
[New Thread 0x7fffef3fe6c0 (LWP 381)]
[Thread 0x7fffef3fe6c0 (LWP 381) exited]
[Thread 0x7fffefbff6c0 (LWP 380) exited]
[New Thread 0x7fffefbff6c0 (LWP 382)]
[New Thread 0x7fffef3fe6c0 (LWP 383)]
[Thread 0x7fffef3fe6c0 (LWP 383) exited]
[Thread 0x7fffefbff6c0 (LWP 382) exited]
[New Thread 0x7fffefbff6c0 (LWP 384)]
[New Thread 0x7fffef3fe6c0 (LWP 385)]
[Thread 0x7fffef3fe6c0 (LWP 385) exited]
[New Thread 0x7fffef3fe6c0 (LWP 386)]
[New Thread 0x7fffeebfd6c0 (LWP 387)]
[New Thread 0x7fffee3fc6c0 (LWP 388)]
[New Thread 0x7fffedbfb6c0 (LWP 389)]
[New Thread 0x7fffecfea6c0 (LWP 391)]
[New Thread 0x7fffcd9ff6c0 (LWP 392)]
[New Thread 0x7fffcd1fe6c0 (LWP 393)]
[Detaching after vfork from child process 395]
[Detaching after vfork from child process 397]
[Detaching after vfork from child process 399]
[Detaching after vfork from child process 401]
[Detaching after vfork from child process 403]
[Detaching after vfork from child process 405]
[Detaching after vfork from child process 407]
[New Thread 0x7fffcc9fd6c0 (LWP 410)]
[Detaching after fork from child process 411]
[New Thread 0x7fffbffff6c0 (LWP 412)]
[New Thread 0x7fffbf7fe6c0 (LWP 430)]
[New Thread 0x7fffbeffd6c0 (LWP 431)]
[New Thread 0x7fffbe7fc6c0 (LWP 432)]
[New Thread 0x7fffbdffb6c0 (LWP 433)]
[New Thread 0x7fffbd7fa6c0 (LWP 434)]
[New Thread 0x7fffbcff96c0 (LWP 435)]
[New Thread 0x7fffbc7f86c0 (LWP 436)]
[New Thread 0x7fffbbff76c0 (LWP 437)]
[New Thread 0x7fffec39f6c0 (LWP 439)]
[New Thread 0x7fffdc7ff6c0 (LWP 440)]
[New Thread 0x7fffdc5fe6c0 (LWP 441)]
[Detaching after fork from child process 442]
[New Thread 0x7fffdc3fd6c0 (LWP 445)]
[Detaching after fork from child process 446]
[New Thread 0x7fffbabff6c0 (LWP 453)]
[Thread 0x7fffbabff6c0 (LWP 453) exited]
[Thread 0x7fffec39f6c0 (LWP 439) exited]
[New Thread 0x7fffba3fe6c0 (LWP 460)]
[New Thread 0x7fffb9bfd6c0 (LWP 461)]
[Detaching after vfork from child process 465]
[New Thread 0x7fffb7d1c6c0 (LWP 468)]
[Thread 0x7fffb7d1c6c0 (LWP 468) exited]
[New Thread 0x7fffb7d1c6c0 (LWP 469)]
[Detaching after vfork from child process 470]
[New Thread 0x7fffb751b6c0 (LWP 472)]
[Detaching after vfork from child process 473]
[New Thread 0x7fffec39f6c0 (LWP 475)]
[New Thread 0x7fffb8bff6c0 (LWP 476)]
[New Thread 0x7fffb89fe6c0 (LWP 477)]
[Detaching after fork from child process 478]
[New Thread 0x7fffb6d1a6c0 (LWP 485)]
[New Thread 0x7fffb6b196c0 (LWP 486)]
[New Thread 0x7fffb69186c0 (LWP 487)]
[New Thread 0x7fffb67176c0 (LWP 488)]
[Thread 0x7fffb67176c0 (LWP 488) exited]
[Thread 0x7fffb6b196c0 (LWP 486) exited]
[Thread 0x7fffb6d1a6c0 (LWP 485) exited]
[Thread 0x7fffb69186c0 (LWP 487) exited]
[New Thread 0x7fffb69186c0 (LWP 490)]
[New Thread 0x7fffb6d1a6c0 (LWP 491)]
[New Thread 0x7fffb67176c0 (LWP 492)]
[New Thread 0x7fffb6b196c0 (LWP 493)]
[Thread 0x7fffb6b196c0 (LWP 493) exited]
[Thread 0x7fffb67176c0 (LWP 492) exited]
[Thread 0x7fffb6d1a6c0 (LWP 491) exited]
[Thread 0x7fffb69186c0 (LWP 490) exited]
[New Thread 0x7fffb67176c0 (LWP 495)]
[New Thread 0x7fffb6d1a6c0 (LWP 496)]
[New Thread 0x7fffb69186c0 (LWP 497)]
[New Thread 0x7fffb6b196c0 (LWP 498)]
[Thread 0x7fffb6b196c0 (LWP 498) exited]
[Thread 0x7fffb69186c0 (LWP 497) exited]
[Thread 0x7fffb6d1a6c0 (LWP 496) exited]
[Thread 0x7fffb67176c0 (LWP 495) exited]
[New Thread 0x7fffb67176c0 (LWP 499)]
[Detaching after fork from child process 500]
[New Thread 0x7fffb6b196c0 (LWP 507)]
[New Thread 0x7fffb69186c0 (LWP 508)]
[New Thread 0x7fffb6d1a6c0 (LWP 509)]
[New Thread 0x7fffb65166c0 (LWP 510)]
[Thread 0x7fffb65166c0 (LWP 510) exited]
[Thread 0x7fffb6d1a6c0 (LWP 509) exited]
[Thread 0x7fffb69186c0 (LWP 508) exited]
[Thread 0x7fffb6b196c0 (LWP 507) exited]
[New Thread 0x7fffb6d1a6c0 (LWP 512)]
[New Thread 0x7fffb69186c0 (LWP 513)]
[New Thread 0x7fffb6b196c0 (LWP 514)]
[New Thread 0x7fffb65166c0 (LWP 515)]
[Thread 0x7fffb65166c0 (LWP 515) exited]
[Thread 0x7fffb6b196c0 (LWP 514) exited]
[Thread 0x7fffb69186c0 (LWP 513) exited]
[Thread 0x7fffb6d1a6c0 (LWP 512) exited]
[New Thread 0x7fffb6b196c0 (LWP 517)]
[New Thread 0x7fffb69186c0 (LWP 518)]
[New Thread 0x7fffb6d1a6c0 (LWP 519)]
[New Thread 0x7fffb65166c0 (LWP 520)]
[Thread 0x7fffb65166c0 (LWP 520) exited]
[Thread 0x7fffb69186c0 (LWP 518) exited]
[Thread 0x7fffb6d1a6c0 (LWP 519) exited]
[Thread 0x7fffb6b196c0 (LWP 517) exited]
[New Thread 0x7fffb69186c0 (LWP 522)]
[New Thread 0x7fffb6b196c0 (LWP 523)]
[New Thread 0x7fffb65166c0 (LWP 524)]
[New Thread 0x7fffb6d1a6c0 (LWP 525)]
[Thread 0x7fffb65166c0 (LWP 524) exited]
[Thread 0x7fffb6b196c0 (LWP 523) exited]
[Thread 0x7fffb6d1a6c0 (LWP 525) exited]
[Thread 0x7fffb69186c0 (LWP 522) exited]
[New Thread 0x7fffb65166c0 (LWP 527)]
[New Thread 0x7fffb6b196c0 (LWP 528)]
[New Thread 0x7fffb6d1a6c0 (LWP 529)]
[New Thread 0x7fffb69186c0 (LWP 530)]
[Thread 0x7fffb69186c0 (LWP 530) exited]
[Thread 0x7fffb6b196c0 (LWP 528) exited]
[Thread 0x7fffb65166c0 (LWP 527) exited]
[Thread 0x7fffb6d1a6c0 (LWP 529) exited]
[New Thread 0x7fffb6d1a6c0 (LWP 532)]
[New Thread 0x7fffb65166c0 (LWP 533)]
[New Thread 0x7fffb6b196c0 (LWP 534)]
[New Thread 0x7fffb69186c0 (LWP 535)]
[Thread 0x7fffb6b196c0 (LWP 534) exited]
[Thread 0x7fffb65166c0 (LWP 533) exited]
[Thread 0x7fffb69186c0 (LWP 535) exited]
[Thread 0x7fffb6d1a6c0 (LWP 532) exited]
[New Thread 0x7fffb69186c0 (LWP 537)]
[New Thread 0x7fffb65166c0 (LWP 538)]
[New Thread 0x7fffb6d1a6c0 (LWP 539)]
[New Thread 0x7fffb6b196c0 (LWP 540)]
[Thread 0x7fffb6d1a6c0 (LWP 539) exited]
[Thread 0x7fffb65166c0 (LWP 538) exited]
[Thread 0x7fffb69186c0 (LWP 537) exited]
[Thread 0x7fffb6b196c0 (LWP 540) exited]
[New Thread 0x7fffb6b196c0 (LWP 542)]
[New Thread 0x7fffb69186c0 (LWP 543)]
[New Thread 0x7fffb65166c0 (LWP 544)]
[New Thread 0x7fffb6d1a6c0 (LWP 545)]
[Thread 0x7fffb6d1a6c0 (LWP 545) exited]
[Thread 0x7fffb65166c0 (LWP 544) exited]
[Thread 0x7fffb69186c0 (LWP 543) exited]
[Thread 0x7fffb6b196c0 (LWP 542) exited]
[New Thread 0x7fffb65166c0 (LWP 547)]
[New Thread 0x7fffb69186c0 (LWP 548)]
[New Thread 0x7fffb6d1a6c0 (LWP 549)]
[New Thread 0x7fffb6b196c0 (LWP 550)]
[Thread 0x7fffb6b196c0 (LWP 550) exited]
[Thread 0x7fffb6d1a6c0 (LWP 549) exited]
[Thread 0x7fffb69186c0 (LWP 548) exited]
[Thread 0x7fffb65166c0 (LWP 547) exited]
[New Thread 0x7fffb69186c0 (LWP 552)]
[New Thread 0x7fffb6b196c0 (LWP 553)]
[New Thread 0x7fffb6d1a6c0 (LWP 554)]
[New Thread 0x7fffb65166c0 (LWP 555)]
[Thread 0x7fffb65166c0 (LWP 555) exited]
[Thread 0x7fffb6d1a6c0 (LWP 554) exited]
[Thread 0x7fffb6b196c0 (LWP 553) exited]
[Thread 0x7fffb69186c0 (LWP 552) exited]
[New Thread 0x7fffb65166c0 (LWP 557)]
[New Thread 0x7fffb6d1a6c0 (LWP 558)]
[New Thread 0x7fffb69186c0 (LWP 559)]
[New Thread 0x7fffb6b196c0 (LWP 560)]
[Thread 0x7fffb65166c0 (LWP 557) exited]
[Thread 0x7fffb6d1a6c0 (LWP 558) exited]
[Thread 0x7fffb6b196c0 (LWP 560) exited]
[Thread 0x7fffb69186c0 (LWP 559) exited]
[Thread 0x7fffec39f6c0 (LWP 475) exited]
[Thread 0x7fffb8bff6c0 (LWP 476) exited]
[Detaching after vfork from child process 561]
[Detaching after vfork from child process 564]
[Detaching after vfork from child process 572]
[Detaching after vfork from child process 576]
[Detaching after vfork from child process 583]
[Detaching after vfork from child process 586]
[Detaching after vfork from child process 594]
[Detaching after vfork from child process 597]
[Thread 0x7fffb9bfd6c0 (LWP 461) exited]
[Thread 0x7fffb751b6c0 (LWP 472) exited]
[Thread 0x7fffb7d1c6c0 (LWP 469) exited]
[Thread 0x7fffba3fe6c0 (LWP 460) exited]
[Thread 0x7fffdc3fd6c0 (LWP 445) exited]
[Thread 0x7fffdc5fe6c0 (LWP 441) exited]
[Thread 0x7fffdc7ff6c0 (LWP 440) exited]
[Thread 0x7fffbbff76c0 (LWP 437) exited]
[Thread 0x7fffbc7f86c0 (LWP 436) exited]
[Thread 0x7fffbcff96c0 (LWP 435) exited]
[Thread 0x7fffbd7fa6c0 (LWP 434) exited]
[Thread 0x7fffbdffb6c0 (LWP 433) exited]
[Thread 0x7fffbe7fc6c0 (LWP 432) exited]
[Thread 0x7fffbeffd6c0 (LWP 431) exited]
[Thread 0x7fffbf7fe6c0 (LWP 430) exited]
[Thread 0x7fffbffff6c0 (LWP 412) exited]
[Thread 0x7fffcc9fd6c0 (LWP 410) exited]
[Thread 0x7fffcd1fe6c0 (LWP 393) exited]
[Thread 0x7fffcd9ff6c0 (LWP 392) exited]
[Thread 0x7fffecfea6c0 (LWP 391) exited]
[Thread 0x7fffedbfb6c0 (LWP 389) exited]
[Thread 0x7fffee3fc6c0 (LWP 388) exited]
[Thread 0x7fffeebfd6c0 (LWP 387) exited]
[Thread 0x7fffef3fe6c0 (LWP 386) exited]
[Thread 0x7fffefbff6c0 (LWP 384) exited]
[Thread 0x7ffff24f8500 (LWP 373) exited]
[Thread 0x7fffb89fe6c0 (LWP 477) exited]
[Thread 0x7fffb67176c0 (LWP 499) exited]
[New process 373]
[Inferior 1 (process 373) exited normally]
