/tmp/skager-capture-ka6ut9q7/SKAGER
/home/standard/Projects/X-nav-worktrees/scrum253-night-canvas/.local/final-capture-prep/capture-final.py:178: DeprecationWarning: Image.Image.getdata is deprecated and will be removed in Pillow 14 (2027-10-15). Use get_flattened_data instead.
  edge_top = list(image.crop((690,68,1094,76)).getdata())
/home/standard/Projects/X-nav-worktrees/scrum253-night-canvas/.local/final-capture-prep/capture-final.py:179: DeprecationWarning: Image.Image.getdata is deprecated and will be removed in Pillow 14 (2027-10-15). Use get_flattened_data instead.
  edge_bottom = list(image.crop((690,626,1094,634)).getdata())
/home/standard/Projects/X-nav-worktrees/scrum253-night-canvas/.local/final-capture-prep/capture-final.py:189: DeprecationWarning: Image.Image.getdata is deprecated and will be removed in Pillow 14 (2027-10-15). Use get_flattened_data instead.
  pixels=collections.Counter(image.crop((x,y,x+w,y+h)).getdata())
/home/standard/Projects/X-nav-worktrees/scrum253-night-canvas/.local/final-capture-prep/capture-final.py:178: DeprecationWarning: Image.Image.getdata is deprecated and will be removed in Pillow 14 (2027-10-15). Use get_flattened_data instead.
  edge_top = list(image.crop((690,68,1094,76)).getdata())
/home/standard/Projects/X-nav-worktrees/scrum253-night-canvas/.local/final-capture-prep/capture-final.py:179: DeprecationWarning: Image.Image.getdata is deprecated and will be removed in Pillow 14 (2027-10-15). Use get_flattened_data instead.
  edge_bottom = list(image.crop((690,626,1094,634)).getdata())
/home/standard/Projects/X-nav-worktrees/scrum253-night-canvas/.local/final-capture-prep/capture-final.py:189: DeprecationWarning: Image.Image.getdata is deprecated and will be removed in Pillow 14 (2027-10-15). Use get_flattened_data instead.
  pixels=collections.Counter(image.crop((x,y,x+w,y+h)).getdata())
/home/standard/Projects/X-nav-worktrees/scrum253-night-canvas/.local/final-capture-prep/capture-final.py:178: DeprecationWarning: Image.Image.getdata is deprecated and will be removed in Pillow 14 (2027-10-15). Use get_flattened_data instead.
  edge_top = list(image.crop((690,68,1094,76)).getdata())
/home/standard/Projects/X-nav-worktrees/scrum253-night-canvas/.local/final-capture-prep/capture-final.py:179: DeprecationWarning: Image.Image.getdata is deprecated and will be removed in Pillow 14 (2027-10-15). Use get_flattened_data instead.
  edge_bottom = list(image.crop((690,626,1094,634)).getdata())
/home/standard/Projects/X-nav-worktrees/scrum253-night-canvas/.local/final-capture-prep/capture-final.py:189: DeprecationWarning: Image.Image.getdata is deprecated and will be removed in Pillow 14 (2027-10-15). Use get_flattened_data instead.
  pixels=collections.Counter(image.crop((x,y,x+w,y+h)).getdata())
/home/standard/Projects/X-nav-worktrees/scrum253-night-canvas/.local/final-capture-prep/capture-final.py:178: DeprecationWarning: Image.Image.getdata is deprecated and will be removed in Pillow 14 (2027-10-15). Use get_flattened_data instead.
  edge_top = list(image.crop((690,68,1094,76)).getdata())
/home/standard/Projects/X-nav-worktrees/scrum253-night-canvas/.local/final-capture-prep/capture-final.py:179: DeprecationWarning: Image.Image.getdata is deprecated and will be removed in Pillow 14 (2027-10-15). Use get_flattened_data instead.
  edge_bottom = list(image.crop((690,626,1094,634)).getdata())
/home/standard/Projects/X-nav-worktrees/scrum253-night-canvas/.local/final-capture-prep/capture-final.py:189: DeprecationWarning: Image.Image.getdata is deprecated and will be removed in Pillow 14 (2027-10-15). Use get_flattened_data instead.
  pixels=collections.Counter(image.crop((x,y,x+w,y+h)).getdata())
/tmp/skager-capture-ka6ut9q7/Standard
/home/standard/Projects/X-nav-worktrees/scrum253-night-canvas/.local/final-capture-prep/capture-final.py:178: DeprecationWarning: Image.Image.getdata is deprecated and will be removed in Pillow 14 (2027-10-15). Use get_flattened_data instead.
  edge_top = list(image.crop((690,68,1094,76)).getdata())
/home/standard/Projects/X-nav-worktrees/scrum253-night-canvas/.local/final-capture-prep/capture-final.py:179: DeprecationWarning: Image.Image.getdata is deprecated and will be removed in Pillow 14 (2027-10-15). Use get_flattened_data instead.
  edge_bottom = list(image.crop((690,626,1094,634)).getdata())
/home/standard/Projects/X-nav-worktrees/scrum253-night-canvas/.local/final-capture-prep/capture-final.py:189: DeprecationWarning: Image.Image.getdata is deprecated and will be removed in Pillow 14 (2027-10-15). Use get_flattened_data instead.
  pixels=collections.Counter(image.crop((x,y,x+w,y+h)).getdata())
/home/standard/Projects/X-nav-worktrees/scrum253-night-canvas/.local/final-capture-prep/capture-final.py:178: DeprecationWarning: Image.Image.getdata is deprecated and will be removed in Pillow 14 (2027-10-15). Use get_flattened_data instead.
  edge_top = list(image.crop((690,68,1094,76)).getdata())
/home/standard/Projects/X-nav-worktrees/scrum253-night-canvas/.local/final-capture-prep/capture-final.py:179: DeprecationWarning: Image.Image.getdata is deprecated and will be removed in Pillow 14 (2027-10-15). Use get_flattened_data instead.
  edge_bottom = list(image.crop((690,626,1094,634)).getdata())
/home/standard/Projects/X-nav-worktrees/scrum253-night-canvas/.local/final-capture-prep/capture-final.py:189: DeprecationWarning: Image.Image.getdata is deprecated and will be removed in Pillow 14 (2027-10-15). Use get_flattened_data instead.
  pixels=collections.Counter(image.crop((x,y,x+w,y+h)).getdata())
/home/standard/Projects/X-nav-worktrees/scrum253-night-canvas/.local/final-capture-prep/capture-final.py:178: DeprecationWarning: Image.Image.getdata is deprecated and will be removed in Pillow 14 (2027-10-15). Use get_flattened_data instead.
  edge_top = list(image.crop((690,68,1094,76)).getdata())
/home/standard/Projects/X-nav-worktrees/scrum253-night-canvas/.local/final-capture-prep/capture-final.py:179: DeprecationWarning: Image.Image.getdata is deprecated and will be removed in Pillow 14 (2027-10-15). Use get_flattened_data instead.
  edge_bottom = list(image.crop((690,626,1094,634)).getdata())
/home/standard/Projects/X-nav-worktrees/scrum253-night-canvas/.local/final-capture-prep/capture-final.py:189: DeprecationWarning: Image.Image.getdata is deprecated and will be removed in Pillow 14 (2027-10-15). Use get_flattened_data instead.
  pixels=collections.Counter(image.crop((x,y,x+w,y+h)).getdata())
/home/standard/Projects/X-nav-worktrees/scrum253-night-canvas/.local/final-capture-prep/capture-final.py:178: DeprecationWarning: Image.Image.getdata is deprecated and will be removed in Pillow 14 (2027-10-15). Use get_flattened_data instead.
  edge_top = list(image.crop((690,68,1094,76)).getdata())
/home/standard/Projects/X-nav-worktrees/scrum253-night-canvas/.local/final-capture-prep/capture-final.py:179: DeprecationWarning: Image.Image.getdata is deprecated and will be removed in Pillow 14 (2027-10-15). Use get_flattened_data instead.
  edge_bottom = list(image.crop((690,626,1094,634)).getdata())
/home/standard/Projects/X-nav-worktrees/scrum253-night-canvas/.local/final-capture-prep/capture-final.py:189: DeprecationWarning: Image.Image.getdata is deprecated and will be removed in Pillow 14 (2027-10-15). Use get_flattened_data instead.
  pixels=collections.Counter(image.crop((x,y,x+w,y+h)).getdata())
Verified private clean application f0976cc65ea63d3ed6f60ac53ec38a856d11b66b and exact upstream result of nine patches
Eight exact-build real-ENC theme-cycle captures passed: /home/standard/Projects/X-nav-worktrees/scrum253-night-canvas/.local/final-capture-prep/output/capture-f0976cc-opengl
