[Thread debugging using libthread_db enabled]
Using host libthread_db library "/usr/lib/libthread_db.so.1".
[New Thread 0x7fffefbff6c0 (LWP 103)]
[New Thread 0x7fffef3fe6c0 (LWP 104)]
[Thread 0x7fffef3fe6c0 (LWP 104) exited]
[Thread 0x7fffefbff6c0 (LWP 103) exited]
[New Thread 0x7fffefbff6c0 (LWP 105)]
[New Thread 0x7fffef3fe6c0 (LWP 106)]
[Thread 0x7fffef3fe6c0 (LWP 106) exited]
[Thread 0x7fffefbff6c0 (LWP 105) exited]
[New Thread 0x7fffefbff6c0 (LWP 107)]
[New Thread 0x7fffef3fe6c0 (LWP 108)]
[Thread 0x7fffef3fe6c0 (LWP 108) exited]
[Thread 0x7fffefbff6c0 (LWP 107) exited]
[New Thread 0x7fffefbff6c0 (LWP 109)]
[New Thread 0x7fffef3fe6c0 (LWP 110)]
[Thread 0x7fffef3fe6c0 (LWP 110) exited]
[Thread 0x7fffefbff6c0 (LWP 109) exited]
[New Thread 0x7fffefbff6c0 (LWP 111)]
[New Thread 0x7fffef3fe6c0 (LWP 112)]
[Thread 0x7fffef3fe6c0 (LWP 112) exited]
[New Thread 0x7fffef3fe6c0 (LWP 113)]
[New Thread 0x7fffeebfd6c0 (LWP 114)]
[New Thread 0x7fffee3fc6c0 (LWP 115)]
[New Thread 0x7fffedbfb6c0 (LWP 116)]
[New Thread 0x7fffecfea6c0 (LWP 118)]
[New Thread 0x7fffcd9ff6c0 (LWP 119)]
[New Thread 0x7fffcd1fe6c0 (LWP 120)]
[Detaching after vfork from child process 121]
[Detaching after vfork from child process 123]
[Detaching after vfork from child process 125]
[Detaching after vfork from child process 127]
[Detaching after vfork from child process 129]
[Detaching after vfork from child process 131]
[Detaching after vfork from child process 133]
[New Thread 0x7fffcc9fd6c0 (LWP 139)]
[New Thread 0x7fffec40d6c0 (LWP 140)]
[New Thread 0x7fffec20c6c0 (LWP 141)]
[New Thread 0x7fffdc7ff6c0 (LWP 142)]
[Detaching after fork from child process 143]
[New Thread 0x7fffdc5fe6c0 (LWP 146)]
[Detaching after fork from child process 147]
[New Thread 0x7fffbffff6c0 (LWP 153)]
[New Thread 0x7fffbf7fe6c0 (LWP 154)]
[Thread 0x7fffec40d6c0 (LWP 140) exited]
[New Thread 0x7fffbeffd6c0 (LWP 158)]
[New Thread 0x7fffbd5ff6c0 (LWP 159)]
[New Thread 0x7fffbcdfe6c0 (LWP 160)]
[New Thread 0x7fffbbdff6c0 (LWP 165)]
[Thread 0x7fffbbdff6c0 (LWP 165) exited]
[Detaching after vfork from child process 166]
[Thread 0x7fffbeffd6c0 (LWP 158) exited]
[New Thread 0x7fffbe7fc6c0 (LWP 168)]
[Thread 0x7fffbe7fc6c0 (LWP 168) exited]
[New Thread 0x7fffbe7fc6c0 (LWP 169)]
[New Thread 0x7fffbdffb6c0 (LWP 170)]
[Detaching after vfork from child process 171]
[New Thread 0x7fffec40d6c0 (LWP 173)]
[New Thread 0x7fffbb5fe6c0 (LWP 174)]
[New Thread 0x7fffbb3fd6c0 (LWP 175)]
[Detaching after fork from child process 176]
[New Thread 0x7fffbb1fc6c0 (LWP 183)]
[New Thread 0x7fffb8dff6c0 (LWP 184)]
[New Thread 0x7fffb8bfe6c0 (LWP 185)]
[New Thread 0x7fffb89fd6c0 (LWP 186)]
[Thread 0x7fffb89fd6c0 (LWP 186) exited]
[Thread 0x7fffb8bfe6c0 (LWP 185) exited]
[Thread 0x7fffb8dff6c0 (LWP 184) exited]
[Thread 0x7fffbb1fc6c0 (LWP 183) exited]
[New Thread 0x7fffb8dff6c0 (LWP 188)]
[New Thread 0x7fffbb1fc6c0 (LWP 189)]
[New Thread 0x7fffb8bfe6c0 (LWP 190)]
[New Thread 0x7fffb89fd6c0 (LWP 191)]
[Thread 0x7fffb89fd6c0 (LWP 191) exited]
[Thread 0x7fffb8bfe6c0 (LWP 190) exited]
[Thread 0x7fffbb1fc6c0 (LWP 189) exited]
[Thread 0x7fffb8dff6c0 (LWP 188) exited]
[New Thread 0x7fffbb1fc6c0 (LWP 193)]
[New Thread 0x7fffb8dff6c0 (LWP 194)]
[New Thread 0x7fffb8bfe6c0 (LWP 195)]
[New Thread 0x7fffb89fd6c0 (LWP 196)]
[Thread 0x7fffb89fd6c0 (LWP 196) exited]
[Thread 0x7fffb8bfe6c0 (LWP 195) exited]
[Thread 0x7fffb8dff6c0 (LWP 194) exited]
[Thread 0x7fffbb1fc6c0 (LWP 193) exited]
[New Thread 0x7fffb8dff6c0 (LWP 197)]
[Detaching after fork from child process 198]
[New Thread 0x7fffb89fd6c0 (LWP 205)]
[New Thread 0x7fffbb1fc6c0 (LWP 206)]
[New Thread 0x7fffb8bfe6c0 (LWP 207)]
[New Thread 0x7fffb87fc6c0 (LWP 208)]
[Thread 0x7fffb87fc6c0 (LWP 208) exited]
[Thread 0x7fffb8bfe6c0 (LWP 207) exited]
[Thread 0x7fffbb1fc6c0 (LWP 206) exited]
[Thread 0x7fffb89fd6c0 (LWP 205) exited]
[New Thread 0x7fffbb1fc6c0 (LWP 210)]
[New Thread 0x7fffb87fc6c0 (LWP 211)]
[New Thread 0x7fffb89fd6c0 (LWP 212)]
[New Thread 0x7fffb8bfe6c0 (LWP 213)]
[Thread 0x7fffb8bfe6c0 (LWP 213) exited]
[Thread 0x7fffb89fd6c0 (LWP 212) exited]
[Thread 0x7fffb87fc6c0 (LWP 211) exited]
[Thread 0x7fffbb1fc6c0 (LWP 210) exited]
[New Thread 0x7fffb89fd6c0 (LWP 215)]
[New Thread 0x7fffb87fc6c0 (LWP 216)]
[New Thread 0x7fffb8bfe6c0 (LWP 217)]
[New Thread 0x7fffbb1fc6c0 (LWP 218)]
[Thread 0x7fffb8bfe6c0 (LWP 217) exited]
[Thread 0x7fffbb1fc6c0 (LWP 218) exited]
[Thread 0x7fffb87fc6c0 (LWP 216) exited]
[Thread 0x7fffb89fd6c0 (LWP 215) exited]
[New Thread 0x7fffbb1fc6c0 (LWP 220)]
[New Thread 0x7fffb87fc6c0 (LWP 221)]
[New Thread 0x7fffb8bfe6c0 (LWP 222)]
[New Thread 0x7fffb89fd6c0 (LWP 223)]
[Thread 0x7fffb89fd6c0 (LWP 223) exited]
[Thread 0x7fffb8bfe6c0 (LWP 222) exited]
[Thread 0x7fffb87fc6c0 (LWP 221) exited]
[Thread 0x7fffbb1fc6c0 (LWP 220) exited]
[New Thread 0x7fffb8bfe6c0 (LWP 225)]
[New Thread 0x7fffb89fd6c0 (LWP 226)]
[New Thread 0x7fffb87fc6c0 (LWP 227)]
[New Thread 0x7fffbb1fc6c0 (LWP 228)]
[Thread 0x7fffbb1fc6c0 (LWP 228) exited]
[Thread 0x7fffb87fc6c0 (LWP 227) exited]
[Thread 0x7fffb89fd6c0 (LWP 226) exited]
[Thread 0x7fffb8bfe6c0 (LWP 225) exited]
[New Thread 0x7fffb87fc6c0 (LWP 230)]
[New Thread 0x7fffb89fd6c0 (LWP 231)]
[New Thread 0x7fffbb1fc6c0 (LWP 232)]
[New Thread 0x7fffb8bfe6c0 (LWP 233)]
[Thread 0x7fffb8bfe6c0 (LWP 233) exited]
[Thread 0x7fffbb1fc6c0 (LWP 232) exited]
[Thread 0x7fffb89fd6c0 (LWP 231) exited]
[Thread 0x7fffb87fc6c0 (LWP 230) exited]
[New Thread 0x7fffb8bfe6c0 (LWP 235)]
[New Thread 0x7fffbb1fc6c0 (LWP 236)]
[New Thread 0x7fffb87fc6c0 (LWP 237)]
[New Thread 0x7fffb89fd6c0 (LWP 238)]
[Thread 0x7fffb89fd6c0 (LWP 238) exited]
[Thread 0x7fffb87fc6c0 (LWP 237) exited]
[Thread 0x7fffbb1fc6c0 (LWP 236) exited]
[Thread 0x7fffb8bfe6c0 (LWP 235) exited]
[New Thread 0x7fffbb1fc6c0 (LWP 240)]
[New Thread 0x7fffb87fc6c0 (LWP 241)]
[New Thread 0x7fffb8bfe6c0 (LWP 242)]
[New Thread 0x7fffb89fd6c0 (LWP 243)]
[Thread 0x7fffb89fd6c0 (LWP 243) exited]
[Thread 0x7fffb8bfe6c0 (LWP 242) exited]
[Thread 0x7fffb87fc6c0 (LWP 241) exited]
[Thread 0x7fffbb1fc6c0 (LWP 240) exited]
[New Thread 0x7fffb8bfe6c0 (LWP 245)]
[New Thread 0x7fffb87fc6c0 (LWP 246)]
[New Thread 0x7fffb89fd6c0 (LWP 247)]
[New Thread 0x7fffbb1fc6c0 (LWP 248)]
[Thread 0x7fffbb1fc6c0 (LWP 248) exited]
[Thread 0x7fffb89fd6c0 (LWP 247) exited]
[Thread 0x7fffb87fc6c0 (LWP 246) exited]
[Thread 0x7fffb8bfe6c0 (LWP 245) exited]
[New Thread 0x7fffb89fd6c0 (LWP 250)]
[New Thread 0x7fffb87fc6c0 (LWP 251)]
[New Thread 0x7fffb8bfe6c0 (LWP 252)]
[New Thread 0x7fffbb1fc6c0 (LWP 253)]
[Thread 0x7fffbb1fc6c0 (LWP 253) exited]
[Thread 0x7fffb8bfe6c0 (LWP 252) exited]
[Thread 0x7fffb87fc6c0 (LWP 251) exited]
[Thread 0x7fffb89fd6c0 (LWP 250) exited]
[New Thread 0x7fffb89fd6c0 (LWP 255)]
[New Thread 0x7fffb87fc6c0 (LWP 256)]
[New Thread 0x7fffbb1fc6c0 (LWP 257)]
[New Thread 0x7fffb8bfe6c0 (LWP 258)]
[Thread 0x7fffb8bfe6c0 (LWP 258) exited]
[Thread 0x7fffbb1fc6c0 (LWP 257) exited]
[Thread 0x7fffb87fc6c0 (LWP 256) exited]
[Thread 0x7fffb89fd6c0 (LWP 255) exited]
[Thread 0x7fffec40d6c0 (LWP 173) exited]
[Thread 0x7fffbb5fe6c0 (LWP 174) exited]
[Detaching after vfork from child process 262]
