03:14:46.034 MESSAGE ocpn_app.cpp:1273 

________

03:14:46.034    INFO logger.cpp:131 ------- OpenCPN version 5.12.4 restarted at 2026-10-03 -------

03:14:46.034    INFO logger.cpp:131 Using loglevel INFO
03:14:46.034 MESSAGE ocpn_app.cpp:1296 wxWidgets version: wxWidgets 3.2.11 Linux 64 bit wxGTK
03:14:46.043 MESSAGE ocpn_app.cpp:1301 OS Version reports as:  7.2
03:14:46.043 MESSAGE ocpn_app.cpp:1303 MemoryStatus:  mem_total: 7807 mb,  mem_initial: 831 mb
03:14:46.043 MESSAGE ocpn_app.cpp:1315 OCPN_OSDetail:  x86_64 ; Omarchy ; 4.0.4 ; omarchy ; arch
03:14:46.043 MESSAGE ocpn_app.cpp:1319 SData_Locn is /home/standard/Projects/X-nav-worktrees/waypoint-touch-regression/build/xnav-install/share/opencpn/
03:14:46.043 MESSAGE ocpn_app.cpp:1337 PrivateDataDir is /tmp/sr252-eddxh2rq/profile
03:14:46.044 MESSAGE ocpn_app.cpp:1403 Using existing Config_File: /tmp/sr252-eddxh2rq/profile/opencpn.conf
03:14:46.045 MESSAGE navutil.cpp:1130 winPluginDir, read from ini file: 
03:14:46.045 MESSAGE navutil.cpp:1177 Setting Viewpoint Lat/Lon 56.9, 12.8
03:14:46.045 MESSAGE navutil.cpp:3051 Switch InlandEcdis mode Off
03:14:46.045 MESSAGE ConfigMgr.cpp:526 Creating new Configs catalog: /tmp/sr252-eddxh2rq/profile/Configs/configs.xml
03:14:46.045 MESSAGE ConfigMgr.cpp:547 Loading Configs catalog: /tmp/sr252-eddxh2rq/profile/Configs/configs.xml
03:14:46.099 MESSAGE OpenCPNIntegration.cpp:374 SKAGER startup: xnav
03:14:46.101 MESSAGE styles.cpp:841 Styles loading from /home/standard/Projects/X-nav-worktrees/waypoint-touch-regression/build/xnav-install/share/opencpn/uidata/styles.xml
03:14:46.104 MESSAGE styles.cpp:818 No styles found at: /home/standard/
03:14:46.104 MESSAGE styles.cpp:818 No styles found at: /home/standard/.opencpn/
03:14:46.118 MESSAGE styles.cpp:775 Using SVG Icons
03:14:46.118 MESSAGE ocpn_app.cpp:1467 Detected display size (horizontal): 338 mm
03:14:46.118 MESSAGE OCPNPlatform.cpp:1034 Getting DefaultSystemLocale...
03:14:46.122 MESSAGE ocpn_app.cpp:1507 System default Language:  en_US
03:14:46.122 MESSAGE ocpn_app.cpp:1510 Config file language:  
03:14:46.122 MESSAGE ocpn_app.cpp:1516 Config file language empty, using system default:  en_US
03:14:46.122 MESSAGE ocpn_app.cpp:1522 Adjusted App language:  en_US
03:14:46.122 MESSAGE OCPNPlatform.cpp:1115 ChangeLocale: Language load for:  en_US
03:14:46.135 MESSAGE OCPNPlatform.cpp:1168 ChangeLocale: Locale Init OK for:  en_US
03:14:46.135 MESSAGE OCPNPlatform.cpp:1192 Loading catalog for opencpn core.
03:14:46.141 MESSAGE OCPNPlatform.cpp:1034 Getting DefaultSystemLocale...
03:14:46.142 MESSAGE ocpn_app.cpp:1529 Opencpn language set to:  en_US
03:14:46.142 MESSAGE ocpn_app.cpp:1767 Creating MyFrame...size(896, 560)  position(0, 0)
03:14:46.169 WARNING navmsg_filter.cpp:202 Bad system filter path: /tmp/sr252-eddxh2rq/profile/filters
03:14:46.179 MESSAGE ocpn_frame.cpp:832  **** Connect stuff
03:14:46.259 MESSAGE chcanv.cpp:2444 Metrics:  m_display_size_mm: 338     g_Platform->getDisplaySize():  1280:800   
03:14:46.259 MESSAGE chcanv.cpp:2450 monitor size: 1280 800
03:14:46.259 MESSAGE TCDataSource.cpp:50 Loading Tide/Current data source: /home/standard/Projects/X-nav-worktrees/waypoint-touch-regression/build/xnav-install/share/opencpn/tcdata/harmonics-dwf-20210110-free.tcd
03:14:46.383 MESSAGE TCDataSource.cpp:50 Loading Tide/Current data source: /home/standard/Projects/X-nav-worktrees/waypoint-touch-regression/build/xnav-install/share/opencpn/tcdata/HARMONICS_NO_US.IDX
03:14:46.470 MESSAGE chartdb.cpp:219 ChartDB Cache policy:  Max open chart limit is 20.
03:14:46.470 MESSAGE ocpn_app.cpp:1926 GPS Watchdog Timeout is: 10 sec.
03:14:46.471 MESSAGE ocpn_app.cpp:2020 OpenCPN Initialized in 625 ms.
03:14:47.208 MESSAGE ocpn_frame.cpp:4755 OnInitTimer...0
03:14:47.648 MESSAGE waypointman_gui.cpp:83 DPMM: 3.78698   ScaleFactorExp: 1
03:14:47.648 MESSAGE waypointman_gui.cpp:90 Looking for UserIcons at /tmp/sr252-eddxh2rq/profile/UserIcons/
03:14:47.767 MESSAGE ocpn_frame.cpp:4755 OnInitTimer...1
03:14:47.768 MESSAGE comm_drv_factory.cpp:54 MakeCommDriver: TCP:127.0.0.1:50343
03:14:47.768 MESSAGE comm_drv_n0183_net.cpp:259 Opening TCP connection to 127.0.0.1:50343
03:14:47.868 MESSAGE ocpn_frame.cpp:4755 OnInitTimer...2
03:14:47.868 MESSAGE plugin_loader.cpp:471 PluginLoader: loading plugins from /home/standard/.local/lib/opencpn
03:14:47.868 MESSAGE plugin_loader.cpp:292 Using LD_LIBRARY_PATH: /home/standard/.local/lib/opencpn:/home/standard/Projects/X-nav/.local/sysroot/usr/lib
03:14:47.868 MESSAGE plugin_loader.cpp:324 Using PATH: /home/standard/.local/bin:/home/standard/Projects/X-nav/.local/sysroot/usr/bin:/usr/local/bin:/usr/bin:/bin
03:14:47.868 MESSAGE plugin_loader.cpp:476 Loading plugins from dir: /home/standard/.local/lib/opencpn
03:14:47.868 MESSAGE plugin_loader.cpp:721 PluginLoader searching for PlugIns in location /home/standard/.local/lib/opencpn
03:14:47.868 MESSAGE plugin_loader.cpp:735    Directory /home/standard/.local/lib/opencpn does not exist.
03:14:47.939 MESSAGE OCPNPlatform.cpp:1115 ChangeLocale: Language load for:  en_US
03:14:47.953 MESSAGE OCPNPlatform.cpp:1168 ChangeLocale: Locale Init OK for:  en_US
03:14:47.953 MESSAGE OCPNPlatform.cpp:1192 Loading catalog for opencpn core.
03:14:47.960 MESSAGE OCPNPlatform.cpp:1034 Getting DefaultSystemLocale...
03:14:47.961 MESSAGE comm_drv_n0183_net.cpp:448 TCP NetworkDataStream connection established: TCP:127.0.0.1:50343
03:14:48.031 MESSAGE ocpn_frame.cpp:4755 OnInitTimer...3
03:14:48.132 MESSAGE ocpn_frame.cpp:4755 OnInitTimer...4
03:14:49.197 MESSAGE options.cpp:5299 options: got device count: 3
03:14:49.322 MESSAGE ocpn_frame.cpp:4755 OnInitTimer...5
03:14:49.423 MESSAGE ocpn_frame.cpp:4755 OnInitTimer...6
03:14:49.523 MESSAGE ocpn_frame.cpp:4755 OnInitTimer...7
03:14:49.523 MESSAGE ocpn_frame.cpp:5039 OnInitTimer...Last Call
03:14:49.523 MESSAGE ocpn_frame.cpp:5068 OnInitTimer...Finalize Canvases
03:15:07.152 MESSAGE comm_drv_n0183_net.cpp:410 NetworkDataStream connection lost: TCP:127.0.0.1:50343
03:15:07.154 MESSAGE ocpn_frame.cpp:5690 Got quitflag from SIGNAL
03:15:07.216 MESSAGE OpenCPNIntegration.cpp:1024 SKAGER close preparation: preserving shared configuration
03:15:07.216 MESSAGE RecoveryStore.cpp:83 SKAGER clean close; startup recovery cleared
03:15:07.271 MESSAGE ocpn_frame.cpp:1831 opencpn::MyFrame exiting cleanly.
03:15:07.273 MESSAGE chartdb.cpp:287 Chart cache PlugIn purge
03:15:07.273 MESSAGE comm_drv_n0183_net.cpp:555 Closing NMEA NetworkDataStream 50343
03:15:07.274 MESSAGE ocpn_frame.cpp:2000 gFrame destroyed.
03:15:07.274 MESSAGE ocpn_app.cpp:2121 opencpn::MyApp starting exit.
03:15:07.274 MESSAGE ocpn_app.cpp:2161 LOGBOOK:  2026-10-03 01:15:07 UTC OFF: Lat   56.70000 Lon   12.60000 COG  147.00000 SOG   6.30 kts
03:15:07.274 MESSAGE TCDataSource.cpp:41 UnLoading Tide/Current data source: /home/standard/Projects/X-nav-worktrees/waypoint-touch-regression/build/xnav-install/share/opencpn/tcdata/harmonics-dwf-20210110-free.tcd
03:15:07.282 MESSAGE TCDataSource.cpp:41 UnLoading Tide/Current data source: /home/standard/Projects/X-nav-worktrees/waypoint-touch-regression/build/xnav-install/share/opencpn/tcdata/HARMONICS_NO_US.IDX
03:15:07.283 MESSAGE ocpn_app.cpp:2189 opencpn::MyApp exiting cleanly...

