case 1 UWTROC: ;SY(UWTROC04)<US><US>
case 2 UWTROC: ;SY(UWTROC04)<US><US>
case 3 UWTROC: ;SY(LNDARE01)<US><US>
case 4 UWTROC: ;SY(UWTROC03)<US><US>
case 5 UWTROC: ;SY(UWTROC04)<US><US>
case 6 UWTROC: ;SY(UWTROC04)<US><US>
case 7 UWTROC: ;SY(UWTROC04)<US><US>
case 8 UWTROC: ;SY(DANGER51);SY(SOUNDS13);SY(SOUNDS52)<US><US><US>
case 9 UWTROC: ;SY(UWTROC04)<US><US>
case 10 UWTROC: ;SY(UWTROC04)<US><US>
case 11 UWTROC: ;SY(DANGER52);SY(SOUNDG22);SY(SOUNDG11)<US><US><US>
case 12 WRECKS: ;SY(WRECKS04)<US><US>
case 13 WRECKS: ;SY(WRECKS05)<US><US>
case 14 WRECKS: ;SY(WRECKS01)<US><US>
case 15 WRECKS: ;SY(WRECKS01)<US><US>
case 16 WRECKS: <US><US>
case 17 WRECKS: <US><US>
case 18 UWTROC: ;SY(UWTROC03)<US><US>
case 19 WRECKS: ;SY(WRECKS05)<US><US>
case 20 UWTROC: ;SY(UWTROC03);SY(QUAPOS01)<US><US>
case 21 UWTROC: ;SY(UWTROC03);SY(QUAPOS02)<US><US>
case 22 UWTROC: ;SY(UWTROC03);SY(QUAPOS03)<US><US>
case 23 UWTROC: ;SY(UWTROC03);SY(QUAPOS03)<US><US>
case 24 UWTROC: ;SY(UWTROC03);SY(LOWACC03)<US><US>
case 25 WRECKS: ;SY(DANGER51);TX('Wk',2,1,2,'15110',1,0,CHBLK,21);SY(WRECKS07);SY(SOUNDS13);SY(SOUNDS52)<US><US><US>
case 26 OBSTRN: ;SY(OBSTRN01)<US><US>
26 actual conditional cases retained this source's missing/depth/quality and isolated-danger behavior
case 1 UWTROC: ;SY(UWTROC04)<US><US>
case 2 UWTROC: ;SY(UWTROC04)<US><US>
case 3 UWTROC: ;SY(LNDARE01)<US><US>
case 4 UWTROC: ;SY(UWTROC03)<US><US>
case 5 UWTROC: ;SY(UWTROC04)<US><US>
case 6 UWTROC: ;SY(UWTROC04)<US><US>
case 7 UWTROC: ;SY(UWTROC04)<US><US>
case 8 UWTROC: ;SY(DANGER51);SY(SOUNDS13);SY(SOUNDS52)<US><US><US>
case 9 UWTROC: ;SY(UWTROC04)<US><US>
case 10 UWTROC: ;SY(UWTROC04)<US><US>
case 11 UWTROC: ;SY(DANGER52);SY(SOUNDG22);SY(SOUNDG11)<US><US><US>
case 12 WRECKS: ;SY(WRECKS04)<US><US>
case 13 WRECKS: ;SY(WRECKS05)<US><US>
case 14 WRECKS: ;SY(WRECKS01)<US><US>
case 15 WRECKS: ;SY(WRECKS01)<US><US>
case 16 WRECKS: <US><US>
case 17 WRECKS: <US><US>
case 18 UWTROC: ;SY(UWTROC03)<US><US>
case 19 WRECKS: ;SY(WRECKS05)<US><US>
case 20 UWTROC: ;SY(UWTROC03);SY(QUAPOS01)<US><US>
case 21 UWTROC: ;SY(UWTROC03);SY(QUAPOS02)<US><US>
case 22 UWTROC: ;SY(UWTROC03);SY(QUAPOS03)<US><US>
case 23 UWTROC: ;SY(UWTROC03);SY(QUAPOS03)<US><US>
case 24 UWTROC: ;SY(UWTROC03);SY(LOWACC03)<US><US>
case 25 WRECKS: ;SY(DANGER51);TX('Wk',2,1,2,'15110',1,0,CHBLK,21);SY(WRECKS07);SY(SOUNDS13);SY(SOUNDS52)<US><US><US>
case 26 OBSTRN: ;SY(OBSTRN01)<US><US>
26 actual conditional cases retained this source's missing/depth/quality and isolated-danger behavior
26 old/new resource-context conditional outputs and display categories identical for this source
200 actual pinned loader checks passed; GL context and native Windows acceptance remain open
