[Thread debugging using libthread_db enabled]
Using host libthread_db library "/usr/lib/libthread_db.so.1".
[New Thread 0x7fffefbff6c0 (LWP 113)]
[New Thread 0x7fffef3fe6c0 (LWP 114)]
[Thread 0x7fffef3fe6c0 (LWP 114) exited]
[Thread 0x7fffefbff6c0 (LWP 113) exited]
[New Thread 0x7fffefbff6c0 (LWP 115)]
[New Thread 0x7fffef3fe6c0 (LWP 116)]
[Thread 0x7fffef3fe6c0 (LWP 116) exited]
[Thread 0x7fffefbff6c0 (LWP 115) exited]
[New Thread 0x7fffefbff6c0 (LWP 117)]
[New Thread 0x7fffef3fe6c0 (LWP 118)]
[Thread 0x7fffef3fe6c0 (LWP 118) exited]
[Thread 0x7fffefbff6c0 (LWP 117) exited]
[New Thread 0x7fffefbff6c0 (LWP 119)]
[New Thread 0x7fffef3fe6c0 (LWP 120)]
[Thread 0x7fffef3fe6c0 (LWP 120) exited]
[Thread 0x7fffefbff6c0 (LWP 119) exited]
[New Thread 0x7fffefbff6c0 (LWP 121)]
[New Thread 0x7fffef3fe6c0 (LWP 122)]
[Thread 0x7fffef3fe6c0 (LWP 122) exited]
[New Thread 0x7fffef3fe6c0 (LWP 123)]
[New Thread 0x7fffeebfd6c0 (LWP 124)]
[New Thread 0x7fffee3fc6c0 (LWP 125)]
[New Thread 0x7fffedbfb6c0 (LWP 126)]
[New Thread 0x7fffecfea6c0 (LWP 128)]
[New Thread 0x7fffcd9ff6c0 (LWP 129)]
[New Thread 0x7fffcd1fe6c0 (LWP 130)]
[Detaching after vfork from child process 132]
[Detaching after vfork from child process 134]
[Detaching after vfork from child process 136]
[Detaching after vfork from child process 138]
[Detaching after vfork from child process 140]
[Detaching after vfork from child process 142]
[Detaching after vfork from child process 144]
[New Thread 0x7fffcc9fd6c0 (LWP 147)]
[Detaching after fork from child process 148]
[New Thread 0x7fffbffff6c0 (LWP 149)]
[New Thread 0x7fffbf7fe6c0 (LWP 150)]
[New Thread 0x7fffbeffd6c0 (LWP 168)]
[New Thread 0x7fffbe7fc6c0 (LWP 169)]
[New Thread 0x7fffbdffb6c0 (LWP 170)]
[New Thread 0x7fffbd7fa6c0 (LWP 171)]
[New Thread 0x7fffbcff96c0 (LWP 172)]
[New Thread 0x7fffbc7f86c0 (LWP 173)]
[New Thread 0x7fffbbff76c0 (LWP 174)]
[New Thread 0x7fffbb7f66c0 (LWP 175)]
[New Thread 0x7fffec39f6c0 (LWP 177)]
[New Thread 0x7fffdc7ff6c0 (LWP 178)]
[New Thread 0x7fffdc5fe6c0 (LWP 179)]
[Detaching after fork from child process 180]
[New Thread 0x7fffdc3fd6c0 (LWP 183)]
[Detaching after fork from child process 184]
[New Thread 0x7fffba3ff6c0 (LWP 190)]
[Thread 0x7fffba3ff6c0 (LWP 190) exited]
[Thread 0x7fffec39f6c0 (LWP 177) exited]
[New Thread 0x7fffb9bfe6c0 (LWP 196)]
[New Thread 0x7fffb93fd6c0 (LWP 197)]
[Detaching after vfork from child process 202]
[New Thread 0x7fffb751c6c0 (LWP 204)]
[Thread 0x7fffb751c6c0 (LWP 204) exited]
[New Thread 0x7fffb751c6c0 (LWP 205)]
[New Thread 0x7fffb6d1b6c0 (LWP 206)]
[Detaching after vfork from child process 207]
[New Thread 0x7fffec39f6c0 (LWP 209)]
[New Thread 0x7fffb83ff6c0 (LWP 210)]
[New Thread 0x7fffb81fe6c0 (LWP 211)]
[Detaching after fork from child process 212]
[New Thread 0x7fffb651a6c0 (LWP 219)]
[New Thread 0x7fffb63196c0 (LWP 220)]
[New Thread 0x7fffb61186c0 (LWP 221)]
[New Thread 0x7fffb5f176c0 (LWP 222)]
[Thread 0x7fffb5f176c0 (LWP 222) exited]
[Thread 0x7fffb651a6c0 (LWP 219) exited]
[Thread 0x7fffb61186c0 (LWP 221) exited]
[Thread 0x7fffb63196c0 (LWP 220) exited]
[New Thread 0x7fffb61186c0 (LWP 224)]
[New Thread 0x7fffb63196c0 (LWP 225)]
[New Thread 0x7fffb651a6c0 (LWP 226)]
[New Thread 0x7fffb5f176c0 (LWP 227)]
[Thread 0x7fffb5f176c0 (LWP 227) exited]
[Thread 0x7fffb651a6c0 (LWP 226) exited]
[Thread 0x7fffb61186c0 (LWP 224) exited]
[Thread 0x7fffb63196c0 (LWP 225) exited]
[New Thread 0x7fffb63196c0 (LWP 229)]
[New Thread 0x7fffb651a6c0 (LWP 230)]
[New Thread 0x7fffb61186c0 (LWP 231)]
[New Thread 0x7fffb5f176c0 (LWP 232)]
[Thread 0x7fffb61186c0 (LWP 231) exited]
[Thread 0x7fffb5f176c0 (LWP 232) exited]
[Thread 0x7fffb651a6c0 (LWP 230) exited]
[Thread 0x7fffb63196c0 (LWP 229) exited]
[New Thread 0x7fffb5f176c0 (LWP 233)]
[Detaching after fork from child process 234]
[New Thread 0x7fffb61186c0 (LWP 241)]
[New Thread 0x7fffb63196c0 (LWP 242)]
[New Thread 0x7fffb651a6c0 (LWP 243)]
[New Thread 0x7fffb5d166c0 (LWP 244)]
[Thread 0x7fffb5d166c0 (LWP 244) exited]
[Thread 0x7fffb651a6c0 (LWP 243) exited]
[Thread 0x7fffb63196c0 (LWP 242) exited]
[Thread 0x7fffb61186c0 (LWP 241) exited]
[New Thread 0x7fffb651a6c0 (LWP 246)]
[New Thread 0x7fffb63196c0 (LWP 247)]
[New Thread 0x7fffb61186c0 (LWP 248)]
[New Thread 0x7fffb5d166c0 (LWP 249)]
[Thread 0x7fffb5d166c0 (LWP 249) exited]
[Thread 0x7fffb61186c0 (LWP 248) exited]
[Thread 0x7fffb63196c0 (LWP 247) exited]
[Thread 0x7fffb651a6c0 (LWP 246) exited]
[New Thread 0x7fffb5d166c0 (LWP 251)]
[New Thread 0x7fffb61186c0 (LWP 252)]
[New Thread 0x7fffb63196c0 (LWP 253)]
[New Thread 0x7fffb651a6c0 (LWP 254)]
[Thread 0x7fffb651a6c0 (LWP 254) exited]
[Thread 0x7fffb63196c0 (LWP 253) exited]
[Thread 0x7fffb61186c0 (LWP 252) exited]
[Thread 0x7fffb5d166c0 (LWP 251) exited]
[New Thread 0x7fffb63196c0 (LWP 256)]
[New Thread 0x7fffb61186c0 (LWP 257)]
[New Thread 0x7fffb651a6c0 (LWP 258)]
[New Thread 0x7fffb5d166c0 (LWP 259)]
[Thread 0x7fffb61186c0 (LWP 257) exited]
[Thread 0x7fffb63196c0 (LWP 256) exited]
[Thread 0x7fffb5d166c0 (LWP 259) exited]
[Thread 0x7fffb651a6c0 (LWP 258) exited]
[New Thread 0x7fffb651a6c0 (LWP 261)]
[New Thread 0x7fffb5d166c0 (LWP 262)]
[New Thread 0x7fffb61186c0 (LWP 263)]
[New Thread 0x7fffb63196c0 (LWP 264)]
[Thread 0x7fffb63196c0 (LWP 264) exited]
[Thread 0x7fffb61186c0 (LWP 263) exited]
[Thread 0x7fffb5d166c0 (LWP 262) exited]
[Thread 0x7fffb651a6c0 (LWP 261) exited]
[New Thread 0x7fffb5d166c0 (LWP 266)]
[New Thread 0x7fffb63196c0 (LWP 267)]
[New Thread 0x7fffb61186c0 (LWP 268)]
[New Thread 0x7fffb651a6c0 (LWP 269)]
[Thread 0x7fffb651a6c0 (LWP 269) exited]
[Thread 0x7fffb61186c0 (LWP 268) exited]
[Thread 0x7fffb5d166c0 (LWP 266) exited]
[Thread 0x7fffb63196c0 (LWP 267) exited]
[New Thread 0x7fffb63196c0 (LWP 271)]
[New Thread 0x7fffb61186c0 (LWP 272)]
[New Thread 0x7fffb5d166c0 (LWP 273)]
[New Thread 0x7fffb651a6c0 (LWP 274)]
[Thread 0x7fffb651a6c0 (LWP 274) exited]
[Thread 0x7fffb5d166c0 (LWP 273) exited]
[Thread 0x7fffb61186c0 (LWP 272) exited]
[Thread 0x7fffb63196c0 (LWP 271) exited]
[New Thread 0x7fffb5d166c0 (LWP 276)]
[New Thread 0x7fffb61186c0 (LWP 277)]
[New Thread 0x7fffb63196c0 (LWP 278)]
[New Thread 0x7fffb651a6c0 (LWP 279)]
[Thread 0x7fffb651a6c0 (LWP 279) exited]
[Thread 0x7fffb63196c0 (LWP 278) exited]
[Thread 0x7fffb5d166c0 (LWP 276) exited]
[Thread 0x7fffb61186c0 (LWP 277) exited]
[New Thread 0x7fffb63196c0 (LWP 281)]
[New Thread 0x7fffb61186c0 (LWP 282)]
[New Thread 0x7fffb651a6c0 (LWP 283)]
[New Thread 0x7fffb5d166c0 (LWP 284)]
[Thread 0x7fffb5d166c0 (LWP 284) exited]
[Thread 0x7fffb651a6c0 (LWP 283) exited]
[Thread 0x7fffb61186c0 (LWP 282) exited]
[Thread 0x7fffb63196c0 (LWP 281) exited]
[New Thread 0x7fffb63196c0 (LWP 286)]
[New Thread 0x7fffb5d166c0 (LWP 287)]
[New Thread 0x7fffb651a6c0 (LWP 288)]
[New Thread 0x7fffb61186c0 (LWP 289)]
[Thread 0x7fffb61186c0 (LWP 289) exited]
[Thread 0x7fffb651a6c0 (LWP 288) exited]
[Thread 0x7fffb5d166c0 (LWP 287) exited]
[Thread 0x7fffb63196c0 (LWP 286) exited]
[New Thread 0x7fffb61186c0 (LWP 291)]
[New Thread 0x7fffb63196c0 (LWP 292)]
[New Thread 0x7fffb651a6c0 (LWP 293)]
[New Thread 0x7fffb5d166c0 (LWP 294)]
[Thread 0x7fffb5d166c0 (LWP 294) exited]
[Thread 0x7fffb651a6c0 (LWP 293) exited]
[Thread 0x7fffb63196c0 (LWP 292) exited]
[Thread 0x7fffb61186c0 (LWP 291) exited]
[Thread 0x7fffec39f6c0 (LWP 209) exited]
[Thread 0x7fffb83ff6c0 (LWP 210) exited]
[Detaching after vfork from child process 295]
[Detaching after vfork from child process 298]
[Detaching after vfork from child process 306]
[Detaching after vfork from child process 309]
[Detaching after vfork from child process 317]
[Detaching after vfork from child process 320]
[Detaching after vfork from child process 328]
[Detaching after vfork from child process 331]
