[1/99] Building CXX object libs/s52plib/CMakeFiles/S52PLIB.dir/src/chartsymbols.cpp.o
[2/99] Building CXX object libs/s52plib/CMakeFiles/S52PLIB.dir/src/s52cnsy.cpp.o
[3/99] Building CXX object libs/s52plib/CMakeFiles/S52PLIB.dir/src/s52plib.cpp.o
/home/standard/Projects/X-nav-worktrees/skager-product-integration/build/integration-source/libs/s52plib/src/s52plib.cpp: In member function ‘void s52plib::PLIB_LoadS57ObjectConfig(wxFileConfig*)’:
/home/standard/Projects/X-nav-worktrees/skager-product-integration/build/integration-source/libs/s52plib/src/s52plib.cpp:10168:28: warning: ‘char* strncpy(char*, const char*, size_t)’ specified bound 6 equals destination size [-Wstringop-truncation]
10168 |                     strncpy( pOLE->OBJLName, sObj.mb_str(), 6 );
      |                     ~~~~~~~^~~~~~~~~~~~~~~~~~~~~~~~~~~~~~~~~~~~
[4/99] Building CXX object libs/s52plib/CMakeFiles/S52PLIB.dir/src/DepthFont.cpp.o
[5/99] Building CXX object libs/s52plib/CMakeFiles/S52PLIB.dir/src/mygeom.cpp.o
[6/99] Linking CXX static library libs/s52plib/libS52PLIB.a
[7/99] Building CXX object libs/ShapefileCpp/CMakeFiles/ShapefileCppLib.dir/__/__/b2681f8/lib/src/ShapefileReader.cpp.o
[8/99] Building CXX object libs/ShapefileCpp/CMakeFiles/ShapefileCppLib.dir/__/__/b2681f8/lib/src/Schema.cpp.o
[9/99] Building CXX object libs/ShapefileCpp/CMakeFiles/ShapefileCppLib.dir/__/__/b2681f8/lib/src/GeometryType.cpp.o
[10/99] Building CXX object libs/ShapefileCpp/CMakeFiles/ShapefileCppLib.dir/__/__/b2681f8/lib/src/FeatureIterator.cpp.o
[11/99] Building CXX object libs/ShapefileCpp/CMakeFiles/ShapefileCppLib.dir/__/__/b2681f8/lib/src/Geometry.cpp.o
[12/99] Building CXX object libs/ShapefileCpp/CMakeFiles/ShapefileCppLib.dir/__/__/b2681f8/lib/src/Bounds.cpp.o
[13/99] Building CXX object libs/ShapefileCpp/CMakeFiles/ShapefileCppLib.dir/__/__/b2681f8/lib/src/Point.cpp.o
[14/99] Building CXX object libs/ShapefileCpp/CMakeFiles/ShapefileCppLib.dir/__/__/b2681f8/lib/src/Line.cpp.o
[15/99] Building CXX object libs/ShapefileCpp/CMakeFiles/ShapefileCppLib.dir/__/__/b2681f8/lib/src/Ring.cpp.o
[16/99] Building CXX object libs/ShapefileCpp/CMakeFiles/ShapefileCppLib.dir/__/__/b2681f8/lib/src/Polygon.cpp.o
[17/99] Building CXX object libs/ShapefileCpp/CMakeFiles/ShapefileCppLib.dir/__/__/b2681f8/lib/src/MultiPoint.cpp.o
[18/99] Building CXX object libs/ShapefileCpp/CMakeFiles/ShapefileCppLib.dir/__/__/b2681f8/lib/src/MultiLine.cpp.o
[19/99] Building CXX object libs/ShapefileCpp/CMakeFiles/ShapefileCppLib.dir/__/__/b2681f8/lib/src/MultiPolygon.cpp.o
[20/99] Building CXX object libs/ShapefileCpp/CMakeFiles/ShapefileCppLib.dir/__/__/b2681f8/lib/src/Feature.cpp.o
[21/99] Building CXX object libs/ShapefileCpp/CMakeFiles/ShapefileCppLib.dir/__/__/b2681f8/lib/src/FieldType.cpp.o
[22/99] cd /home/standard/Projects/X-nav-worktrees/skager-product-integration/build/xnav-linux/libs/libdnet && /home/standard/Projects/X-nav/.local/sysroot/usr/bin/cmake -E echo Built\ the\ libdnet\ library
Built the libdnet library
[23/99] Building CXX object libs/ShapefileCpp/CMakeFiles/ShapefileCppLib.dir/__/__/b2681f8/lib/src/Field.cpp.o
[24/99] Building CXX object CMakeFiles/opencpn.dir/gui/src/about.cpp.o
[25/99] Building CXX object CMakeFiles/opencpn.dir/gui/src/ais.cpp.o
[26/99] Building CXX object CMakeFiles/opencpn.dir/gui/src/ais_info_gui.cpp.o
[27/99] Building CXX object CMakeFiles/opencpn.dir/gui/src/AISTargetAlertDialog.cpp.o
[28/99] Building CXX object CMakeFiles/opencpn.dir/gui/src/AISTargetListDialog.cpp.o
[29/99] Building CXX object CMakeFiles/opencpn.dir/gui/src/AISTargetQueryDialog.cpp.o
[30/99] Building CXX object CMakeFiles/opencpn.dir/gui/src/CanvasConfig.cpp.o
[31/99] Building CXX object CMakeFiles/opencpn.dir/gui/src/CanvasOptions.cpp.o
[32/99] Building CXX object CMakeFiles/opencpn.dir/gui/src/canvasMenu.cpp.o
[33/99] Building CXX object CMakeFiles/opencpn.dir/gui/src/chartdb.cpp.o
[34/99] Building CXX object CMakeFiles/opencpn.dir/gui/src/chartdbs.cpp.o
[35/99] Building CXX object CMakeFiles/opencpn.dir/gui/src/cm93.cpp.o
[36/99] Building CXX object CMakeFiles/opencpn.dir/gui/src/chcanv.cpp.o
[37/99] Building CXX object CMakeFiles/opencpn.dir/gui/src/color_handler.cpp.o
[38/99] Building CXX object CMakeFiles/opencpn.dir/gui/src/compass.cpp.o
[39/99] Building CXX object CMakeFiles/opencpn.dir/gui/src/concanv.cpp.o
[40/99] Building CXX object CMakeFiles/opencpn.dir/gui/src/connection_edit.cpp.o
[41/99] Building CXX object CMakeFiles/opencpn.dir/gui/src/ConfigMgr.cpp.o
[42/99] Building CXX object CMakeFiles/opencpn.dir/gui/src/conn_params_panel.cpp.o
[43/99] Building CXX object CMakeFiles/opencpn.dir/gui/src/connections_dlg.cpp.o
[44/99] Building CXX object CMakeFiles/opencpn.dir/gui/src/DetailSlider.cpp.o
[45/99] Building CXX object CMakeFiles/opencpn.dir/gui/src/download_mgr.cpp.o
[46/99] Building CXX object CMakeFiles/opencpn.dir/gui/src/GoToPositionDialog.cpp.o
[47/99] Building CXX object CMakeFiles/opencpn.dir/gui/src/iENCToolbar.cpp.o
[48/99] Building CXX object CMakeFiles/opencpn.dir/gui/src/kml.cpp.o
[49/99] Building CXX object CMakeFiles/opencpn.dir/gui/src/mbtiles/mbtiles.cpp.o
[50/99] Building CXX object CMakeFiles/opencpn.dir/gui/src/MarkInfo.cpp.o
[51/99] Building CXX object CMakeFiles/opencpn.dir/gui/src/mbtiles/tile_thread.cpp.o
[52/99] Building CXX object CMakeFiles/opencpn.dir/gui/src/MUIBar.cpp.o
[53/99] Building CXX object CMakeFiles/opencpn.dir/gui/src/ocpn_app.cpp.o
[54/99] Building CXX object CMakeFiles/opencpn.dir/gui/src/navutil.cpp.o
[55/99] Building CXX object CMakeFiles/opencpn.dir/gui/src/OCPN_AUIManager.cpp.o
[56/99] Building CXX object CMakeFiles/opencpn.dir/gui/src/ocpn_plugin_gui.cpp.o
[57/99] Building CXX object CMakeFiles/opencpn.dir/gui/src/ocpndc.cpp.o
[58/99] Building CXX object CMakeFiles/opencpn.dir/gui/src/OCPNPlatform.cpp.o
[59/99] Building CXX object CMakeFiles/opencpn.dir/gui/src/ocpn_frame.cpp.o
[60/99] Building CXX object CMakeFiles/opencpn.dir/gui/src/Osenc.cpp.o
[61/99] Building CXX object CMakeFiles/opencpn.dir/gui/src/peer_client_dlg.cpp.o
[62/99] Building CXX object CMakeFiles/opencpn.dir/gui/src/piano.cpp.o
[63/99] Building CXX object CMakeFiles/opencpn.dir/gui/src/options.cpp.o
[64/99] Building CXX object CMakeFiles/opencpn.dir/gui/src/printout_base.cpp.o
[65/99] Building CXX object CMakeFiles/opencpn.dir/gui/src/printout_chart.cpp.o
[66/99] Building CXX object CMakeFiles/opencpn.dir/gui/src/pluginmanager.cpp.o
[67/99] Building CXX object CMakeFiles/opencpn.dir/gui/src/priority_gui.cpp.o
[68/99] Building CXX object CMakeFiles/opencpn.dir/gui/src/Quilt.cpp.o
[69/99] Building CXX object CMakeFiles/opencpn.dir/gui/src/rest_server_gui.cpp.o
[70/99] Building CXX object CMakeFiles/opencpn.dir/gui/src/RolloverWin.cpp.o
[71/99] Building CXX object CMakeFiles/opencpn.dir/gui/src/routeman_gui.cpp.o
[72/99] Building CXX object CMakeFiles/opencpn.dir/gui/src/routemanagerdialog.cpp.o
[73/99] Building CXX object CMakeFiles/opencpn.dir/gui/src/route_point_gui.cpp.o
[74/99] Building CXX object CMakeFiles/opencpn.dir/gui/src/route_printout.cpp.o
[75/99] Building CXX object CMakeFiles/opencpn.dir/gui/src/s57obj.cpp.o
[76/99] Building CXX object CMakeFiles/opencpn.dir/gui/src/RoutePropDlgImpl.cpp.o
[77/99] Building CXX object CMakeFiles/opencpn.dir/gui/src/SencManager.cpp.o
[78/99] Building CXX object CMakeFiles/opencpn.dir/gui/src/SendToPeerDlg.cpp.o
[79/99] Building CXX object CMakeFiles/opencpn.dir/gui/src/s57chart.cpp.o
[80/99] Building CXX object CMakeFiles/opencpn.dir/gui/src/shapefile_basemap.cpp.o
[81/99] Building CXX object CMakeFiles/opencpn.dir/gui/src/TCWin.cpp.o
[82/99] Building CXX object CMakeFiles/opencpn.dir/gui/src/toolbar.cpp.o
[83/99] Building CXX object CMakeFiles/opencpn.dir/gui/src/track_printout.cpp.o
[84/99] Building CXX object CMakeFiles/opencpn.dir/gui/src/undo.cpp.o
[85/99] Building CXX object CMakeFiles/opencpn.dir/gui/src/TrackPropDlg.cpp.o
[86/99] Building CXX object CMakeFiles/opencpn.dir/gui/src/update_mgr.cpp.o
[87/99] Building CXX object CMakeFiles/opencpn.dir/gui/src/viewport.cpp.o
[88/99] Building CXX object CMakeFiles/opencpn.dir/gui/src/glTextureManager.cpp.o
[89/99] Building CXX object CMakeFiles/opencpn.dir/gui/src/glChartCanvas.cpp.o
[90/99] Building CXX object CMakeFiles/opencpn.dir/home/standard/Projects/X-nav-worktrees/waypoint-touch-regression/src/integration/PreviewDiagnostics.cpp.o
[91/99] Building CXX object CMakeFiles/opencpn.dir/home/standard/Projects/X-nav-worktrees/waypoint-touch-regression/src/integration/InstallerSelfTest.cpp.o
[92/99] Building CXX object CMakeFiles/opencpn.dir/home/standard/Projects/X-nav-worktrees/waypoint-touch-regression/src/integration/OpenCPNIntegration.cpp.o
[93/99] Building CXX object CMakeFiles/opencpn.dir/home/standard/Projects/X-nav-worktrees/waypoint-touch-regression/src/integration/NavigationObjects.cpp.o
[94/99] Building CXX object CMakeFiles/opencpn.dir/home/standard/Projects/X-nav-worktrees/waypoint-touch-regression/src/integration/NavigationActions.cpp.o
[95/99] Building CXX object CMakeFiles/opencpn.dir/home/standard/Projects/X-nav-worktrees/waypoint-touch-regression/tests/RouteProgressScenario.cpp.o
[96/99] Building CXX object CMakeFiles/opencpn.dir/home/standard/Projects/X-nav-worktrees/waypoint-touch-regression/tests/NavigationObjectScenario.cpp.o
[97/99] Linking CXX static library libs/ShapefileCpp/libShapefileCppLib.a
[98/99] Building CXX object CMakeFiles/opencpn.dir/home/standard/Projects/X-nav-worktrees/waypoint-touch-regression/src/integration/ChartPresentation.cpp.o
[99/99] Linking CXX executable opencpn
