[Thread debugging using libthread_db enabled]
Using host libthread_db library "/usr/lib/libthread_db.so.1".
[New Thread 0x7fffefbff6c0 (LWP 103)]
[New Thread 0x7fffef3fe6c0 (LWP 104)]
[Thread 0x7fffef3fe6c0 (LWP 104) exited]
[Thread 0x7fffefbff6c0 (LWP 103) exited]
[New Thread 0x7fffefbff6c0 (LWP 105)]
[New Thread 0x7fffef3fe6c0 (LWP 106)]
[Thread 0x7fffef3fe6c0 (LWP 106) exited]
[Thread 0x7fffefbff6c0 (LWP 105) exited]
[New Thread 0x7fffefbff6c0 (LWP 107)]
[New Thread 0x7fffef3fe6c0 (LWP 108)]
[Thread 0x7fffef3fe6c0 (LWP 108) exited]
[Thread 0x7fffefbff6c0 (LWP 107) exited]
[New Thread 0x7fffefbff6c0 (LWP 109)]
[New Thread 0x7fffef3fe6c0 (LWP 110)]
[Thread 0x7fffef3fe6c0 (LWP 110) exited]
[Thread 0x7fffefbff6c0 (LWP 109) exited]
[New Thread 0x7fffefbff6c0 (LWP 111)]
[New Thread 0x7fffef3fe6c0 (LWP 112)]
[Thread 0x7fffef3fe6c0 (LWP 112) exited]
[New Thread 0x7fffef3fe6c0 (LWP 113)]
[New Thread 0x7fffeebfd6c0 (LWP 114)]
[New Thread 0x7fffee3fc6c0 (LWP 115)]
[New Thread 0x7fffedbfb6c0 (LWP 116)]
[New Thread 0x7fffecfea6c0 (LWP 118)]
[New Thread 0x7fffcd9ff6c0 (LWP 119)]
[New Thread 0x7fffcd1fe6c0 (LWP 120)]
[Detaching after vfork from child process 121]
[Detaching after vfork from child process 123]
[Detaching after vfork from child process 125]
[Detaching after vfork from child process 128]
[Detaching after vfork from child process 130]
[Detaching after vfork from child process 132]
[Detaching after vfork from child process 134]
[New Thread 0x7fffcc9fd6c0 (LWP 136)]
[New Thread 0x7fffec40d6c0 (LWP 137)]
[New Thread 0x7fffec20c6c0 (LWP 138)]
[New Thread 0x7fffdc7ff6c0 (LWP 139)]
[Detaching after fork from child process 140]
[New Thread 0x7fffdc5fe6c0 (LWP 143)]
[Detaching after fork from child process 144]
[New Thread 0x7fffbffff6c0 (LWP 150)]
[Thread 0x7fffec40d6c0 (LWP 137) exited]
[New Thread 0x7fffbf7fe6c0 (LWP 155)]
[New Thread 0x7fffbddff6c0 (LWP 156)]
[New Thread 0x7fffbd5fe6c0 (LWP 157)]
[New Thread 0x7fffbc5ff6c0 (LWP 158)]
[Thread 0x7fffbc5ff6c0 (LWP 158) exited]
[Detaching after vfork from child process 159]
[Thread 0x7fffbf7fe6c0 (LWP 155) exited]
[New Thread 0x7fffb95ff6c0 (LWP 165)]
[Thread 0x7fffb95ff6c0 (LWP 165) exited]
[New Thread 0x7fffb95ff6c0 (LWP 166)]
[New Thread 0x7fffb8dfe6c0 (LWP 167)]
[Detaching after vfork from child process 168]
[New Thread 0x7fffec40d6c0 (LWP 170)]
[New Thread 0x7fffbbdfe6c0 (LWP 171)]
[New Thread 0x7fffbbbfd6c0 (LWP 172)]
[Detaching after fork from child process 173]
[New Thread 0x7fffbb9fc6c0 (LWP 180)]
[New Thread 0x7fffb85fd6c0 (LWP 181)]
[New Thread 0x7fffb83fc6c0 (LWP 182)]
[New Thread 0x7fffb81fb6c0 (LWP 183)]
[Thread 0x7fffb81fb6c0 (LWP 183) exited]
[Thread 0x7fffb85fd6c0 (LWP 181) exited]
[Thread 0x7fffb83fc6c0 (LWP 182) exited]
[Thread 0x7fffbb9fc6c0 (LWP 180) exited]
[New Thread 0x7fffbb9fc6c0 (LWP 185)]
[New Thread 0x7fffb83fc6c0 (LWP 186)]
[New Thread 0x7fffb85fd6c0 (LWP 187)]
[New Thread 0x7fffb81fb6c0 (LWP 188)]
[Thread 0x7fffb81fb6c0 (LWP 188) exited]
[Thread 0x7fffb85fd6c0 (LWP 187) exited]
[Thread 0x7fffb83fc6c0 (LWP 186) exited]
[Thread 0x7fffbb9fc6c0 (LWP 185) exited]
[New Thread 0x7fffb85fd6c0 (LWP 190)]
[New Thread 0x7fffbb9fc6c0 (LWP 191)]
[New Thread 0x7fffb81fb6c0 (LWP 192)]
[New Thread 0x7fffb83fc6c0 (LWP 193)]
[Thread 0x7fffb83fc6c0 (LWP 193) exited]
[Thread 0x7fffb81fb6c0 (LWP 192) exited]
[Thread 0x7fffbb9fc6c0 (LWP 191) exited]
[Thread 0x7fffb85fd6c0 (LWP 190) exited]
[New Thread 0x7fffb83fc6c0 (LWP 194)]
[Detaching after fork from child process 195]
[New Thread 0x7fffb81fb6c0 (LWP 202)]
[New Thread 0x7fffb85fd6c0 (LWP 203)]
[New Thread 0x7fffbb9fc6c0 (LWP 204)]
[New Thread 0x7fffb7ffa6c0 (LWP 205)]
[Thread 0x7fffb7ffa6c0 (LWP 205) exited]
[Thread 0x7fffbb9fc6c0 (LWP 204) exited]
[Thread 0x7fffb85fd6c0 (LWP 203) exited]
[Thread 0x7fffb81fb6c0 (LWP 202) exited]
[New Thread 0x7fffbb9fc6c0 (LWP 207)]
[New Thread 0x7fffb7ffa6c0 (LWP 208)]
[New Thread 0x7fffb81fb6c0 (LWP 209)]
[New Thread 0x7fffb85fd6c0 (LWP 210)]
[Thread 0x7fffb85fd6c0 (LWP 210) exited]
[Thread 0x7fffb81fb6c0 (LWP 209) exited]
[Thread 0x7fffb7ffa6c0 (LWP 208) exited]
[Thread 0x7fffbb9fc6c0 (LWP 207) exited]
[New Thread 0x7fffbb9fc6c0 (LWP 212)]
[New Thread 0x7fffb81fb6c0 (LWP 213)]
[New Thread 0x7fffb85fd6c0 (LWP 214)]
[New Thread 0x7fffb7ffa6c0 (LWP 215)]
[Thread 0x7fffb7ffa6c0 (LWP 215) exited]
[Thread 0x7fffb85fd6c0 (LWP 214) exited]
[Thread 0x7fffb81fb6c0 (LWP 213) exited]
[Thread 0x7fffbb9fc6c0 (LWP 212) exited]
[New Thread 0x7fffb85fd6c0 (LWP 217)]
[New Thread 0x7fffb81fb6c0 (LWP 218)]
[New Thread 0x7fffbb9fc6c0 (LWP 219)]
[New Thread 0x7fffb7ffa6c0 (LWP 220)]
[Thread 0x7fffb85fd6c0 (LWP 217) exited]
[Thread 0x7fffb7ffa6c0 (LWP 220) exited]
[Thread 0x7fffbb9fc6c0 (LWP 219) exited]
[Thread 0x7fffb81fb6c0 (LWP 218) exited]
[New Thread 0x7fffbb9fc6c0 (LWP 222)]
[New Thread 0x7fffb7ffa6c0 (LWP 223)]
[New Thread 0x7fffb81fb6c0 (LWP 224)]
[New Thread 0x7fffb85fd6c0 (LWP 225)]
[Thread 0x7fffb85fd6c0 (LWP 225) exited]
[Thread 0x7fffb81fb6c0 (LWP 224) exited]
[Thread 0x7fffb7ffa6c0 (LWP 223) exited]
[Thread 0x7fffbb9fc6c0 (LWP 222) exited]
[New Thread 0x7fffb85fd6c0 (LWP 227)]
[New Thread 0x7fffb81fb6c0 (LWP 228)]
[New Thread 0x7fffbb9fc6c0 (LWP 229)]
[New Thread 0x7fffb7ffa6c0 (LWP 230)]
[Thread 0x7fffb7ffa6c0 (LWP 230) exited]
[Thread 0x7fffbb9fc6c0 (LWP 229) exited]
[Thread 0x7fffb81fb6c0 (LWP 228) exited]
[Thread 0x7fffb85fd6c0 (LWP 227) exited]
[New Thread 0x7fffb7ffa6c0 (LWP 232)]
[New Thread 0x7fffbb9fc6c0 (LWP 233)]
[New Thread 0x7fffb85fd6c0 (LWP 234)]
[New Thread 0x7fffb81fb6c0 (LWP 235)]
[Thread 0x7fffb81fb6c0 (LWP 235) exited]
[Thread 0x7fffb85fd6c0 (LWP 234) exited]
[Thread 0x7fffbb9fc6c0 (LWP 233) exited]
[Thread 0x7fffb7ffa6c0 (LWP 232) exited]
[New Thread 0x7fffb85fd6c0 (LWP 237)]
[New Thread 0x7fffbb9fc6c0 (LWP 238)]
[New Thread 0x7fffb7ffa6c0 (LWP 239)]
[New Thread 0x7fffb81fb6c0 (LWP 240)]
[Thread 0x7fffb81fb6c0 (LWP 240) exited]
[Thread 0x7fffbb9fc6c0 (LWP 238) exited]
[Thread 0x7fffb85fd6c0 (LWP 237) exited]
[Thread 0x7fffb7ffa6c0 (LWP 239) exited]
[New Thread 0x7fffbb9fc6c0 (LWP 242)]
[New Thread 0x7fffb7ffa6c0 (LWP 243)]
[New Thread 0x7fffb85fd6c0 (LWP 244)]
[New Thread 0x7fffb81fb6c0 (LWP 245)]
[Thread 0x7fffb81fb6c0 (LWP 245) exited]
[Thread 0x7fffb85fd6c0 (LWP 244) exited]
[Thread 0x7fffb7ffa6c0 (LWP 243) exited]
[Thread 0x7fffbb9fc6c0 (LWP 242) exited]
[New Thread 0x7fffb85fd6c0 (LWP 247)]
[New Thread 0x7fffb7ffa6c0 (LWP 248)]
[New Thread 0x7fffbb9fc6c0 (LWP 249)]
[New Thread 0x7fffb81fb6c0 (LWP 250)]
[Thread 0x7fffb81fb6c0 (LWP 250) exited]
[Thread 0x7fffbb9fc6c0 (LWP 249) exited]
[Thread 0x7fffb7ffa6c0 (LWP 248) exited]
[Thread 0x7fffb85fd6c0 (LWP 247) exited]
[New Thread 0x7fffb7ffa6c0 (LWP 252)]
[New Thread 0x7fffbb9fc6c0 (LWP 253)]
[New Thread 0x7fffb81fb6c0 (LWP 254)]
[New Thread 0x7fffb85fd6c0 (LWP 255)]
[Thread 0x7fffb85fd6c0 (LWP 255) exited]
[Thread 0x7fffb81fb6c0 (LWP 254) exited]
[Thread 0x7fffbb9fc6c0 (LWP 253) exited]
[Thread 0x7fffb7ffa6c0 (LWP 252) exited]
[Thread 0x7fffec40d6c0 (LWP 170) exited]
[Thread 0x7fffbbdfe6c0 (LWP 171) exited]
[Detaching after vfork from child process 256]
[Detaching after vfork from child process 259]
[Detaching after vfork from child process 267]
[Detaching after vfork from child process 270]
[Detaching after vfork from child process 278]
[Detaching after vfork from child process 281]
[Detaching after vfork from child process 289]
[Detaching after vfork from child process 292]
[Thread 0x7fffbd5fe6c0 (LWP 157) exited]
[Thread 0x7fffb8dfe6c0 (LWP 167) exited]
[Thread 0x7fffb95ff6c0 (LWP 166) exited]
[Thread 0x7fffb83fc6c0 (LWP 194) exited]
[Thread 0x7fffbddff6c0 (LWP 156) exited]
[Thread 0x7fffbffff6c0 (LWP 150) exited]
[Thread 0x7fffdc5fe6c0 (LWP 143) exited]
[Thread 0x7fffdc7ff6c0 (LWP 139) exited]
[Thread 0x7fffec20c6c0 (LWP 138) exited]
[Thread 0x7fffcc9fd6c0 (LWP 136) exited]
[Thread 0x7fffcd1fe6c0 (LWP 120) exited]
[Thread 0x7fffcd9ff6c0 (LWP 119) exited]
[Thread 0x7fffecfea6c0 (LWP 118) exited]
[Thread 0x7fffedbfb6c0 (LWP 116) exited]
[Thread 0x7fffee3fc6c0 (LWP 115) exited]
[Thread 0x7fffeebfd6c0 (LWP 114) exited]
[Thread 0x7fffef3fe6c0 (LWP 113) exited]
[Thread 0x7ffff24f8500 (LWP 100) exited]
[Thread 0x7fffefbff6c0 (LWP 111) exited]
[Thread 0x7fffbbbfd6c0 (LWP 172) exited]
[New process 100]
[Inferior 1 (process 100) exited normally]
