OpenNav startup pid=3011817 stage=entry result=0
OpenNav startup pid=3011817 stage=initialize result=0
OpenNav startup pid=3011817 stage=initialize.return result=1
OpenNav startup pid=3011817 stage=on_init result=0
OpenNav startup pid=3011817 stage=parser.definition result=0
OpenNav startup pid=3011817 stage=parser.parsed result=0
OpenNav startup pid=3011817 stage=opennav_parser.return result=1
OpenNav startup pid=3011817 stage=config_directory result=0
OpenNav startup pid=3011817 stage=config_directory.return result=1
OpenNav startup pid=3011817 stage=parser.return result=1
OpenNav startup pid=3011817 stage=log_initialize result=0
OpenNav startup pid=3011817 stage=log_initialize.return result=1
OpenNav startup pid=3011817 stage=entry.return result=0
OpenNav startup pid=3014175 stage=entry result=0
OpenNav startup pid=3014175 stage=initialize result=0
OpenNav startup pid=3014175 stage=initialize.return result=1
OpenNav startup pid=3014175 stage=on_init result=0
OpenNav startup pid=3014175 stage=parser.definition result=0
OpenNav startup pid=3014175 stage=parser.parsed result=0
OpenNav startup pid=3014175 stage=opennav_parser.return result=1
OpenNav startup pid=3014175 stage=config_directory result=0
OpenNav startup pid=3014175 stage=config_directory.return result=1
OpenNav startup pid=3014175 stage=parser.return result=1
OpenNav startup pid=3014175 stage=log_initialize result=0
OpenNav startup pid=3014175 stage=log_initialize.return result=1
OpenNav startup pid=3014175 stage=entry.return result=0
OpenNav startup pid=3014399 stage=entry result=0
OpenNav startup pid=3014399 stage=initialize result=0
OpenNav startup pid=3014399 stage=initialize.return result=1
OpenNav startup pid=3014399 stage=on_init result=0
OpenNav startup pid=3014399 stage=parser.definition result=0
OpenNav startup pid=3014399 stage=parser.parsed result=0
OpenNav startup pid=3014399 stage=opennav_parser.return result=1
OpenNav startup pid=3014399 stage=config_directory result=0
OpenNav startup pid=3014399 stage=config_directory.return result=1
OpenNav startup pid=3014399 stage=parser.return result=1
OpenNav startup pid=3014399 stage=log_initialize result=0
OpenNav startup pid=3014399 stage=log_initialize.return result=1
OpenNav startup pid=3014399 stage=entry.return result=0
OpenNav startup pid=3014615 stage=entry result=0
OpenNav startup pid=3014615 stage=initialize result=0
OpenNav startup pid=3014615 stage=initialize.return result=1
OpenNav startup pid=3014615 stage=on_init result=0
OpenNav startup pid=3014615 stage=parser.definition result=0
OpenNav startup pid=3014615 stage=parser.parsed result=0
OpenNav startup pid=3014615 stage=opennav_parser.return result=1
OpenNav startup pid=3014615 stage=config_directory result=0
OpenNav startup pid=3014615 stage=config_directory.return result=1
OpenNav startup pid=3014615 stage=parser.return result=1
OpenNav startup pid=3014615 stage=log_initialize result=0
OpenNav startup pid=3014615 stage=log_initialize.return result=1
OpenNav startup pid=3014615 stage=entry.return result=0
OpenNav startup pid=3014813 stage=entry result=0
OpenNav startup pid=3014813 stage=initialize result=0
OpenNav startup pid=3014813 stage=initialize.return result=1
OpenNav startup pid=3014813 stage=on_init result=0
OpenNav startup pid=3014813 stage=parser.definition result=0
OpenNav startup pid=3014813 stage=parser.parsed result=0
OpenNav startup pid=3014813 stage=opennav_parser.return result=1
OpenNav startup pid=3014813 stage=config_directory result=0
OpenNav startup pid=3014813 stage=config_directory.return result=1
OpenNav startup pid=3014813 stage=parser.return result=1
OpenNav startup pid=3014813 stage=log_initialize result=0
OpenNav startup pid=3014813 stage=log_initialize.return result=1
OpenNav startup pid=3014813 stage=entry.return result=0
OpenNav startup pid=3015052 stage=entry result=0
OpenNav startup pid=3015052 stage=initialize result=0
OpenNav startup pid=3015052 stage=initialize.return result=1
OpenNav startup pid=3015052 stage=on_init result=0
OpenNav startup pid=3015052 stage=parser.definition result=0
OpenNav startup pid=3015052 stage=parser.parsed result=0
OpenNav startup pid=3015052 stage=opennav_parser.return result=1
OpenNav startup pid=3015052 stage=config_directory result=0
OpenNav startup pid=3015052 stage=config_directory.return result=1
OpenNav startup pid=3015052 stage=parser.return result=1
OpenNav startup pid=3015052 stage=log_initialize result=0
OpenNav startup pid=3015052 stage=log_initialize.return result=1
OpenNav startup pid=3015052 stage=entry.return result=0
OpenNav startup pid=3015249 stage=entry result=0
OpenNav startup pid=3015249 stage=initialize result=0
OpenNav startup pid=3015249 stage=initialize.return result=1
OpenNav startup pid=3015249 stage=on_init result=0
OpenNav startup pid=3015249 stage=parser.definition result=0
OpenNav startup pid=3015249 stage=parser.parsed result=0
OpenNav startup pid=3015249 stage=opennav_parser.return result=1
OpenNav startup pid=3015249 stage=config_directory result=0
OpenNav startup pid=3015249 stage=config_directory.return result=1
OpenNav startup pid=3015249 stage=parser.return result=1
OpenNav startup pid=3015249 stage=log_initialize result=0
OpenNav startup pid=3015249 stage=log_initialize.return result=1
OpenNav startup pid=3015249 stage=entry.return result=0
