2026-10-03T18:13:34.0222177Z 100% tests passed, 0 tests failed out of 139
2026-10-03T18:13:34.0223669Z 
2026-10-03T18:13:34.0224882Z Total Test time (real) =  18.46 sec
2026-10-03T18:13:34.1518106Z {
2026-10-03T18:13:34.1518653Z   "repository": "https://github.com/OpenCPN/OpenCPN.git",
2026-10-03T18:13:34.1519158Z   "tag": "Release_5.12.4",
2026-10-03T18:13:34.1520758Z   "commit": "37fd0cddb7334fe489e9f18aa163977a9c5c84f7",
2026-10-03T18:13:34.1521246Z   "pluginApi": "1.20",
2026-10-03T18:13:34.1522784Z   "upstreamWindowsApplicationArchitecture": "x86",
2026-10-03T18:13:34.1523320Z   "requiredWindowsHostArchitecture": "x64",
2026-10-03T18:13:34.1524705Z   "specificationApplicationArchitecture": "x64",
2026-10-03T18:13:34.1525941Z   "approvedApplicationArchitecture": "x86",
2026-10-03T18:13:34.1526994Z   "architectureDecision": "Preserve supported OpenCPN ABI on 64-bit Windows; user approved 2026-09-21"
2026-10-03T18:13:34.1527766Z }
2026-10-03T18:13:40.6515334Z -- Selecting Windows SDK version 10.0.26100.0 to target Windows 10.0.20348.
2026-10-03T18:13:40.6520034Z -- The CXX compiler identification is MSVC 19.44.35229.0
2026-10-03T18:13:40.6526126Z -- Detecting CXX compiler ABI info
2026-10-03T18:13:40.6532500Z -- Detecting CXX compiler ABI info - done
2026-10-03T18:13:40.6539448Z -- Check for working CXX compiler: C:/Program Files/Microsoft Visual Studio/2022/Enterprise/VC/Tools/MSVC/14.44.35207/bin/Hostx64/x86/cl.exe - skipped
2026-10-03T18:13:40.6545641Z -- Detecting CXX compile features
2026-10-03T18:13:40.6551641Z -- Detecting CXX compile features - done
2026-10-03T18:13:40.6558541Z -- Found Python3: C:/hostedtoolcache/windows/Python/3.14.7/x64/python3.exe (found version "3.14.7") found components: Interpreter
2026-10-03T18:13:40.6567792Z -- Found wxWidgets: D:/a/Work/Work/opennav-x/build/ocharts-prepared/sdk/wx/lib/vc14x_dll/wxbase32u.lib;D:/a/Work/Work/opennav-x/build/ocharts-prepared/sdk/wx/lib/vc14x_dll/wxmsw32u_core.lib;D:/a/Work/Work/opennav-x/build/ocharts-prepared/sdk/wx/lib/vc14x_dll/wxpng.lib;D:/a/Work/Work/opennav-x/build/ocharts-prepared/sdk/wx/lib/vc14x_dll/wxtiff.lib;D:/a/Work/Work/opennav-x/build/ocharts-prepared/sdk/wx/lib/vc14x_dll/wxjpeg.lib;D:/a/Work/Work/opennav-x/build/ocharts-prepared/sdk/wx/lib/vc14x_dll/wxzlib.lib;D:/a/Work/Work/opennav-x/build/ocharts-prepared/sdk/wx/lib/vc14x_dll/wxregexu.lib;D:/a/Work/Work/opennav-x/build/ocharts-prepared/sdk/wx/lib/vc14x_dll/wxexpat.lib;gdiplus;msimg32;winmm;comctl32;uuid;oleacc;uxtheme;rpcrt4;shlwapi;version;wsock32 (found version "3.2.8") found components: base core png tiff jpeg zlib regex expat
2026-10-03T18:13:40.6572099Z -- Configuring done (4.3s)
2026-10-03T18:13:40.6577940Z -- Generating done (0.0s)
2026-10-03T18:13:40.6584095Z -- Build files have been written to: D:/a/_temp/opennav-downloader-trust-4ae6d9d81d8449a6b5eb5ad2cd26cd4e/build
2026-10-03T18:13:47.7780055Z MSBuild version 17.14.60+43b635718 for .NET Framework
2026-10-03T18:13:47.7784898Z 
2026-10-03T18:13:47.7791693Z   1>Checking Build System
2026-10-03T18:13:47.7798380Z   Building Custom Rule D:/a/Work/Work/opennav-x/tests/downloader_trust/CMakeLists.txt
2026-10-03T18:13:47.7805516Z   Building Custom Rule D:/a/Work/Work/opennav-x/tests/downloader_trust/CMakeLists.txt
2026-10-03T18:13:47.7811658Z   base.cpp
2026-10-03T18:13:47.7818719Z   downloader.cpp
2026-10-03T18:13:47.7825195Z   downloader-trust-probe.cpp
2026-10-03T18:13:47.7831214Z   http.cpp
2026-10-03T18:13:47.7837673Z   Generating Code...
2026-10-03T18:13:47.7844691Z   downloader-trust-probe.vcxproj -> D:\a\_temp\opennav-downloader-trust-4ae6d9d81d8449a6b5eb5ad2cd26cd4e\build\Release\downloader-trust-probe.exe
2026-10-03T18:13:47.7850297Z   wxcurl-trust-probe.cpp
2026-10-03T18:13:47.7856913Z   Generating Code...
2026-10-03T18:13:47.7864400Z   wxcurl-trust-probe.vcxproj -> D:\a\_temp\opennav-downloader-trust-4ae6d9d81d8449a6b5eb5ad2cd26cd4e\build\Release\wxcurl-trust-probe.exe
2026-10-03T18:13:47.7870461Z   Building Custom Rule D:/a/Work/Work/opennav-x/tests/downloader_trust/CMakeLists.txt
2026-10-03T18:13:48.6942257Z ...+......+.+.....................+..+.......+...+.....+...+.............+......+......+.........+........+...+...+.+...........+++++++++++++++++++++++++++++++++++++++*....+........+.......+...........+....+..+....+..+.......+..+......+....+........+...+...+..........+......+.....+....+..+...+.......+.....+..........+........+....+.....+.......+...............+...+...+..+.......+..............+......+....+......+...+..+...+...+...+....+...+...+++++++++++++++++++++++++++++++++++++++*.+.......+..+.......+...+.....+...+..........+...+.....+.........+............+..........+......+.....+....+.........+..+......................+..+.............+.....+.......+...+...+...............+............+........+....+...+..+.+............+.................+.........+.+......+........+......+...+.+...........+.+..+.+..+....+.....+...+......+..........+.....+......+.+.........+........++++++
2026-10-03T18:13:48.6946595Z ......+.....+.......+......+..+...+.......+++++++++++++++++++++++++++++++++++++++*................+.+++++++++++++++++++++++++++++++++++++++*...+.............+.....+.........+.............+......+.........+...............++++++
2026-10-03T18:13:48.6952096Z -----
2026-10-03T18:13:48.7868152Z .........+........+...+.......+++++++++++++++++++++++++++++++++++++++*..+...+..+.........+..........+.....+++++++++++++++++++++++++++++++++++++++*......+..+..........++++++
2026-10-03T18:13:48.7877803Z ..+...+......+...+............+.+.........+++++++++++++++++++++++++++++++++++++++*.......+.+.....+....+....................+.............+..+...+...+.+...+..+.+............+...+...+..+++++++++++++++++++++++++++++++++++++++*......+..........+......+..+.+.........+...+.....+...+....+........+.......+...............+........+.......+...+........+.+....................+....+...........+.+...............+...+.........+..+.+.....+.........+..........+...+........+.........+...+.+......+......+...+...........+...+...+...+....+...+........................+.........+......+...+.....+.+............+........+.+........+.+......+...............+.....+......+...+....+...............+.....+.+.....+.+........+......+.+......+....................+....+...+...........+.+.....+......+.......+............+.........+.....+.+........+..........+.....+............+......+.......+..+.........+.......+........+.........+.......+...+..+....+..+....+...+......+..+.......+..+.........+......+.+.................+...+...+......+..................+.+..+....+.....+...+.+............+..+.+..+...................+........+.+.....+....+..+.+........+.+...+..+.............+..+...+...+............+.+.................+...+......+.+.........+......+..+...+...+....++++++
2026-10-03T18:13:48.7882716Z -----
2026-10-03T18:13:48.8761534Z ....+....+...+..+++++++++++++++++++++++++++++++++++++++*....+.+.....+...+......+++++++++++++++++++++++++++++++++++++++*.............+...+...+........+....+..+......+....+........+...............+...+...+....+.....+.+......+......+.....+..........+.....+...+..........+..............+.......+...+.....+.+.................+.........+.........+.+........+.......+...+........+...+......+.............+...+.........+.....+..........+......+...............+..+.+.....+......+.........+.+.....+.+..............+....+..+.......++++++
2026-10-03T18:13:48.8768590Z ...+.......+.....+...+....+......+...+..+.........+.+............+++++++++++++++++++++++++++++++++++++++*.......+.............+........+.........+...+++++++++++++++++++++++++++++++++++++++*....+......+.........+........+.......+...........+.........+......+......+..........+........+......+......+.............+..+.........................+...+........+....+...............+.....+.........+.+......+..+...+............+...+...+....+......+.....+....+...............+.....+......+....+...+..+.+......+......+.................+...+.......+...+.........+...+..+....+..+...+.........+.......+.....+......+...+....+......+..+.......+...........+......+.+.....+.......+........+..........++++++
2026-10-03T18:13:48.8773601Z -----
2026-10-03T18:13:48.8993359Z Certificate request self-signature ok
2026-10-03T18:13:48.8998966Z subject=CN=localhost
2026-10-03T18:13:48.9563841Z ....+++++++++++++++++++++++++++++++++++++++*....+......+.......+..+.+..+...+............+......+++++++++++++++++++++++++++++++++++++++*..+.+.................+...+....+...+..+.+......+.....+...+.......+...........+.......+......+...........+.+.....+.........+.............+.....+.+.........+...+..............+.+...+......+...............+.....+......+...+.........+.+...........+................+...+.........+...........+.......+....................+.............+.....+......+...+.+..............++++++
2026-10-03T18:13:48.9570057Z ............................+.....+....+..+.+........+......+...+...+...+.......+.........+.........+..+...+..........+..+.........+...+.+..+.......+...+..+..........+...+........+..........+.....+++++++++++++++++++++++++++++++++++++++*..+.+..+...+.+..............+....+..+.+.....+.......+......+.................+...+....+......+.....+....+...+...+...........+++++++++++++++++++++++++++++++++++++++*..........+.........+...+....+......+..+.......+.....+.+........................+........+.+..+...+.......+........++++++
2026-10-03T18:13:48.9574065Z -----
2026-10-03T18:13:48.9769832Z Certificate request self-signature ok
2026-10-03T18:13:48.9775356Z subject=CN=wrong.invalid
2026-10-03T18:13:49.0821550Z .........+.+............+++++++++++++++++++++++++++++++++++++++*.+......+......+..+...............+...+...+.+.....+...+..........+...........+....+++++++++++++++++++++++++++++++++++++++*..++++++
2026-10-03T18:13:49.0829869Z .+...+++++++++++++++++++++++++++++++++++++++*.+......+......+.+..+...............+...+............+.......+......+...+..+...+.........+...+.........+....+......+...+...+..+.+..+....+++++++++++++++++++++++++++++++++++++++*.........+...+.+.....+.......+...+.....+......+...+...+...+.+......+.....+.......+...+..+...+....+.........+.....+....+...+.....+...+......+.........+.+.........+.....+.+...........+.........+.............+.....+.+...........+..................+.+..+..........+..+............+....+..+...+.+...+..+...+.......+...+........+.......+..+......+...................+...+......+..+...+....+............+.....+.+...+...........+.+........+.+......+...+.....+.........+.......+........+.+..+...+.+...+.....+...+....+......+....................+...............+.........+.+...+...........+...............+...+...+.............+......+...+...+...+.....+......+....+..+.........+...+......+.+...+..+......+.......+............+........+......+.+......+.........+........+.............+........+.......+..+...+...+....+..+.+...+.....+......+....+..+....+.....+.............+........+...+....+..+...................+......+........+...+.............+.........+...+..+.+..+.........+.........+.+...+.....+.+..+.......+..+...+.+...........+.+...+............+.....+....+...+...........+....+...............+..................+.........+...+...+...............+..+..........+..+......+...+.+..............+......+...+.......+...++++++
2026-10-03T18:13:49.0834500Z -----
2026-10-03T18:13:49.1037355Z Using configuration from D:\a\_temp\opennav-downloader-trust-4ae6d9d81d8449a6b5eb5ad2cd26cd4e\fixtures\expired-ca.cnf
2026-10-03T18:13:49.1044022Z Problem with index file: D:/a/_temp/opennav-downloader-trust-4ae6d9d81d8449a6b5eb5ad2cd26cd4e/fixtures/expired-index.txt (could not load/parse file)
2026-10-03T18:13:49.2396585Z [31;1m[31;1mException: [0mD:\a\Work\Work\opennav-x\tools\test-downloader-trust-windows.ps1:51[0m[0m
2026-10-03T18:13:49.2398900Z [31;1m[31;1m[0m[36;1mLine |[0m[0m
2026-10-03T18:13:49.2403800Z [31;1m[31;1m[0m[36;1m[36;1m  51 | [0m … TCODE -ne 0) { [36;1mthrow "$Program failed with exit code $LASTEXITCODE"[0m }[0m[0m
2026-10-03T18:13:49.2408228Z [31;1m[31;1m[0m[36;1m[36;1m[0m[36;1m[0m[36;1m     | [31;1m                  ~~~~~~~~~~~~~~~~~~~~~~~~~~~~~~~~~~~~~~~~~~~~~~~~~~~~[0m[0m
2026-10-03T18:13:49.2412654Z [31;1m[31;1m[0m[36;1m[36;1m[0m[36;1m[0m[36;1m[31;1m[31;1m[36;1m     | [31;1mopenssl.exe failed with exit code 1[0m[0m
2026-10-03T18:13:49.3668572Z Transcript stopped, output file is D:\a\Work\Work\opennav-x\evidence\local\windows-production-Win32.log
2026-10-03T18:13:49.4177661Z [31;1mException: [0mD:\a\Work\Work\opennav-x\tools\build-pristine-windows.ps1:41[0m
2026-10-03T18:13:49.4178563Z [31;1m[0m[36;1mLine |[0m
2026-10-03T18:13:49.4179533Z [31;1m[0m[36;1m[36;1m  41 | [0m … TCODE -ne 0) { [36;1mthrow "$Program failed with exit code $LASTEXITCODE"[0m }[0m
2026-10-03T18:13:49.4180757Z [31;1m[0m[36;1m[36;1m[0m[36;1m[0m[36;1m     | [31;1m                  ~~~~~~~~~~~~~~~~~~~~~~~~~~~~~~~~~~~~~~~~~~~~~~~~~~~~[0m
2026-10-03T18:13:49.4181582Z [31;1m[0m[36;1m[36;1m[0m[36;1m[0m[36;1m[31;1m[31;1m[36;1m     | [31;1mpwsh failed with exit code 1[0m
2026-10-03T18:13:49.4440656Z ##[error]Process completed with exit code 1.
