77: 2026-10-04T07:00:33.5903066Z [command]"C:\Program Files\Git\bin\git.exe" -c protocol.version=2 fetch --no-tags --prune --no-recurse-submodules --depth=1 origin +d29da372af86c01cb2817f932891fd9408d882fe:refs/remotes/origin/opennav-x-beta2-ui
79: 2026-10-04T07:00:38.5006754Z  * [new ref]         d29da372af86c01cb2817f932891fd9408d882fe -> origin/opennav-x-beta2-ui
159: 2026-10-04T07:00:41.0196419Z d29da372af86c01cb2817f932891fd9408d882fe
173: 2026-10-04T07:00:52.1566373Z Ran 11 tests in 8.359s
175: 2026-10-04T07:00:52.1566647Z OK
178: 2026-10-04T07:00:52.4017120Z Ran 9 tests in 0.096s
180: 2026-10-04T07:00:52.4017393Z OK
183: 2026-10-04T07:00:53.2598742Z Ran 17 tests in 0.718s
185: 2026-10-04T07:00:53.2599086Z OK
196: 2026-10-04T07:00:53.5562196Z test_capture_and_verify_refuse_symlinks_inside_inventory (__main__.DependencyReceiptTests.test_capture_and_verify_refuse_symlinks_inside_inventory) ... ok
197: 2026-10-04T07:00:53.5655175Z test_capture_refuses_symlinked_root_or_ancestor (__main__.DependencyReceiptTests.test_capture_refuses_symlinked_root_or_ancestor) ... ok
198: 2026-10-04T07:00:53.5759065Z test_capture_verify_round_trip_binds_context_and_all_file_bytes (__main__.DependencyReceiptTests.test_capture_verify_round_trip_binds_context_and_all_file_bytes) ... ok
199: 2026-10-04T07:00:53.6053460Z test_cli_context_parser_rejects_duplicate_json_keys (__main__.DependencyReceiptTests.test_cli_context_parser_rejects_duplicate_json_keys) ... ok
200: 2026-10-04T07:00:53.6181486Z test_context_must_be_complete_canonical_and_from_same_job (__main__.DependencyReceiptTests.test_context_must_be_complete_canonical_and_from_same_job) ... ok
201: 2026-10-04T07:01:18.9638882Z test_inventory_bounds_total_entries_before_materializing_large_tree (__main__.DependencyReceiptTests.test_inventory_bounds_total_entries_before_materializing_large_tree) ... ok
202: 2026-10-04T07:01:28.0048714Z test_inventory_rejects_more_than_the_supported_file_count (__main__.DependencyReceiptTests.test_inventory_rejects_more_than_the_supported_file_count) ... ok
203: 2026-10-04T07:01:28.0401170Z test_inventory_rejects_windows_stream_and_reserved_names (__main__.DependencyReceiptTests.test_inventory_rejects_windows_stream_and_reserved_names) ... ok
204: 2026-10-04T07:01:28.0511750Z test_receipt_paths_and_roots_reject_escape_and_windows_aliases (__main__.DependencyReceiptTests.test_receipt_paths_and_roots_reject_escape_and_windows_aliases) ... ok
205: 2026-10-04T07:01:28.0649816Z test_receipt_rejects_malformed_unknown_and_duplicate_json_fields (__main__.DependencyReceiptTests.test_receipt_rejects_malformed_unknown_and_duplicate_json_fields) ... ok
206: 2026-10-04T07:01:28.0722623Z test_root_count_context_count_and_oversized_receipt_limits (__main__.DependencyReceiptTests.test_root_count_context_count_and_oversized_receipt_limits) ... ok
207: 2026-10-04T07:01:28.0834738Z test_verification_rejects_a_different_workspace_even_with_identical_bytes (__main__.DependencyReceiptTests.test_verification_rejects_a_different_workspace_even_with_identical_bytes) ... ok
208: 2026-10-04T07:01:28.1023373Z test_verification_rejects_changed_missing_and_added_files (__main__.DependencyReceiptTests.test_verification_rejects_changed_missing_and_added_files) ... ok
209: 2026-10-04T07:01:28.1109930Z test_verify_refuses_a_symlinked_receipt (__main__.DependencyReceiptTests.test_verify_refuses_a_symlinked_receipt) ... ok
210: 2026-10-04T07:01:28.1149908Z test_walk_errors_do_not_silently_create_partial_inventory (__main__.DependencyReceiptTests.test_walk_errors_do_not_silently_create_partial_inventory) ... ok
213: 2026-10-04T07:01:28.1152034Z Ran 15 tests in 34.578s
215: 2026-10-04T07:01:28.1152383Z OK
216: 2026-10-04T07:01:28.3114772Z test_alternate_zlib_record_path_is_fixed_and_cannot_escape (__main__.WindowsDependencyEvidenceTests.test_alternate_zlib_record_path_is_fixed_and_cannot_escape) ... ok
217: 2026-10-04T07:01:28.7981391Z test_alternate_zlib_record_requires_pinned_build_evidence_and_plain_path (__main__.WindowsDependencyEvidenceTests.test_alternate_zlib_record_requires_pinned_build_evidence_and_plain_path) ... ok
218: 2026-10-04T07:01:28.8775854Z test_changed_curl_dependency_manifest_hash_is_rejected (__main__.WindowsDependencyEvidenceTests.test_changed_curl_dependency_manifest_hash_is_rejected) ... ok
219: 2026-10-04T07:01:28.9761425Z test_changed_prefix_output_is_rejected (__main__.WindowsDependencyEvidenceTests.test_changed_prefix_output_is_rejected) ... ok
220: 2026-10-04T07:01:29.1070196Z test_complete_inert_fixture_matches_producer_and_installed_evidence (__main__.WindowsDependencyEvidenceTests.test_complete_inert_fixture_matches_producer_and_installed_evidence) ... ok
221: 2026-10-04T07:01:29.4354256Z test_contradictory_failure_summaries_are_rejected_in_either_order (__main__.WindowsDependencyEvidenceTests.test_contradictory_failure_summaries_are_rejected_in_either_order) ... ok
222: 2026-10-04T07:01:29.6368071Z test_curl_retained_log_hash_and_test_summary_must_match (__main__.WindowsDependencyEvidenceTests.test_curl_retained_log_hash_and_test_summary_must_match) ... ok
223: 2026-10-04T07:01:29.7906874Z test_manifest_source_and_retained_zlib_source_record_must_match (__main__.WindowsDependencyEvidenceTests.test_manifest_source_and_retained_zlib_source_record_must_match) ... ok
224: 2026-10-04T07:01:29.8867539Z test_mismatched_or_missing_producer_manifest_is_rejected (__main__.WindowsDependencyEvidenceTests.test_mismatched_or_missing_producer_manifest_is_rejected) ... ok
225: 2026-10-04T07:01:30.4086603Z test_missing_or_failed_native_test_summaries_are_rejected (__main__.WindowsDependencyEvidenceTests.test_missing_or_failed_native_test_summaries_are_rejected) ... ok
226: 2026-10-04T07:01:30.9154643Z test_openssl_allows_only_the_source_proven_non_fips_prep_notests (__main__.WindowsDependencyEvidenceTests.test_openssl_allows_only_the_source_proven_non_fips_prep_notests) ... ok
227: 2026-10-04T07:01:31.8075629Z test_openssl_crlf_encodings_keep_raw_hash_and_strict_result_sequence (__main__.WindowsDependencyEvidenceTests.test_openssl_crlf_encodings_keep_raw_hash_and_strict_result_sequence) ... ok
228: 2026-10-04T07:01:32.0829794Z test_preserved_first_success_record_survives_later_source_only_preflight (__main__.WindowsDependencyEvidenceTests.test_preserved_first_success_record_survives_later_source_only_preflight) ... ok
229: 2026-10-04T07:01:32.2134775Z test_strict_json_rejects_duplicate_keys_and_accepts_utf8_bom (__main__.WindowsDependencyEvidenceTests.test_strict_json_rejects_duplicate_keys_and_accepts_utf8_bom) ... ok
232: 2026-10-04T07:01:32.2136487Z Ran 14 tests in 3.959s
234: 2026-10-04T07:01:32.2136781Z OK
235: 2026-10-04T07:01:32.4101093Z test_build_and_ais_share_parent_setup_before_producer (__main__.SameJobReuseReceiptTests.test_build_and_ais_share_parent_setup_before_producer) ... ok
236: 2026-10-04T07:01:32.5261648Z test_capture_never_replaces_existing_receipt_or_preserved_source (__main__.SameJobReuseReceiptTests.test_capture_never_replaces_existing_receipt_or_preserved_source) ... ok
237: 2026-10-04T07:01:32.7513855Z test_changed_prefix_bytes_or_extra_file_refuse_reuse (__main__.SameJobReuseReceiptTests.test_changed_prefix_bytes_or_extra_file_refuse_reuse) ... ok
238: 2026-10-04T07:01:33.3358185Z test_changed_producer_fact_log_or_input_refuses_reuse (__main__.SameJobReuseReceiptTests.test_changed_producer_fact_log_or_input_refuses_reuse) ... ok
239: 2026-10-04T07:01:33.5035491Z test_checkout_root_workflow_is_bound_by_commit_not_nested_path (__main__.SameJobReuseReceiptTests.test_checkout_root_workflow_is_bound_by_commit_not_nested_path) ... ok
240: 2026-10-04T07:01:33.7175371Z test_different_job_attempt_commit_and_non_ci_context_refuse (__main__.SameJobReuseReceiptTests.test_different_job_attempt_commit_and_non_ci_context_refuse) ... ok
241: 2026-10-04T07:01:33.8886899Z test_existing_gettext_receipt_is_bound_without_refresh (__main__.SameJobReuseReceiptTests.test_existing_gettext_receipt_is_bound_without_refresh) ... ok
242: 2026-10-04T07:01:34.1148509Z test_first_success_round_trip_and_later_preflight_overwrite (__main__.SameJobReuseReceiptTests.test_first_success_round_trip_and_later_preflight_overwrite) ... ok
243: 2026-10-04T07:01:34.1837329Z test_late_capture_failure_removes_preserved_copy_without_receipt (__main__.SameJobReuseReceiptTests.test_late_capture_failure_removes_preserved_copy_without_receipt) ... ok
244: 2026-10-04T07:01:34.3646984Z test_missing_fact_and_tampered_preserved_source_refuse_reuse (__main__.SameJobReuseReceiptTests.test_missing_fact_and_tampered_preserved_source_refuse_reuse) ... ok
245: 2026-10-04T07:01:34.4297842Z test_missing_success_assertion_or_failed_evidence_never_writes_receipt (__main__.SameJobReuseReceiptTests.test_missing_success_assertion_or_failed_evidence_never_writes_receipt) ... ok
246: 2026-10-04T07:01:34.5910907Z test_parent_initialization_source_is_bound (__main__.SameJobReuseReceiptTests.test_parent_initialization_source_is_bound) ... ok
247: 2026-10-04T07:01:34.8634787Z test_zlib_facts_from_actual_producer_paths_are_consumed_and_bound (__main__.SameJobReuseReceiptTests.test_zlib_facts_from_actual_producer_paths_are_consumed_and_bound) ... ok
250: 2026-10-04T07:01:34.8636036Z Ran 13 tests in 2.520s
252: 2026-10-04T07:01:34.8636251Z OK
255: 2026-10-04T07:01:35.2594527Z Ran 4 tests in 0.267s
257: 2026-10-04T07:01:35.2594801Z OK
258: 2026-10-04T07:01:35.2595185Z Restaged verified Win32 dependency cache from same-job producer prefixes
263: 2026-10-04T07:02:07.6035254Z Native version probe stream, refusal, and deadline tests passed
268: 2026-10-04T07:02:42.9764705Z Native version probe stream, refusal, and deadline tests passed
273: 2026-10-04T07:02:43.4724801Z test_constructor_seeds_and_preserves_actual_prepared_profile (__main__.PeerBoundaryTests.test_constructor_seeds_and_preserves_actual_prepared_profile) ... ok
274: 2026-10-04T07:02:43.6341056Z test_current_platform_listener_ownership_and_closed_pid (__main__.PeerBoundaryTests.test_current_platform_listener_ownership_and_closed_pid) ... ok
275: 2026-10-04T07:02:43.6842208Z test_duplicate_credential_is_rejected (__main__.PeerBoundaryTests.test_duplicate_credential_is_rejected) ... ok
276: 2026-10-04T07:02:43.7848392Z test_existing_credential_and_certificate_refuse_without_mutation (__main__.PeerBoundaryTests.test_existing_credential_and_certificate_refuse_without_mutation) ... ok
277: 2026-10-04T07:02:43.8384413Z test_ipv6_listener_is_owned_and_rejected (__main__.PeerBoundaryTests.test_ipv6_listener_is_owned_and_rejected) ... ok
278: 2026-10-04T07:02:43.8385297Z test_native_row_layouts_are_explicit (__main__.PeerBoundaryTests.test_native_row_layouts_are_explicit) ... ok
279: 2026-10-04T07:02:43.9996744Z test_tampering_with_cert_key_or_credentials_fails_closed (__main__.PeerBoundaryTests.test_tampering_with_cert_key_or_credentials_fails_closed) ... ok
282: 2026-10-04T07:02:43.9998789Z Ran 7 tests in 0.581s
284: 2026-10-04T07:02:43.9999210Z OK
285: 2026-10-04T07:02:44.1221223Z ##[group]Run python opennav-x/tools/test-third-party-notice-checkout.py
286: 2026-10-04T07:02:44.1221865Z [36;1mpython opennav-x/tools/test-third-party-notice-checkout.py[0m
289: 2026-10-04T07:02:45.3754104Z PASS: OpenSSL 3.5.9, curl 8.22.0 and zlib 1.3.2 notices remain byte-identical with core.autocrlf=true; negative control transforms unprotected LF notices to CRLF
296: 2026-10-04T07:02:45.8934143Z Ran 12 tests in 0.095s
298: 2026-10-04T07:02:45.8934476Z OK
303: 2026-10-04T07:02:46.8865422Z 48 actual installer output-policy checks passed; no installer operation invoked
387: 2026-10-04T07:03:07.5021138Z 44 native filesystem checks passed in PowerShell 5.1.20348.5622, 64-bit host.
527: 2026-10-04T07:03:20.9521247Z PASS: Neutral predecessor fixture is restored before SKAGER migration checks
633: 2026-10-04T07:03:32.3281862Z 238 native shortcut migration checks passed in PowerShell 5.1.20348.5622, 64-bit host.
685: 2026-10-04T07:03:38.2595891Z 44 native filesystem checks passed in PowerShell 5.1.20348.5622, 32-bit host.
825: 2026-10-04T07:03:54.3454344Z PASS: Neutral predecessor fixture is restored before SKAGER migration checks
931: 2026-10-04T07:04:08.4033766Z 238 native shortcut migration checks passed in PowerShell 5.1.20348.5622, 32-bit host.
932: 2026-10-04T07:04:09.0885079Z 48 actual installer output-policy checks passed; no installer operation invoked
933: 2026-10-04T07:04:09.7254706Z 48 actual installer output-policy checks passed; no installer operation invoked
934: 2026-10-04T07:04:09.8443132Z ##[group]Run cmake -S opennav-x -B opennav-x/build/contracts -G "Visual Studio 17 2022" -A Win32 -DOPENNAV_ST4000_ORACLE="D:\a\Work\Work/opennav-x/build/st4000-firmware" -DOPENNAV_BOAT_ORACLE="D:\a\Work\Work/opennav-x/build/boat-firmware/Nissan_ev_to_NMEA_and_wifi"
935: 2026-10-04T07:04:09.8445018Z [36;1mcmake -S opennav-x -B opennav-x/build/contracts -G "Visual Studio 17 2022" -A Win32 -DOPENNAV_ST4000_ORACLE="D:\a\Work\Work/opennav-x/build/st4000-firmware" -DOPENNAV_BOAT_ORACLE="D:\a\Work\Work/opennav-x/build/boat-firmware/Nissan_ev_to_NMEA_and_wifi"[0m
939: 2026-10-04T07:04:21.6787684Z -- The CXX compiler identification is MSVC 19.44.35229.0
942: 2026-10-04T07:04:23.0194653Z -- Check for working CXX compiler: C:/Program Files/Microsoft Visual Studio/2022/Enterprise/VC/Tools/MSVC/14.44.35207/bin/Hostx64/x86/cl.exe - skipped
1221: 2026-10-04T07:06:35.1094290Z  1/91 Test  #1: geographic_chart_name_boundary .................   Passed    0.08 sec
1223: 2026-10-04T07:06:35.1215208Z  2/91 Test  #2: display_prototype_geometry .....................   Passed    0.01 sec
1225: 2026-10-04T07:06:35.6415598Z  3/91 Test  #3: fixture_marker_publication .....................   Passed    0.52 sec
1227: 2026-10-04T07:06:35.6600357Z  4/91 Test  #4: passage_view_provenance ........................   Passed    0.02 sec
1229: 2026-10-04T07:06:35.6702443Z  5/91 Test  #5: instrument_view_provenance .....................   Passed    0.01 sec
1231: 2026-10-04T07:06:35.6809929Z  6/91 Test  #6: footer_view_provenance .........................   Passed    0.01 sec
1233: 2026-10-04T07:06:35.6917111Z  7/91 Test  #7: horizon_view_provenance ........................   Passed    0.01 sec
1235: 2026-10-04T07:06:35.7015518Z  8/91 Test  #8: source_health_view_provenance ..................   Passed    0.01 sec
1237: 2026-10-04T07:06:35.7120550Z  9/91 Test  #9: build_policy_product ...........................   Passed    0.01 sec
1239: 2026-10-04T07:06:35.7229923Z 10/91 Test #10: build_policy_fixtures ..........................   Passed    0.01 sec
1241: 2026-10-04T07:06:35.7345666Z 11/91 Test #11: pilot_output_product_policy ....................   Passed    0.01 sec
1243: 2026-10-04T07:06:35.7452171Z 12/91 Test #12: pilot_output_loopback_policy ...................   Passed    0.01 sec
1245: 2026-10-04T07:06:35.7551642Z 13/91 Test #13: ais_selection_lifetime .........................   Passed    0.01 sec
1247: 2026-10-04T07:06:35.7666297Z 14/91 Test #14: ais_report_health ..............................   Passed    0.01 sec
1249: 2026-10-04T07:06:35.8432393Z 15/91 Test #15: online_ais_cache_and_precedence ................   Passed    0.08 sec
1251: 2026-10-04T07:06:35.8541770Z 16/91 Test #16: chart_canvas_night_ink .........................   Passed    0.01 sec
1253: 2026-10-04T07:06:35.8676602Z 17/91 Test #17: online_ais_chart_presentation ..................   Passed    0.01 sec
1255: 2026-10-04T07:06:35.8838183Z 18/91 Test #18: aisstream_untrusted_json_and_subscription ......   Passed    0.02 sec
1257: 2026-10-04T07:06:35.8946707Z 19/91 Test #19: aisstream_session_lifecycle ....................   Passed    0.01 sec
1259: 2026-10-04T07:06:35.9264263Z 20/91 Test #20: ais_credentials_protected_storage ..............   Passed    0.03 sec
1261: 2026-10-04T07:06:35.9366918Z 21/91 Test #21: operational_alert_sensors ......................   Passed    0.01 sec
1263: 2026-10-04T07:06:35.9433151Z 22/91 Test #22: operational_alert_alarms .......................   Passed    0.01 sec
1265: 2026-10-04T07:06:35.9899081Z 23/91 Test #23: operational_alert_lifecycle ....................   Passed    0.05 sec
1267: 2026-10-04T07:06:36.0021671Z 24/91 Test #24: field_report_privacy ...........................   Passed    0.01 sec
1269: 2026-10-04T07:06:36.0179197Z 25/91 Test #25: field_report_limits ............................   Passed    0.02 sec
1271: 2026-10-04T07:06:36.0257970Z 26/91 Test #26: field_report_recording .........................   Passed    0.01 sec
1273: 2026-10-04T07:06:36.0354964Z 27/91 Test #27: windows_sdk_macro_contract .....................   Passed    0.01 sec
1275: 2026-10-04T07:06:36.0455188Z 28/91 Test #28: boat_n2k_binding ...............................   Passed    0.01 sec
1277: 2026-10-04T07:06:36.0518449Z 29/91 Test #29: boat_n2k_mapping ...............................   Passed    0.01 sec
1279: 2026-10-04T07:06:36.0580713Z 30/91 Test #30: boat_n2k_expiry ................................   Passed    0.01 sec
1281: 2026-10-04T07:06:36.0685635Z 31/91 Test #31: boat_actual_producer_expiry ....................   Passed    0.01 sec
1283: 2026-10-04T07:06:36.0797444Z 32/91 Test #32: n2k_source_identity ............................   Passed    0.01 sec
1285: 2026-10-04T07:06:36.0899692Z 33/91 Test #33: st4000_identity ................................   Passed    0.01 sec
1287: 2026-10-04T07:06:36.0966543Z 34/91 Test #34: st4000_feedback ................................   Passed    0.01 sec
1289: 2026-10-04T07:06:36.1031484Z 35/91 Test #35: st4000_encoding ................................   Passed    0.01 sec
1291: 2026-10-04T07:06:36.1098678Z 36/91 Test #36: st4000_commands ................................   Passed    0.01 sec
1293: 2026-10-04T07:06:36.1167021Z 37/91 Test #37: st4000_discovery ...............................   Passed    0.01 sec
1295: 2026-10-04T07:06:36.1274550Z 38/91 Test #38: st4000_actual_firmware_parser ..................   Passed    0.01 sec
1297: 2026-10-04T07:06:36.1429229Z 39/91 Test #39: recording_roundtrip_age ........................   Passed    0.01 sec
1299: 2026-10-04T07:06:36.1544369Z 40/91 Test #40: recording_privacy ..............................   Passed    0.01 sec
1301: 2026-10-04T07:06:36.1732624Z 41/91 Test #41: recording_malformed_input ......................   Passed    0.02 sec
1303: 2026-10-04T07:06:36.1821495Z 42/91 Test #42: recording_replay_clock .........................   Passed    0.01 sec
1305: 2026-10-04T07:06:36.1937948Z 43/91 Test #43: recording_calibration_pairs ....................   Passed    0.01 sec
1307: 2026-10-04T07:06:36.3466312Z 44/91 Test #44: recording_storage_rotation .....................   Passed    0.15 sec
1309: 2026-10-04T07:06:36.3612371Z 45/91 Test #45: recording_control_isolation ....................   Passed    0.01 sec
1311: 2026-10-04T07:06:36.3968856Z 46/91 Test #46: installed_resource_defaults ....................   Passed    0.04 sec
1313: 2026-10-04T07:06:36.7066770Z 47/91 Test #47: hardware_output_package_policy .................   Passed    0.31 sec
1315: 2026-10-04T07:06:36.8355662Z 48/91 Test #48: production_runtime_generator_absence ...........   Passed    0.13 sec
1317: 2026-10-04T07:06:37.5399148Z 49/91 Test #49: diagnostic_snapshot_publication ................   Passed    0.70 sec
1319: 2026-10-04T07:06:38.2697950Z 50/91 Test #50: navigation_chart_layout_geometry ...............   Passed    0.73 sec
1321: 2026-10-04T07:06:38.4169007Z 51/91 Test #51: windows_route_summary_layout_contract ..........   Passed    0.15 sec
1323: 2026-10-04T07:06:38.5287212Z 52/91 Test #52: preview_preferences_action_selection ...........   Passed    0.11 sec
1325: 2026-10-04T07:06:38.6167609Z 53/91 Test #53: native_dpi_preferences_pan_target ..............   Passed    0.09 sec
1327: 2026-10-04T07:06:38.6799677Z 54/91 Test #54: native_reference_fullscreen_surface_contract ...   Passed    0.06 sec
1329: 2026-10-04T07:06:39.1565613Z 55/91 Test #55: native_diagnostic_geometry_observation .........   Passed    0.48 sec
1331: 2026-10-04T07:06:39.1697391Z 56/91 Test #56: commissioning_restart_wire_contract ............   Passed    0.01 sec
1333: 2026-10-04T07:06:39.2560635Z 57/91 Test #57: commissioning_restart_package_capability .......   Passed    0.09 sec
1335: 2026-10-04T07:06:39.3437788Z 58/91 Test #58: startup_log_rotation_contract ..................   Passed    0.09 sec
1336: 2026-10-04T07:06:39.3440462Z       Start 59: installer_expected_version_notice
1337: 2026-10-04T07:06:39.4340098Z 59/91 Test #59: installer_expected_version_notice ..............   Passed    0.09 sec
1339: 2026-10-04T07:06:41.4560708Z 60/91 Test #60: restart_lifecycle_contract .....................   Passed    2.02 sec
1341: 2026-10-04T07:06:41.4668516Z 61/91 Test #61: startup_recovery_contract ......................   Passed    0.01 sec
1343: 2026-10-04T07:06:41.4766372Z 62/91 Test #62: startup_mode_contract ..........................   Passed    0.01 sec
1345: 2026-10-04T07:06:41.4861010Z 63/91 Test #63: vessel_quality_contract ........................   Passed    0.01 sec
1347: 2026-10-04T07:06:41.4959443Z 64/91 Test #64: navigation_input_contract ......................   Passed    0.01 sec
1349: 2026-10-04T07:06:41.5056653Z 65/91 Test #65: sensor_source_selection ........................   Passed    0.01 sec
1351: 2026-10-04T07:06:41.5120099Z 66/91 Test #66: sensor_source_validity .........................   Passed    0.01 sec
1353: 2026-10-04T07:06:41.5181450Z 67/91 Test #67: sensor_source_health ...........................   Passed    0.01 sec
1355: 2026-10-04T07:06:41.5241973Z 68/91 Test #68: sensor_battery_coherence .......................   Passed    0.01 sec
1357: 2026-10-04T07:06:41.5343177Z 69/91 Test #69: route_progress_contract ........................   Passed    0.01 sec
1359: 2026-10-04T07:06:41.5448698Z 70/91 Test #70: energy_input_quality ...........................   Passed    0.01 sec
1361: 2026-10-04T07:06:41.5545919Z 71/91 Test #71: energy_prediction_contract .....................   Passed    0.01 sec
1363: 2026-10-04T07:06:41.5646200Z 72/91 Test #72: energy_curve_import ............................   Passed    0.01 sec
1365: 2026-10-04T07:06:41.5709113Z 73/91 Test #73: energy_live_configuration ......................   Passed    0.01 sec
1367: 2026-10-04T07:06:41.5811566Z 74/91 Test #74: smartnav_operational_failures ..................   Passed    0.01 sec
1369: 2026-10-04T07:06:41.5875838Z 75/91 Test #75: smartnav_route_timeline ........................   Passed    0.01 sec
1371: 2026-10-04T07:06:41.5939255Z 76/91 Test #76: smartnav_energy_ais_events .....................   Passed    0.01 sec
1373: 2026-10-04T07:06:41.6012978Z 77/91 Test #77: smartnav_chart_corridor ........................   Passed    0.01 sec
1375: 2026-10-04T07:06:41.6117827Z 78/91 Test #78: autopilot_manual_feedback ......................   Passed    0.01 sec
1377: 2026-10-04T07:06:41.6182744Z 79/91 Test #79: autopilot_failures .............................   Passed    0.01 sec
1379: 2026-10-04T07:06:41.6244149Z 80/91 Test #80: autopilot_ack_evidence .........................   Passed    0.01 sec
1381: 2026-10-04T07:06:41.6304780Z 81/91 Test #81: radar_capability_contract ......................   Passed    0.01 sec
1383: 2026-10-04T07:06:41.6410598Z 82/91 Test #82: settings_record_roundtrip ......................   Passed    0.01 sec
1385: 2026-10-04T07:06:41.6479070Z 83/91 Test #83: settings_invalid_configuration .................   Passed    0.01 sec
1387: 2026-10-04T07:06:41.6543615Z 84/91 Test #84: settings_live_energy_freshness .................   Passed    0.01 sec
1389: 2026-10-04T07:06:41.6609212Z 85/91 Test #85: settings_display_selection .....................   Passed    0.01 sec
1391: 2026-10-04T07:06:41.6676861Z 86/91 Test #86: settings_explicit_propulsion_mappings ..........   Passed    0.01 sec
1393: 2026-10-04T07:06:41.6744977Z 87/91 Test #87: settings_pilot_permission ......................   Passed    0.01 sec
1395: 2026-10-04T07:06:41.6856075Z 88/91 Test #88: preview_demo_contract ..........................   Passed    0.01 sec
1397: 2026-10-04T07:06:41.7026811Z 89/91 Test #89: portable_profile_contract ......................   Passed    0.02 sec
1399: 2026-10-04T07:06:41.7181654Z 90/91 Test #90: preview_resources_contract .....................   Passed    0.01 sec
1401: 2026-10-04T07:06:41.7310788Z 91/91 Test #91: restart_arguments_contract .....................   Passed    0.01 sec
1403: 2026-10-04T07:06:41.7319559Z 100% tests passed, 0 tests failed out of 91
1405: 2026-10-04T07:06:41.7320296Z Total Test time (real) =   6.74 sec
1413: 2026-10-04T07:06:44.1313714Z     Test #60: restart_lifecycle_contract .......   Passed    2.01 sec
1415: 2026-10-04T07:06:46.1297678Z     Test #60: restart_lifecycle_contract .......   Passed    2.00 sec
1417: 2026-10-04T07:06:48.1272602Z     Test #60: restart_lifecycle_contract .......   Passed    2.00 sec
1419: 2026-10-04T07:06:50.1260314Z     Test #60: restart_lifecycle_contract .......   Passed    2.00 sec
1421: 2026-10-04T07:06:52.1242096Z     Test #60: restart_lifecycle_contract .......   Passed    2.00 sec
1423: 2026-10-04T07:06:54.1181236Z     Test #60: restart_lifecycle_contract .......   Passed    1.99 sec
1425: 2026-10-04T07:06:56.1127398Z     Test #60: restart_lifecycle_contract .......   Passed    1.99 sec
1427: 2026-10-04T07:06:58.1082553Z     Test #60: restart_lifecycle_contract .......   Passed    2.00 sec
1429: 2026-10-04T07:07:00.1053731Z     Test #60: restart_lifecycle_contract .......   Passed    2.00 sec
1431: 2026-10-04T07:07:02.1014664Z 1/1 Test #60: restart_lifecycle_contract .......   Passed    2.00 sec
1433: 2026-10-04T07:07:02.1025091Z 100% tests passed, 0 tests failed out of 1
1435: 2026-10-04T07:07:02.1025643Z Total Test time (real) =  19.98 sec
1450: 2026-10-04T07:07:04.0395787Z Cleaning up orphan processes
