2026-10-03T06:48:43.6803914Z   TESTDONE: 1569 tests out of 1569 reported OK: 100%
2026-10-03T06:48:43.6901256Z   Building Custom Rule D:/a/Work/Work/opennav-x/build/windows-curl-8.22.0/curl-8.22.0/tests/CMakeLists.txt
2026-10-03T06:48:43.7985631Z -- Installing: D:/a/Work/Work/opennav-x/build/windows-curl-8.22.0/install/share/man/man1/curl.1
2026-10-03T06:48:43.7996351Z -- Installing: D:/a/Work/Work/opennav-x/build/windows-curl-8.22.0/install/lib/libcurl.lib
2026-10-03T06:48:43.8004364Z -- Installing: D:/a/Work/Work/opennav-x/build/windows-curl-8.22.0/install/bin/libcurl.dll
2026-10-03T06:48:43.8023642Z -- Installing: D:/a/Work/Work/opennav-x/build/windows-curl-8.22.0/install/bin/curl.exe
2026-10-03T06:48:43.8051701Z -- Installing: D:/a/Work/Work/opennav-x/build/windows-curl-8.22.0/install/bin/curl-config
2026-10-03T06:48:43.8057938Z -- Installing: D:/a/Work/Work/opennav-x/build/windows-curl-8.22.0/install/lib/pkgconfig/libcurl.pc
2026-10-03T06:48:43.8062690Z -- Installing: D:/a/Work/Work/opennav-x/build/windows-curl-8.22.0/install/include/curl
2026-10-03T06:48:43.8067260Z -- Installing: D:/a/Work/Work/opennav-x/build/windows-curl-8.22.0/install/include/curl/curl.h
2026-10-03T06:48:43.8074348Z -- Installing: D:/a/Work/Work/opennav-x/build/windows-curl-8.22.0/install/include/curl/curlver.h
2026-10-03T06:48:43.8078102Z -- Installing: D:/a/Work/Work/opennav-x/build/windows-curl-8.22.0/install/include/curl/easy.h
2026-10-03T06:48:43.8082580Z -- Installing: D:/a/Work/Work/opennav-x/build/windows-curl-8.22.0/install/include/curl/header.h
2026-10-03T06:48:43.8086777Z -- Installing: D:/a/Work/Work/opennav-x/build/windows-curl-8.22.0/install/include/curl/mprintf.h
2026-10-03T06:48:43.8090849Z -- Installing: D:/a/Work/Work/opennav-x/build/windows-curl-8.22.0/install/include/curl/multi.h
2026-10-03T06:48:43.8095522Z -- Installing: D:/a/Work/Work/opennav-x/build/windows-curl-8.22.0/install/include/curl/options.h
2026-10-03T06:48:43.8102140Z -- Installing: D:/a/Work/Work/opennav-x/build/windows-curl-8.22.0/install/include/curl/stdcheaders.h
2026-10-03T06:48:43.8106009Z -- Installing: D:/a/Work/Work/opennav-x/build/windows-curl-8.22.0/install/include/curl/system.h
2026-10-03T06:48:43.8110715Z -- Installing: D:/a/Work/Work/opennav-x/build/windows-curl-8.22.0/install/include/curl/typecheck-gcc.h
2026-10-03T06:48:43.8116663Z -- Installing: D:/a/Work/Work/opennav-x/build/windows-curl-8.22.0/install/include/curl/urlapi.h
2026-10-03T06:48:43.8121460Z -- Installing: D:/a/Work/Work/opennav-x/build/windows-curl-8.22.0/install/include/curl/websockets.h
2026-10-03T06:48:43.8128462Z -- Installing: D:/a/Work/Work/opennav-x/build/windows-curl-8.22.0/install/lib/cmake/CURL/CURLTargets.cmake
2026-10-03T06:48:43.8134330Z -- Installing: D:/a/Work/Work/opennav-x/build/windows-curl-8.22.0/install/lib/cmake/CURL/CURLTargets-release.cmake
2026-10-03T06:48:43.8139613Z -- Installing: D:/a/Work/Work/opennav-x/build/windows-curl-8.22.0/install/lib/cmake/CURL/CURLConfigVersion.cmake
2026-10-03T06:48:43.8143960Z -- Installing: D:/a/Work/Work/opennav-x/build/windows-curl-8.22.0/install/lib/cmake/CURL/CURLConfig.cmake
2026-10-03T06:48:43.8148571Z -- Installing: D:/a/Work/Work/opennav-x/build/windows-curl-8.22.0/install/lib/cmake/CURL/FindBrotli.cmake
2026-10-03T06:48:43.8153079Z -- Installing: D:/a/Work/Work/opennav-x/build/windows-curl-8.22.0/install/lib/cmake/CURL/FindCares.cmake
2026-10-03T06:48:43.8158775Z -- Installing: D:/a/Work/Work/opennav-x/build/windows-curl-8.22.0/install/lib/cmake/CURL/FindGSS.cmake
2026-10-03T06:48:43.8163458Z -- Installing: D:/a/Work/Work/opennav-x/build/windows-curl-8.22.0/install/lib/cmake/CURL/FindGnuTLS.cmake
2026-10-03T06:48:43.8167797Z -- Installing: D:/a/Work/Work/opennav-x/build/windows-curl-8.22.0/install/lib/cmake/CURL/FindLDAP.cmake
2026-10-03T06:48:43.8172256Z -- Installing: D:/a/Work/Work/opennav-x/build/windows-curl-8.22.0/install/lib/cmake/CURL/FindLibbacktrace.cmake
2026-10-03T06:48:43.8176558Z -- Installing: D:/a/Work/Work/opennav-x/build/windows-curl-8.22.0/install/lib/cmake/CURL/FindLibgsasl.cmake
2026-10-03T06:48:43.8180892Z -- Installing: D:/a/Work/Work/opennav-x/build/windows-curl-8.22.0/install/lib/cmake/CURL/FindLibidn2.cmake
2026-10-03T06:48:43.8185188Z -- Installing: D:/a/Work/Work/opennav-x/build/windows-curl-8.22.0/install/lib/cmake/CURL/FindLibpsl.cmake
2026-10-03T06:48:43.8189424Z -- Installing: D:/a/Work/Work/opennav-x/build/windows-curl-8.22.0/install/lib/cmake/CURL/FindLibssh.cmake
2026-10-03T06:48:43.8194158Z -- Installing: D:/a/Work/Work/opennav-x/build/windows-curl-8.22.0/install/lib/cmake/CURL/FindLibssh2.cmake
2026-10-03T06:48:43.8198786Z -- Installing: D:/a/Work/Work/opennav-x/build/windows-curl-8.22.0/install/lib/cmake/CURL/FindLibuv.cmake
2026-10-03T06:48:43.8202791Z -- Installing: D:/a/Work/Work/opennav-x/build/windows-curl-8.22.0/install/lib/cmake/CURL/FindMbedTLS.cmake
2026-10-03T06:48:43.8207379Z -- Installing: D:/a/Work/Work/opennav-x/build/windows-curl-8.22.0/install/lib/cmake/CURL/FindNGHTTP2.cmake
2026-10-03T06:48:43.8212062Z -- Installing: D:/a/Work/Work/opennav-x/build/windows-curl-8.22.0/install/lib/cmake/CURL/FindNGHTTP3.cmake
2026-10-03T06:48:43.8216414Z -- Installing: D:/a/Work/Work/opennav-x/build/windows-curl-8.22.0/install/lib/cmake/CURL/FindNGTCP2.cmake
2026-10-03T06:48:43.8221334Z -- Installing: D:/a/Work/Work/opennav-x/build/windows-curl-8.22.0/install/lib/cmake/CURL/FindNettle.cmake
2026-10-03T06:48:43.8224874Z -- Installing: D:/a/Work/Work/opennav-x/build/windows-curl-8.22.0/install/lib/cmake/CURL/FindQuiche.cmake
2026-10-03T06:48:43.8229309Z -- Installing: D:/a/Work/Work/opennav-x/build/windows-curl-8.22.0/install/lib/cmake/CURL/FindRustls.cmake
2026-10-03T06:48:43.8233306Z -- Installing: D:/a/Work/Work/opennav-x/build/windows-curl-8.22.0/install/lib/cmake/CURL/FindWolfSSL.cmake
2026-10-03T06:48:43.8238037Z -- Installing: D:/a/Work/Work/opennav-x/build/windows-curl-8.22.0/install/lib/cmake/CURL/FindZstd.cmake
2026-10-03T06:48:43.8243718Z -- Installing: D:/a/Work/Work/opennav-x/build/windows-curl-8.22.0/install/bin/wcurl
2026-10-03T06:48:44.0724751Z Native tool facts verifyd: curl-parent
2026-10-03T06:48:44.1605988Z Built and verified curl 8.22.0 with OpenSSL 3.5.9 for Win32/x86
2026-10-03T06:49:24.4508348Z Verified pinned resources; generated three chart palettes, two BUAARE fills, 18 geographic-name ink rules, isolated ACHARE51/PILBOP02/RTPBCN02/BOYCAR01-04 artwork, CBLSUB06/FERYRT01/Plain CBLARE paint and resource hashes; other navigation rules unchanged
2026-10-03T06:49:29.4692073Z [31;1mTraceback (most recent call last):[0m
2026-10-03T06:49:29.4694488Z [31;1m  File "D:\a\Work\Work\opennav-x\tools\prepare-ocharts-adapter.py", line 289, in <module>[0m
2026-10-03T06:49:29.4697577Z [31;1m    main()[0m
2026-10-03T06:49:29.4701245Z [31;1m  File "D:\a\Work\Work\opennav-x\tools\prepare-ocharts-adapter.py", line 285, in main[0m
2026-10-03T06:49:29.4704056Z [31;1m    prepare(args)[0m
2026-10-03T06:49:29.4707442Z [31;1m  File "D:\a\Work\Work\opennav-x\tools\prepare-ocharts-adapter.py", line 179, in prepare[0m
2026-10-03T06:49:29.4710436Z [31;1m    manifest = verify_manifest(prefix, library)[0m
2026-10-03T06:49:29.4713425Z [31;1m               ^^^^^^^^^^^^^^^^^^^^^^^^^^^^^^^^[0m
2026-10-03T06:49:29.4717037Z [31;1m  File "D:\a\Work\Work\opennav-x\tools\curl_package.py", line 112, in verify_manifest[0m
2026-10-03T06:49:29.4720022Z [31;1m    value['manifestSha256'] != _sha256(install / (dep + '-build.json'))):[0m
2026-10-03T06:49:29.4722957Z [31;1m                               ^^^^^^^^^^^^^^^^^^^^^^^^^^^^^^^^^^^^^^^^[0m
2026-10-03T06:49:29.4725984Z [31;1m  File "D:\a\Work\Work\opennav-x\tools\openssl_package.py", line 29, in _sha256[0m
2026-10-03T06:49:29.4729013Z [31;1m    with Path(path).open('rb') as source:[0m
2026-10-03T06:49:29.4732037Z [31;1m         ^^^^^^^^^^^^^^^^^^^^^[0m
2026-10-03T06:49:29.4743861Z [31;1m  File "C:\hostedtoolcache\windows\Python\3.12.10\x64\Lib\pathlib.py", line 1013, in open[0m
2026-10-03T06:49:29.4772017Z [31;1m    return io.open(self, mode, buffering, encoding, errors, newline)[0m
2026-10-03T06:49:29.4775111Z [31;1m           ^^^^^^^^^^^^^^^^^^^^^^^^^^^^^^^^^^^^^^^^^^^^^^^^^^^^^^^^^[0m
2026-10-03T06:49:29.4779329Z [31;1mFileNotFoundError: [Errno 2] No such file or directory: 'D:\\a\\Work\\Work\\opennav-x\\build\\windows-curl-8.22.0\\install\\openssl-build.json'[0m
2026-10-03T06:49:29.6302619Z Transcript stopped, output file is D:\a\Work\Work\opennav-x\evidence\local\windows-xnav-Win32.log
2026-10-03T06:49:29.6761992Z [31;1mException: [0mD:\a\Work\Work\opennav-x\tools\build-pristine-windows.ps1:28[0m
2026-10-03T06:49:29.6762682Z [31;1m[0m[36;1mLine |[0m
2026-10-03T06:49:29.6763611Z [31;1m[0m[36;1m[36;1m  28 | [0m … TCODE -ne 0) { [36;1mthrow "$Program failed with exit code $LASTEXITCODE"[0m }[0m
2026-10-03T06:49:29.6764506Z [31;1m[0m[36;1m[36;1m[0m[36;1m[0m[36;1m     | [31;1m                  ~~~~~~~~~~~~~~~~~~~~~~~~~~~~~~~~~~~~~~~~~~~~~~~~~~~~[0m
2026-10-03T06:49:29.6765160Z [31;1m[0m[36;1m[36;1m[0m[36;1m[0m[36;1m[31;1m[31;1m[36;1m     | [31;1mpython failed with exit code 1[0m
2026-10-03T06:49:29.7060058Z ##[error]Process completed with exit code 1.
2026-10-03T06:49:29.7425290Z ##[group]Run actions/upload-artifact@ea165f8d65b6e75b540449e92b4886f43607fa02
2026-10-03T06:49:29.7425794Z with:
2026-10-03T06:49:29.7426136Z   name: windows-integration-7a9e5496347cf8c0dd31aafc373b65f8621fe5a0
2026-10-03T06:49:29.7427279Z   path: opennav-x/evidence/local
opennav-x/build/ocharts-package
opennav-x/build/ocharts-native/CMakeFiles/CMakeConfigureLog.yaml
opennav-x/build/ocharts-native/CMakeCache.txt
opennav-x/build/ocharts-native/Release/skager-ocharts-adapter.dll

2026-10-03T06:49:29.7428271Z   if-no-files-found: warn
2026-10-03T06:49:29.7428498Z   compression-level: 6
2026-10-03T06:49:29.7428704Z   overwrite: false
2026-10-03T06:49:29.7428909Z   include-hidden-files: false
2026-10-03T06:49:29.7429128Z env:
2026-10-03T06:49:29.7429347Z   SKAGER_NATIVE_PERL: C:\Strawberry\perl\bin\perl.exe
2026-10-03T06:49:29.7429640Z   MSYSTEM: MSYS
2026-10-03T06:49:29.7429898Z   SKAGER_CURL_TEST_PERL: D:\a\_temp\msys64\usr\bin\perl.exe
2026-10-03T06:49:29.7430261Z ##[endgroup]
2026-10-03T06:49:29.9256751Z (node:4704) [DEP0040] DeprecationWarning: The `punycode` module is deprecated. Please use a userland alternative instead.
2026-10-03T06:49:29.9257954Z (Use `node --trace-deprecation ...` to show where the warning was created)
2026-10-03T06:49:31.3986530Z Multiple search paths detected. Calculating the least common ancestor of all paths
2026-10-03T06:49:31.3990109Z The least common ancestor is D:\a\Work\Work\opennav-x. This will be the root directory of the artifact
2026-10-03T06:49:31.3991456Z With the provided path, there will be 5799 files uploaded
2026-10-03T06:49:31.3997705Z Artifact name is valid!
2026-10-03T06:49:31.4000059Z Root directory input is valid!
2026-10-03T06:49:31.8097759Z Beginning upload of artifact content to blob storage
2026-10-03T06:49:33.1569693Z (node:4704) [DEP0169] DeprecationWarning: `url.parse()` behavior is not standardized and prone to errors that have security implications. Use the WHATWG URL API instead. CVEs are not issued for `url.parse()` vulnerabilities.
2026-10-03T06:49:33.8197397Z Uploaded bytes 8388608
2026-10-03T06:49:36.4460911Z Uploaded bytes 16777216
2026-10-03T06:49:36.7287216Z Uploaded bytes 20210979
2026-10-03T06:49:36.7777376Z Finished uploading artifact content to blob storage!
2026-10-03T06:49:36.7781712Z SHA256 digest of uploaded artifact zip is 95dd873df5e50337739c94bb598191a8952b167a44672ad3847b61b41508bd27
2026-10-03T06:49:36.7784205Z Finalizing artifact upload
2026-10-03T06:49:36.9813080Z Artifact windows-integration-7a9e5496347cf8c0dd31aafc373b65f8621fe5a0.zip successfully finalized. Artifact ID 11267320618
2026-10-03T06:49:36.9814171Z Artifact windows-integration-7a9e5496347cf8c0dd31aafc373b65f8621fe5a0 has been successfully uploaded! Final size is 20210979 bytes. Artifact ID is 11267320618
2026-10-03T06:49:36.9825973Z Artifact download URL: https://github.com/ThereptileII/Work/actions/runs/37100591834/artifacts/11267320618
2026-10-03T06:49:37.0330024Z Post job cleanup.
2026-10-03T06:49:37.2036731Z [command]"C:\Program Files\Git\bin\git.exe" version
2026-10-03T06:49:37.2263128Z git version 2.55.0.windows.5
2026-10-03T06:49:37.2326868Z Temporarily overriding HOME='D:\a\_temp\503d0c61-ed4b-497d-8bba-572a4a5215fa' before making global git config changes
2026-10-03T06:49:37.2328046Z Adding repository directory to the temporary git global config as a safe directory
2026-10-03T06:49:37.2339550Z [command]"C:\Program Files\Git\bin\git.exe" config --global --add safe.directory D:\a\Work\Work
2026-10-03T06:49:37.2635994Z [command]"C:\Program Files\Git\bin\git.exe" config --local --name-only --get-regexp core\.sshCommand
2026-10-03T06:49:37.2875365Z [command]"C:\Program Files\Git\bin\git.exe" submodule foreach --recursive "sh -c \"git config --local --name-only --get-regexp 'core\.sshCommand' && git config --local --unset-all 'core.sshCommand' || :\""
2026-10-03T06:49:37.7470115Z [command]"C:\Program Files\Git\bin\git.exe" config --local --name-only --get-regexp http\.https\:\/\/github\.com\/\.extraheader
2026-10-03T06:49:37.7671074Z http.https://github.com/.extraheader
2026-10-03T06:49:37.7705922Z [command]"C:\Program Files\Git\bin\git.exe" config --local --unset-all http.https://github.com/.extraheader
2026-10-03T06:49:37.7942814Z [command]"C:\Program Files\Git\bin\git.exe" submodule foreach --recursive "sh -c \"git config --local --name-only --get-regexp 'http\.https\:\/\/github\.com\/\.extraheader' && git config --local --unset-all 'http.https://github.com/.extraheader' || :\""
2026-10-03T06:49:38.2610072Z [command]"C:\Program Files\Git\bin\git.exe" config --local --name-only --get-regexp ^includeIf\.gitdir:
2026-10-03T06:49:38.2844566Z [command]"C:\Program Files\Git\bin\git.exe" submodule foreach --recursive "git config --local --show-origin --name-only --get-regexp remote.origin.url"
2026-10-03T06:49:38.7497138Z Cleaning up orphan processes
2026-10-03T06:49:38.7645626Z Terminate orphan process: pid (5356) (vctip)
2026-10-03T06:49:38.7724834Z Terminate orphan process: pid (1280) (MSBuild)
2026-10-03T06:49:38.7912547Z Terminate orphan process: pid (4336) (conhost)
2026-10-03T06:49:38.8032758Z ##[warning]Node.js 20 is deprecated. The following actions target Node.js 20 but are being forced to run on Node.js 24: actions/checkout@11d5960a326750d5838078e36cf38b85af677262, actions/upload-artifact@ea165f8d65b6e75b540449e92b4886f43607fa02. For more information see: https://github.blog/changelog/2025-09-19-deprecation-of-node-20-on-github-actions-runners/

