2026-10-03T21:34:51.7049015Z Current runner version: '2.337.0'
2026-10-03T21:34:51.7065228Z ##[group]Runner Image Provisioner
2026-10-03T21:34:51.7065690Z Hosted Compute Agent
2026-10-03T21:34:51.7066033Z Version: 20260901.588
2026-10-03T21:34:51.7066372Z Commit: f88ec8081b781fac6c440065ac7ff9e710ce3d0b
2026-10-03T21:34:51.7066769Z Build Date: 2026-09-01T19:56:44Z
2026-10-03T21:34:51.7067169Z Worker ID: {c304478f-dddf-45f2-90c8-99fd6ffc43e9}
2026-10-03T21:34:51.7067550Z Azure Region: centralus
2026-10-03T21:34:51.7067872Z ##[endgroup]
2026-10-03T21:34:51.7068592Z ##[group]Operating System
2026-10-03T21:34:51.7068922Z Microsoft Windows Server 2022
2026-10-03T21:34:51.7069252Z 10.0.20348
2026-10-03T21:34:51.7069529Z Datacenter
2026-10-03T21:34:51.7069837Z ##[endgroup]
2026-10-03T21:34:51.7070130Z ##[group]Runner Image
2026-10-03T21:34:51.7070467Z Image: windows-2022
2026-10-03T21:34:51.7070781Z Version: 20260927.320.1
2026-10-03T21:34:51.7071631Z Included Software: https://github.com/actions/runner-images/blob/win22/20260927.320/images/windows/Windows2022-Readme.md
2026-10-03T21:34:51.7072423Z Image Release: https://github.com/actions/runner-images/releases/tag/win22%2F20260927.320
2026-10-03T21:34:51.7072964Z ##[endgroup]
2026-10-03T21:34:51.7073572Z ##[group]GITHUB_TOKEN Permissions
2026-10-03T21:34:51.7074671Z Contents: read
2026-10-03T21:34:51.7074976Z Metadata: read
2026-10-03T21:34:51.7075270Z ##[endgroup]
2026-10-03T21:34:51.7076518Z Secret source: Actions
2026-10-03T21:34:51.7077003Z Cache mode: write
2026-10-03T21:34:51.7077383Z Prepare workflow directory
2026-10-03T21:34:51.7333003Z Prepare all required actions
2026-10-03T21:34:51.7374702Z Getting action download info
2026-10-03T21:34:52.0020429Z Download action repository 'actions/checkout@11d5960a326750d5838078e36cf38b85af677262' (SHA:11d5960a326750d5838078e36cf38b85af677262)
2026-10-03T21:34:52.0721337Z Download action repository 'msys2/setup-msys2@66cd2cce69caa17b53920067426061ca1de3a884' (SHA:66cd2cce69caa17b53920067426061ca1de3a884)
2026-10-03T21:34:52.3864827Z Download action repository 'actions/upload-artifact@ea165f8d65b6e75b540449e92b4886f43607fa02' (SHA:ea165f8d65b6e75b540449e92b4886f43607fa02)
2026-10-03T21:34:52.6135758Z Complete job name: Actual parent tool facts with omitted-prefix rejection and restoration
2026-10-03T21:34:52.7367523Z ##[group]Run actions/checkout@11d5960a326750d5838078e36cf38b85af677262
2026-10-03T21:34:52.7368280Z with:
2026-10-03T21:34:52.7368507Z   repository: ThereptileII/Work
2026-10-03T21:34:52.7370667Z   token: ***
2026-10-03T21:34:52.7370884Z   ssh-strict: true
2026-10-03T21:34:52.7371106Z   ssh-user: git
2026-10-03T21:34:52.7371333Z   persist-credentials: true
2026-10-03T21:34:52.7371578Z   clean: true
2026-10-03T21:34:52.7371805Z   sparse-checkout-cone-mode: true
2026-10-03T21:34:52.7372072Z   fetch-depth: 1
2026-10-03T21:34:52.7372299Z   fetch-tags: false
2026-10-03T21:34:52.7372525Z   show-progress: true
2026-10-03T21:34:52.7372755Z   lfs: false
2026-10-03T21:34:52.7372964Z   submodules: false
2026-10-03T21:34:52.7373218Z   set-safe-directory: true
2026-10-03T21:34:52.7373476Z   allow-unsafe-pr-checkout: false
2026-10-03T21:34:52.7373832Z ##[endgroup]
2026-10-03T21:34:52.8342961Z Syncing repository: ThereptileII/Work
2026-10-03T21:34:52.8344048Z ##[group]Getting Git version info
2026-10-03T21:34:52.8344348Z Working directory is 'D:\a\Work\Work'
2026-10-03T21:34:52.9008352Z [command]"C:\Program Files\Git\bin\git.exe" version
2026-10-03T21:34:53.2650978Z git version 2.55.0.windows.5
2026-10-03T21:34:53.2679120Z ##[endgroup]
2026-10-03T21:34:53.2691752Z Temporarily overriding HOME='D:\a\_temp\ccc04350-1261-4355-aef3-d443d6fa1189' before making global git config changes
2026-10-03T21:34:53.2693391Z Adding repository directory to the temporary git global config as a safe directory
2026-10-03T21:34:53.2699731Z [command]"C:\Program Files\Git\bin\git.exe" config --global --add safe.directory D:\a\Work\Work
2026-10-03T21:34:53.3177621Z Deleting the contents of 'D:\a\Work\Work'
2026-10-03T21:34:53.3180721Z ##[group]Initializing the repository
2026-10-03T21:34:53.3185881Z [command]"C:\Program Files\Git\bin\git.exe" init D:\a\Work\Work
2026-10-03T21:34:53.4286772Z Initialized empty Git repository in D:/a/Work/Work/.git/
2026-10-03T21:34:53.4312171Z [command]"C:\Program Files\Git\bin\git.exe" remote add origin https://github.com/ThereptileII/Work
2026-10-03T21:34:53.4839985Z ##[endgroup]
2026-10-03T21:34:53.4840969Z ##[group]Disabling automatic garbage collection
2026-10-03T21:34:53.4845495Z [command]"C:\Program Files\Git\bin\git.exe" config --local gc.auto 0
2026-10-03T21:34:53.4990631Z ##[endgroup]
2026-10-03T21:34:53.4991532Z ##[group]Setting up auth
2026-10-03T21:34:53.4997721Z [command]"C:\Program Files\Git\bin\git.exe" config --local --name-only --get-regexp core\.sshCommand
2026-10-03T21:34:53.5147417Z [command]"C:\Program Files\Git\bin\git.exe" submodule foreach --recursive "sh -c \"git config --local --name-only --get-regexp 'core\.sshCommand' && git config --local --unset-all 'core.sshCommand' || :\""
2026-10-03T21:34:54.7844907Z [command]"C:\Program Files\Git\bin\git.exe" config --local --name-only --get-regexp http\.https\:\/\/github\.com\/\.extraheader
2026-10-03T21:34:54.7994424Z [command]"C:\Program Files\Git\bin\git.exe" submodule foreach --recursive "sh -c \"git config --local --name-only --get-regexp 'http\.https\:\/\/github\.com\/\.extraheader' && git config --local --unset-all 'http.https://github.com/.extraheader' || :\""
2026-10-03T21:34:55.1396539Z [command]"C:\Program Files\Git\bin\git.exe" config --local --name-only --get-regexp ^includeIf\.gitdir:
2026-10-03T21:34:55.1552394Z [command]"C:\Program Files\Git\bin\git.exe" submodule foreach --recursive "git config --local --show-origin --name-only --get-regexp remote.origin.url"
2026-10-03T21:34:55.4882769Z [command]"C:\Program Files\Git\bin\git.exe" config --local http.https://github.com/.extraheader "AUTHORIZATION: basic ***"
2026-10-03T21:34:55.5043828Z ##[endgroup]
2026-10-03T21:34:55.5044204Z ##[group]Fetching the repository
2026-10-03T21:34:55.5054618Z [command]"C:\Program Files\Git\bin\git.exe" -c protocol.version=2 fetch --no-tags --prune --no-recurse-submodules --depth=1 origin +4ddf1f383e495150551946dd36103cd77cea85eb:refs/remotes/origin/skager-parent-context
2026-10-03T21:35:07.6373662Z From https://github.com/ThereptileII/Work
2026-10-03T21:35:07.6374144Z  * [new ref]         4ddf1f383e495150551946dd36103cd77cea85eb -> origin/skager-parent-context
2026-10-03T21:35:07.6397195Z ##[endgroup]
2026-10-03T21:35:07.6397578Z ##[group]Determining the checkout info
2026-10-03T21:35:07.6398965Z ##[endgroup]
2026-10-03T21:35:07.6406065Z [command]"C:\Program Files\Git\bin\git.exe" sparse-checkout disable
2026-10-03T21:35:07.6733880Z [command]"C:\Program Files\Git\bin\git.exe" config --local --unset-all extensions.worktreeConfig
2026-10-03T21:35:07.6879679Z ##[group]Checking out the ref
2026-10-03T21:35:07.6884805Z [command]"C:\Program Files\Git\bin\git.exe" checkout --progress --force -B skager-parent-context refs/remotes/origin/skager-parent-context
2026-10-03T21:35:08.7297906Z Updating files:  66% (3760/5662)
2026-10-03T21:35:08.7436033Z Updating files:  67% (3794/5662)
2026-10-03T21:35:08.7587521Z Updating files:  68% (3851/5662)
2026-10-03T21:35:08.7818508Z Updating files:  69% (3907/5662)
2026-10-03T21:35:08.7969026Z Updating files:  70% (3964/5662)
2026-10-03T21:35:08.8096556Z Updating files:  71% (4021/5662)
2026-10-03T21:35:08.8242842Z Updating files:  72% (4077/5662)
2026-10-03T21:35:08.8409791Z Updating files:  73% (4134/5662)
2026-10-03T21:35:08.8592164Z Updating files:  74% (4190/5662)
2026-10-03T21:35:08.8844632Z Updating files:  75% (4247/5662)
2026-10-03T21:35:08.9006859Z Updating files:  76% (4304/5662)
2026-10-03T21:35:08.9259987Z Updating files:  77% (4360/5662)
2026-10-03T21:35:08.9510444Z Updating files:  78% (4417/5662)
2026-10-03T21:35:08.9563632Z Updating files:  79% (4473/5662)
2026-10-03T21:35:08.9697318Z Updating files:  80% (4530/5662)
2026-10-03T21:35:08.9803367Z Updating files:  81% (4587/5662)
2026-10-03T21:35:08.9850129Z Updating files:  82% (4643/5662)
2026-10-03T21:35:08.9894315Z Updating files:  83% (4700/5662)
2026-10-03T21:35:08.9940504Z Updating files:  84% (4757/5662)
2026-10-03T21:35:09.0008486Z Updating files:  85% (4813/5662)
2026-10-03T21:35:09.0060449Z Updating files:  86% (4870/5662)
2026-10-03T21:35:09.0110423Z Updating files:  87% (4926/5662)
2026-10-03T21:35:09.0170986Z Updating files:  88% (4983/5662)
2026-10-03T21:35:09.0224870Z Updating files:  89% (5040/5662)
2026-10-03T21:35:09.0282441Z Updating files:  90% (5096/5662)
2026-10-03T21:35:09.0335529Z Updating files:  91% (5153/5662)
2026-10-03T21:35:09.0391137Z Updating files:  92% (5210/5662)
2026-10-03T21:35:09.0452089Z Updating files:  93% (5266/5662)
2026-10-03T21:35:09.0510034Z Updating files:  94% (5323/5662)
2026-10-03T21:35:09.0565572Z Updating files:  95% (5379/5662)
2026-10-03T21:35:09.0628729Z Updating files:  96% (5436/5662)
2026-10-03T21:35:09.0690651Z Updating files:  97% (5493/5662)
2026-10-03T21:35:09.0745674Z Updating files:  98% (5549/5662)
2026-10-03T21:35:09.0793903Z Updating files:  99% (5606/5662)
2026-10-03T21:35:09.0794146Z Updating files: 100% (5662/5662)
2026-10-03T21:35:09.0794363Z Updating files: 100% (5662/5662), done.
2026-10-03T21:35:09.0914417Z Switched to a new branch 'skager-parent-context'
2026-10-03T21:35:09.0995626Z branch 'skager-parent-context' set up to track 'origin/skager-parent-context'.
2026-10-03T21:35:09.1162867Z ##[endgroup]
2026-10-03T21:35:09.1392450Z [command]"C:\Program Files\Git\bin\git.exe" log -1 --format=%H
2026-10-03T21:35:09.1523800Z 4ddf1f383e495150551946dd36103cd77cea85eb
2026-10-03T21:35:09.1774596Z ##[group]Run New-Item -ItemType Directory -Force -Path opennav-x/evidence/local/windows-parent-context | Out-Null
2026-10-03T21:35:09.1775150Z [36;1mNew-Item -ItemType Directory -Force -Path opennav-x/evidence/local/windows-parent-context | Out-Null[0m
2026-10-03T21:35:09.1775586Z [36;1m$NativePerl = (Get-Command perl.exe -CommandType Application -ErrorAction Stop | Select-Object -First 1).Source[0m
2026-10-03T21:35:09.1776230Z [36;1m[ordered]@{ githubSha=$env:GITHUB_SHA; nativePerl=$NativePerl; scope='Parent-context prerequisite selection only' } | ConvertTo-Json | Set-Content opennav-x/evidence/local/windows-parent-context/selection.json[0m
2026-10-03T21:35:09.1776796Z [36;1m"SKAGER_NATIVE_PERL=$NativePerl" | Out-File -FilePath $env:GITHUB_ENV -Encoding utf8 -Append[0m
2026-10-03T21:35:09.1857854Z shell: C:\Program Files\PowerShell\7\pwsh.EXE -command ". '{0}'"
2026-10-03T21:35:09.1858117Z ##[endgroup]
2026-10-03T21:35:09.5326391Z ##[group]Run msys2/setup-msys2@66cd2cce69caa17b53920067426061ca1de3a884
2026-10-03T21:35:09.5326637Z with:
2026-10-03T21:35:09.5326751Z   msystem: MSYS
2026-10-03T21:35:09.5326856Z   update: false
2026-10-03T21:35:09.5326959Z   install: perl
2026-10-03T21:35:09.5327068Z   path-type: inherit
2026-10-03T21:35:09.5327178Z   cache: false
2026-10-03T21:35:09.5327277Z   release: true
2026-10-03T21:35:09.5327406Z   platform-check-severity: fatal
2026-10-03T21:35:09.5327531Z env:
2026-10-03T21:35:09.5327656Z   SKAGER_NATIVE_PERL: C:\Strawberry\perl\bin\perl.exe
2026-10-03T21:35:09.5327818Z ##[endgroup]
2026-10-03T21:35:09.6154391Z ##[group]Downloading MSYS2...
2026-10-03T21:35:10.6974391Z ##[endgroup]
2026-10-03T21:35:10.6977800Z ##[group]Extracting MSYS2...
2026-10-03T21:35:10.6987973Z [command]C:\hostedtoolcache\windows\msys2-installer\0.0.20260611\x64\base.exe -y
2026-10-03T21:35:10.9568949Z 
2026-10-03T21:35:10.9569778Z 7-Zip SFX 25.01 ZS v1.5.7 R4 (x64) : Copyright (c) 1999-2025 Igor Pavlov, 2016-2026 Tino Reichardt, 2022-2026 Sergey G. Brester : 2026-01-10
2026-10-03T21:35:10.9570350Z 
2026-10-03T21:35:10.9575004Z Extracting archive: C:\hostedtoolcache\windows\msys2-installer\0.0.20260611\x64\base.exe
2026-10-03T21:35:10.9575535Z --
2026-10-03T21:35:10.9575924Z Path = C:\hostedtoolcache\windows\msys2-installer\0.0.20260611\x64\base.exe
2026-10-03T21:35:10.9576343Z Type = 7z
2026-10-03T21:35:10.9576760Z 
2026-10-03T21:35:11.1624836Z   0%
2026-10-03T21:35:11.1625057Z     
2026-10-03T21:35:11.4465960Z   3% 1463 - msys64\usr\lib\terminfo\35\5630-24
2026-10-03T21:35:11.4466300Z                                               
2026-10-03T21:35:11.6489647Z   4% 2831 - msys64\usr\lib\terminfo\6d\mrxvt
2026-10-03T21:35:11.6489958Z                                             
2026-10-03T21:35:11.8521064Z   5% 4774 - msys64\usr\share\bash-completion\completions\lsof
2026-10-03T21:35:11.8521440Z                                                              
2026-10-03T21:35:12.0556893Z  16% 6279 - msys64\usr\share\locale\fur\LC_MESSAGES\p11-kit.mo
2026-10-03T21:35:12.0557256Z                                                               
2026-10-03T21:35:12.2635949Z  33% 7581 - msys64\usr\share\man\man1\xzdec.1.gz
2026-10-03T21:35:12.2636249Z                                                 
2026-10-03T21:35:12.4672149Z  33% 8060 - msys64\usr\share\man\man3\CURLOPT_SSH_PRIVATE_KEYFILE.3.gz
2026-10-03T21:35:12.4672586Z                                                                       
2026-10-03T21:35:12.6705035Z  40% 9817 - msys64\usr\share\perl5\core_perl\ExtUtils\Typemaps\OutputMap.pm
2026-10-03T21:35:12.6705448Z                                                                            
2026-10-03T21:35:12.8775229Z  46% 11368 - msys64\usr\share\terminfo\61\att5420_2
2026-10-03T21:35:12.8775540Z                                                    
2026-10-03T21:35:13.0964026Z  47% 11686 - msys64\usr\share\terminfo\64\d430-unix-w-ccc
2026-10-03T21:35:13.0964401Z                                                          
2026-10-03T21:35:13.2994964Z  47% 13071 - msys64\usr\share\terminfo\74\tek4109brl
2026-10-03T21:35:13.2995281Z                                                     
2026-10-03T21:35:13.5028143Z  48% 15068 - msys64\usr\share\zoneinfo\posix\Pacific\Tahiti
2026-10-03T21:35:13.5028611Z                                                            
2026-10-03T21:35:13.7072040Z  50% 16167 - msys64\usr\bin\ftp.exe
2026-10-03T21:35:13.7072356Z                                    
2026-10-03T21:35:13.7753221Z  91% 16436 - msys64\usr\bin\testpkg.exe
2026-10-03T21:35:13.7753563Z                                        
2026-10-03T21:35:13.7753803Z Everything is Ok
2026-10-03T21:35:13.7770881Z ##[endgroup]
2026-10-03T21:35:13.7771224Z ##[group]Disable Key Refresh...
2026-10-03T21:35:13.7782990Z ##[endgroup]
2026-10-03T21:35:13.7794043Z ##[group]Starting MSYS2 for the first time...
2026-10-03T21:35:13.8492774Z [command]C:\Windows\system32\cmd.exe /D /S /C D:\a\_temp\setup-msys2\msys2.cmd -c "'uname' '-a'"
2026-10-03T21:35:13.9023174Z [1;32mMSYS2 is starting for the first time. Executing the initial setup.[1;0m
2026-10-03T21:35:13.9604734Z Copying skeleton files.
2026-10-03T21:35:13.9605138Z These files are for the users to personalise their msys2 experience.
2026-10-03T21:35:13.9605403Z 
2026-10-03T21:35:13.9605849Z They will never be overwritten nor automatically updated.
2026-10-03T21:35:13.9606122Z 
2026-10-03T21:35:13.9890837Z './.bashrc' -> '/home/runneradmin/.bashrc'
2026-10-03T21:35:13.9989354Z './.bash_profile' -> '/home/runneradmin/.bash_profile'
2026-10-03T21:35:14.0089354Z './.profile' -> '/home/runneradmin/.profile'
2026-10-03T21:35:14.0520060Z 'C:\Windows\system32\drivers\etc\hosts' -> '/etc/hosts'
2026-10-03T21:35:14.0820301Z 'C:\Windows\system32\drivers\etc\protocol' -> '/etc/protocols'
2026-10-03T21:35:14.1120001Z 'C:\Windows\system32\drivers\etc\services' -> '/etc/services'
2026-10-03T21:35:14.1599107Z 'C:\Windows\system32\drivers\etc\networks' -> '/etc/networks'
2026-10-03T21:35:14.4642791Z gpg: /etc/pacman.d/gnupg/trustdb.gpg: trustdb created
2026-10-03T21:35:14.4686145Z gpg: no ultimately trusted keys found
2026-10-03T21:35:14.8597175Z gpg: starting migration from earlier GnuPG versions
2026-10-03T21:35:14.8990639Z gpg: porting secret keys from '/etc/pacman.d/gnupg/secring.gpg' to gpg-agent
2026-10-03T21:35:14.8992527Z gpg: migration succeeded
2026-10-03T21:35:14.9126079Z ==> Generating pacman master key. This may take some time.
2026-10-03T21:35:14.9238047Z gpg: Generating pacman keyring master key...
2026-10-03T21:35:15.1725326Z gpg: directory '/etc/pacman.d/gnupg/openpgp-revocs.d' created
2026-10-03T21:35:15.1897124Z gpg: revocation certificate stored as '/etc/pacman.d/gnupg/openpgp-revocs.d/B70F02507BAEE0290C6757737D849A378C6C17EA.rev'
2026-10-03T21:35:15.1898038Z gpg: Done
2026-10-03T21:35:15.2009708Z ==> Updating trust database...
2026-10-03T21:35:15.2234333Z gpg: marginals needed: 3  completes needed: 1  trust model: pgp
2026-10-03T21:35:15.2234970Z gpg: depth: 0  valid:   1  signed:   0  trust: 0-, 0q, 0n, 0m, 0f, 1u
2026-10-03T21:35:15.3143174Z ==> Appending keys from msys2.gpg...
2026-10-03T21:35:15.7750477Z ==> Locally signing trusted keys in keyring...
2026-10-03T21:35:16.1122206Z   -> Locally signed 5 keys.
2026-10-03T21:35:16.1217024Z ==> Importing owner trust values...
2026-10-03T21:35:16.1330396Z gpg: setting ownertrust to 4
2026-10-03T21:35:16.1331025Z gpg: setting ownertrust to 4
2026-10-03T21:35:16.1331220Z gpg: setting ownertrust to 4
2026-10-03T21:35:16.1331419Z gpg: setting ownertrust to 4
2026-10-03T21:35:16.1331616Z gpg: setting ownertrust to 4
2026-10-03T21:35:16.1493684Z ==> Disabling revoked keys in keyring...
2026-10-03T21:35:16.2990403Z   -> Disabled 4 keys.
2026-10-03T21:35:16.3085216Z ==> Updating trust database...
2026-10-03T21:35:16.3313740Z gpg: marginals needed: 3  completes needed: 1  trust model: pgp
2026-10-03T21:35:16.3329257Z gpg: depth: 0  valid:   1  signed:   5  trust: 0-, 0q, 0n, 0m, 0f, 1u
2026-10-03T21:35:16.3345441Z gpg: depth: 1  valid:   5  signed:   6  trust: 0-, 0q, 0n, 5m, 0f, 0u
2026-10-03T21:35:16.3352865Z gpg: depth: 2  valid:   3  signed:   2  trust: 3-, 0q, 0n, 0m, 0f, 0u
2026-10-03T21:35:16.3740052Z pacman-key (pacman) 6.1.0
2026-10-03T21:35:16.3740412Z Copyright (c) 2010-2024 Pacman Development Team <pacman-dev@lists.archlinux.org>.
2026-10-03T21:35:16.3740623Z 
2026-10-03T21:35:16.3835857Z This is free software; see the source for copying conditions.
2026-10-03T21:35:16.3836228Z There is NO WARRANTY, to the extent permitted by law.
2026-10-03T21:35:16.5014472Z [1;32mInitial setup complete. MSYS2 is now ready to use.[1;0m
2026-10-03T21:35:16.5115942Z MSYS_NT-10.0-20348 runnervmdlhio 3.6.9-01d6c708.x86_64 2026-05-24 10:45 UTC x86_64 Msys
2026-10-03T21:35:16.5146543Z ##[endgroup]
2026-10-03T21:35:16.5146923Z ##[group]Disable CheckSpace...
2026-10-03T21:35:16.5499280Z [command]C:\Windows\system32\cmd.exe /D /S /C D:\a\_temp\setup-msys2\msys2.cmd -c "'sed' '-i' 's/^CheckSpace/#CheckSpace/g' '/etc/pacman.conf'"
2026-10-03T21:35:16.6653407Z ##[endgroup]
2026-10-03T21:35:16.6653715Z ##[group]Installing additional packages through pacman...
2026-10-03T21:35:16.6977957Z [command]C:\Windows\system32\cmd.exe /D /S /C D:\a\_temp\setup-msys2\msys2.cmd -c "'pacman' '--noconfirm' '-S' '--needed' '--overwrite' '*' 'perl'"
2026-10-03T21:35:17.5106387Z warning: perl-5.42.2-1 is up to date -- skipping
2026-10-03T21:35:17.5406727Z  there is nothing to do
2026-10-03T21:35:17.5441873Z ##[endgroup]
2026-10-03T21:35:17.5626550Z ##[group]Run $TestPerl = Join-Path $env:SKAGER_MSYS_ROOT 'usr/bin/perl.exe'
2026-10-03T21:35:17.5626900Z [36;1m$TestPerl = Join-Path $env:SKAGER_MSYS_ROOT 'usr/bin/perl.exe'[0m
2026-10-03T21:35:17.5627233Z [36;1mif (-not (Test-Path -LiteralPath $TestPerl -PathType Leaf)) { throw 'MSYS2 curl test Perl missing' }[0m
2026-10-03T21:35:17.5627618Z [36;1m"SKAGER_CURL_TEST_PERL=$TestPerl" | Out-File -FilePath $env:GITHUB_ENV -Encoding utf8 -Append[0m
2026-10-03T21:35:17.5652371Z shell: C:\Program Files\PowerShell\7\pwsh.EXE -command ". '{0}'"
2026-10-03T21:35:17.5652570Z env:
2026-10-03T21:35:17.5652717Z   SKAGER_NATIVE_PERL: C:\Strawberry\perl\bin\perl.exe
2026-10-03T21:35:17.5652897Z   MSYSTEM: MSYS
2026-10-03T21:35:17.5653022Z   SKAGER_MSYS_ROOT: D:\a\_temp\msys64
2026-10-03T21:35:17.5653166Z ##[endgroup]
2026-10-03T21:35:17.7949059Z ##[group]Run import hashlib, io, json, pathlib, urllib.request, zipfile
2026-10-03T21:35:17.7949937Z [36;1mimport hashlib, io, json, pathlib, urllib.request, zipfile[0m
2026-10-03T21:35:17.7950151Z [36;1mroot = pathlib.Path('opennav-x')[0m
2026-10-03T21:35:17.7950425Z [36;1mlock = json.loads((root / 'tools/windows-openssl.lock.json').read_text())['buildTools']['nasm'][0m
2026-10-03T21:35:17.7950771Z [36;1mif lock['version'] != '3.02' or not lock['url'].startswith('https://www.nasm.us/'):[0m
2026-10-03T21:35:17.7951050Z [36;1m    raise SystemExit('Unexpected NASM host-tool lock')[0m
2026-10-03T21:35:17.7951348Z [36;1mrequest = urllib.request.Request(lock['url'], headers={'User-Agent': 'SKAGER-parent-context'})[0m
2026-10-03T21:35:17.7951664Z [36;1mwith urllib.request.urlopen(request, timeout=60) as response:[0m
2026-10-03T21:35:17.7951890Z [36;1m    data = response.read(lock['bytes'] + 1)[0m
2026-10-03T21:35:17.7952107Z [36;1mdigest = hashlib.sha256(data).hexdigest()[0m
2026-10-03T21:35:17.7952311Z [36;1mif len(data) != lock['bytes'] or digest != lock['sha256']:[0m
2026-10-03T21:35:17.7952564Z [36;1m    raise SystemExit('NASM archive differs from the reviewed size or digest')[0m
2026-10-03T21:35:17.7952863Z [36;1mdownloads = root / 'build/dependency-downloads'[0m
2026-10-03T21:35:17.7953064Z [36;1mdownloads.mkdir(parents=True, exist_ok=True)[0m
2026-10-03T21:35:17.7953251Z [36;1m(downloads / lock['archive']).write_bytes(data)[0m
2026-10-03T21:35:17.7953493Z [36;1mexpected = ['nasm-3.02/LICENSE', 'nasm-3.02/nasm.exe', 'nasm-3.02/ndisasm.exe'][0m
2026-10-03T21:35:17.7953750Z [36;1mwith zipfile.ZipFile(io.BytesIO(data)) as archive:[0m
2026-10-03T21:35:17.7953952Z [36;1m    if sorted(archive.namelist()) != expected:[0m
2026-10-03T21:35:17.7954158Z [36;1m        raise SystemExit('Unexpected NASM archive entries')[0m
2026-10-03T21:35:17.7954349Z [36;1m    for name in expected:[0m
2026-10-03T21:35:17.7954505Z [36;1m        info = archive.getinfo(name)[0m
2026-10-03T21:35:17.7954777Z [36;1m        if info.is_dir() or info.file_size > 10 * 1024 * 1024 or (info.external_attr >> 16) & 0o170000 == 0o120000:[0m
2026-10-03T21:35:17.7955072Z [36;1m            raise SystemExit('Unsafe NASM archive entry')[0m
2026-10-03T21:35:17.7955285Z [36;1m        target = root / 'build/dependency-tools' / name[0m
2026-10-03T21:35:17.7955499Z [36;1m        target.parent.mkdir(parents=True, exist_ok=True)[0m
2026-10-03T21:35:17.7955698Z [36;1m        target.write_bytes(archive.read(name))[0m
2026-10-03T21:35:17.7955908Z [36;1mevidence = root / 'evidence/local/windows-parent-context'[0m
2026-10-03T21:35:17.7956121Z [36;1mevidence.mkdir(parents=True, exist_ok=True)[0m
2026-10-03T21:35:17.7956327Z [36;1m(evidence / 'nasm-source.json').write_text(json.dumps({[0m
2026-10-03T21:35:17.7956556Z [36;1m    'version': lock['version'], 'archive': lock['archive'],[0m
2026-10-03T21:35:17.7956789Z [36;1m    'bytes': len(data), 'sha256': digest, 'status': 'verified',[0m
2026-10-03T21:35:17.7957052Z [36;1m    'scope': 'host tool for a focused interpreter probe; not an OpenSSL build'[0m
2026-10-03T21:35:17.7957279Z [36;1m}, indent=2), encoding='utf-8')[0m
2026-10-03T21:35:17.7965388Z shell: C:\hostedtoolcache\windows\Python\3.12.10\x64\python.EXE {0}
2026-10-03T21:35:17.7965579Z env:
2026-10-03T21:35:17.7965717Z   SKAGER_NATIVE_PERL: C:\Strawberry\perl\bin\perl.exe
2026-10-03T21:35:17.7965888Z   MSYSTEM: MSYS
2026-10-03T21:35:17.7966038Z   SKAGER_CURL_TEST_PERL: D:\a\_temp\msys64\usr\bin\perl.exe
2026-10-03T21:35:17.7966235Z ##[endgroup]
2026-10-03T21:35:20.3497071Z ##[group]Run ./opennav-x/tools/test-windows-parent-context.ps1 -Evidence opennav-x/evidence/local/windows-parent-context 2>&1 | Tee-Object -FilePath opennav-x/evidence/local/windows-parent-context/native-proof.log
2026-10-03T21:35:20.3497918Z [36;1m./opennav-x/tools/test-windows-parent-context.ps1 -Evidence opennav-x/evidence/local/windows-parent-context 2>&1 | Tee-Object -FilePath opennav-x/evidence/local/windows-parent-context/native-proof.log[0m
2026-10-03T21:35:20.3520357Z shell: C:\Program Files\PowerShell\7\pwsh.EXE -command ". '{0}'"
2026-10-03T21:35:20.3520540Z env:
2026-10-03T21:35:20.3520668Z   SKAGER_NATIVE_PERL: C:\Strawberry\perl\bin\perl.exe
2026-10-03T21:35:20.3520825Z   MSYSTEM: MSYS
2026-10-03T21:35:20.3520973Z   SKAGER_CURL_TEST_PERL: D:\a\_temp\msys64\usr\bin\perl.exe
2026-10-03T21:35:20.3521139Z ##[endgroup]
2026-10-03T21:35:44.7328275Z Verified usable Poedit msgfmt/msgmerge: C:\Program Files\Poedit\GettextTools\bin
2026-10-03T21:35:45.5806781Z Native tool facts captured: openssl-parent
2026-10-03T21:35:45.6944100Z Native tool facts verifyd: openssl-parent
2026-10-03T21:35:45.6960222Z Original initialized context captured once and verified with actual tools
2026-10-03T21:35:45.8532884Z Omitted-prefix control rejected; only PATHSha256 differs, including identical selected tool paths and hashes
2026-10-03T21:35:45.9177633Z Verified usable Poedit msgfmt/msgmerge: C:\Program Files\Poedit\GettextTools\bin
2026-10-03T21:35:46.0711105Z Native tool facts verifyd: openssl-parent
2026-10-03T21:35:46.0715852Z Shared Verify initialization restored exact original facts without replacing either retained JSON
2026-10-03T21:35:46.1031698Z ##[group]Run actions/upload-artifact@ea165f8d65b6e75b540449e92b4886f43607fa02
2026-10-03T21:35:46.1031962Z with:
2026-10-03T21:35:46.1032126Z   name: parent-context-4ddf1f383e495150551946dd36103cd77cea85eb
2026-10-03T21:35:46.1032355Z   path: opennav-x/evidence/local/windows-parent-context
2026-10-03T21:35:46.1032534Z   if-no-files-found: error
2026-10-03T21:35:46.1032664Z   compression-level: 6
2026-10-03T21:35:46.1032781Z   overwrite: false
2026-10-03T21:35:46.1032908Z   include-hidden-files: false
2026-10-03T21:35:46.1033039Z env:
2026-10-03T21:35:46.1033168Z   SKAGER_NATIVE_PERL: C:\Strawberry\perl\bin\perl.exe
2026-10-03T21:35:46.1033333Z   MSYSTEM: MSYS
2026-10-03T21:35:46.1033480Z   SKAGER_CURL_TEST_PERL: D:\a\_temp\msys64\usr\bin\perl.exe
2026-10-03T21:35:46.1033665Z ##[endgroup]
2026-10-03T21:35:46.2243139Z (node:6476) [DEP0040] DeprecationWarning: The `punycode` module is deprecated. Please use a userland alternative instead.
2026-10-03T21:35:46.2243909Z (Use `node --trace-deprecation ...` to show where the warning was created)
2026-10-03T21:35:46.2344485Z With the provided path, there will be 25 files uploaded
2026-10-03T21:35:46.2347957Z Artifact name is valid!
2026-10-03T21:35:46.2348863Z Root directory input is valid!
2026-10-03T21:35:46.4933821Z Beginning upload of artifact content to blob storage
2026-10-03T21:35:46.5257064Z (node:6476) [DEP0169] DeprecationWarning: `url.parse()` behavior is not standardized and prone to errors that have security implications. Use the WHATWG URL API instead. CVEs are not issued for `url.parse()` vulnerabilities.
2026-10-03T21:35:46.6587288Z Uploaded bytes 14720
2026-10-03T21:35:46.6964466Z Finished uploading artifact content to blob storage!
2026-10-03T21:35:46.6965502Z SHA256 digest of uploaded artifact zip is 8ffb32dfee1f54b8131e9e206d5ed59ffcce6bfc9f8f903e29456514b8b97593
2026-10-03T21:35:46.6967286Z Finalizing artifact upload
2026-10-03T21:35:46.9085704Z Artifact parent-context-4ddf1f383e495150551946dd36103cd77cea85eb.zip successfully finalized. Artifact ID 11285546611
2026-10-03T21:35:46.9086468Z Artifact parent-context-4ddf1f383e495150551946dd36103cd77cea85eb has been successfully uploaded! Final size is 14720 bytes. Artifact ID is 11285546611
2026-10-03T21:35:46.9091836Z Artifact download URL: https://github.com/ThereptileII/Work/actions/runs/37155593528/artifacts/11285546611
2026-10-03T21:35:46.9465947Z Post job cleanup.
2026-10-03T21:35:47.0579192Z [command]"C:\Program Files\Git\bin\git.exe" version
2026-10-03T21:35:47.0732182Z git version 2.55.0.windows.5
2026-10-03T21:35:47.0768690Z Temporarily overriding HOME='D:\a\_temp\be1d10c7-7e8c-407a-a42a-29ea1f80b6f9' before making global git config changes
2026-10-03T21:35:47.0769152Z Adding repository directory to the temporary git global config as a safe directory
2026-10-03T21:35:47.0775449Z [command]"C:\Program Files\Git\bin\git.exe" config --global --add safe.directory D:\a\Work\Work
2026-10-03T21:35:47.0945237Z [command]"C:\Program Files\Git\bin\git.exe" config --local --name-only --get-regexp core\.sshCommand
2026-10-03T21:35:47.1108418Z [command]"C:\Program Files\Git\bin\git.exe" submodule foreach --recursive "sh -c \"git config --local --name-only --get-regexp 'core\.sshCommand' && git config --local --unset-all 'core.sshCommand' || :\""
2026-10-03T21:35:47.4825385Z [command]"C:\Program Files\Git\bin\git.exe" config --local --name-only --get-regexp http\.https\:\/\/github\.com\/\.extraheader
2026-10-03T21:35:47.4969648Z http.https://github.com/.extraheader
2026-10-03T21:35:47.4991221Z [command]"C:\Program Files\Git\bin\git.exe" config --local --unset-all http.https://github.com/.extraheader
2026-10-03T21:35:47.5151928Z [command]"C:\Program Files\Git\bin\git.exe" submodule foreach --recursive "sh -c \"git config --local --name-only --get-regexp 'http\.https\:\/\/github\.com\/\.extraheader' && git config --local --unset-all 'http.https://github.com/.extraheader' || :\""
2026-10-03T21:35:47.8257430Z [command]"C:\Program Files\Git\bin\git.exe" config --local --name-only --get-regexp ^includeIf\.gitdir:
2026-10-03T21:35:47.8416596Z [command]"C:\Program Files\Git\bin\git.exe" submodule foreach --recursive "git config --local --show-origin --name-only --get-regexp remote.origin.url"
2026-10-03T21:35:48.1828896Z Cleaning up orphan processes
2026-10-03T21:35:48.2042265Z ##[warning]Node.js 20 is deprecated. The following actions target Node.js 20 but are being forced to run on Node.js 24: actions/checkout@11d5960a326750d5838078e36cf38b85af677262, actions/upload-artifact@ea165f8d65b6e75b540449e92b4886f43607fa02. For more information see: https://github.blog/changelog/2025-09-19-deprecation-of-node-20-on-github-actions-runners/
