[Thread debugging using libthread_db enabled]
Using host libthread_db library "/usr/lib/libthread_db.so.1".
[New Thread 0x7fffefbff6c0 (LWP 340)]
[New Thread 0x7fffef3fe6c0 (LWP 341)]
[Thread 0x7fffef3fe6c0 (LWP 341) exited]
[Thread 0x7fffefbff6c0 (LWP 340) exited]
[New Thread 0x7fffefbff6c0 (LWP 342)]
[New Thread 0x7fffef3fe6c0 (LWP 343)]
[Thread 0x7fffef3fe6c0 (LWP 343) exited]
[Thread 0x7fffefbff6c0 (LWP 342) exited]
[New Thread 0x7fffefbff6c0 (LWP 344)]
[New Thread 0x7fffef3fe6c0 (LWP 345)]
[Thread 0x7fffef3fe6c0 (LWP 345) exited]
[Thread 0x7fffefbff6c0 (LWP 344) exited]
[New Thread 0x7fffefbff6c0 (LWP 346)]
[New Thread 0x7fffef3fe6c0 (LWP 347)]
[Thread 0x7fffef3fe6c0 (LWP 347) exited]
[Thread 0x7fffefbff6c0 (LWP 346) exited]
[New Thread 0x7fffefbff6c0 (LWP 348)]
[New Thread 0x7fffef3fe6c0 (LWP 349)]
[Thread 0x7fffef3fe6c0 (LWP 349) exited]
[New Thread 0x7fffef3fe6c0 (LWP 350)]
[New Thread 0x7fffeebfd6c0 (LWP 351)]
[New Thread 0x7fffee3fc6c0 (LWP 352)]
[New Thread 0x7fffedbfb6c0 (LWP 353)]
[New Thread 0x7fffecfea6c0 (LWP 355)]
[New Thread 0x7fffcd9ff6c0 (LWP 356)]
[New Thread 0x7fffcd1fe6c0 (LWP 357)]
[Detaching after vfork from child process 359]
[Detaching after vfork from child process 361]
[Detaching after vfork from child process 363]
[Detaching after vfork from child process 365]
[Detaching after vfork from child process 367]
[Detaching after vfork from child process 369]
[Detaching after vfork from child process 371]
[New Thread 0x7fffcc9fd6c0 (LWP 373)]
[New Thread 0x7fffec40d6c0 (LWP 375)]
[New Thread 0x7fffec20c6c0 (LWP 376)]
[New Thread 0x7fffdc7ff6c0 (LWP 377)]
[New Thread 0x7fffdc5fe6c0 (LWP 378)]
[Detaching after fork from child process 379]
[New Thread 0x7fffdc3fd6c0 (LWP 382)]
[Detaching after fork from child process 383]
[New Thread 0x7fffbffff6c0 (LWP 388)]
[Thread 0x7fffdc7ff6c0 (LWP 377) exited]
[Thread 0x7fffec40d6c0 (LWP 375) exited]
[New Thread 0x7fffbf7fe6c0 (LWP 393)]
[New Thread 0x7fffbddff6c0 (LWP 394)]
[New Thread 0x7fffbd5fe6c0 (LWP 395)]
[New Thread 0x7fffbc5ff6c0 (LWP 396)]
[Thread 0x7fffbc5ff6c0 (LWP 396) exited]
[Detaching after vfork from child process 397]
[Thread 0x7fffbf7fe6c0 (LWP 393) exited]
[New Thread 0x7fffbeffd6c0 (LWP 403)]
[Thread 0x7fffbeffd6c0 (LWP 403) exited]
[New Thread 0x7fffbeffd6c0 (LWP 404)]
[New Thread 0x7fffbe7fc6c0 (LWP 405)]
[Detaching after vfork from child process 406]
[New Thread 0x7fffec40d6c0 (LWP 408)]
[New Thread 0x7fffdc7ff6c0 (LWP 409)]
[New Thread 0x7fffb9bff6c0 (LWP 410)]
[Detaching after fork from child process 411]
[New Thread 0x7fffb99fe6c0 (LWP 418)]
[New Thread 0x7fffb97fd6c0 (LWP 419)]
[New Thread 0x7fffb95fc6c0 (LWP 420)]
[New Thread 0x7fffb93fb6c0 (LWP 421)]
[Thread 0x7fffb93fb6c0 (LWP 421) exited]
[Thread 0x7fffb97fd6c0 (LWP 419) exited]
[Thread 0x7fffb99fe6c0 (LWP 418) exited]
[Thread 0x7fffb95fc6c0 (LWP 420) exited]
[New Thread 0x7fffb99fe6c0 (LWP 423)]
[New Thread 0x7fffb95fc6c0 (LWP 424)]
[New Thread 0x7fffb97fd6c0 (LWP 425)]
[New Thread 0x7fffb93fb6c0 (LWP 426)]
[Thread 0x7fffb93fb6c0 (LWP 426) exited]
[Thread 0x7fffb97fd6c0 (LWP 425) exited]
[Thread 0x7fffb95fc6c0 (LWP 424) exited]
[Thread 0x7fffb99fe6c0 (LWP 423) exited]
[New Thread 0x7fffb95fc6c0 (LWP 428)]
[New Thread 0x7fffb97fd6c0 (LWP 429)]
[New Thread 0x7fffb93fb6c0 (LWP 430)]
[New Thread 0x7fffb99fe6c0 (LWP 431)]
[Thread 0x7fffb99fe6c0 (LWP 431) exited]
[Thread 0x7fffb93fb6c0 (LWP 430) exited]
[Thread 0x7fffb97fd6c0 (LWP 429) exited]
[Thread 0x7fffb95fc6c0 (LWP 428) exited]
[New Thread 0x7fffb95fc6c0 (LWP 432)]
[Detaching after fork from child process 433]
[New Thread 0x7fffb99fe6c0 (LWP 440)]
[New Thread 0x7fffb97fd6c0 (LWP 441)]
[New Thread 0x7fffb93fb6c0 (LWP 442)]
[New Thread 0x7fffb91fa6c0 (LWP 443)]
[Thread 0x7fffb91fa6c0 (LWP 443) exited]
[Thread 0x7fffb93fb6c0 (LWP 442) exited]
[Thread 0x7fffb97fd6c0 (LWP 441) exited]
[Thread 0x7fffb99fe6c0 (LWP 440) exited]
[New Thread 0x7fffb99fe6c0 (LWP 445)]
[New Thread 0x7fffb93fb6c0 (LWP 446)]
[New Thread 0x7fffb91fa6c0 (LWP 447)]
[New Thread 0x7fffb97fd6c0 (LWP 448)]
[Thread 0x7fffb97fd6c0 (LWP 448) exited]
[Thread 0x7fffb91fa6c0 (LWP 447) exited]
[Thread 0x7fffb99fe6c0 (LWP 445) exited]
[Thread 0x7fffb93fb6c0 (LWP 446) exited]
[New Thread 0x7fffb93fb6c0 (LWP 450)]
[New Thread 0x7fffb99fe6c0 (LWP 451)]
[New Thread 0x7fffb91fa6c0 (LWP 452)]
[New Thread 0x7fffb97fd6c0 (LWP 453)]
[Thread 0x7fffb97fd6c0 (LWP 453) exited]
[Thread 0x7fffb91fa6c0 (LWP 452) exited]
[Thread 0x7fffb93fb6c0 (LWP 450) exited]
[Thread 0x7fffb99fe6c0 (LWP 451) exited]
[New Thread 0x7fffb99fe6c0 (LWP 455)]
[New Thread 0x7fffb97fd6c0 (LWP 456)]
[New Thread 0x7fffb93fb6c0 (LWP 457)]
[New Thread 0x7fffb91fa6c0 (LWP 458)]
[Thread 0x7fffb91fa6c0 (LWP 458) exited]
[Thread 0x7fffb93fb6c0 (LWP 457) exited]
[Thread 0x7fffb97fd6c0 (LWP 456) exited]
[Thread 0x7fffb99fe6c0 (LWP 455) exited]
[New Thread 0x7fffb91fa6c0 (LWP 460)]
[New Thread 0x7fffb99fe6c0 (LWP 461)]
[New Thread 0x7fffb97fd6c0 (LWP 462)]
[New Thread 0x7fffb93fb6c0 (LWP 463)]
[Thread 0x7fffb93fb6c0 (LWP 463) exited]
[Thread 0x7fffb97fd6c0 (LWP 462) exited]
[Thread 0x7fffb99fe6c0 (LWP 461) exited]
[Thread 0x7fffb91fa6c0 (LWP 460) exited]
[New Thread 0x7fffb91fa6c0 (LWP 465)]
[New Thread 0x7fffb99fe6c0 (LWP 466)]
[New Thread 0x7fffb97fd6c0 (LWP 467)]
[New Thread 0x7fffb93fb6c0 (LWP 468)]
[Thread 0x7fffb97fd6c0 (LWP 467) exited]
[Thread 0x7fffb99fe6c0 (LWP 466) exited]
[Thread 0x7fffb91fa6c0 (LWP 465) exited]
[Thread 0x7fffb93fb6c0 (LWP 468) exited]
[New Thread 0x7fffb93fb6c0 (LWP 470)]
[New Thread 0x7fffb97fd6c0 (LWP 471)]
[New Thread 0x7fffb91fa6c0 (LWP 472)]
[New Thread 0x7fffb99fe6c0 (LWP 473)]
[Thread 0x7fffb93fb6c0 (LWP 470) exited]
[Thread 0x7fffb91fa6c0 (LWP 472) exited]
[Thread 0x7fffb99fe6c0 (LWP 473) exited]
[Thread 0x7fffb97fd6c0 (LWP 471) exited]
[New Thread 0x7fffb99fe6c0 (LWP 475)]
[New Thread 0x7fffb91fa6c0 (LWP 476)]
[New Thread 0x7fffb97fd6c0 (LWP 477)]
[New Thread 0x7fffb93fb6c0 (LWP 478)]
[Thread 0x7fffb93fb6c0 (LWP 478) exited]
[Thread 0x7fffb97fd6c0 (LWP 477) exited]
[Thread 0x7fffb91fa6c0 (LWP 476) exited]
[Thread 0x7fffb99fe6c0 (LWP 475) exited]
[New Thread 0x7fffb97fd6c0 (LWP 480)]
[New Thread 0x7fffb93fb6c0 (LWP 481)]
[New Thread 0x7fffb99fe6c0 (LWP 482)]
[New Thread 0x7fffb91fa6c0 (LWP 483)]
[Thread 0x7fffb91fa6c0 (LWP 483) exited]
[Thread 0x7fffb99fe6c0 (LWP 482) exited]
[Thread 0x7fffb93fb6c0 (LWP 481) exited]
[Thread 0x7fffb97fd6c0 (LWP 480) exited]
[New Thread 0x7fffb91fa6c0 (LWP 485)]
[New Thread 0x7fffb97fd6c0 (LWP 486)]
[New Thread 0x7fffb99fe6c0 (LWP 487)]
[New Thread 0x7fffb93fb6c0 (LWP 488)]
[Thread 0x7fffb93fb6c0 (LWP 488) exited]
[Thread 0x7fffb99fe6c0 (LWP 487) exited]
[Thread 0x7fffb97fd6c0 (LWP 486) exited]
[Thread 0x7fffb91fa6c0 (LWP 485) exited]
[New Thread 0x7fffb97fd6c0 (LWP 490)]
[New Thread 0x7fffb99fe6c0 (LWP 491)]
[New Thread 0x7fffb91fa6c0 (LWP 492)]
[New Thread 0x7fffb93fb6c0 (LWP 493)]
[Thread 0x7fffb91fa6c0 (LWP 492) exited]
[Thread 0x7fffb99fe6c0 (LWP 491) exited]
[Thread 0x7fffb97fd6c0 (LWP 490) exited]
[Thread 0x7fffb93fb6c0 (LWP 493) exited]
[Thread 0x7fffec40d6c0 (LWP 408) exited]
[Thread 0x7fffdc7ff6c0 (LWP 409) exited]
[Detaching after vfork from child process 494]
[Detaching after vfork from child process 497]
[Detaching after vfork from child process 505]
[Detaching after vfork from child process 508]
[Detaching after vfork from child process 516]
[Detaching after vfork from child process 519]
[Detaching after vfork from child process 527]
[Detaching after vfork from child process 530]
[Thread 0x7fffbd5fe6c0 (LWP 395) exited]
[Thread 0x7fffbe7fc6c0 (LWP 405) exited]
[Thread 0x7fffbeffd6c0 (LWP 404) exited]
[Thread 0x7fffb95fc6c0 (LWP 432) exited]
[Thread 0x7fffb9bff6c0 (LWP 410) exited]
[Thread 0x7fffbddff6c0 (LWP 394) exited]
[Thread 0x7fffbffff6c0 (LWP 388) exited]
[Thread 0x7fffdc3fd6c0 (LWP 382) exited]
[Thread 0x7fffdc5fe6c0 (LWP 378) exited]
[Thread 0x7fffec20c6c0 (LWP 376) exited]
[Thread 0x7fffcc9fd6c0 (LWP 373) exited]
[Thread 0x7fffcd1fe6c0 (LWP 357) exited]
[Thread 0x7fffcd9ff6c0 (LWP 356) exited]
[Thread 0x7fffecfea6c0 (LWP 355) exited]
[Thread 0x7fffedbfb6c0 (LWP 353) exited]
[Thread 0x7fffee3fc6c0 (LWP 352) exited]
[Thread 0x7fffeebfd6c0 (LWP 351) exited]
[Thread 0x7fffef3fe6c0 (LWP 350) exited]
[Thread 0x7fffefbff6c0 (LWP 348) exited]
[Inferior 1 (process 337) exited normally]
