[Thread debugging using libthread_db enabled]
Using host libthread_db library "/usr/lib/libthread_db.so.1".
[New Thread 0x7fffefbff6c0 (LWP 103)]
[New Thread 0x7fffef3fe6c0 (LWP 104)]
[Thread 0x7fffef3fe6c0 (LWP 104) exited]
[Thread 0x7fffefbff6c0 (LWP 103) exited]
[New Thread 0x7fffefbff6c0 (LWP 105)]
[New Thread 0x7fffef3fe6c0 (LWP 106)]
[Thread 0x7fffef3fe6c0 (LWP 106) exited]
[Thread 0x7fffefbff6c0 (LWP 105) exited]
[New Thread 0x7fffefbff6c0 (LWP 107)]
[New Thread 0x7fffef3fe6c0 (LWP 108)]
[Thread 0x7fffef3fe6c0 (LWP 108) exited]
[Thread 0x7fffefbff6c0 (LWP 107) exited]
[New Thread 0x7fffefbff6c0 (LWP 109)]
[New Thread 0x7fffef3fe6c0 (LWP 110)]
[Thread 0x7fffef3fe6c0 (LWP 110) exited]
[Thread 0x7fffefbff6c0 (LWP 109) exited]
[New Thread 0x7fffefbff6c0 (LWP 111)]
[New Thread 0x7fffef3fe6c0 (LWP 112)]
[Thread 0x7fffef3fe6c0 (LWP 112) exited]
[New Thread 0x7fffef3fe6c0 (LWP 113)]
[New Thread 0x7fffeebfd6c0 (LWP 114)]
[New Thread 0x7fffee3fc6c0 (LWP 115)]
[New Thread 0x7fffedbfb6c0 (LWP 116)]
[New Thread 0x7fffecfea6c0 (LWP 117)]
[New Thread 0x7fffcd9ff6c0 (LWP 118)]
[New Thread 0x7fffcd1fe6c0 (LWP 119)]
[Detaching after vfork from child process 121]
[Detaching after vfork from child process 123]
[Detaching after vfork from child process 125]
[Detaching after vfork from child process 127]
[Detaching after vfork from child process 129]
[Detaching after vfork from child process 131]
[Detaching after vfork from child process 133]
[New Thread 0x7fffcc9fd6c0 (LWP 136)]
[New Thread 0x7fffec40d6c0 (LWP 137)]
[New Thread 0x7fffec20c6c0 (LWP 138)]
[New Thread 0x7fffdc7ff6c0 (LWP 139)]
[Detaching after fork from child process 140]
[New Thread 0x7fffdc5fe6c0 (LWP 143)]
[Detaching after fork from child process 144]
[New Thread 0x7fffbffff6c0 (LWP 150)]
[Thread 0x7fffec40d6c0 (LWP 137) exited]
[New Thread 0x7fffbf7fe6c0 (LWP 154)]
[New Thread 0x7fffbddff6c0 (LWP 155)]
[New Thread 0x7fffbd5fe6c0 (LWP 156)]
[New Thread 0x7fffbc5ff6c0 (LWP 159)]
[Thread 0x7fffbc5ff6c0 (LWP 159) exited]
[Detaching after vfork from child process 162]
[Thread 0x7fffbf7fe6c0 (LWP 154) exited]
[New Thread 0x7fffbeffd6c0 (LWP 164)]
[Thread 0x7fffbeffd6c0 (LWP 164) exited]
[New Thread 0x7fffbeffd6c0 (LWP 165)]
[New Thread 0x7fffbe7fc6c0 (LWP 166)]
[Detaching after vfork from child process 167]
[New Thread 0x7fffec40d6c0 (LWP 169)]
[New Thread 0x7fffbbdfe6c0 (LWP 170)]
[New Thread 0x7fffbbbfd6c0 (LWP 171)]
[Detaching after fork from child process 172]
[New Thread 0x7fffbb9fc6c0 (LWP 179)]
[New Thread 0x7fffb95ff6c0 (LWP 180)]
[New Thread 0x7fffb93fe6c0 (LWP 181)]
[New Thread 0x7fffb91fd6c0 (LWP 182)]
[Thread 0x7fffb91fd6c0 (LWP 182) exited]
[Thread 0x7fffb93fe6c0 (LWP 181) exited]
[Thread 0x7fffb95ff6c0 (LWP 180) exited]
[Thread 0x7fffbb9fc6c0 (LWP 179) exited]
[New Thread 0x7fffb93fe6c0 (LWP 184)]
[New Thread 0x7fffb95ff6c0 (LWP 185)]
[New Thread 0x7fffbb9fc6c0 (LWP 186)]
[New Thread 0x7fffb91fd6c0 (LWP 187)]
[Thread 0x7fffb91fd6c0 (LWP 187) exited]
[Thread 0x7fffbb9fc6c0 (LWP 186) exited]
[Thread 0x7fffb95ff6c0 (LWP 185) exited]
[Thread 0x7fffb93fe6c0 (LWP 184) exited]
[New Thread 0x7fffb95ff6c0 (LWP 189)]
[New Thread 0x7fffbb9fc6c0 (LWP 190)]
[New Thread 0x7fffb93fe6c0 (LWP 191)]
[New Thread 0x7fffb91fd6c0 (LWP 192)]
[Thread 0x7fffb91fd6c0 (LWP 192) exited]
[Thread 0x7fffb93fe6c0 (LWP 191) exited]
[Thread 0x7fffbb9fc6c0 (LWP 190) exited]
[Thread 0x7fffb95ff6c0 (LWP 189) exited]
[New Thread 0x7fffb93fe6c0 (LWP 193)]
[Detaching after fork from child process 194]
[New Thread 0x7fffbb9fc6c0 (LWP 201)]
[New Thread 0x7fffb91fd6c0 (LWP 202)]
[New Thread 0x7fffb95ff6c0 (LWP 203)]
[New Thread 0x7fffb8ffc6c0 (LWP 204)]
[Thread 0x7fffb8ffc6c0 (LWP 204) exited]
[Thread 0x7fffb95ff6c0 (LWP 203) exited]
[Thread 0x7fffb91fd6c0 (LWP 202) exited]
[Thread 0x7fffbb9fc6c0 (LWP 201) exited]
[New Thread 0x7fffb95ff6c0 (LWP 206)]
[New Thread 0x7fffbb9fc6c0 (LWP 207)]
[New Thread 0x7fffb91fd6c0 (LWP 208)]
[New Thread 0x7fffb8ffc6c0 (LWP 209)]
[Thread 0x7fffb8ffc6c0 (LWP 209) exited]
[Thread 0x7fffb91fd6c0 (LWP 208) exited]
[Thread 0x7fffbb9fc6c0 (LWP 207) exited]
[Thread 0x7fffb95ff6c0 (LWP 206) exited]
[New Thread 0x7fffb91fd6c0 (LWP 211)]
[New Thread 0x7fffbb9fc6c0 (LWP 212)]
[New Thread 0x7fffb95ff6c0 (LWP 213)]
[New Thread 0x7fffb8ffc6c0 (LWP 214)]
[Thread 0x7fffb8ffc6c0 (LWP 214) exited]
[Thread 0x7fffb95ff6c0 (LWP 213) exited]
[Thread 0x7fffbb9fc6c0 (LWP 212) exited]
[Thread 0x7fffb91fd6c0 (LWP 211) exited]
[New Thread 0x7fffbb9fc6c0 (LWP 216)]
[New Thread 0x7fffb95ff6c0 (LWP 217)]
[New Thread 0x7fffb91fd6c0 (LWP 218)]
[New Thread 0x7fffb8ffc6c0 (LWP 219)]
[Thread 0x7fffb8ffc6c0 (LWP 219) exited]
[Thread 0x7fffb91fd6c0 (LWP 218) exited]
[Thread 0x7fffb95ff6c0 (LWP 217) exited]
[Thread 0x7fffbb9fc6c0 (LWP 216) exited]
[New Thread 0x7fffb91fd6c0 (LWP 221)]
[New Thread 0x7fffb8ffc6c0 (LWP 222)]
[New Thread 0x7fffb95ff6c0 (LWP 223)]
[New Thread 0x7fffbb9fc6c0 (LWP 224)]
[Thread 0x7fffb95ff6c0 (LWP 223) exited]
[Thread 0x7fffbb9fc6c0 (LWP 224) exited]
[Thread 0x7fffb8ffc6c0 (LWP 222) exited]
[Thread 0x7fffb91fd6c0 (LWP 221) exited]
[New Thread 0x7fffb95ff6c0 (LWP 226)]
[New Thread 0x7fffb8ffc6c0 (LWP 227)]
[New Thread 0x7fffbb9fc6c0 (LWP 228)]
[New Thread 0x7fffb91fd6c0 (LWP 229)]
[Thread 0x7fffb91fd6c0 (LWP 229) exited]
[Thread 0x7fffbb9fc6c0 (LWP 228) exited]
[Thread 0x7fffb8ffc6c0 (LWP 227) exited]
[Thread 0x7fffb95ff6c0 (LWP 226) exited]
[New Thread 0x7fffbb9fc6c0 (LWP 231)]
[New Thread 0x7fffb8ffc6c0 (LWP 232)]
[New Thread 0x7fffb91fd6c0 (LWP 233)]
[New Thread 0x7fffb95ff6c0 (LWP 234)]
[Thread 0x7fffb95ff6c0 (LWP 234) exited]
[Thread 0x7fffb91fd6c0 (LWP 233) exited]
[Thread 0x7fffb8ffc6c0 (LWP 232) exited]
[Thread 0x7fffbb9fc6c0 (LWP 231) exited]
[New Thread 0x7fffb91fd6c0 (LWP 236)]
[New Thread 0x7fffbb9fc6c0 (LWP 237)]
[New Thread 0x7fffb95ff6c0 (LWP 238)]
[New Thread 0x7fffb8ffc6c0 (LWP 239)]
[Thread 0x7fffb8ffc6c0 (LWP 239) exited]
[Thread 0x7fffb95ff6c0 (LWP 238) exited]
[Thread 0x7fffbb9fc6c0 (LWP 237) exited]
[Thread 0x7fffb91fd6c0 (LWP 236) exited]
[New Thread 0x7fffb95ff6c0 (LWP 241)]
[New Thread 0x7fffbb9fc6c0 (LWP 242)]
[New Thread 0x7fffb91fd6c0 (LWP 243)]
[New Thread 0x7fffb8ffc6c0 (LWP 244)]
[Thread 0x7fffb8ffc6c0 (LWP 244) exited]
[Thread 0x7fffb91fd6c0 (LWP 243) exited]
[Thread 0x7fffbb9fc6c0 (LWP 242) exited]
[Thread 0x7fffb95ff6c0 (LWP 241) exited]
[New Thread 0x7fffb95ff6c0 (LWP 246)]
[New Thread 0x7fffbb9fc6c0 (LWP 247)]
[New Thread 0x7fffb8ffc6c0 (LWP 248)]
[New Thread 0x7fffb91fd6c0 (LWP 249)]
[Thread 0x7fffb8ffc6c0 (LWP 248) exited]
[Thread 0x7fffb91fd6c0 (LWP 249) exited]
[Thread 0x7fffbb9fc6c0 (LWP 247) exited]
[Thread 0x7fffb95ff6c0 (LWP 246) exited]
[New Thread 0x7fffb91fd6c0 (LWP 251)]
[New Thread 0x7fffbb9fc6c0 (LWP 252)]
[New Thread 0x7fffb95ff6c0 (LWP 253)]
[New Thread 0x7fffb8ffc6c0 (LWP 254)]
[Thread 0x7fffb8ffc6c0 (LWP 254) exited]
[Thread 0x7fffb95ff6c0 (LWP 253) exited]
[Thread 0x7fffbb9fc6c0 (LWP 252) exited]
[Thread 0x7fffb91fd6c0 (LWP 251) exited]
[Thread 0x7fffec40d6c0 (LWP 169) exited]
[Thread 0x7fffbbdfe6c0 (LWP 170) exited]
[Detaching after vfork from child process 255]
[Detaching after vfork from child process 258]
[Detaching after vfork from child process 266]
[Detaching after vfork from child process 269]
[Detaching after vfork from child process 277]
[Detaching after vfork from child process 280]
[Detaching after vfork from child process 288]
[Detaching after vfork from child process 292]
[Thread 0x7fffbd5fe6c0 (LWP 156) exited]
[Thread 0x7fffbe7fc6c0 (LWP 166) exited]
[Thread 0x7fffbeffd6c0 (LWP 165) exited]
[Thread 0x7fffbddff6c0 (LWP 155) exited]
[Thread 0x7fffbbbfd6c0 (LWP 171) exited]
[Thread 0x7fffdc5fe6c0 (LWP 143) exited]
[Thread 0x7fffdc7ff6c0 (LWP 139) exited]
[Thread 0x7fffec20c6c0 (LWP 138) exited]
[Thread 0x7fffcd1fe6c0 (LWP 119) exited]
[Thread 0x7fffecfea6c0 (LWP 117) exited]
[Thread 0x7fffedbfb6c0 (LWP 116) exited]
[Thread 0x7fffee3fc6c0 (LWP 115) exited]
[Thread 0x7fffeebfd6c0 (LWP 114) exited]
[Thread 0x7fffef3fe6c0 (LWP 113) exited]
[Thread 0x7fffefbff6c0 (LWP 111) exited]
[Thread 0x7ffff24f8500 (LWP 100) exited]
[Thread 0x7fffbffff6c0 (LWP 150) exited]
[Thread 0x7fffb93fe6c0 (LWP 193) exited]
[Thread 0x7fffcd9ff6c0 (LWP 118) exited]
[Thread 0x7fffcc9fd6c0 (LWP 136) exited]
[New process 100]
[Inferior 1 (process 100) exited normally]
