[1/104] Building CXX object libs/s52plib/CMakeFiles/S52PLIB.dir/src/chartsymbols.cpp.o
[2/104] Building CXX object libs/s52plib/CMakeFiles/S52PLIB.dir/src/s52cnsy.cpp.o
[3/104] Building CXX object libs/s52plib/CMakeFiles/S52PLIB.dir/src/s52plib.cpp.o
/home/standard/Projects/X-nav-worktrees/skager-product-integration/build/integration-source/libs/s52plib/src/s52plib.cpp: In member function ‘void s52plib::PLIB_LoadS57ObjectConfig(wxFileConfig*)’:
/home/standard/Projects/X-nav-worktrees/skager-product-integration/build/integration-source/libs/s52plib/src/s52plib.cpp:10172:28: warning: ‘char* strncpy(char*, const char*, size_t)’ specified bound 6 equals destination size [-Wstringop-truncation]
10172 |                     strncpy( pOLE->OBJLName, sObj.mb_str(), 6 );
      |                     ~~~~~~~^~~~~~~~~~~~~~~~~~~~~~~~~~~~~~~~~~~~
[4/104] Building CXX object libs/ShapefileCpp/CMakeFiles/ShapefileCppLib.dir/__/__/b2681f8/lib/src/ShapefileReader.cpp.o
[5/104] Building CXX object libs/ShapefileCpp/CMakeFiles/ShapefileCppLib.dir/__/__/b2681f8/lib/src/Schema.cpp.o
[6/104] Building CXX object libs/s52plib/CMakeFiles/S52PLIB.dir/src/mygeom.cpp.o
[7/104] Linking CXX static library libs/s52plib/libS52PLIB.a
[8/104] Building CXX object libs/ShapefileCpp/CMakeFiles/ShapefileCppLib.dir/__/__/b2681f8/lib/src/FeatureIterator.cpp.o
[9/104] Building CXX object libs/ShapefileCpp/CMakeFiles/ShapefileCppLib.dir/__/__/b2681f8/lib/src/GeometryType.cpp.o
[10/104] Building CXX object libs/ShapefileCpp/CMakeFiles/ShapefileCppLib.dir/__/__/b2681f8/lib/src/Geometry.cpp.o
[11/104] Building CXX object libs/ShapefileCpp/CMakeFiles/ShapefileCppLib.dir/__/__/b2681f8/lib/src/Bounds.cpp.o
[12/104] Building CXX object libs/ShapefileCpp/CMakeFiles/ShapefileCppLib.dir/__/__/b2681f8/lib/src/Point.cpp.o
[13/104] Building CXX object libs/ShapefileCpp/CMakeFiles/ShapefileCppLib.dir/__/__/b2681f8/lib/src/Line.cpp.o
[14/104] Building CXX object libs/ShapefileCpp/CMakeFiles/ShapefileCppLib.dir/__/__/b2681f8/lib/src/Ring.cpp.o
[15/104] Building CXX object libs/ShapefileCpp/CMakeFiles/ShapefileCppLib.dir/__/__/b2681f8/lib/src/Polygon.cpp.o
[16/104] Building CXX object libs/ShapefileCpp/CMakeFiles/ShapefileCppLib.dir/__/__/b2681f8/lib/src/MultiPoint.cpp.o
[17/104] Building CXX object libs/ShapefileCpp/CMakeFiles/ShapefileCppLib.dir/__/__/b2681f8/lib/src/MultiLine.cpp.o
[18/104] Building CXX object libs/ShapefileCpp/CMakeFiles/ShapefileCppLib.dir/__/__/b2681f8/lib/src/MultiPolygon.cpp.o
[19/104] Building CXX object libs/ShapefileCpp/CMakeFiles/ShapefileCppLib.dir/__/__/b2681f8/lib/src/Feature.cpp.o
[20/104] Building CXX object libs/ShapefileCpp/CMakeFiles/ShapefileCppLib.dir/__/__/b2681f8/lib/src/FieldType.cpp.o
[21/104] cd /home/standard/Projects/X-nav-worktrees/skager-product-integration/build/xnav-linux/libs/libdnet && /home/standard/Projects/X-nav/.local/sysroot/usr/bin/cmake -E echo Built\ the\ libdnet\ library
Built the libdnet library
[22/104] Building CXX object libs/ShapefileCpp/CMakeFiles/ShapefileCppLib.dir/__/__/b2681f8/lib/src/Field.cpp.o
[23/104] Building CXX object CMakeFiles/opencpn.dir/gui/src/about.cpp.o
[24/104] Building CXX object CMakeFiles/opencpn.dir/gui/src/ais.cpp.o
[25/104] Building CXX object CMakeFiles/opencpn.dir/gui/src/ais_info_gui.cpp.o
[26/104] Building CXX object CMakeFiles/opencpn.dir/gui/src/AISTargetAlertDialog.cpp.o
[27/104] Building CXX object CMakeFiles/opencpn.dir/gui/src/AISTargetListDialog.cpp.o
[28/104] Building CXX object CMakeFiles/opencpn.dir/gui/src/AISTargetQueryDialog.cpp.o
[29/104] Building CXX object CMakeFiles/opencpn.dir/gui/src/CanvasConfig.cpp.o
[30/104] Building CXX object CMakeFiles/opencpn.dir/gui/src/CanvasOptions.cpp.o
[31/104] Building CXX object CMakeFiles/opencpn.dir/gui/src/canvasMenu.cpp.o
[32/104] Building CXX object CMakeFiles/opencpn.dir/gui/src/chartdb.cpp.o
[33/104] Building CXX object CMakeFiles/opencpn.dir/gui/src/chartdbs.cpp.o
[34/104] Building CXX object CMakeFiles/opencpn.dir/gui/src/cm93.cpp.o
[35/104] Building CXX object CMakeFiles/opencpn.dir/gui/src/chcanv.cpp.o
[36/104] Building CXX object CMakeFiles/opencpn.dir/gui/src/color_handler.cpp.o
[37/104] Building CXX object CMakeFiles/opencpn.dir/gui/src/compass.cpp.o
[38/104] Building CXX object CMakeFiles/opencpn.dir/gui/src/concanv.cpp.o
[39/104] Building CXX object CMakeFiles/opencpn.dir/gui/src/connection_edit.cpp.o
[40/104] Building CXX object CMakeFiles/opencpn.dir/gui/src/ConfigMgr.cpp.o
[41/104] Building CXX object CMakeFiles/opencpn.dir/gui/src/conn_params_panel.cpp.o
[42/104] Building CXX object CMakeFiles/opencpn.dir/gui/src/connections_dlg.cpp.o
[43/104] Building CXX object CMakeFiles/opencpn.dir/gui/src/DetailSlider.cpp.o
[44/104] Building CXX object CMakeFiles/opencpn.dir/gui/src/download_mgr.cpp.o
[45/104] Building CXX object CMakeFiles/opencpn.dir/gui/src/GoToPositionDialog.cpp.o
[46/104] Building CXX object CMakeFiles/opencpn.dir/gui/src/gshhs.cpp.o
[47/104] Building CXX object CMakeFiles/opencpn.dir/gui/src/iENCToolbar.cpp.o
[48/104] Building CXX object CMakeFiles/opencpn.dir/gui/src/kml.cpp.o
[49/104] Building CXX object CMakeFiles/opencpn.dir/gui/src/MarkInfo.cpp.o
[50/104] Building CXX object CMakeFiles/opencpn.dir/gui/src/mbtiles/mbtiles.cpp.o
[51/104] Building CXX object CMakeFiles/opencpn.dir/gui/src/mbtiles/tile_thread.cpp.o
[52/104] Building CXX object CMakeFiles/opencpn.dir/gui/src/mbtiles/tile_cache.cpp.o
[53/104] Building CXX object CMakeFiles/opencpn.dir/gui/src/MUIBar.cpp.o
[54/104] Building CXX object CMakeFiles/opencpn.dir/gui/src/notification_manager_gui.cpp.o
[55/104] Building CXX object CMakeFiles/opencpn.dir/gui/src/navutil.cpp.o
[56/104] Building CXX object CMakeFiles/opencpn.dir/gui/src/ocpn_plugin_gui.cpp.o
[57/104] Building CXX object CMakeFiles/opencpn.dir/gui/src/ocpn_app.cpp.o
[58/104] Building CXX object CMakeFiles/opencpn.dir/gui/src/OCPN_AUIManager.cpp.o
[59/104] Building CXX object CMakeFiles/opencpn.dir/gui/src/ocpndc.cpp.o
[60/104] Building CXX object CMakeFiles/opencpn.dir/gui/src/OCPNPlatform.cpp.o
[61/104] Building CXX object CMakeFiles/opencpn.dir/gui/src/ocpn_frame.cpp.o
[62/104] Building CXX object CMakeFiles/opencpn.dir/gui/src/Osenc.cpp.o
[63/104] Building CXX object CMakeFiles/opencpn.dir/gui/src/peer_client_dlg.cpp.o
[64/104] Building CXX object CMakeFiles/opencpn.dir/gui/src/piano.cpp.o
[65/104] Building CXX object CMakeFiles/opencpn.dir/gui/src/options.cpp.o
[66/104] Building CXX object CMakeFiles/opencpn.dir/gui/src/printout_base.cpp.o
[67/104] Building CXX object CMakeFiles/opencpn.dir/gui/src/printout_chart.cpp.o
[68/104] Building CXX object CMakeFiles/opencpn.dir/gui/src/pluginmanager.cpp.o
[69/104] Building CXX object CMakeFiles/opencpn.dir/gui/src/priority_gui.cpp.o
[70/104] Building CXX object CMakeFiles/opencpn.dir/gui/src/Quilt.cpp.o
[71/104] Building CXX object CMakeFiles/opencpn.dir/gui/src/rest_server_gui.cpp.o
[72/104] Building CXX object CMakeFiles/opencpn.dir/gui/src/RolloverWin.cpp.o
[73/104] Building CXX object CMakeFiles/opencpn.dir/gui/src/route_gui.cpp.o
[74/104] Building CXX object CMakeFiles/opencpn.dir/gui/src/routeman_gui.cpp.o
[75/104] Building CXX object CMakeFiles/opencpn.dir/gui/src/routemanagerdialog.cpp.o
[76/104] Building CXX object CMakeFiles/opencpn.dir/gui/src/route_point_gui.cpp.o
[77/104] Building CXX object CMakeFiles/opencpn.dir/gui/src/route_printout.cpp.o
[78/104] Building CXX object CMakeFiles/opencpn.dir/gui/src/s57obj.cpp.o
[79/104] Building CXX object CMakeFiles/opencpn.dir/gui/src/RoutePropDlgImpl.cpp.o
[80/104] Building CXX object CMakeFiles/opencpn.dir/gui/src/SencManager.cpp.o
[81/104] Building CXX object CMakeFiles/opencpn.dir/gui/src/SendToPeerDlg.cpp.o
[82/104] Building CXX object CMakeFiles/opencpn.dir/gui/src/s57chart.cpp.o
[83/104] Building CXX object CMakeFiles/opencpn.dir/gui/src/shapefile_basemap.cpp.o
[84/104] Building CXX object CMakeFiles/opencpn.dir/gui/src/TCWin.cpp.o
[85/104] Building CXX object CMakeFiles/opencpn.dir/gui/src/track_gui.cpp.o
[86/104] Building CXX object CMakeFiles/opencpn.dir/gui/src/toolbar.cpp.o
[87/104] Building CXX object CMakeFiles/opencpn.dir/gui/src/track_printout.cpp.o
[88/104] Building CXX object CMakeFiles/opencpn.dir/gui/src/undo.cpp.o
[89/104] Building CXX object CMakeFiles/opencpn.dir/gui/src/TrackPropDlg.cpp.o
[90/104] Building CXX object CMakeFiles/opencpn.dir/gui/src/update_mgr.cpp.o
[91/104] Building CXX object CMakeFiles/opencpn.dir/gui/src/viewport.cpp.o
[92/104] Building CXX object CMakeFiles/opencpn.dir/gui/src/glTexCache.cpp.o
[93/104] Building CXX object CMakeFiles/opencpn.dir/gui/src/glTextureManager.cpp.o
[94/104] Building CXX object CMakeFiles/opencpn.dir/gui/src/glChartCanvas.cpp.o
[95/104] Building CXX object CMakeFiles/opencpn.dir/home/standard/Projects/X-nav-worktrees/waypoint-touch-regression/src/integration/PreviewDiagnostics.cpp.o
[96/104] Building CXX object CMakeFiles/opencpn.dir/home/standard/Projects/X-nav-worktrees/waypoint-touch-regression/src/integration/InstallerSelfTest.cpp.o
[97/104] Building CXX object CMakeFiles/opencpn.dir/home/standard/Projects/X-nav-worktrees/waypoint-touch-regression/src/integration/OpenCPNIntegration.cpp.o
[98/104] Building CXX object CMakeFiles/opencpn.dir/home/standard/Projects/X-nav-worktrees/waypoint-touch-regression/src/integration/NavigationObjects.cpp.o
[99/104] Building CXX object CMakeFiles/opencpn.dir/home/standard/Projects/X-nav-worktrees/waypoint-touch-regression/src/integration/NavigationActions.cpp.o
[100/104] Building CXX object CMakeFiles/opencpn.dir/home/standard/Projects/X-nav-worktrees/waypoint-touch-regression/tests/RouteProgressScenario.cpp.o
[101/104] Building CXX object CMakeFiles/opencpn.dir/home/standard/Projects/X-nav-worktrees/waypoint-touch-regression/src/integration/ChartPresentation.cpp.o
[102/104] Linking CXX static library libs/ShapefileCpp/libShapefileCppLib.a
[103/104] Building CXX object CMakeFiles/opencpn.dir/home/standard/Projects/X-nav-worktrees/waypoint-touch-regression/tests/NavigationObjectScenario.cpp.o
[104/104] Linking CXX executable opencpn
