03:13:24.805 MESSAGE ocpn_app.cpp:1273 

________

03:13:24.805    INFO logger.cpp:131 ------- OpenCPN version 5.12.4 restarted at 2026-10-03 -------

03:13:24.805    INFO logger.cpp:131 Using loglevel INFO
03:13:24.805 MESSAGE ocpn_app.cpp:1296 wxWidgets version: wxWidgets 3.2.11 Linux 64 bit wxGTK
03:13:24.811 MESSAGE ocpn_app.cpp:1301 OS Version reports as:  7.2
03:13:24.811 MESSAGE ocpn_app.cpp:1303 MemoryStatus:  mem_total: 7807 mb,  mem_initial: 831 mb
03:13:24.811 MESSAGE ocpn_app.cpp:1315 OCPN_OSDetail:  x86_64 ; Omarchy ; 4.0.4 ; omarchy ; arch
03:13:24.811 MESSAGE ocpn_app.cpp:1319 SData_Locn is /home/standard/Projects/X-nav-worktrees/waypoint-touch-regression/build/xnav-install/share/opencpn/
03:13:24.812 MESSAGE ocpn_app.cpp:1337 PrivateDataDir is /tmp/sr252-b0xa6j_7/profile
03:13:24.814 MESSAGE ocpn_app.cpp:1403 Using existing Config_File: /tmp/sr252-b0xa6j_7/profile/opencpn.conf
03:13:24.814 MESSAGE navutil.cpp:1130 winPluginDir, read from ini file: 
03:13:24.814 MESSAGE navutil.cpp:1177 Setting Viewpoint Lat/Lon 56.9, 12.8
03:13:24.814 MESSAGE navutil.cpp:3051 Switch InlandEcdis mode Off
03:13:24.815 MESSAGE ConfigMgr.cpp:526 Creating new Configs catalog: /tmp/sr252-b0xa6j_7/profile/Configs/configs.xml
03:13:24.815 MESSAGE ConfigMgr.cpp:547 Loading Configs catalog: /tmp/sr252-b0xa6j_7/profile/Configs/configs.xml
03:13:24.861 MESSAGE OpenCPNIntegration.cpp:374 SKAGER startup: xnav
03:13:24.866 MESSAGE styles.cpp:841 Styles loading from /home/standard/Projects/X-nav-worktrees/waypoint-touch-regression/build/xnav-install/share/opencpn/uidata/styles.xml
03:13:24.874 MESSAGE styles.cpp:818 No styles found at: /home/standard/
03:13:24.880 MESSAGE styles.cpp:818 No styles found at: /home/standard/.opencpn/
03:13:24.896 MESSAGE styles.cpp:775 Using SVG Icons
03:13:24.896 MESSAGE ocpn_app.cpp:1467 Detected display size (horizontal): 338 mm
03:13:24.896 MESSAGE OCPNPlatform.cpp:1034 Getting DefaultSystemLocale...
03:13:24.899 MESSAGE ocpn_app.cpp:1507 System default Language:  en_US
03:13:24.899 MESSAGE ocpn_app.cpp:1510 Config file language:  
03:13:24.899 MESSAGE ocpn_app.cpp:1516 Config file language empty, using system default:  en_US
03:13:24.899 MESSAGE ocpn_app.cpp:1522 Adjusted App language:  en_US
03:13:24.899 MESSAGE OCPNPlatform.cpp:1115 ChangeLocale: Language load for:  en_US
03:13:24.958 MESSAGE OCPNPlatform.cpp:1168 ChangeLocale: Locale Init OK for:  en_US
03:13:24.958 MESSAGE OCPNPlatform.cpp:1192 Loading catalog for opencpn core.
03:13:24.964 MESSAGE OCPNPlatform.cpp:1034 Getting DefaultSystemLocale...
03:13:24.964 MESSAGE ocpn_app.cpp:1529 Opencpn language set to:  en_US
03:13:24.964 MESSAGE ocpn_app.cpp:1767 Creating MyFrame...size(896, 560)  position(0, 0)
03:13:25.004 WARNING navmsg_filter.cpp:202 Bad system filter path: /tmp/sr252-b0xa6j_7/profile/filters
03:13:25.009 MESSAGE ocpn_frame.cpp:832  **** Connect stuff
03:13:25.091 MESSAGE chcanv.cpp:2444 Metrics:  m_display_size_mm: 338     g_Platform->getDisplaySize():  1280:800   
03:13:25.091 MESSAGE chcanv.cpp:2450 monitor size: 1280 800
03:13:25.091 MESSAGE TCDataSource.cpp:50 Loading Tide/Current data source: /home/standard/Projects/X-nav-worktrees/waypoint-touch-regression/build/xnav-install/share/opencpn/tcdata/harmonics-dwf-20210110-free.tcd
03:13:25.180 MESSAGE TCDataSource.cpp:50 Loading Tide/Current data source: /home/standard/Projects/X-nav-worktrees/waypoint-touch-regression/build/xnav-install/share/opencpn/tcdata/HARMONICS_NO_US.IDX
03:13:25.251 MESSAGE chartdb.cpp:219 ChartDB Cache policy:  Max open chart limit is 20.
03:13:25.251 MESSAGE ocpn_app.cpp:1926 GPS Watchdog Timeout is: 10 sec.
03:13:25.253 MESSAGE ocpn_app.cpp:2020 OpenCPN Initialized in 658 ms.
03:13:25.966 MESSAGE ocpn_frame.cpp:4755 OnInitTimer...0
03:13:26.445 MESSAGE waypointman_gui.cpp:83 DPMM: 3.78698   ScaleFactorExp: 1
03:13:26.445 MESSAGE waypointman_gui.cpp:90 Looking for UserIcons at /tmp/sr252-b0xa6j_7/profile/UserIcons/
03:13:26.550 MESSAGE ocpn_frame.cpp:4755 OnInitTimer...1
03:13:26.550 MESSAGE comm_drv_factory.cpp:54 MakeCommDriver: TCP:127.0.0.1:55591
03:13:26.550 MESSAGE comm_drv_n0183_net.cpp:259 Opening TCP connection to 127.0.0.1:55591
03:13:26.650 MESSAGE ocpn_frame.cpp:4755 OnInitTimer...2
03:13:26.651 MESSAGE plugin_loader.cpp:471 PluginLoader: loading plugins from /home/standard/.local/lib/opencpn
03:13:26.651 MESSAGE plugin_loader.cpp:292 Using LD_LIBRARY_PATH: /home/standard/.local/lib/opencpn:/home/standard/Projects/X-nav/.local/sysroot/usr/lib
03:13:26.651 MESSAGE plugin_loader.cpp:324 Using PATH: /home/standard/.local/bin:/home/standard/Projects/X-nav/.local/sysroot/usr/bin:/usr/local/bin:/usr/bin:/bin
03:13:26.651 MESSAGE plugin_loader.cpp:476 Loading plugins from dir: /home/standard/.local/lib/opencpn
03:13:26.651 MESSAGE plugin_loader.cpp:721 PluginLoader searching for PlugIns in location /home/standard/.local/lib/opencpn
03:13:26.651 MESSAGE plugin_loader.cpp:735    Directory /home/standard/.local/lib/opencpn does not exist.
03:13:26.695 MESSAGE OCPNPlatform.cpp:1115 ChangeLocale: Language load for:  en_US
03:13:26.703 MESSAGE OCPNPlatform.cpp:1168 ChangeLocale: Locale Init OK for:  en_US
03:13:26.703 MESSAGE OCPNPlatform.cpp:1192 Loading catalog for opencpn core.
03:13:26.709 MESSAGE OCPNPlatform.cpp:1034 Getting DefaultSystemLocale...
03:13:26.710 MESSAGE comm_drv_n0183_net.cpp:448 TCP NetworkDataStream connection established: TCP:127.0.0.1:55591
03:13:26.793 MESSAGE ocpn_frame.cpp:4755 OnInitTimer...3
03:13:26.893 MESSAGE ocpn_frame.cpp:4755 OnInitTimer...4
03:13:27.568 MESSAGE options.cpp:5299 options: got device count: 3
03:13:27.698 MESSAGE ocpn_frame.cpp:4755 OnInitTimer...5
03:13:27.798 MESSAGE ocpn_frame.cpp:4755 OnInitTimer...6
03:13:27.898 MESSAGE ocpn_frame.cpp:4755 OnInitTimer...7
03:13:27.898 MESSAGE ocpn_frame.cpp:5039 OnInitTimer...Last Call
03:13:27.899 MESSAGE ocpn_frame.cpp:5068 OnInitTimer...Finalize Canvases
03:13:44.769 MESSAGE comm_drv_n0183_net.cpp:410 NetworkDataStream connection lost: TCP:127.0.0.1:55591
03:13:44.771 MESSAGE ocpn_frame.cpp:5690 Got quitflag from SIGNAL
03:13:44.842 MESSAGE OpenCPNIntegration.cpp:1024 SKAGER close preparation: preserving shared configuration
03:13:44.842 MESSAGE RecoveryStore.cpp:83 SKAGER clean close; startup recovery cleared
03:13:44.900 MESSAGE ocpn_frame.cpp:1831 opencpn::MyFrame exiting cleanly.
03:13:44.901 MESSAGE chartdb.cpp:287 Chart cache PlugIn purge
03:13:44.901 MESSAGE comm_drv_n0183_net.cpp:555 Closing NMEA NetworkDataStream 55591
03:13:44.901 MESSAGE ocpn_frame.cpp:2000 gFrame destroyed.
03:13:44.902 MESSAGE ocpn_app.cpp:2121 opencpn::MyApp starting exit.
03:13:44.903 MESSAGE ocpn_app.cpp:2161 LOGBOOK:  2026-10-03 01:13:44 UTC OFF: Lat   56.70000 Lon   12.60000 COG  147.00000 SOG   6.30 kts
03:13:44.903 MESSAGE TCDataSource.cpp:41 UnLoading Tide/Current data source: /home/standard/Projects/X-nav-worktrees/waypoint-touch-regression/build/xnav-install/share/opencpn/tcdata/harmonics-dwf-20210110-free.tcd
03:13:44.910 MESSAGE TCDataSource.cpp:41 UnLoading Tide/Current data source: /home/standard/Projects/X-nav-worktrees/waypoint-touch-regression/build/xnav-install/share/opencpn/tcdata/HARMONICS_NO_US.IDX
03:13:44.911 MESSAGE ocpn_app.cpp:2189 opencpn::MyApp exiting cleanly...

