[Thread debugging using libthread_db enabled]
Using host libthread_db library "/usr/lib/libthread_db.so.1".
[New Thread 0x7fffefbff6c0 (LWP 19)]
[New Thread 0x7fffef3fe6c0 (LWP 20)]
[Thread 0x7fffef3fe6c0 (LWP 20) exited]
[Thread 0x7fffefbff6c0 (LWP 19) exited]
[New Thread 0x7fffefbff6c0 (LWP 21)]
[New Thread 0x7fffef3fe6c0 (LWP 22)]
[Thread 0x7fffef3fe6c0 (LWP 22) exited]
[Thread 0x7fffefbff6c0 (LWP 21) exited]
[New Thread 0x7fffefbff6c0 (LWP 23)]
[New Thread 0x7fffef3fe6c0 (LWP 24)]
[Thread 0x7fffef3fe6c0 (LWP 24) exited]
[Thread 0x7fffefbff6c0 (LWP 23) exited]
[New Thread 0x7fffefbff6c0 (LWP 25)]
[New Thread 0x7fffef3fe6c0 (LWP 26)]
[Thread 0x7fffef3fe6c0 (LWP 26) exited]
[Thread 0x7fffefbff6c0 (LWP 25) exited]
[New Thread 0x7fffefbff6c0 (LWP 27)]
[New Thread 0x7fffef3fe6c0 (LWP 28)]
[Thread 0x7fffef3fe6c0 (LWP 28) exited]
[New Thread 0x7fffef3fe6c0 (LWP 29)]
[New Thread 0x7fffeebfd6c0 (LWP 30)]
[New Thread 0x7fffee3fc6c0 (LWP 31)]
[New Thread 0x7fffedbfb6c0 (LWP 32)]
[New Thread 0x7fffecfea6c0 (LWP 33)]
[New Thread 0x7fffcd9ff6c0 (LWP 34)]
[New Thread 0x7fffcd1fe6c0 (LWP 35)]
[Detaching after vfork from child process 36]
[Detaching after vfork from child process 38]
[Detaching after vfork from child process 40]
[Detaching after vfork from child process 42]
[Detaching after vfork from child process 44]
[Detaching after vfork from child process 46]
[Detaching after vfork from child process 48]
[New Thread 0x7fffcc9fd6c0 (LWP 50)]
[New Thread 0x7fffec40d6c0 (LWP 51)]
[New Thread 0x7fffec20c6c0 (LWP 52)]
[New Thread 0x7fffdc7ff6c0 (LWP 53)]
[Detaching after fork from child process 54]
[New Thread 0x7fffdc5fe6c0 (LWP 57)]
[Detaching after fork from child process 58]
[New Thread 0x7fffbffff6c0 (LWP 63)]
[Thread 0x7fffec40d6c0 (LWP 51) exited]
[New Thread 0x7fffbf7fe6c0 (LWP 64)]
[New Thread 0x7fffbddff6c0 (LWP 65)]
[New Thread 0x7fffbd5fe6c0 (LWP 66)]
[New Thread 0x7fffbc5ff6c0 (LWP 67)]
[Thread 0x7fffbc5ff6c0 (LWP 67) exited]
[Detaching after vfork from child process 68]
[Thread 0x7fffbf7fe6c0 (LWP 64) exited]
[New Thread 0x7fffbbdfe6c0 (LWP 70)]
[New Thread 0x7fffbb5fd6c0 (LWP 71)]
[New Thread 0x7fffec40d6c0 (LWP 72)]
[New Thread 0x7fffbadfc6c0 (LWP 73)]
[New Thread 0x7fffbabfb6c0 (LWP 74)]
[Detaching after fork from child process 75]
[New Thread 0x7fffba9fa6c0 (LWP 82)]
[New Thread 0x7fffba7f96c0 (LWP 83)]
[New Thread 0x7fffba5f86c0 (LWP 84)]
[New Thread 0x7fffba3f76c0 (LWP 85)]
[Thread 0x7fffba3f76c0 (LWP 85) exited]
[Thread 0x7fffba9fa6c0 (LWP 82) exited]
[Thread 0x7fffba5f86c0 (LWP 84) exited]
[Thread 0x7fffba7f96c0 (LWP 83) exited]
[New Thread 0x7fffba5f86c0 (LWP 87)]
[New Thread 0x7fffba7f96c0 (LWP 88)]
[New Thread 0x7fffba9fa6c0 (LWP 89)]
[New Thread 0x7fffba3f76c0 (LWP 90)]
[Thread 0x7fffba3f76c0 (LWP 90) exited]
[Thread 0x7fffba9fa6c0 (LWP 89) exited]
[Thread 0x7fffba7f96c0 (LWP 88) exited]
[Thread 0x7fffba5f86c0 (LWP 87) exited]
[New Thread 0x7fffba7f96c0 (LWP 92)]
[New Thread 0x7fffba3f76c0 (LWP 93)]
[New Thread 0x7fffba5f86c0 (LWP 94)]
[New Thread 0x7fffba9fa6c0 (LWP 95)]
[Thread 0x7fffba9fa6c0 (LWP 95) exited]
[Thread 0x7fffba5f86c0 (LWP 94) exited]
[Thread 0x7fffba3f76c0 (LWP 93) exited]
[Thread 0x7fffba7f96c0 (LWP 92) exited]
[New Thread 0x7fffba7f96c0 (LWP 96)]
[Detaching after fork from child process 97]
[New Thread 0x7fffba3f76c0 (LWP 104)]
[New Thread 0x7fffba5f86c0 (LWP 105)]
[New Thread 0x7fffba9fa6c0 (LWP 106)]
[New Thread 0x7fffba1f66c0 (LWP 107)]
[Thread 0x7fffba1f66c0 (LWP 107) exited]
[Thread 0x7fffba9fa6c0 (LWP 106) exited]
[Thread 0x7fffba5f86c0 (LWP 105) exited]
[Thread 0x7fffba3f76c0 (LWP 104) exited]
[New Thread 0x7fffba3f76c0 (LWP 109)]
[New Thread 0x7fffba9fa6c0 (LWP 110)]
[New Thread 0x7fffba5f86c0 (LWP 111)]
[New Thread 0x7fffba1f66c0 (LWP 112)]
[Thread 0x7fffba1f66c0 (LWP 112) exited]
[Thread 0x7fffba5f86c0 (LWP 111) exited]
[Thread 0x7fffba3f76c0 (LWP 109) exited]
[Thread 0x7fffba9fa6c0 (LWP 110) exited]
[New Thread 0x7fffba9fa6c0 (LWP 114)]
[New Thread 0x7fffba5f86c0 (LWP 115)]
[New Thread 0x7fffba3f76c0 (LWP 116)]
[New Thread 0x7fffba1f66c0 (LWP 117)]
[Thread 0x7fffba1f66c0 (LWP 117) exited]
[Thread 0x7fffba3f76c0 (LWP 116) exited]
[Thread 0x7fffba5f86c0 (LWP 115) exited]
[Thread 0x7fffba9fa6c0 (LWP 114) exited]
[New Thread 0x7fffba3f76c0 (LWP 119)]
[New Thread 0x7fffba9fa6c0 (LWP 120)]
[New Thread 0x7fffba1f66c0 (LWP 121)]
[New Thread 0x7fffba5f86c0 (LWP 122)]
[Thread 0x7fffba1f66c0 (LWP 121) exited]
[Thread 0x7fffba3f76c0 (LWP 119) exited]
[Thread 0x7fffba5f86c0 (LWP 122) exited]
[Thread 0x7fffba9fa6c0 (LWP 120) exited]
[New Thread 0x7fffba9fa6c0 (LWP 124)]
[New Thread 0x7fffba1f66c0 (LWP 125)]
[New Thread 0x7fffba3f76c0 (LWP 126)]
[New Thread 0x7fffba5f86c0 (LWP 127)]
[Thread 0x7fffba5f86c0 (LWP 127) exited]
[Thread 0x7fffba3f76c0 (LWP 126) exited]
[Thread 0x7fffba1f66c0 (LWP 125) exited]
[Thread 0x7fffba9fa6c0 (LWP 124) exited]
[New Thread 0x7fffba3f76c0 (LWP 129)]
[New Thread 0x7fffba1f66c0 (LWP 130)]
[New Thread 0x7fffba9fa6c0 (LWP 131)]
[New Thread 0x7fffba5f86c0 (LWP 132)]
[Thread 0x7fffba5f86c0 (LWP 132) exited]
[Thread 0x7fffba9fa6c0 (LWP 131) exited]
[Thread 0x7fffba1f66c0 (LWP 130) exited]
[Thread 0x7fffba3f76c0 (LWP 129) exited]
[New Thread 0x7fffba5f86c0 (LWP 134)]
[New Thread 0x7fffba1f66c0 (LWP 135)]
[New Thread 0x7fffba9fa6c0 (LWP 136)]
[New Thread 0x7fffba3f76c0 (LWP 137)]
[Thread 0x7fffba3f76c0 (LWP 137) exited]
[Thread 0x7fffba9fa6c0 (LWP 136) exited]
[Thread 0x7fffba1f66c0 (LWP 135) exited]
[Thread 0x7fffba5f86c0 (LWP 134) exited]
[New Thread 0x7fffba9fa6c0 (LWP 139)]
[New Thread 0x7fffba3f76c0 (LWP 140)]
[New Thread 0x7fffba5f86c0 (LWP 141)]
[New Thread 0x7fffba1f66c0 (LWP 142)]
[Thread 0x7fffba1f66c0 (LWP 142) exited]
[Thread 0x7fffba5f86c0 (LWP 141) exited]
[Thread 0x7fffba3f76c0 (LWP 140) exited]
[Thread 0x7fffba9fa6c0 (LWP 139) exited]
[New Thread 0x7fffba5f86c0 (LWP 144)]
[New Thread 0x7fffba3f76c0 (LWP 145)]
[New Thread 0x7fffba1f66c0 (LWP 146)]
[New Thread 0x7fffba9fa6c0 (LWP 147)]
[Thread 0x7fffba9fa6c0 (LWP 147) exited]
[Thread 0x7fffba1f66c0 (LWP 146) exited]
[Thread 0x7fffba3f76c0 (LWP 145) exited]
[Thread 0x7fffba5f86c0 (LWP 144) exited]
[New Thread 0x7fffba1f66c0 (LWP 149)]
[New Thread 0x7fffba5f86c0 (LWP 150)]
[New Thread 0x7fffba3f76c0 (LWP 151)]
[New Thread 0x7fffba9fa6c0 (LWP 152)]
[Thread 0x7fffba9fa6c0 (LWP 152) exited]
[Thread 0x7fffba5f86c0 (LWP 150) exited]
[Thread 0x7fffba1f66c0 (LWP 149) exited]
[Thread 0x7fffba3f76c0 (LWP 151) exited]
[New Thread 0x7fffba5f86c0 (LWP 154)]
[New Thread 0x7fffba1f66c0 (LWP 155)]
[New Thread 0x7fffba3f76c0 (LWP 156)]
[New Thread 0x7fffba9fa6c0 (LWP 157)]
[Thread 0x7fffba9fa6c0 (LWP 157) exited]
[Thread 0x7fffba3f76c0 (LWP 156) exited]
[Thread 0x7fffba1f66c0 (LWP 155) exited]
[Thread 0x7fffba5f86c0 (LWP 154) exited]
[Detaching after vfork from child process 158]
[Thread 0x7fffbadfc6c0 (LWP 73) exited]
