[Thread debugging using libthread_db enabled]
Using host libthread_db library "/usr/lib/libthread_db.so.1".
[New Thread 0x7fffefbff6c0 (LWP 104)]
[New Thread 0x7fffef3fe6c0 (LWP 105)]
[Thread 0x7fffef3fe6c0 (LWP 105) exited]
[Thread 0x7fffefbff6c0 (LWP 104) exited]
[New Thread 0x7fffefbff6c0 (LWP 106)]
[New Thread 0x7fffef3fe6c0 (LWP 107)]
[Thread 0x7fffef3fe6c0 (LWP 107) exited]
[Thread 0x7fffefbff6c0 (LWP 106) exited]
[New Thread 0x7fffefbff6c0 (LWP 108)]
[New Thread 0x7fffef3fe6c0 (LWP 109)]
[Thread 0x7fffef3fe6c0 (LWP 109) exited]
[Thread 0x7fffefbff6c0 (LWP 108) exited]
[New Thread 0x7fffefbff6c0 (LWP 110)]
[New Thread 0x7fffef3fe6c0 (LWP 111)]
[Thread 0x7fffef3fe6c0 (LWP 111) exited]
[Thread 0x7fffefbff6c0 (LWP 110) exited]
[New Thread 0x7fffefbff6c0 (LWP 112)]
[New Thread 0x7fffef3fe6c0 (LWP 113)]
[Thread 0x7fffef3fe6c0 (LWP 113) exited]
[New Thread 0x7fffef3fe6c0 (LWP 114)]
[New Thread 0x7fffeebfd6c0 (LWP 115)]
[New Thread 0x7fffee3fc6c0 (LWP 116)]
[New Thread 0x7fffedbfb6c0 (LWP 117)]
[New Thread 0x7fffecfea6c0 (LWP 119)]
[New Thread 0x7fffcd9ff6c0 (LWP 120)]
[New Thread 0x7fffcd1fe6c0 (LWP 121)]
[Detaching after vfork from child process 123]
[Detaching after vfork from child process 125]
[Detaching after vfork from child process 127]
[Detaching after vfork from child process 129]
[Detaching after vfork from child process 131]
[Detaching after vfork from child process 133]
[Detaching after vfork from child process 135]
[New Thread 0x7fffcc9fd6c0 (LWP 137)]
[New Thread 0x7fffec40d6c0 (LWP 138)]
[New Thread 0x7fffec20c6c0 (LWP 140)]
[New Thread 0x7fffdc7ff6c0 (LWP 141)]
[Detaching after fork from child process 142]
[New Thread 0x7fffdc5fe6c0 (LWP 145)]
[Detaching after fork from child process 146]
[New Thread 0x7fffbffff6c0 (LWP 151)]
[Thread 0x7fffec40d6c0 (LWP 138) exited]
[New Thread 0x7fffbf7fe6c0 (LWP 156)]
[New Thread 0x7fffbddff6c0 (LWP 157)]
[New Thread 0x7fffbd5fe6c0 (LWP 158)]
[New Thread 0x7fffbc5ff6c0 (LWP 159)]
[Thread 0x7fffbc5ff6c0 (LWP 159) exited]
[Detaching after vfork from child process 160]
[Thread 0x7fffbf7fe6c0 (LWP 156) exited]
[New Thread 0x7fffb95ff6c0 (LWP 166)]
[Thread 0x7fffb95ff6c0 (LWP 166) exited]
[New Thread 0x7fffb95ff6c0 (LWP 167)]
[New Thread 0x7fffb8dfe6c0 (LWP 168)]
[Detaching after vfork from child process 169]
[New Thread 0x7fffec40d6c0 (LWP 171)]
[New Thread 0x7fffbbdfe6c0 (LWP 172)]
[New Thread 0x7fffbbbfd6c0 (LWP 173)]
[Detaching after fork from child process 174]
[New Thread 0x7fffbb9fc6c0 (LWP 181)]
[New Thread 0x7fffb85fd6c0 (LWP 182)]
[New Thread 0x7fffb83fc6c0 (LWP 183)]
[New Thread 0x7fffb81fb6c0 (LWP 184)]
[Thread 0x7fffb81fb6c0 (LWP 184) exited]
[Thread 0x7fffb85fd6c0 (LWP 182) exited]
[Thread 0x7fffbb9fc6c0 (LWP 181) exited]
[Thread 0x7fffb83fc6c0 (LWP 183) exited]
[New Thread 0x7fffb83fc6c0 (LWP 186)]
[New Thread 0x7fffb81fb6c0 (LWP 187)]
[New Thread 0x7fffb85fd6c0 (LWP 188)]
[New Thread 0x7fffbb9fc6c0 (LWP 189)]
[Thread 0x7fffbb9fc6c0 (LWP 189) exited]
[Thread 0x7fffb85fd6c0 (LWP 188) exited]
[Thread 0x7fffb81fb6c0 (LWP 187) exited]
[Thread 0x7fffb83fc6c0 (LWP 186) exited]
[New Thread 0x7fffbb9fc6c0 (LWP 191)]
[New Thread 0x7fffb85fd6c0 (LWP 192)]
[New Thread 0x7fffb83fc6c0 (LWP 193)]
[New Thread 0x7fffb81fb6c0 (LWP 194)]
[Thread 0x7fffb81fb6c0 (LWP 194) exited]
[Thread 0x7fffb83fc6c0 (LWP 193) exited]
[Thread 0x7fffb85fd6c0 (LWP 192) exited]
[Thread 0x7fffbb9fc6c0 (LWP 191) exited]
[New Thread 0x7fffb83fc6c0 (LWP 195)]
[Detaching after fork from child process 196]
[New Thread 0x7fffb85fd6c0 (LWP 203)]
[New Thread 0x7fffb81fb6c0 (LWP 204)]
[New Thread 0x7fffbb9fc6c0 (LWP 205)]
[New Thread 0x7fffb7ffa6c0 (LWP 206)]
[Thread 0x7fffbb9fc6c0 (LWP 205) exited]
[Thread 0x7fffb81fb6c0 (LWP 204) exited]
[Thread 0x7fffb85fd6c0 (LWP 203) exited]
[Thread 0x7fffb7ffa6c0 (LWP 206) exited]
[New Thread 0x7fffb7ffa6c0 (LWP 208)]
[New Thread 0x7fffb81fb6c0 (LWP 209)]
[New Thread 0x7fffb85fd6c0 (LWP 210)]
[New Thread 0x7fffbb9fc6c0 (LWP 211)]
[Thread 0x7fffb85fd6c0 (LWP 210) exited]
[Thread 0x7fffb81fb6c0 (LWP 209) exited]
[Thread 0x7fffbb9fc6c0 (LWP 211) exited]
[Thread 0x7fffb7ffa6c0 (LWP 208) exited]
[New Thread 0x7fffb7ffa6c0 (LWP 213)]
[New Thread 0x7fffbb9fc6c0 (LWP 214)]
[New Thread 0x7fffb81fb6c0 (LWP 215)]
[New Thread 0x7fffb85fd6c0 (LWP 216)]
[Thread 0x7fffbb9fc6c0 (LWP 214) exited]
[Thread 0x7fffb85fd6c0 (LWP 216) exited]
[Thread 0x7fffb7ffa6c0 (LWP 213) exited]
[Thread 0x7fffb81fb6c0 (LWP 215) exited]
[New Thread 0x7fffb81fb6c0 (LWP 218)]
[New Thread 0x7fffb85fd6c0 (LWP 219)]
[New Thread 0x7fffb7ffa6c0 (LWP 220)]
[New Thread 0x7fffbb9fc6c0 (LWP 221)]
[Thread 0x7fffb85fd6c0 (LWP 219) exited]
[Thread 0x7fffbb9fc6c0 (LWP 221) exited]
[Thread 0x7fffb7ffa6c0 (LWP 220) exited]
[Thread 0x7fffb81fb6c0 (LWP 218) exited]
[New Thread 0x7fffb81fb6c0 (LWP 223)]
[New Thread 0x7fffb7ffa6c0 (LWP 224)]
[New Thread 0x7fffbb9fc6c0 (LWP 225)]
[New Thread 0x7fffb85fd6c0 (LWP 226)]
[Thread 0x7fffb7ffa6c0 (LWP 224) exited]
[Thread 0x7fffb81fb6c0 (LWP 223) exited]
[Thread 0x7fffb85fd6c0 (LWP 226) exited]
[Thread 0x7fffbb9fc6c0 (LWP 225) exited]
[New Thread 0x7fffb85fd6c0 (LWP 228)]
[New Thread 0x7fffbb9fc6c0 (LWP 229)]
[New Thread 0x7fffb7ffa6c0 (LWP 230)]
[New Thread 0x7fffb81fb6c0 (LWP 231)]
[Thread 0x7fffb81fb6c0 (LWP 231) exited]
[Thread 0x7fffb7ffa6c0 (LWP 230) exited]
[Thread 0x7fffbb9fc6c0 (LWP 229) exited]
[Thread 0x7fffb85fd6c0 (LWP 228) exited]
[New Thread 0x7fffb7ffa6c0 (LWP 233)]
[New Thread 0x7fffb85fd6c0 (LWP 234)]
[New Thread 0x7fffbb9fc6c0 (LWP 235)]
[New Thread 0x7fffb81fb6c0 (LWP 236)]
[Thread 0x7fffb81fb6c0 (LWP 236) exited]
[Thread 0x7fffb85fd6c0 (LWP 234) exited]
[Thread 0x7fffb7ffa6c0 (LWP 233) exited]
[Thread 0x7fffbb9fc6c0 (LWP 235) exited]
[New Thread 0x7fffbb9fc6c0 (LWP 238)]
[New Thread 0x7fffb85fd6c0 (LWP 239)]
[New Thread 0x7fffb7ffa6c0 (LWP 240)]
[New Thread 0x7fffb81fb6c0 (LWP 241)]
[Thread 0x7fffb81fb6c0 (LWP 241) exited]
[Thread 0x7fffb7ffa6c0 (LWP 240) exited]
[Thread 0x7fffb85fd6c0 (LWP 239) exited]
[Thread 0x7fffbb9fc6c0 (LWP 238) exited]
[New Thread 0x7fffb7ffa6c0 (LWP 243)]
[New Thread 0x7fffb81fb6c0 (LWP 244)]
[New Thread 0x7fffb85fd6c0 (LWP 245)]
[New Thread 0x7fffbb9fc6c0 (LWP 246)]
[Thread 0x7fffbb9fc6c0 (LWP 246) exited]
[Thread 0x7fffb85fd6c0 (LWP 245) exited]
[Thread 0x7fffb81fb6c0 (LWP 244) exited]
[Thread 0x7fffb7ffa6c0 (LWP 243) exited]
[New Thread 0x7fffb81fb6c0 (LWP 248)]
[New Thread 0x7fffb7ffa6c0 (LWP 249)]
[New Thread 0x7fffb85fd6c0 (LWP 250)]
[New Thread 0x7fffbb9fc6c0 (LWP 251)]
[Thread 0x7fffbb9fc6c0 (LWP 251) exited]
[Thread 0x7fffb85fd6c0 (LWP 250) exited]
[Thread 0x7fffb7ffa6c0 (LWP 249) exited]
[Thread 0x7fffb81fb6c0 (LWP 248) exited]
[New Thread 0x7fffb7ffa6c0 (LWP 253)]
[New Thread 0x7fffb81fb6c0 (LWP 254)]
[New Thread 0x7fffb85fd6c0 (LWP 255)]
[New Thread 0x7fffbb9fc6c0 (LWP 256)]
[Thread 0x7fffb81fb6c0 (LWP 254) exited]
[Thread 0x7fffb7ffa6c0 (LWP 253) exited]
[Thread 0x7fffbb9fc6c0 (LWP 256) exited]
[Thread 0x7fffb85fd6c0 (LWP 255) exited]
[Thread 0x7fffec40d6c0 (LWP 171) exited]
[Thread 0x7fffbbdfe6c0 (LWP 172) exited]
[Detaching after vfork from child process 257]
[Detaching after vfork from child process 260]
[Detaching after vfork from child process 268]
[Detaching after vfork from child process 271]
[Detaching after vfork from child process 279]
[Detaching after vfork from child process 282]
[Detaching after vfork from child process 290]
[Detaching after vfork from child process 293]
[Thread 0x7fffbd5fe6c0 (LWP 158) exited]
[Thread 0x7fffb8dfe6c0 (LWP 168) exited]
[Thread 0x7fffb95ff6c0 (LWP 167) exited]
[Thread 0x7fffdc7ff6c0 (LWP 141) exited]
[Thread 0x7fffbbbfd6c0 (LWP 173) exited]
[Thread 0x7fffbddff6c0 (LWP 157) exited]
[Thread 0x7fffbffff6c0 (LWP 151) exited]
[Thread 0x7fffdc5fe6c0 (LWP 145) exited]
[Thread 0x7fffec20c6c0 (LWP 140) exited]
[Thread 0x7fffcc9fd6c0 (LWP 137) exited]
[Thread 0x7fffcd1fe6c0 (LWP 121) exited]
[Thread 0x7fffcd9ff6c0 (LWP 120) exited]
[Thread 0x7fffecfea6c0 (LWP 119) exited]
[Thread 0x7fffedbfb6c0 (LWP 117) exited]
[Thread 0x7fffee3fc6c0 (LWP 116) exited]
[Thread 0x7fffeebfd6c0 (LWP 115) exited]
[Thread 0x7fffef3fe6c0 (LWP 114) exited]
[Thread 0x7ffff24f8500 (LWP 101) exited]
[Thread 0x7fffefbff6c0 (LWP 112) exited]
[Thread 0x7fffb83fc6c0 (LWP 195) exited]
[New process 101]
[Inferior 1 (process 101) exited normally]
