[Thread debugging using libthread_db enabled]
Using host libthread_db library "/usr/lib/libthread_db.so.1".
[New Thread 0x7fffefbff6c0 (LWP 113)]
[New Thread 0x7fffef3fe6c0 (LWP 114)]
[Thread 0x7fffef3fe6c0 (LWP 114) exited]
[Thread 0x7fffefbff6c0 (LWP 113) exited]
[New Thread 0x7fffefbff6c0 (LWP 115)]
[New Thread 0x7fffef3fe6c0 (LWP 116)]
[Thread 0x7fffef3fe6c0 (LWP 116) exited]
[Thread 0x7fffefbff6c0 (LWP 115) exited]
[New Thread 0x7fffefbff6c0 (LWP 117)]
[New Thread 0x7fffef3fe6c0 (LWP 118)]
[Thread 0x7fffef3fe6c0 (LWP 118) exited]
[Thread 0x7fffefbff6c0 (LWP 117) exited]
[New Thread 0x7fffefbff6c0 (LWP 119)]
[New Thread 0x7fffef3fe6c0 (LWP 120)]
[Thread 0x7fffef3fe6c0 (LWP 120) exited]
[Thread 0x7fffefbff6c0 (LWP 119) exited]
[New Thread 0x7fffefbff6c0 (LWP 121)]
[New Thread 0x7fffef3fe6c0 (LWP 122)]
[Thread 0x7fffef3fe6c0 (LWP 122) exited]
[New Thread 0x7fffef3fe6c0 (LWP 123)]
[New Thread 0x7fffeebfd6c0 (LWP 124)]
[New Thread 0x7fffee3fc6c0 (LWP 125)]
[New Thread 0x7fffedbfb6c0 (LWP 126)]
[New Thread 0x7fffecfea6c0 (LWP 128)]
[New Thread 0x7fffcd9ff6c0 (LWP 129)]
[New Thread 0x7fffcd1fe6c0 (LWP 130)]
[Detaching after vfork from child process 132]
[Detaching after vfork from child process 134]
[Detaching after vfork from child process 136]
[Detaching after vfork from child process 138]
[Detaching after vfork from child process 140]
[Detaching after vfork from child process 142]
[Detaching after vfork from child process 144]
[New Thread 0x7fffcc9fd6c0 (LWP 147)]
[New Thread 0x7fffbffff6c0 (LWP 148)]
[Detaching after fork from child process 149]
[New Thread 0x7fffbf7fe6c0 (LWP 166)]
[New Thread 0x7fffbeffd6c0 (LWP 167)]
[New Thread 0x7fffbe7fc6c0 (LWP 168)]
[New Thread 0x7fffbdffb6c0 (LWP 169)]
[New Thread 0x7fffbd7fa6c0 (LWP 170)]
[New Thread 0x7fffbcff96c0 (LWP 171)]
[New Thread 0x7fffbc7f86c0 (LWP 172)]
[New Thread 0x7fffbbff76c0 (LWP 173)]
[New Thread 0x7fffec39f6c0 (LWP 175)]
[New Thread 0x7fffdc7ff6c0 (LWP 176)]
[New Thread 0x7fffdc5fe6c0 (LWP 177)]
[Detaching after fork from child process 178]
[New Thread 0x7fffdc3fd6c0 (LWP 181)]
[Detaching after fork from child process 182]
[New Thread 0x7fffbabff6c0 (LWP 188)]
[Thread 0x7fffbabff6c0 (LWP 188) exited]
[Thread 0x7fffec39f6c0 (LWP 175) exited]
[New Thread 0x7fffba3fe6c0 (LWP 195)]
[New Thread 0x7fffb9bfd6c0 (LWP 196)]
[Detaching after vfork from child process 198]
[New Thread 0x7fffb7d1c6c0 (LWP 204)]
[Thread 0x7fffb7d1c6c0 (LWP 204) exited]
[New Thread 0x7fffb7d1c6c0 (LWP 205)]
[Detaching after vfork from child process 206]
[New Thread 0x7fffb751b6c0 (LWP 208)]
[Detaching after vfork from child process 209]
[New Thread 0x7fffec39f6c0 (LWP 211)]
[New Thread 0x7fffb8bff6c0 (LWP 212)]
[New Thread 0x7fffb89fe6c0 (LWP 213)]
[Detaching after fork from child process 214]
[New Thread 0x7fffb6d1a6c0 (LWP 221)]
[New Thread 0x7fffb6b196c0 (LWP 222)]
[New Thread 0x7fffb69186c0 (LWP 223)]
[New Thread 0x7fffb67176c0 (LWP 224)]
[Thread 0x7fffb67176c0 (LWP 224) exited]
[Thread 0x7fffb69186c0 (LWP 223) exited]
[Thread 0x7fffb6b196c0 (LWP 222) exited]
[Thread 0x7fffb6d1a6c0 (LWP 221) exited]
[New Thread 0x7fffb67176c0 (LWP 226)]
[New Thread 0x7fffb69186c0 (LWP 227)]
[New Thread 0x7fffb6b196c0 (LWP 228)]
[New Thread 0x7fffb6d1a6c0 (LWP 229)]
[Thread 0x7fffb6b196c0 (LWP 228) exited]
[Thread 0x7fffb67176c0 (LWP 226) exited]
[Thread 0x7fffb6d1a6c0 (LWP 229) exited]
[Thread 0x7fffb69186c0 (LWP 227) exited]
[New Thread 0x7fffb69186c0 (LWP 231)]
[New Thread 0x7fffb6d1a6c0 (LWP 232)]
[New Thread 0x7fffb67176c0 (LWP 233)]
[New Thread 0x7fffb6b196c0 (LWP 234)]
[Thread 0x7fffb6b196c0 (LWP 234) exited]
[Thread 0x7fffb67176c0 (LWP 233) exited]
[Thread 0x7fffb6d1a6c0 (LWP 232) exited]
[Thread 0x7fffb69186c0 (LWP 231) exited]
[New Thread 0x7fffb6d1a6c0 (LWP 235)]
[Detaching after fork from child process 236]
[New Thread 0x7fffb6b196c0 (LWP 243)]
[New Thread 0x7fffb67176c0 (LWP 244)]
[New Thread 0x7fffb69186c0 (LWP 245)]
[New Thread 0x7fffb65166c0 (LWP 246)]
[Thread 0x7fffb65166c0 (LWP 246) exited]
[Thread 0x7fffb69186c0 (LWP 245) exited]
[Thread 0x7fffb67176c0 (LWP 244) exited]
[Thread 0x7fffb6b196c0 (LWP 243) exited]
[New Thread 0x7fffb6b196c0 (LWP 248)]
[New Thread 0x7fffb65166c0 (LWP 249)]
[New Thread 0x7fffb69186c0 (LWP 250)]
[New Thread 0x7fffb67176c0 (LWP 251)]
[Thread 0x7fffb67176c0 (LWP 251) exited]
[Thread 0x7fffb69186c0 (LWP 250) exited]
[Thread 0x7fffb65166c0 (LWP 249) exited]
[Thread 0x7fffb6b196c0 (LWP 248) exited]
[New Thread 0x7fffb69186c0 (LWP 253)]
[New Thread 0x7fffb6b196c0 (LWP 254)]
[New Thread 0x7fffb67176c0 (LWP 255)]
[New Thread 0x7fffb65166c0 (LWP 256)]
[Thread 0x7fffb6b196c0 (LWP 254) exited]
[Thread 0x7fffb67176c0 (LWP 255) exited]
[Thread 0x7fffb69186c0 (LWP 253) exited]
[Thread 0x7fffb65166c0 (LWP 256) exited]
[New Thread 0x7fffb65166c0 (LWP 258)]
[New Thread 0x7fffb67176c0 (LWP 259)]
[New Thread 0x7fffb69186c0 (LWP 260)]
[New Thread 0x7fffb6b196c0 (LWP 261)]
[Thread 0x7fffb6b196c0 (LWP 261) exited]
[Thread 0x7fffb69186c0 (LWP 260) exited]
[Thread 0x7fffb67176c0 (LWP 259) exited]
[Thread 0x7fffb65166c0 (LWP 258) exited]
[New Thread 0x7fffb69186c0 (LWP 263)]
[New Thread 0x7fffb67176c0 (LWP 264)]
[New Thread 0x7fffb6b196c0 (LWP 265)]
[New Thread 0x7fffb65166c0 (LWP 266)]
[Thread 0x7fffb65166c0 (LWP 266) exited]
[Thread 0x7fffb69186c0 (LWP 263) exited]
[Thread 0x7fffb6b196c0 (LWP 265) exited]
[Thread 0x7fffb67176c0 (LWP 264) exited]
[New Thread 0x7fffb6b196c0 (LWP 268)]
[New Thread 0x7fffb67176c0 (LWP 269)]
[New Thread 0x7fffb65166c0 (LWP 270)]
[New Thread 0x7fffb69186c0 (LWP 271)]
[Thread 0x7fffb6b196c0 (LWP 268) exited]
[Thread 0x7fffb69186c0 (LWP 271) exited]
[Thread 0x7fffb67176c0 (LWP 269) exited]
[Thread 0x7fffb65166c0 (LWP 270) exited]
[New Thread 0x7fffb65166c0 (LWP 273)]
[New Thread 0x7fffb67176c0 (LWP 274)]
[New Thread 0x7fffb6b196c0 (LWP 275)]
[New Thread 0x7fffb69186c0 (LWP 276)]
[Thread 0x7fffb6b196c0 (LWP 275) exited]
[Thread 0x7fffb69186c0 (LWP 276) exited]
[Thread 0x7fffb67176c0 (LWP 274) exited]
[Thread 0x7fffb65166c0 (LWP 273) exited]
[New Thread 0x7fffb69186c0 (LWP 278)]
[New Thread 0x7fffb6b196c0 (LWP 279)]
[New Thread 0x7fffb67176c0 (LWP 280)]
[New Thread 0x7fffb65166c0 (LWP 281)]
[Thread 0x7fffb67176c0 (LWP 280) exited]
[Thread 0x7fffb69186c0 (LWP 278) exited]
[Thread 0x7fffb65166c0 (LWP 281) exited]
[Thread 0x7fffb6b196c0 (LWP 279) exited]
[New Thread 0x7fffb6b196c0 (LWP 283)]
[New Thread 0x7fffb65166c0 (LWP 284)]
[New Thread 0x7fffb67176c0 (LWP 285)]
[New Thread 0x7fffb69186c0 (LWP 286)]
[Thread 0x7fffb65166c0 (LWP 284) exited]
[Thread 0x7fffb67176c0 (LWP 285) exited]
[Thread 0x7fffb6b196c0 (LWP 283) exited]
[Thread 0x7fffb69186c0 (LWP 286) exited]
[New Thread 0x7fffb69186c0 (LWP 288)]
[New Thread 0x7fffb67176c0 (LWP 289)]
[New Thread 0x7fffb65166c0 (LWP 290)]
[New Thread 0x7fffb6b196c0 (LWP 291)]
[Thread 0x7fffb6b196c0 (LWP 291) exited]
[Thread 0x7fffb65166c0 (LWP 290) exited]
[Thread 0x7fffb69186c0 (LWP 288) exited]
[Thread 0x7fffb67176c0 (LWP 289) exited]
[New Thread 0x7fffb69186c0 (LWP 293)]
[New Thread 0x7fffb65166c0 (LWP 294)]
[New Thread 0x7fffb67176c0 (LWP 295)]
[New Thread 0x7fffb6b196c0 (LWP 296)]
[Thread 0x7fffb6b196c0 (LWP 296) exited]
[Thread 0x7fffb67176c0 (LWP 295) exited]
[Thread 0x7fffb65166c0 (LWP 294) exited]
[Thread 0x7fffb69186c0 (LWP 293) exited]
[Detaching after vfork from child process 297]
[Thread 0x7fffb8bff6c0 (LWP 212) exited]
[Thread 0x7fffec39f6c0 (LWP 211) exited]
[Detaching after vfork from child process 300]
[Detaching after vfork from child process 308]
[Detaching after vfork from child process 311]
[Detaching after vfork from child process 319]
[Detaching after vfork from child process 322]
[Detaching after vfork from child process 330]
[Detaching after vfork from child process 333]
[Thread 0x7fffb9bfd6c0 (LWP 196) exited]
[Thread 0x7fffb751b6c0 (LWP 208) exited]
[Thread 0x7fffb7d1c6c0 (LWP 205) exited]
[Thread 0x7fffb89fe6c0 (LWP 213) exited]
[Thread 0x7fffb6d1a6c0 (LWP 235) exited]
[Thread 0x7fffba3fe6c0 (LWP 195) exited]
[Thread 0x7fffdc3fd6c0 (LWP 181) exited]
[Thread 0x7fffdc5fe6c0 (LWP 177) exited]
[Thread 0x7fffdc7ff6c0 (LWP 176) exited]
[Thread 0x7fffbbff76c0 (LWP 173) exited]
[Thread 0x7fffbc7f86c0 (LWP 172) exited]
[Thread 0x7fffbcff96c0 (LWP 171) exited]
[Thread 0x7fffbd7fa6c0 (LWP 170) exited]
[Thread 0x7fffbdffb6c0 (LWP 169) exited]
[Thread 0x7fffbe7fc6c0 (LWP 168) exited]
[Thread 0x7fffbeffd6c0 (LWP 167) exited]
[Thread 0x7fffbf7fe6c0 (LWP 166) exited]
[Thread 0x7fffbffff6c0 (LWP 148) exited]
[Thread 0x7fffcc9fd6c0 (LWP 147) exited]
[Thread 0x7fffcd1fe6c0 (LWP 130) exited]
[Thread 0x7fffcd9ff6c0 (LWP 129) exited]
[Thread 0x7fffecfea6c0 (LWP 128) exited]
[Thread 0x7fffedbfb6c0 (LWP 126) exited]
[Thread 0x7fffee3fc6c0 (LWP 125) exited]
[Thread 0x7fffeebfd6c0 (LWP 124) exited]
[Thread 0x7fffef3fe6c0 (LWP 123) exited]
[Thread 0x7ffff24f8500 (LWP 110) exited]
[Thread 0x7fffefbff6c0 (LWP 121) exited]
[New process 110]
[Inferior 1 (process 110) exited normally]
